+ cd /home/ubuntu/work/h2
+ source /home/ubuntu/venv/bin/activate
++ deactivate nondestructive
++ '[' -n '' ']'
++ '[' -n '' ']'
++ hash -r
++ '[' -n '' ']'
++ unset VIRTUAL_ENV
++ unset VIRTUAL_ENV_PROMPT
++ '[' '!' nondestructive = nondestructive ']'
++ case "$(uname)" in
+++ uname
++ export VIRTUAL_ENV=/home/ubuntu/venv
++ VIRTUAL_ENV=/home/ubuntu/venv
++ _OLD_VIRTUAL_PATH=/home/ubuntu/venv/bin:/usr/local/cuda/bin:/usr/local/cuda/include:/opt/amazon/openmpi/bin:/opt/amazon/efa/bin:/usr/local/cuda/bin:/usr/local/cuda/include:/usr/local/cuda/bin:/usr/local/cuda/include:/usr/local/sbin:/usr/local/bin:/usr/sbin:/usr/bin:/sbin:/bin:/usr/games:/usr/local/games:/snap/bin
++ PATH=/home/ubuntu/venv/bin:/home/ubuntu/venv/bin:/usr/local/cuda/bin:/usr/local/cuda/include:/opt/amazon/openmpi/bin:/opt/amazon/efa/bin:/usr/local/cuda/bin:/usr/local/cuda/include:/usr/local/cuda/bin:/usr/local/cuda/include:/usr/local/sbin:/usr/local/bin:/usr/sbin:/usr/bin:/sbin:/bin:/usr/games:/usr/local/games:/snap/bin
++ export PATH
++ VIRTUAL_ENV_PROMPT='(venv) '
++ export VIRTUAL_ENV_PROMPT
++ '[' -n '' ']'
++ '[' -z '' ']'
++ _OLD_VIRTUAL_PS1=
++ PS1='((venv) ) '
++ export PS1
++ hash -r
+ '[' -f bundles.pt ']'
+ python prep_q.py
Loading weights:   0%|          | 0/320 [00:00<?, ?it/s]Loading weights: 100%|██████████| 320/320 [00:00<00:00, 4196.21it/s]
top 4-question sets [(('details_match', 'failure_cause', 'needed_procedure', 'rule_bound_values'), 80), (('cc_can_still_help', 'cc_ends', 'cc_insists', 'cc_offers_transfer'), 4), (('cc_can_still_help', 'cc_claims_done', 'cc_ends', 'cc_refuses'), 4)]
1q [('details_match', 125, 2)] total 125
4q [('details_match', 125, 2), ('failure_cause', 152, 3), ('needed_procedure', 1201, 48), ('rule_bound_values', 135, 2)] total 1613
15q [('needed_procedure', 1201, 48), ('details_match', 125, 2), ('rule_bound_values', 135, 2), ('failure_cause', 152, 3), ('procedure', 1014, 23), ('cc_offers_transfer', 99, 2), ('cc_ends', 110, 2), ('cc_refuses', 94, 2), ('cc_procedure_found', 108, 2), ('cc_asked_for_human', 93, 2), ('cc_claims_done', 105, 2), ('cc_can_still_help', 112, 2), ('cc_insists', 78, 2), ('identity_established', 202, 2), ('leaks_internal', 92, 2)] total 3720
+ cd /home/ubuntu/work/q2
+ Q2SIDE=1
+ Q2E2E=/home/ubuntu/work/q3/res_e2e_q3.jsonl
+ CODES='w8=~/work/q3/codes8.pt,w4=~/work/q3/codes_gptq.pt'
+ python q2bench.py b8,w4a4,w4q8c 64,256,1000,4000 1q,15q 20
Loading weights:   0%|          | 0/320 [00:00<?, ?it/s]Loading weights: 100%|██████████| 320/320 [00:00<00:00, 4121.94it/s]
USDT:2026-10-07 12:27:46 39347:39347 SyncActivityProfilerHandler.cpp:39] profiler_start
USDT:2026-10-07 12:27:46 39347:39347 SyncActivityProfilerHandler.cpp:46] profiler_stop
{"key": "b8|64|1q", "name": "b8", "T": 64, "bundle": "1q", "rows": 189, "q0": 64, "wall": {"median": 8.382, "p95": 8.387, "n": 20}, "kern": {"other": 0.194, "glue": 1.241, "gemm": 5.994, "gdn_core": 0.904, "attn": 0.13, "kernels": 429, "busy": 8.464, "gemm_cut": 5.523, "gemm_other": 0.471}, "mem_gb": 17.0}
USDT:2026-10-07 12:28:07 39347:39347 SyncActivityProfilerHandler.cpp:39] profiler_start
USDT:2026-10-07 12:28:07 39347:39347 SyncActivityProfilerHandler.cpp:46] profiler_stop
{"key": "b8|64|15q", "name": "b8", "T": 64, "bundle": "15q", "rows": 3784, "q0": 64, "wall": {"median": 129.342, "p95": 129.378, "n": 20}, "kern": {"other": 3.469, "glue": 17.34, "gemm": 91.096, "gdn_core": 13.549, "attn": 3.778, "kernels": 996, "busy": 129.232, "gemm_cut": 90.952, "gemm_other": 0.145}, "mem_gb": 11.79}
USDT:2026-10-07 12:28:08 39347:39347 SyncActivityProfilerHandler.cpp:39] profiler_start
USDT:2026-10-07 12:28:08 39347:39347 SyncActivityProfilerHandler.cpp:46] profiler_stop
{"key": "b8|256|1q", "name": "b8", "T": 256, "bundle": "1q", "rows": 381, "q0": 256, "wall": {"median": 14.381, "p95": 14.395, "n": 20}, "kern": {"other": 0.207, "glue": 1.998, "gemm": 10.461, "gdn_core": 1.424, "attn": 0.317, "kernels": 437, "busy": 14.406, "gemm_cut": 9.798, "gemm_other": 0.663}, "mem_gb": 11.37}
USDT:2026-10-07 12:28:12 39347:39347 SyncActivityProfilerHandler.cpp:39] profiler_start
USDT:2026-10-07 12:28:12 39347:39347 SyncActivityProfilerHandler.cpp:46] profiler_stop
{"key": "b8|256|15q", "name": "b8", "T": 256, "bundle": "15q", "rows": 3976, "q0": 256, "wall": {"median": 140.584, "p95": 140.627, "n": 20}, "kern": {"other": 3.71, "glue": 18.122, "gemm": 99.486, "gdn_core": 13.914, "attn": 5.309, "kernels": 1002, "busy": 140.541, "gemm_cut": 99.342, "gemm_other": 0.144}, "mem_gb": 11.71}
USDT:2026-10-07 12:28:13 39347:39347 SyncActivityProfilerHandler.cpp:39] profiler_start
USDT:2026-10-07 12:28:13 39347:39347 SyncActivityProfilerHandler.cpp:46] profiler_stop
{"key": "b8|1000|1q", "name": "b8", "T": 1000, "bundle": "1q", "rows": 1125, "q0": 1000, "wall": {"median": 36.399, "p95": 36.407, "n": 20}, "kern": {"other": 0.262, "glue": 5.44, "gemm": 25.821, "gdn_core": 3.722, "attn": 1.029, "kernels": 423, "busy": 36.275, "gemm_cut": 25.78, "gemm_other": 0.042}, "mem_gb": 11.45}
USDT:2026-10-07 12:28:20 39347:39347 SyncActivityProfilerHandler.cpp:39] profiler_start
USDT:2026-10-07 12:28:20 39347:39347 SyncActivityProfilerHandler.cpp:46] profiler_stop
{"key": "b8|1000|15q", "name": "b8", "T": 1000, "bundle": "15q", "rows": 4720, "q0": 1000, "wall": {"median": 166.215, "p95": 166.327, "n": 20}, "kern": {"other": 4.532, "glue": 21.495, "gemm": 114.526, "gdn_core": 16.24, "attn": 9.601, "kernels": 996, "busy": 166.394, "gemm_cut": 108.102, "gemm_other": 6.424}, "mem_gb": 11.77}
USDT:2026-10-07 12:28:24 39347:39347 SyncActivityProfilerHandler.cpp:39] profiler_start
USDT:2026-10-07 12:28:24 39347:39347 SyncActivityProfilerHandler.cpp:46] profiler_stop
{"key": "b8|4000|1q", "name": "b8", "T": 4000, "bundle": "1q", "rows": 4125, "q0": 4000, "wall": {"median": 142.647, "p95": 142.694, "n": 20}, "kern": {"other": 0.565, "glue": 18.796, "gemm": 101.755, "gdn_core": 13.149, "attn": 8.446, "kernels": 423, "busy": 142.711, "gemm_cut": 101.714, "gemm_other": 0.041}, "mem_gb": 11.73}
USDT:2026-10-07 12:28:33 39347:39347 SyncActivityProfilerHandler.cpp:39] profiler_start
USDT:2026-10-07 12:28:33 39347:39347 SyncActivityProfilerHandler.cpp:46] profiler_stop
{"key": "b8|4000|15q", "name": "b8", "T": 4000, "bundle": "15q", "rows": 7720, "q0": 4000, "wall": {"median": 293.621, "p95": 293.684, "n": 20}, "kern": {"other": 8.185, "glue": 34.93, "gemm": 197.341, "gdn_core": 25.55, "attn": 28.068, "kernels": 1003, "busy": 294.074, "gemm_cut": 193.91, "gemm_other": 3.431}, "mem_gb": 11.98}
USDT:2026-10-07 12:28:34 39347:39347 SyncActivityProfilerHandler.cpp:39] profiler_start
USDT:2026-10-07 12:28:34 39347:39347 SyncActivityProfilerHandler.cpp:46] profiler_stop
{"key": "w4a4|64|1q", "name": "w4a4", "T": 64, "bundle": "1q", "rows": 189, "q0": 64, "wall": {"median": 5.928, "p95": 5.95, "n": 20}, "kern": {"other": 0.195, "glue": 1.249, "gemm": 3.287, "gdn_core": 0.904, "attn": 0.129, "kernels": 429, "busy": 5.764, "gemm_cut": 3.245, "gemm_other": 0.041}, "mem_gb": 17.07}
USDT:2026-10-07 12:28:36 39347:39347 SyncActivityProfilerHandler.cpp:39] profiler_start
USDT:2026-10-07 12:28:36 39347:39347 SyncActivityProfilerHandler.cpp:46] profiler_stop
{"key": "w4a4|64|15q", "name": "w4a4", "T": 64, "bundle": "15q", "rows": 3784, "q0": 64, "wall": {"median": 78.577, "p95": 78.804, "n": 20}, "kern": {"other": 3.474, "glue": 16.799, "gemm": 40.885, "gdn_core": 13.551, "attn": 3.806, "kernels": 996, "busy": 78.515, "gemm_cut": 40.74, "gemm_other": 0.144}, "mem_gb": 11.0}
USDT:2026-10-07 12:28:37 39347:39347 SyncActivityProfilerHandler.cpp:39] profiler_start
USDT:2026-10-07 12:28:37 39347:39347 SyncActivityProfilerHandler.cpp:46] profiler_stop
{"key": "w4a4|256|1q", "name": "w4a4", "T": 256, "bundle": "1q", "rows": 381, "q0": 256, "wall": {"median": 9.65, "p95": 9.726, "n": 20}, "kern": {"other": 0.204, "glue": 2.065, "gemm": 5.509, "gdn_core": 1.424, "attn": 0.317, "kernels": 429, "busy": 9.52, "gemm_cut": 5.468, "gemm_other": 0.041}, "mem_gb": 10.71}
USDT:2026-10-07 12:28:39 39347:39347 SyncActivityProfilerHandler.cpp:39] profiler_start
USDT:2026-10-07 12:28:40 39347:39347 SyncActivityProfilerHandler.cpp:46] profiler_stop
{"key": "w4a4|256|15q", "name": "w4a4", "T": 256, "bundle": "15q", "rows": 3976, "q0": 256, "wall": {"median": 84.439, "p95": 84.472, "n": 20}, "kern": {"other": 3.721, "glue": 17.532, "gemm": 43.434, "gdn_core": 13.879, "attn": 5.314, "kernels": 1002, "busy": 83.88, "gemm_cut": 43.288, "gemm_other": 0.146}, "mem_gb": 11.03}
USDT:2026-10-07 12:28:40 39347:39347 SyncActivityProfilerHandler.cpp:39] profiler_start
USDT:2026-10-07 12:28:40 39347:39347 SyncActivityProfilerHandler.cpp:46] profiler_stop
{"key": "w4a4|1000|1q", "name": "w4a4", "T": 1000, "bundle": "1q", "rows": 1125, "q0": 1000, "wall": {"median": 23.46, "p95": 23.476, "n": 20}, "kern": {"other": 0.262, "glue": 5.343, "gemm": 12.995, "gdn_core": 3.726, "attn": 1.029, "kernels": 423, "busy": 23.355, "gemm_cut": 12.953, "gemm_other": 0.041}, "mem_gb": 10.78}
USDT:2026-10-07 12:28:43 39347:39347 SyncActivityProfilerHandler.cpp:39] profiler_start
USDT:2026-10-07 12:28:44 39347:39347 SyncActivityProfilerHandler.cpp:46] profiler_stop
{"key": "w4a4|1000|15q", "name": "w4a4", "T": 1000, "bundle": "15q", "rows": 4720, "q0": 1000, "wall": {"median": 102.953, "p95": 103.005, "n": 20}, "kern": {"other": 4.544, "glue": 20.704, "gemm": 52.067, "gdn_core": 16.232, "attn": 9.65, "kernels": 996, "busy": 103.197, "gemm_cut": 51.922, "gemm_other": 0.145}, "mem_gb": 11.09}
USDT:2026-10-07 12:28:46 39347:39347 SyncActivityProfilerHandler.cpp:39] profiler_start
USDT:2026-10-07 12:28:46 39347:39347 SyncActivityProfilerHandler.cpp:46] profiler_stop
{"key": "w4a4|4000|1q", "name": "w4a4", "T": 4000, "bundle": "1q", "rows": 4125, "q0": 4000, "wall": {"median": 85.586, "p95": 85.614, "n": 20}, "kern": {"other": 0.564, "glue": 18.258, "gemm": 45.041, "gdn_core": 13.16, "attn": 8.518, "kernels": 423, "busy": 85.54, "gemm_cut": 44.999, "gemm_other": 0.042}, "mem_gb": 11.05}
USDT:2026-10-07 12:28:52 39347:39347 SyncActivityProfilerHandler.cpp:39] profiler_start
USDT:2026-10-07 12:28:52 39347:39347 SyncActivityProfilerHandler.cpp:46] profiler_stop
{"key": "w4a4|4000|15q", "name": "w4a4", "T": 4000, "bundle": "15q", "rows": 7720, "q0": 4000, "wall": {"median": 194.075, "p95": 194.142, "n": 20}, "kern": {"other": 8.191, "glue": 33.558, "gemm": 98.587, "gdn_core": 25.552, "attn": 28.062, "kernels": 996, "busy": 193.95, "gemm_cut": 98.444, "gemm_other": 0.143}, "mem_gb": 11.29}
USDT:2026-10-07 12:28:53 39347:39347 SyncActivityProfilerHandler.cpp:39] profiler_start
USDT:2026-10-07 12:28:53 39347:39347 SyncActivityProfilerHandler.cpp:46] profiler_stop
{"key": "w4q8c|64|1q", "name": "w4q8c", "T": 64, "bundle": "1q", "rows": 189, "q0": 64, "wall": {"median": 9.441, "p95": 9.462, "n": 20}, "kern": {"other": 0.19, "glue": 1.25, "gemm": 11.104, "gdn_core": 0.907, "attn": 0.132, "kernels": 525, "busy": 13.582, "gemm_q2": 6.291, "gemm_cut": 4.773, "gemm_other": 0.04}, "mem_gb": 17.14}
USDT:2026-10-07 12:28:57 39347:39347 SyncActivityProfilerHandler.cpp:39] profiler_start
USDT:2026-10-07 12:28:58 39347:39347 SyncActivityProfilerHandler.cpp:46] profiler_stop
{"key": "w4q8c|64|15q", "name": "w4q8c", "T": 64, "bundle": "15q", "rows": 3784, "q0": 64, "wall": {"median": 131.334, "p95": 131.389, "n": 20}, "kern": {"other": 3.515, "glue": 17.735, "gemm": 96.413, "gdn_core": 13.711, "attn": 4.029, "kernels": 1092, "busy": 135.403, "gemm_q2": 90.56, "gemm_cut": 5.7, "gemm_other": 0.153}, "mem_gb": 12.47}
USDT:2026-10-07 12:28:58 39347:39347 SyncActivityProfilerHandler.cpp:39] profiler_start
USDT:2026-10-07 12:28:58 39347:39347 SyncActivityProfilerHandler.cpp:46] profiler_stop
{"key": "w4q8c|256|1q", "name": "w4q8c", "T": 256, "bundle": "1q", "rows": 381, "q0": 256, "wall": {"median": 12.063, "p95": 12.108, "n": 20}, "kern": {"other": 0.2, "glue": 2.007, "gemm": 12.281, "gdn_core": 1.435, "attn": 0.323, "kernels": 525, "busy": 16.246, "gemm_q2": 6.029, "gemm_cut": 6.211, "gemm_other": 0.041}, "mem_gb": 12.16}
USDT:2026-10-07 12:29:02 39347:39347 SyncActivityProfilerHandler.cpp:39] profiler_start
USDT:2026-10-07 12:29:03 39347:39347 SyncActivityProfilerHandler.cpp:46] profiler_stop
{"key": "w4q8c|256|15q", "name": "w4q8c", "T": 256, "bundle": "15q", "rows": 3976, "q0": 256, "wall": {"median": 135.294, "p95": 135.619, "n": 20}, "kern": {"other": 3.747, "glue": 18.608, "gemm": 96.639, "gdn_core": 14.039, "attn": 5.597, "kernels": 1098, "busy": 138.63, "gemm_q2": 89.809, "gemm_cut": 6.678, "gemm_other": 0.151}, "mem_gb": 12.5}
USDT:2026-10-07 12:29:03 39347:39347 SyncActivityProfilerHandler.cpp:39] profiler_start
USDT:2026-10-07 12:29:04 39347:39347 SyncActivityProfilerHandler.cpp:46] profiler_stop
{"key": "w4q8c|1000|1q", "name": "w4q8c", "T": 1000, "bundle": "1q", "rows": 1125, "q0": 1000, "wall": {"median": 26.18, "p95": 26.246, "n": 20}, "kern": {"other": 0.253, "glue": 5.432, "gemm": 20.17, "gdn_core": 3.739, "attn": 1.03, "kernels": 519, "busy": 30.624, "gemm_q2": 6.368, "gemm_cut": 13.761, "gemm_other": 0.041}, "mem_gb": 12.24}
USDT:2026-10-07 12:29:09 39347:39347 SyncActivityProfilerHandler.cpp:39] profiler_start
USDT:2026-10-07 12:29:09 39347:39347 SyncActivityProfilerHandler.cpp:46] profiler_stop
{"key": "w4q8c|1000|15q", "name": "w4q8c", "T": 1000, "bundle": "15q", "rows": 4720, "q0": 1000, "wall": {"median": 155.243, "p95": 155.682, "n": 20}, "kern": {"other": 4.588, "glue": 21.887, "gemm": 106.577, "gdn_core": 16.347, "attn": 10.03, "kernels": 1092, "busy": 159.428, "gemm_q2": 90.92, "gemm_cut": 15.508, "gemm_other": 0.149}, "mem_gb": 12.56}
USDT:2026-10-07 12:29:12 39347:39347 SyncActivityProfilerHandler.cpp:39] profiler_start
USDT:2026-10-07 12:29:12 39347:39347 SyncActivityProfilerHandler.cpp:46] profiler_stop
{"key": "w4q8c|4000|1q", "name": "w4q8c", "T": 4000, "bundle": "1q", "rows": 4125, "q0": 4000, "wall": {"median": 89.476, "p95": 89.499, "n": 20}, "kern": {"other": 0.57, "glue": 18.683, "gemm": 53.699, "gdn_core": 13.208, "attn": 8.58, "kernels": 519, "busy": 94.74, "gemm_q2": 7.016, "gemm_cut": 46.642, "gemm_other": 0.042}, "mem_gb": 12.52}
USDT:2026-10-07 12:29:19 39347:39347 SyncActivityProfilerHandler.cpp:39] profiler_start
USDT:2026-10-07 12:29:19 39347:39347 SyncActivityProfilerHandler.cpp:46] profiler_stop
{"key": "w4q8c|4000|15q", "name": "w4q8c", "T": 4000, "bundle": "15q", "rows": 7720, "q0": 4000, "wall": {"median": 231.087, "p95": 231.305, "n": 20}, "kern": {"other": 8.213, "glue": 35.2, "gemm": 136.877, "gdn_core": 25.745, "attn": 29.246, "kernels": 1092, "busy": 235.282, "gemm_q2": 89.106, "gemm_cut": 47.621, "gemm_other": 0.15}, "mem_gb": 12.77}
+ echo LAT_DONE
LAT_DONE
