Loading weights:   0%|          | 0/320 [00:00<?, ?it/s]Loading weights: 100%|██████████| 320/320 [00:00<00:00, 3887.16it/s]
calib seqs 64 tokens 145075
hessians 33s mem 9.2GB
layer 0 36s [{"i": 0, "k": "Win"}, {"i": 0, "k": "Wo"}, {"i": 0, "k": "Wgu"}, {"i": 0, "k": "Wd"}]
layer 1 38s [{"i": 1, "k": "Win"}, {"i": 1, "k": "Wo"}, {"i": 1, "k": "Wgu"}, {"i": 1, "k": "Wd"}]
layer 2 40s [{"i": 2, "k": "Win"}, {"i": 2, "k": "Wo"}, {"i": 2, "k": "Wgu"}, {"i": 2, "k": "Wd"}]
layer 3 42s [{"i": 3, "k": "Win"}, {"i": 3, "k": "Wo"}, {"i": 3, "k": "Wgu"}, {"i": 3, "k": "Wd"}]
layer 4 44s [{"i": 4, "k": "Win"}, {"i": 4, "k": "Wo"}, {"i": 4, "k": "Wgu"}, {"i": 4, "k": "Wd"}]
layer 5 46s [{"i": 5, "k": "Win"}, {"i": 5, "k": "Wo"}, {"i": 5, "k": "Wgu"}, {"i": 5, "k": "Wd"}]
layer 6 48s [{"i": 6, "k": "Win"}, {"i": 6, "k": "Wo"}, {"i": 6, "k": "Wgu"}, {"i": 6, "k": "Wd"}]
layer 7 50s [{"i": 7, "k": "Win"}, {"i": 7, "k": "Wo"}, {"i": 7, "k": "Wgu"}, {"i": 7, "k": "Wd"}]
layer 8 52s [{"i": 8, "k": "Win"}, {"i": 8, "k": "Wo"}, {"i": 8, "k": "Wgu"}, {"i": 8, "k": "Wd"}]
layer 9 54s [{"i": 9, "k": "Win"}, {"i": 9, "k": "Wo"}, {"i": 9, "k": "Wgu"}, {"i": 9, "k": "Wd"}]
layer 10 57s [{"i": 10, "k": "Win"}, {"i": 10, "k": "Wo"}, {"i": 10, "k": "Wgu"}, {"i": 10, "k": "Wd"}]
layer 11 59s [{"i": 11, "k": "Win"}, {"i": 11, "k": "Wo"}, {"i": 11, "k": "Wgu"}, {"i": 11, "k": "Wd"}]
layer 12 61s [{"i": 12, "k": "Win"}, {"i": 12, "k": "Wo"}, {"i": 12, "k": "Wgu"}, {"i": 12, "k": "Wd"}]
layer 13 63s [{"i": 13, "k": "Win"}, {"i": 13, "k": "Wo"}, {"i": 13, "k": "Wgu"}, {"i": 13, "k": "Wd"}]
layer 14 66s [{"i": 14, "k": "Win"}, {"i": 14, "k": "Wo"}, {"i": 14, "k": "Wgu"}, {"i": 14, "k": "Wd"}]
layer 15 68s [{"i": 15, "k": "Win"}, {"i": 15, "k": "Wo"}, {"i": 15, "k": "Wgu"}, {"i": 15, "k": "Wd"}]
layer 16 70s [{"i": 16, "k": "Win"}, {"i": 16, "k": "Wo"}, {"i": 16, "k": "Wgu"}, {"i": 16, "k": "Wd"}]
layer 17 72s [{"i": 17, "k": "Win"}, {"i": 17, "k": "Wo"}, {"i": 17, "k": "Wgu"}, {"i": 17, "k": "Wd"}]
layer 18 75s [{"i": 18, "k": "Win"}, {"i": 18, "k": "Wo"}, {"i": 18, "k": "Wgu"}, {"i": 18, "k": "Wd"}]
layer 19 77s [{"i": 19, "k": "Win"}, {"i": 19, "k": "Wo"}, {"i": 19, "k": "Wgu"}, {"i": 19, "k": "Wd"}]
layer 20 79s [{"i": 20, "k": "Win"}, {"i": 20, "k": "Wo"}, {"i": 20, "k": "Wgu"}, {"i": 20, "k": "Wd"}]
layer 21 81s [{"i": 21, "k": "Win"}, {"i": 21, "k": "Wo"}, {"i": 21, "k": "Wgu"}, {"i": 21, "k": "Wd"}]
layer 22 83s [{"i": 22, "k": "Win"}, {"i": 22, "k": "Wo"}, {"i": 22, "k": "Wgu"}, {"i": 22, "k": "Wd"}]
layer 23 86s [{"i": 23, "k": "Win"}, {"i": 23, "k": "Wo"}, {"i": 23, "k": "Wgu"}, {"i": 23, "k": "Wd"}]
saved 87s
