Loading weights:   0%|          | 0/320 [00:00<?, ?it/s]Loading weights: 100%|██████████| 320/320 [00:00<00:00, 3913.46it/s]
Q1s_T64 {'ctx_packed': (19.27, 19.27, 148), 'ctx_plain': (15.3, 15.31, 148), 'w_late': (16.06, 16.06, 67), 'w_early': (9.58, 9.59, 67)}
Q1s_T128 {'ctx_packed': (19.62, 19.62, 212), 'ctx_plain': (15.6, 15.61, 212), 'w_late': (20.42, 20.42, 131), 'w_early': (14.71, 14.72, 131)}
Q1s_T256 {'ctx_packed': (29.14, 29.14, 340), 'ctx_plain': (22.98, 23.01, 340), 'w_late': (29.93, 29.94, 259), 'w_early': (22.32, 22.33, 259)}
Q1s_T400 {'ctx_packed': (36.84, 36.85, 484), 'ctx_plain': (28.12, 28.13, 484), 'w_late': (37.64, 37.65, 403), 'w_early': (27.25, 27.26, 403)}
Q1s_T1000 {'ctx_packed': (61.32, 61.32, 1084), 'ctx_plain': (56.8, 56.81, 1084), 'w_late': (58.36, 58.37, 1003), 'w_early': (52.65, 52.66, 1003)}
Q1s_T2000 {'ctx_packed': (113.06, 113.07, 2084), 'ctx_plain': (107.67, 107.68, 2084), 'w_late': (110.55, 110.56, 2003), 'w_early': (103.85, 103.86, 2003)}
Q1s_T4000 {'ctx_packed': (207.72, 207.84, 4084), 'ctx_plain': (200.59, 200.64, 4084), 'w_late': (208.45, 208.55, 4003), 'w_early': (199.89, 199.92, 4003)}
Q1p_T64 {'ctx_packed': (100.56, 100.58, 1078), 'ctx_plain': (56.78, 56.79, 1078), 'w_late': (14.81, 14.82, 88), 'w_early': (9.83, 9.84, 88)}
Q1p_T128 {'ctx_packed': (101.0, 101.02, 1142), 'ctx_plain': (57.33, 57.35, 1142), 'w_late': (19.1, 19.13, 152), 'w_early': (15.31, 15.31, 152)}
Q1p_T256 {'ctx_packed': (105.42, 105.44, 1270), 'ctx_plain': (61.6, 61.61, 1270), 'w_late': (28.67, 28.68, 280), 'w_early': (22.4, 22.41, 280)}
Q1p_T400 {'ctx_packed': (127.26, 127.27, 1414), 'ctx_plain': (83.16, 83.17, 1414), 'w_late': (36.37, 36.38, 424), 'w_early': (27.85, 27.85, 424)}
Q1p_T1000 {'ctx_packed': (149.17, 149.19, 2014), 'ctx_plain': (103.92, 103.94, 2014), 'w_late': (57.18, 57.2, 1024), 'w_early': (52.77, 52.78, 1024)}
Q1p_T2000 {'ctx_packed': (194.53, 194.56, 3014), 'ctx_plain': (147.72, 147.74, 3014), 'w_late': (109.3, 109.31, 2024), 'w_early': (103.94, 103.95, 2024)}
Q1p_T4000 {'ctx_packed': (296.25, 296.33, 5014), 'ctx_plain': (246.81, 247.38, 5014), 'w_late': (207.2, 207.27, 4024), 'w_early': (200.09, 201.57, 4024)}
Q4_T64 {'ctx_packed': (162.78, 162.8, 1677), 'w_late': (18.81, 18.82, 123), 'w_early': (39.73, 39.74, 452)}
Q4_T128 {'ctx_packed': (163.23, 163.28, 1741), 'w_late': (23.02, 23.03, 187), 'w_early': (54.17, 54.19, 708)}
Q4_T256 {'ctx_packed': (168.17, 168.19, 1869), 'w_late': (32.59, 32.6, 315), 'w_early': (77.17, 77.19, 1220)}
Q4_T400 {'ctx_packed': (175.14, 175.16, 2013), 'w_late': (40.28, 40.29, 459), 'w_early': (118.69, 118.7, 1796)}
Q4_T1000 {'ctx_packed': (208.09, 208.14, 2613), 'w_late': (64.82, 64.82, 1059), 'w_early': (251.42, 251.52, 4196)}
Q4_T2000 {'ctx_packed': (253.55, 253.63, 3613), 'w_late': (116.62, 116.66, 2059), 'w_early': (487.21, 487.34, 8196)}
Q4_T4000 {'ctx_packed': (353.77, 353.87, 5613), 'w_late': (211.08, 211.12, 4059), 'w_early': (971.82, 972.44, 16196)}
Q15_T64 {'ctx_packed': (154.71, 154.72, 1580), 'w_late': (19.75, 19.76, 109), 'w_early': (67.34, 67.36, 1005)}
Q15_T128 {'ctx_packed': (155.1, 155.12, 1644), 'w_late': (23.99, 24.01, 173), 'w_early': (128.25, 128.26, 1965)}
Q15_T256 {'ctx_packed': (159.62, 159.65, 1772), 'w_late': (33.52, 33.53, 301), 'w_early': (240.42, 240.48, 3885)}
Q15_T400 {'ctx_packed': (164.61, 164.63, 1916), 'w_late': (41.22, 41.23, 445), 'w_early': (359.72, 359.79, 6045)}
Q15_T1000 {'ctx_packed': (189.95, 189.98, 2516), 'w_late': (65.68, 65.69, 1045), 'w_early': (876.42, 876.98, 15045)}
Q15_T2000 {'ctx_packed': (243.99, 244.08, 3516), 'w_late': (114.12, 114.13, 2045), 'w_early': (1772.35, 1776.13, 30045)}
Q15_T4000 {'ctx_packed': (347.12, 347.24, 5516), 'w_late': (212.06, 212.14, 4045), 'w_early': (3631.9, 3682.14, 60045)}
