Loading weights:   0%|          | 0/320 [00:00<?, ?it/s]Loading weights: 100%|██████████| 320/320 [00:00<00:00, 3786.28it/s]
Q1s_T64 {'ctx_packed': (16.88, 16.88, 148), 'ctx_seq': (19.14, 19.14, 148)}
Q1s_T128 {'ctx_packed': (17.22, 17.23, 212), 'ctx_seq': (19.46, 19.47, 212)}
Q1s_T256 {'ctx_packed': (26.76, 26.77, 340), 'ctx_seq': (25.94, 25.95, 340)}
Q1s_T400 {'ctx_packed': (34.47, 34.48, 484), 'ctx_seq': (37.43, 37.44, 484)}
Q1s_T1000 {'ctx_packed': (58.95, 58.97, 1084), 'ctx_seq': (62.96, 62.97, 1084)}
Q1s_T2000 {'ctx_packed': (110.7, 110.72, 2084), 'ctx_seq': (114.47, 114.48, 2084)}
Q1s_T4000 {'ctx_packed': (205.31, 205.36, 4084), 'ctx_seq': (210.97, 211.0, 4084)}
Q1p_T64 {'ctx_packed': (61.28, 61.29, 1078), 'ctx_seq': (62.11, 62.13, 1078)}
Q1p_T128 {'ctx_packed': (61.72, 61.73, 1142), 'ctx_seq': (62.49, 62.5, 1142)}
Q1p_T256 {'ctx_packed': (66.13, 66.15, 1270), 'ctx_seq': (69.05, 69.06, 1270)}
Q1p_T400 {'ctx_packed': (87.95, 87.97, 1414), 'ctx_seq': (80.71, 80.72, 1414)}
Q1p_T1000 {'ctx_packed': (109.79, 109.8, 2014), 'ctx_seq': (106.75, 106.78, 2014)}
Q1p_T2000 {'ctx_packed': (155.19, 155.3, 3014), 'ctx_seq': (159.11, 159.13, 3014)}
Q1p_T4000 {'ctx_packed': (257.06, 258.48, 5014), 'ctx_seq': (257.43, 257.45, 5014)}
Q4_T64 {'ctx_packed': (101.0, 101.01, 1677), 'ctx_seq': (110.33, 110.36, 1677)}
Q4_T128 {'ctx_packed': (101.43, 101.44, 1741), 'ctx_seq': (110.8, 110.9, 1741)}
Q4_T256 {'ctx_packed': (106.42, 106.53, 1869), 'ctx_seq': (117.56, 117.57, 1869)}
Q4_T400 {'ctx_packed': (113.41, 113.51, 2013), 'ctx_seq': (129.43, 129.55, 2013)}
Q4_T1000 {'ctx_packed': (146.34, 146.48, 2613), 'ctx_seq': (155.96, 156.05, 2613)}
Q4_T2000 {'ctx_packed': (192.93, 193.75, 3613), 'ctx_seq': (208.97, 209.13, 3613)}
Q4_T4000 {'ctx_packed': (294.74, 295.4, 5613), 'ctx_seq': (310.08, 310.72, 5613)}
Q15_T64 {'ctx_packed': (97.64, 97.66, 1580), 'ctx_seq': (161.45, 161.47, 1580)}
Q15_T128 {'ctx_packed': (97.99, 98.06, 1644), 'ctx_seq': (162.02, 162.05, 1644)}
Q15_T256 {'ctx_packed': (102.58, 102.61, 1772), 'ctx_seq': (169.39, 169.41, 1772)}
Q15_T400 {'ctx_packed': (107.59, 107.63, 1916), 'ctx_seq': (181.7, 181.73, 1916)}
Q15_T1000 {'ctx_packed': (132.79, 134.03, 2516), 'ctx_seq': (208.96, 209.0, 2516)}
Q15_T2000 {'ctx_packed': (187.01, 188.36, 3516), 'ctx_seq': (263.23, 263.28, 3516)}
Q15_T4000 {'ctx_packed': (292.34, 292.62, 5516), 'ctx_seq': (364.2, 364.34, 5516)}
