strassen tables, levels 1 max err 1.3322676295501878e-14 products 7
strassen tables, levels 2 max err 1.865174681370263e-14 products 49
Loading weights:   0%|          | 0/320 [00:00<?, ?it/s]Loading weights: 100%|██████████| 320/320 [00:00<00:00, 4118.06it/s]
req 2500
req 2500
req 2272
req 2500
req 2065
req 1869
req 2500
req 2500
req 2500
req 2500
req 2500
req 2500
{
 "a8w8": {
  "median": 0.01042084764239104,
  "mean": 0.010502743549666948,
  "max": 0.021505655480401235,
  "energy": 0.006315504878474549
 },
 "a7w7": {
  "median": 0.021191809109731653,
  "mean": 0.021176270876056363,
  "max": 0.04301227652465267,
  "energy": 0.012739707697335319
 },
 "a7w7_p2": {
  "median": 0.022873890903691366,
  "mean": 0.022884651728529572,
  "max": 0.0472658804433655,
  "energy": 0.013955328984775176
 },
 "a7w7_p2s": {
  "median": 0.02185588317393599,
  "mean": 0.02202046780826923,
  "max": 0.046004389568673636,
  "energy": 0.013058938365025636
 },
 "a6w6_p4": {
  "median": 0.04990270714844117,
  "mean": 0.04981375369212806,
  "max": 0.10352051895603463,
  "energy": 0.0307569922610506
 },
 "a4w4": {
  "median": 0.15639528795476243,
  "mean": 0.15597204268417184,
  "max": 0.3214156906429778,
  "energy": 0.09481499478036835
 },
 "a3w3": {
  "median": 0.3412628358820199,
  "mean": 0.34374267453863383,
  "max": 0.7062367172619631,
  "energy": 0.2074268470567107
 },
 "a3w3_p2": {
  "median": 0.3663717017215486,
  "mean": 0.37082141126622914,
  "max": 0.779596416850866,
  "energy": 0.2235339265573836
 },
 "a1w1_p4": {
  "median": NaN,
  "mean": NaN,
  "max": NaN,
  "energy": NaN
 },
 "bf16": {
  "median": 0.00216350996268467,
  "mean": 0.002116491587588963,
  "max": 0.004311066147254878,
  "energy": 0.0013054942327340882
 },
 "bf16_st1": {
  "median": 0.003830384884732439,
  "mean": 0.003843967795328656,
  "max": 0.008341813103083438,
  "energy": 0.0022398206324025687
 },
 "bf16_st2": {
  "median": 0.007479676200310947,
  "mean": 0.007474456827700523,
  "max": 0.015857299355907125,
  "energy": 0.004388168850760356
 },
 "ratio_a7w7_p2_over_a8w8": {
  "median": 2.183905618396336,
  "min": 2.1197134886544613,
  "max": 2.311125951979067
 },
 "ratio_a7w7_over_a8w8": {
  "median": 2.016497755217934,
  "min": 1.9774584285778223,
  "max": 2.075077722033526
 },
 "ratio_a6w6_p4_over_a8w8": {
  "median": 4.768175159691568,
  "min": 4.528936541248081,
  "max": 5.197129359607741
 },
 "ratio_a3w3_p2_over_a4w4": {
  "median": 2.3649218293330567,
  "min": 2.2946204313703125,
  "max": 2.494482007237046
 },
 "ratio_a3w3_over_a4w4": {
  "median": 2.1926984973457833,
  "min": 2.1500477706488708,
  "max": 2.259834908348096
 },
 "ratio_a1w1_p4_over_a4w4": {
  "median": NaN,
  "min": NaN,
  "max": NaN
 },
 "ratio_bf16_st1_over_bf16": {
  "median": 1.8164001493652098,
  "min": 1.248301591932577,
  "max": 2.0170153147275327
 },
 "ratio_bf16_st2_over_bf16": {
  "median": 3.5202829021048303,
  "min": 2.1470754738696267,
  "max": 3.9705536638317835
 },
 "ratio_a7w7_p2s_over_a7w7_p2": {
  "median": 0.9614182643542174,
  "min": 0.8978099930213508,
  "max": 0.990142138715753
 }
}
