{"shape": "gdn_in", "M_state": 1000, "M_q": 125, "N": 8224, "K": 2048, "dense_all": ["j5c7", 311.3, 312.32], "dense_q": ["j5c1", 63.49, 64.51], "sparse_state": ["s1", 196.61, 198.66], "rowrole_sum": 260.1, "speedup": 1.197}
{"shape": "attn_in", "M_state": 1000, "M_q": 125, "N": 5120, "K": 2048, "dense_all": ["j5c7", 197.63, 199.68], "dense_q": ["j5c7", 43.01, 45.06], "sparse_state": ["s2", 118.78, 133.12], "rowrole_sum": 161.79, "speedup": 1.222}
{"shape": "out", "M_state": 1000, "M_q": 125, "N": 2048, "K": 2048, "dense_all": ["j5c7", 97.28, 98.3], "dense_q": ["j5c7", 26.62, 27.65], "sparse_state": ["s2", 64.51, 65.54], "rowrole_sum": 91.13, "speedup": 1.067}
{"shape": "gate_up", "M_state": 1000, "M_q": 125, "N": 12288, "K": 2048, "dense_all": ["j5c3", 455.68, 456.7], "dense_q": ["j5c7", 80.9, 83.97], "sparse_state": ["s7", 297.97, 299.01], "rowrole_sum": 378.87, "speedup": 1.203}
{"shape": "down", "M_state": 1000, "M_q": 125, "N": 2048, "K": 6144, "dense_all": ["j5c7", 251.9, 252.93], "dense_q": ["j5c7", 50.66, 52.22], "sparse_state": ["s1", 146.43, 147.46], "rowrole_sum": 197.09, "speedup": 1.278}
{"shape": "gdn_in", "M_state": 4000, "M_q": 125, "N": 8224, "K": 2048, "dense_all": ["cut1", 1159.17, 1160.19], "dense_q": ["j5c1", 63.49, 64.51], "sparse_state": ["s2", 732.16, 733.18], "rowrole_sum": 795.65, "speedup": 1.457}
{"shape": "attn_in", "M_state": 4000, "M_q": 125, "N": 5120, "K": 2048, "dense_all": ["j5c1", 740.35, 742.4], "dense_q": ["j5c7", 41.98, 44.03], "sparse_state": ["s2", 422.4, 424.96], "rowrole_sum": 464.38, "speedup": 1.594}
{"shape": "out", "M_state": 4000, "M_q": 125, "N": 2048, "K": 2048, "dense_all": ["j5c3", 310.27, 312.32], "dense_q": ["j5c7", 26.62, 27.65], "sparse_state": ["s5", 206.34, 207.87], "rowrole_sum": 232.96, "speedup": 1.332}
{"shape": "gate_up", "M_state": 4000, "M_q": 125, "N": 12288, "K": 2048, "dense_all": ["cut1", 1702.93, 1704.96], "dense_q": ["j5c7", 79.87, 81.92], "sparse_state": ["s7", 1098.75, 1105.92], "rowrole_sum": 1178.62, "speedup": 1.445}
{"shape": "down", "M_state": 4000, "M_q": 125, "N": 2048, "K": 6144, "dense_all": ["j5c1", 867.33, 868.32], "dense_q": ["j5c7", 51.2, 52.22], "sparse_state": ["s1", 493.57, 496.64], "rowrole_sum": 544.77, "speedup": 1.592}
{"shape": "gdn_in", "M_state": 256, "M_q": 125, "N": 8224, "K": 2048, "dense_all": ["j5c7", 116.74, 117.76], "dense_q": ["j5c1", 63.49, 64.51], "sparse_state": ["s1", 67.58, 68.61], "rowrole_sum": 131.07, "speedup": 0.891}
{"shape": "attn_in", "M_state": 256, "M_q": 125, "N": 5120, "K": 2048, "dense_all": ["j5c3", 77.82, 78.85], "dense_q": ["j5c7", 43.01, 45.06], "sparse_state": ["s5", 44.03, 45.06], "rowrole_sum": 87.04, "speedup": 0.894}
{"shape": "out", "M_state": 256, "M_q": 125, "N": 2048, "K": 2048, "dense_all": ["j5c7", 47.62, 48.13], "dense_q": ["j5c7", 26.62, 27.65], "sparse_state": ["s0", 32.24, 33.79], "rowrole_sum": 58.86, "speedup": 0.809}
{"shape": "gate_up", "M_state": 256, "M_q": 125, "N": 12288, "K": 2048, "dense_all": ["j5c7", 165.86, 166.91], "dense_q": ["j5c7", 79.87, 80.9], "sparse_state": ["s5", 112.64, 113.66], "rowrole_sum": 192.51, "speedup": 0.862}
{"shape": "down", "M_state": 256, "M_q": 125, "N": 2048, "K": 6144, "dense_all": ["j5c7", 106.5, 108.54], "dense_q": ["j5c7", 51.2, 52.22], "sparse_state": ["s0", 57.34, 59.39], "rowrole_sum": 108.54, "speedup": 0.981}
{"shape": "gdn_in", "M_state": 64, "M_q": 125, "N": 8224, "K": 2048, "dense_all": ["j5c7", 67.58, 68.61], "dense_q": ["j5c1", 63.49, 64.51], "sparse_state": ["s0", 46.08, 47.1], "rowrole_sum": 109.57, "speedup": 0.617}
{"shape": "attn_in", "M_state": 64, "M_q": 125, "N": 5120, "K": 2048, "dense_all": ["j5c7", 48.13, 49.15], "dense_q": ["j5c7", 43.01, 44.03], "sparse_state": ["s4", 34.29, 35.84], "rowrole_sum": 77.3, "speedup": 0.623}
{"shape": "out", "M_state": 64, "M_q": 125, "N": 2048, "K": 2048, "dense_all": ["j5c3", 36.86, 37.89], "dense_q": ["j5c7", 27.14, 27.65], "sparse_state": ["s3", 26.62, 27.65], "rowrole_sum": 53.76, "speedup": 0.686}
{"shape": "gate_up", "M_state": 64, "M_q": 125, "N": 12288, "K": 2048, "dense_all": ["j5c7", 97.28, 98.3], "dense_q": ["j5c7", 80.9, 81.92], "sparse_state": ["s5", 65.54, 66.56], "rowrole_sum": 146.44, "speedup": 0.664}
{"shape": "down", "M_state": 64, "M_q": 125, "N": 2048, "K": 6144, "dense_all": ["j5c9", 75.78, 77.82], "dense_q": ["j5c7", 51.2, 52.22], "sparse_state": ["s3", 39.94, 40.96], "rowrole_sum": 91.14, "speedup": 0.831}
{"shape": "gdn_in", "M_state": 1000, "M_q": 3720, "N": 8224, "K": 2048, "dense_all": ["cut1", 1323.01, 1325.02], "dense_q": ["j5c1", 1079.3, 1080.32], "sparse_state": ["s5", 196.61, 199.68], "rowrole_sum": 1275.91, "speedup": 1.037}
{"shape": "attn_in", "M_state": 1000, "M_q": 3720, "N": 5120, "K": 2048, "dense_all": ["j5c1", 827.39, 829.44], "dense_q": ["cut3", 655.36, 667.65], "sparse_state": ["s2", 120.32, 121.86], "rowrole_sum": 775.68, "speedup": 1.067}
{"shape": "out", "M_state": 1000, "M_q": 3720, "N": 2048, "K": 2048, "dense_all": ["j5c1", 358.4, 360.45], "dense_q": ["j5c3", 265.7, 267.26], "sparse_state": ["s2", 64.51, 66.56], "rowrole_sum": 330.21, "speedup": 1.085}
{"shape": "gate_up", "M_state": 1000, "M_q": 3720, "N": 12288, "K": 2048, "dense_all": ["j5c1", 1929.22, 1931.26], "dense_q": ["cut1", 1549.31, 1550.34], "sparse_state": ["s7", 296.96, 299.01], "rowrole_sum": 1846.27, "speedup": 1.045}
{"shape": "down", "M_state": 1000, "M_q": 3720, "N": 2048, "K": 6144, "dense_all": ["cut2", 979.97, 988.16], "dense_q": ["j5c2", 743.42, 745.47], "sparse_state": ["s1", 145.41, 147.42], "rowrole_sum": 888.83, "speedup": 1.103}
