07:20:55 START L1152_S32_n5 :: HOB_MODEL=n5 :: --L 1152 --sel 32 --C 128 --tag L1152_S32_n5
07:36:59 START L1152_S32_n8 :: HOB_MODEL=n5 HOB_KMOD=gdn8 :: --L 1152 --sel 32 --C 128 --tag L1152_S32_n8
07:40:15 END L1152_S32_n8 rc=0 saved L1152_S32_n8_C128
07:40:15 START L1152_S32_m1 :: HOB_MODEL=m1 HOB_KMOD=gdn8 :: --L 1152 --sel 32 --C 128 --tag L1152_S32_m1
07:40:45 END L1152_S32_m1 rc=0 TypeError: 'str' object is not callable
07:40:45 START L1152_S32_m1 :: HOB_MODEL=m1 HOB_KMOD=gdn8 :: --L 1152 --sel 32 --C 128 --tag L1152_S32_m1
07:41:05 END L1152_S32_m1 rc=0 TypeError: 'str' object is not callable
07:41:05 START L1152_S32_m1 :: HOB_MODEL=m1 HOB_KMOD=gdn8 :: --L 1152 --sel 32 --C 128 --tag L1152_S32_m1
07:41:24 END L1152_S32_m1 rc=0 TypeError: 'str' object is not callable
07:41:24 START L1152_S32_m1 :: HOB_MODEL=m1 HOB_KMOD=gdn8 :: --L 1152 --sel 32 --C 128 --tag L1152_S32_m1
07:41:44 END L1152_S32_m1 rc=0 TypeError: 'str' object is not callable
07:41:44 START L1152_S32_m1 :: HOB_MODEL=m1 HOB_KMOD=gdn8 :: --L 1152 --sel 32 --C 128 --tag L1152_S32_m1
07:42:03 END L1152_S32_m1 rc=0 TypeError: 'str' object is not callable
07:42:03 START L1152_S32_m1 :: HOB_MODEL=m1 HOB_KMOD=gdn8 :: --L 1152 --sel 32 --C 128 --tag L1152_S32_m1
07:42:22 END L1152_S32_m1 rc=0 TypeError: 'str' object is not callable
07:42:23 START L1152_S32_m1 :: HOB_MODEL=m1 HOB_KMOD=gdn8 :: --L 1152 --sel 32 --C 128 --tag L1152_S32_m1
07:42:42 END L1152_S32_m1 rc=0 TypeError: 'str' object is not callable
07:42:42 START L1152_S32_m1 :: HOB_MODEL=m1 HOB_KMOD=gdn8 :: --L 1152 --sel 32 --C 128 --tag L1152_S32_m1
07:43:01 END L1152_S32_m1 rc=0 TypeError: 'str' object is not callable
07:43:01 START L1152_S32_m1 :: HOB_MODEL=m1 HOB_KMOD=gdn8 :: --L 1152 --sel 32 --C 128 --tag L1152_S32_m1
07:43:54 START L1152_S32_m1 :: HOB_MODEL=m1 HOB_KMOD=gdn8 :: --L 1152 --sel 32 --C 128 --tag L1152_S32_m1
07:46:20 END L1152_S32_m1 saved L1152_S32_m1_C128
07:46:20 START L256_S32_n8 :: HOB_MODEL=n5 HOB_KMOD=gdn8 :: --L 256 --sel 32 --C 128 --tag L256_S32_n8
07:49:03 END L256_S32_n8 saved L256_S32_n8_C128
07:49:04 START L384_S32_n8 :: HOB_MODEL=n5 HOB_KMOD=gdn8 :: --L 384 --sel 32 --C 128 --tag L384_S32_n8
07:55:12 END L384_S32_n8 saved L384_S32_n8_C128
07:55:12 START L4096_S32_n8 :: HOB_MODEL=n5 HOB_KMOD=gdn8 :: --L 4096 --sel 32 --C 128 --tag L4096_S32_n8
08:02:54 END L4096_S32_n8 saved L4096_S32_n8_C128
08:02:54 START P1000_M4_n8 :: HOB_MODEL=n5 HOB_KMOD=gdn8 :: --T 1000 --M 4 --C 128 --tag P1000_M4_n8
08:07:15 END P1000_M4_n8 saved P1000_M4_n8_C128
08:07:15 START P1000_M1_m2k8 :: HOB_MODEL=m2 HOB_KMOD=gdn8 M2_K=8 M2_B=256 :: --T 1000 --M 1 --C 128 --tag P1000_M1_m2k8
08:13:48 END P1000_M1_m2k8 RuntimeError: neuronx-cc failed with 70
08:13:48 START P64_M4_n8 :: HOB_MODEL=n5 HOB_KMOD=gdn8 :: --T 64 --M 4 --C 128 --tag P64_M4_n8
08:17:25 END P64_M4_n8 saved P64_M4_n8_C128
08:17:25 START P256_M4_n8 :: HOB_MODEL=n5 HOB_KMOD=gdn8 :: --T 256 --M 4 --C 128 --tag P256_M4_n8
08:22:41 END P256_M4_n8 saved P256_M4_n8_C128
08:22:41 START L4096_S32_m1 :: HOB_MODEL=m1 HOB_KMOD=gdn8 :: --L 4096 --sel 32 --C 128 --tag L4096_S32_m1
08:46:44 END L4096_S32_m1 saved L4096_S32_m1_C128
08:46:44 START L1152_S32_n9 :: HOB_MODEL=n5 HOB_KMOD=gdn9 :: --L 1152 --sel 32 --C 128 --tag L1152_S32_n9
08:49:40 END L1152_S32_n9 saved L1152_S32_n9_C128
08:49:40 START P1000_M1_m2k8 :: HOB_MODEL=m2 HOB_KMOD=gdn9 M2_K=8 M2_B=256 :: --T 1000 --M 1 --C 128 --tag P1000_M1_m2k8
09:07:24 END P1000_M1_m2k8 saved P1000_M1_m2k8_C128
09:07:24 START L256_S32_n11 :: HOB_MODEL=n5 HOB_KMOD=gdn11 :: --L 256 --sel 32 --C 128 --tag L256_S32_n11
09:09:42 END L256_S32_n11 saved L256_S32_n11_C128
09:09:42 START L384_S32_n11 :: HOB_MODEL=n5 HOB_KMOD=gdn11 :: --L 384 --sel 32 --C 128 --tag L384_S32_n11
09:11:57 END L384_S32_n11 saved L384_S32_n11_C128
09:11:57 START L4096_S32_n11 :: HOB_MODEL=n5 HOB_KMOD=gdn11 :: --L 4096 --sel 32 --C 128 --tag L4096_S32_n11
09:17:24 END L4096_S32_n11 saved L4096_S32_n11_C128
09:17:24 START P1000_M4_n11 :: HOB_MODEL=n5 HOB_KMOD=gdn11 :: --T 1000 --M 4 --C 128 --tag P1000_M4_n11
09:22:17 END P1000_M4_n11 saved P1000_M4_n11_C128
09:22:17 START P64_M4_n11 :: HOB_MODEL=n5 HOB_KMOD=gdn11 :: --T 64 --M 4 --C 128 --tag P64_M4_n11
09:24:58 END P64_M4_n11 saved P64_M4_n11_C128
09:24:59 START P256_M4_n11 :: HOB_MODEL=n5 HOB_KMOD=gdn11 :: --T 256 --M 4 --C 128 --tag P256_M4_n11
09:27:24 END P256_M4_n11 saved P256_M4_n11_C128
09:27:24 START P4000_M4_n11 :: HOB_MODEL=n5 HOB_KMOD=gdn11 :: --T 4000 --M 4 --C 128 --tag P4000_M4_n11
09:35:41 END P4000_M4_n11 saved P4000_M4_n11_C128
09:35:41 START P1000_M4_m1 :: HOB_MODEL=m1 HOB_KMOD=gdn11 :: --T 1000 --M 4 --C 128 --tag P1000_M4_m1
09:38:22 END P1000_M4_m1 saved P1000_M4_m1_C128
09:38:22 START P4000_M1_m2k8 :: HOB_MODEL=m2 HOB_KMOD=gdn11 M2_K=8 M2_B=256 :: --T 4000 --M 1 --C 128 --tag P4000_M1_m2k8
09:45:43 END P4000_M1_m2k8 RuntimeError: neuronx-cc failed with 70
09:45:43 START P1000_M4_m2k8 :: HOB_MODEL=m2 HOB_KMOD=gdn11 M2_K=8 M2_B=256 :: --T 1000 --M 4 --C 128 --tag P1000_M4_m2k8
09:51:34 END P1000_M4_m2k8 RuntimeError: neuronx-cc failed with 70
09:51:34 START L384_S32_n9 :: HOB_MODEL=n5 HOB_KMOD=gdn9 :: --L 384 --sel 32 --C 128 --tag L384_S32_n9
09:53:47 END L384_S32_n9 saved L384_S32_n9_C128
09:53:47 START L256_S32_n9 :: HOB_MODEL=n5 HOB_KMOD=gdn9 :: --L 256 --sel 32 --C 128 --tag L256_S32_n9
09:55:48 END L256_S32_n9 saved L256_S32_n9_C128
09:55:48 START L4096_S32_n9 :: HOB_MODEL=n5 HOB_KMOD=gdn9 :: --L 4096 --sel 32 --C 128 --tag L4096_S32_n9
10:05:32 END L4096_S32_n9 saved L4096_S32_n9_C128
10:05:32 START L384_S32_n12 :: HOB_MODEL=n5 HOB_KMOD=gdn12 :: --L 384 --sel 32 --C 128 --tag L384_S32_n12
10:08:01 END L384_S32_n12 saved L384_S32_n12_C128
10:08:02 START L1152_S32_n12 :: HOB_MODEL=n5 HOB_KMOD=gdn12 :: --L 1152 --sel 32 --C 128 --tag L1152_S32_n12
10:11:35 END L1152_S32_n12 saved L1152_S32_n12_C128
10:11:35 START L256_S32_m1 :: HOB_MODEL=m1 HOB_KMOD=gdn11 :: --L 256 --sel 32 --C 128 --tag L256_S32_m1
10:14:14 END L256_S32_m1 saved L256_S32_m1_C128
10:14:14 START L1152_S32_n11fake2 :: HOB_MODEL=n5 HOB_KMOD=gdn11 HOB_FAKEGDN=2 :: --L 1152 --sel 32 --C 128 --tag L1152_S32_n11fake2
10:16:54 END L1152_S32_n11fake2 saved L1152_S32_n11fake2_C128
10:16:54 START L1152_S32_n11fake1 :: HOB_MODEL=n5 HOB_KMOD=gdn11 HOB_FAKEGDN=1 :: --L 1152 --sel 32 --C 128 --tag L1152_S32_n11fake1
10:18:14 END L1152_S32_n11fake1 saved L1152_S32_n11fake1_C128
10:18:14 START L384_S32_m1 :: HOB_MODEL=m1 HOB_KMOD=gdn11 :: --L 384 --sel 32 --C 128 --tag L384_S32_m1
10:19:36 END L384_S32_m1 
10:33:08 START L384_S32_m1 :: HOB_MODEL=m1 HOB_KMOD=gdn11 :: --L 384 --sel 32 --C 128 --tag L384_S32_m1
10:34:47 END L384_S32_m1 
