Loading weights:   0%|          | 0/320 [00:00<?, ?it/s]Loading weights: 100%|██████████| 320/320 [00:00<00:00, 3964.89it/s]
items 2421 variants [('oa+sfx', 'replay', 'natural'), ('oa+sfx', 'replay', 'frozen')]
0 2421 2s 8
50 2421 31s 408
100 2421 62s 808
150 2421 105s 1208
200 2421 135s 1362
250 2421 162s 1462
300 2421 193s 1634
350 2421 215s 1746
400 2421 236s 1846
450 2421 259s 1946
500 2421 284s 2046
550 2421 307s 2146
600 2421 372s 2406
650 2421 430s 2706
700 2421 486s 3006
750 2421 530s 3114
800 2421 579s 3214
850 2421 629s 3314
900 2421 675s 3414
950 2421 695s 3514
1000 2421 724s 3614
1050 2421 750s 3714
1100 2421 776s 3814
1150 2421 793s 3914
1200 2421 810s 4014
1250 2421 828s 4114
1300 2421 848s 4214
1350 2421 866s 4314
1400 2421 881s 4414
1450 2421 897s 4514
1500 2421 916s 4614
1550 2421 940s 4714
1600 2421 970s 4814
1650 2421 1001s 4914
1700 2421 1029s 5014
1750 2421 1058s 5114
1800 2421 1087s 5214
1850 2421 1113s 5314
1900 2421 1142s 5414
1950 2421 1168s 5514
2000 2421 1198s 5614
2050 2421 1219s 5714
2100 2421 1243s 5814
2150 2421 1263s 5914
2200 2421 1283s 6014
2250 2421 1292s 6114
2300 2421 1300s 6214
2350 2421 1317s 6314
2400 2421 1334s 6414
done 1339.2522339820862
