Loading weights:   0%|          | 0/320 [00:00<?, ?it/s]Loading weights: 100%|██████████| 320/320 [00:00<00:00, 3787.97it/s]
items 2421 variants [('oa+sfx', 'replay', 'frozen'), ('all', 'replay', 'frozen')]
0 2421 2s 8
50 2421 35s 408
100 2421 75s 808
150 2421 125s 1208
200 2421 161s 1362
250 2421 184s 1462
300 2421 211s 1634
350 2421 232s 1746
400 2421 251s 1846
450 2421 273s 1946
500 2421 298s 2046
550 2421 319s 2146
600 2421 370s 2406
650 2421 429s 2706
700 2421 490s 3006
750 2421 534s 3114
800 2421 584s 3214
850 2421 633s 3314
900 2421 674s 3414
950 2421 690s 3514
1000 2421 718s 3614
1050 2421 742s 3714
1100 2421 768s 3814
1150 2421 783s 3914
1200 2421 798s 4014
1250 2421 813s 4114
1300 2421 832s 4214
1350 2421 849s 4314
1400 2421 864s 4414
1450 2421 878s 4514
1500 2421 899s 4614
1550 2421 927s 4714
1600 2421 955s 4814
1650 2421 982s 4914
1700 2421 1011s 5014
1750 2421 1038s 5114
1800 2421 1062s 5214
1850 2421 1088s 5314
1900 2421 1115s 5414
1950 2421 1140s 5514
2000 2421 1167s 5614
2050 2421 1188s 5714
2100 2421 1209s 5814
2150 2421 1226s 5914
2200 2421 1244s 6014
2250 2421 1251s 6114
2300 2421 1259s 6214
2350 2421 1273s 6314
2400 2421 1290s 6414
done 1294.789326429367
