Loading weights:   0%|          | 0/320 [00:00<?, ?it/s]Loading weights: 100%|██████████| 320/320 [00:00<00:00, 3409.93it/s]
items 2421 variants [('ob@8+ok4@8+sfx', 'replay', 'frozen'), ('H8/ob@8+ok4@8+sfx', 'replay', 'frozen')]
0 2421 2s 8
50 2421 43s 408
100 2421 89s 808
150 2421 141s 1208
200 2421 178s 1362
250 2421 210s 1462
300 2421 242s 1634
350 2421 261s 1746
400 2421 280s 1846
450 2421 303s 1946
500 2421 328s 2046
550 2421 352s 2146
600 2421 408s 2406
650 2421 467s 2706
700 2421 528s 3006
750 2421 570s 3114
800 2421 620s 3214
850 2421 668s 3314
900 2421 713s 3414
950 2421 733s 3514
1000 2421 762s 3614
1050 2421 786s 3714
1100 2421 811s 3814
1150 2421 828s 3914
1200 2421 844s 4014
1250 2421 862s 4114
1300 2421 881s 4214
1350 2421 900s 4314
1400 2421 915s 4414
1450 2421 931s 4514
1500 2421 953s 4614
1550 2421 981s 4714
1600 2421 1010s 4814
1650 2421 1039s 4914
1700 2421 1068s 5014
1750 2421 1099s 5114
1800 2421 1125s 5214
1850 2421 1153s 5314
1900 2421 1181s 5414
1950 2421 1207s 5514
2000 2421 1236s 5614
2050 2421 1261s 5714
2100 2421 1277s 5814
2150 2421 1290s 5914
2200 2421 1304s 6014
2250 2421 1312s 6114
2300 2421 1320s 6214
2350 2421 1332s 6314
2400 2421 1345s 6414
done 1349.3528254032135
