Loading weights:   0%|          | 0/320 [00:00<?, ?it/s]Loading weights: 100%|██████████| 320/320 [00:00<00:00, 3742.45it/s]
items 2421 variants [('ob@8+ok4@8+sfx', 'replay', 'frozen'), ('H8/ob@8+ok4@8+sfx', 'replay', 'frozen')]
300 2421 7s 48
350 2421 30s 160
400 2421 52s 260
450 2421 78s 360
500 2421 106s 460
550 2421 131s 560
600 2421 188s 820
650 2421 255s 1120
700 2421 321s 1420
750 2421 365s 1528
800 2421 415s 1628
850 2421 464s 1728
900 2421 508s 1828
950 2421 529s 1928
1000 2421 562s 2028
1050 2421 592s 2128
1100 2421 617s 2228
1150 2421 632s 2328
1200 2421 648s 2428
1250 2421 665s 2528
1300 2421 683s 2628
1350 2421 700s 2728
1400 2421 717s 2828
1450 2421 733s 2928
1500 2421 757s 3028
1550 2421 788s 3128
1600 2421 819s 3228
1650 2421 850s 3328
1700 2421 881s 3428
1750 2421 913s 3528
1800 2421 943s 3628
1850 2421 973s 3728
1900 2421 1003s 3828
1950 2421 1031s 3928
2000 2421 1059s 4028
2050 2421 1085s 4128
2100 2421 1109s 4228
2150 2421 1129s 4328
2200 2421 1149s 4428
2250 2421 1158s 4528
2300 2421 1167s 4628
2350 2421 1184s 4728
2400 2421 1202s 4828
done 1207.2855579853058
