Loading weights:   0%|          | 0/320 [00:00<?, ?it/s]Loading weights: 100%|██████████| 320/320 [00:00<00:00, 4118.03it/s]
items 2421 variants [('ob@8+ok4@8+sfx', 'replay', 'frozen'), ('H8/ob@8+ok4@8+sfx', 'replay', 'frozen')]
0 2421 1s 2
50 2421 18s 102
100 2421 36s 202
150 2421 65s 302
200 2421 96s 402
250 2421 123s 502
300 2421 151s 602
350 2421 179s 702
400 2421 205s 802
450 2421 234s 902
500 2421 260s 1002
550 2421 284s 1102
600 2421 304s 1202
650 2421 333s 1302
700 2421 383s 1402
750 2421 434s 1502
800 2421 476s 1602
850 2421 498s 1702
900 2421 529s 1802
950 2421 558s 1902
1000 2421 584s 2002
1050 2421 599s 2102
1100 2421 615s 2202
1150 2421 635s 2302
1200 2421 654s 2402
1250 2421 671s 2502
1300 2421 686s 2602
1350 2421 703s 2702
1400 2421 727s 2802
1450 2421 758s 2956
1500 2421 794s 3356
1550 2421 839s 3756
1600 2421 891s 4156
1650 2421 922s 4262
1700 2421 951s 4362
1750 2421 979s 4546
1800 2421 999s 4646
1850 2421 1020s 4746
1900 2421 1043s 4846
1950 2421 1070s 4946
2000 2421 1094s 5046
2050 2421 1155s 5338
2100 2421 1218s 5638
2150 2421 1278s 5906
2200 2421 1299s 6014
2250 2421 1307s 6114
2300 2421 1314s 6214
2350 2421 1325s 6314
2400 2421 1338s 6414
done 1342.216168642044
