Loading weights:   0%|          | 0/320 [00:00<?, ?it/s]Loading weights: 100%|██████████| 320/320 [00:00<00:00, 3827.13it/s]
items 2421 variants [('ob+q32', 'replay', 'frozen'), ('H8/ob+q32', 'replay', 'frozen')]
0 2421 1s 8
50 2421 27s 408
100 2421 57s 808
150 2421 95s 1208
200 2421 138s 1362
250 2421 176s 1462
300 2421 206s 1634
350 2421 227s 1746
400 2421 248s 1846
450 2421 271s 1946
500 2421 295s 2046
550 2421 317s 2146
600 2421 368s 2406
650 2421 428s 2706
700 2421 495s 3006
750 2421 542s 3114
800 2421 590s 3214
850 2421 641s 3314
900 2421 685s 3414
950 2421 704s 3514
1000 2421 736s 3614
1050 2421 762s 3714
1100 2421 788s 3814
1150 2421 804s 3914
1200 2421 819s 4014
1250 2421 837s 4114
1300 2421 856s 4214
1350 2421 873s 4314
1400 2421 887s 4414
1450 2421 901s 4514
1500 2421 926s 4614
1550 2421 962s 4714
1600 2421 991s 4814
1650 2421 1019s 4914
1700 2421 1048s 5014
1750 2421 1078s 5114
1800 2421 1104s 5214
1850 2421 1131s 5314
1900 2421 1159s 5414
1950 2421 1185s 5514
2000 2421 1212s 5614
2050 2421 1236s 5714
2100 2421 1259s 5814
2150 2421 1278s 5914
2200 2421 1296s 6014
2250 2421 1303s 6114
2300 2421 1311s 6214
2350 2421 1326s 6314
2400 2421 1342s 6414
done 1346.421583890915
