Loading weights:   0%|          | 0/320 [00:00<?, ?it/s]Loading weights: 100%|██████████| 320/320 [00:00<00:00, 3712.23it/s]
items 2421 variants [('q32+ok4+sfx', 'replay', 'frozen'), ('H8/q32+ok4+sfx', 'replay', 'frozen')]
0 2421 1s 2
50 2421 18s 102
100 2421 36s 202
150 2421 53s 302
200 2421 70s 402
250 2421 87s 502
300 2421 103s 602
350 2421 119s 702
400 2421 134s 802
450 2421 151s 902
500 2421 166s 1002
550 2421 180s 1102
600 2421 193s 1202
650 2421 210s 1302
700 2421 237s 1402
750 2421 264s 1502
800 2421 286s 1602
850 2421 298s 1702
900 2421 314s 1802
950 2421 329s 1902
1000 2421 344s 2002
1050 2421 354s 2102
1100 2421 364s 2202
1150 2421 376s 2302
1200 2421 387s 2402
1250 2421 397s 2502
1300 2421 407s 2602
1350 2421 417s 2702
1400 2421 431s 2802
1450 2421 448s 2956
1500 2421 474s 3356
1550 2421 504s 3756
1600 2421 535s 4156
1650 2421 553s 4262
1700 2421 569s 4362
1750 2421 588s 4546
1800 2421 600s 4646
1850 2421 612s 4746
1900 2421 626s 4846
1950 2421 641s 4946
2000 2421 655s 5046
2050 2421 691s 5338
2100 2421 727s 5638
2150 2421 762s 5906
2200 2421 783s 6014
2250 2421 790s 6114
2300 2421 796s 6214
2350 2421 808s 6314
2400 2421 820s 6414
done 823.522623538971
