Loading weights:   0%|          | 0/320 [00:00<?, ?it/s]Loading weights: 100%|██████████| 320/320 [00:00<00:00, 3336.20it/s]
items 2003 variants [('all', 'replay', 'frozen'), ('oa+sfx', 'replay', 'frozen'), ('ob', 'replay', 'frozen'), ('ob+q32', 'replay', 'frozen'), ('ob+q64', 'replay', 'frozen')]
0 2003 2s 5
50 2003 52s 255
100 2003 104s 505
150 2003 159s 755
200 2003 213s 1005
250 2003 264s 1255
300 2003 316s 1505
350 2003 359s 1755
400 2003 389s 2005
450 2003 422s 2255
500 2003 453s 2505
550 2003 481s 2755
600 2003 507s 3005
650 2003 534s 3255
700 2003 592s 3505
750 2003 651s 3755
800 2003 699s 4005
850 2003 727s 4255
900 2003 773s 4505
950 2003 808s 4755
1000 2003 842s 5005
1050 2003 865s 5255
1100 2003 889s 5505
1150 2003 916s 5755
1200 2003 944s 6005
1250 2003 970s 6255
1300 2003 993s 6505
1350 2003 1018s 6755
1400 2003 1065s 7005
1450 2003 1134s 7390
1500 2003 1199s 8390
1550 2003 1293s 9390
1600 2003 1412s 10390
1650 2003 1483s 10655
1700 2003 1546s 10905
1750 2003 1591s 11365
1800 2003 1619s 11615
1850 2003 1647s 11865
1900 2003 1678s 12115
1950 2003 1708s 12365
2000 2003 1737s 12615
done 1737.6184344291687
