Loading weights:   0%|          | 0/320 [00:00<?, ?it/s]Loading weights: 100%|██████████| 320/320 [00:00<00:00, 3719.91it/s]
items 2003 variants [('q16+oa+sfx', 'replay', 'frozen'), ('q32+oa+sfx', 'replay', 'frozen'), ('q64+oa+sfx', 'replay', 'frozen')]
0 2003 2s 3
50 2003 34s 153
100 2003 67s 303
150 2003 100s 453
200 2003 133s 603
250 2003 162s 753
300 2003 193s 903
350 2003 223s 1053
400 2003 251s 1203
450 2003 281s 1353
500 2003 310s 1503
550 2003 337s 1653
600 2003 361s 1803
650 2003 393s 1953
700 2003 449s 2103
750 2003 504s 2253
800 2003 547s 2403
850 2003 570s 2553
900 2003 601s 2703
950 2003 630s 2853
1000 2003 658s 3003
1050 2003 675s 3153
1100 2003 695s 3303
1150 2003 716s 3453
1200 2003 736s 3603
1250 2003 754s 3753
1300 2003 771s 3903
1350 2003 790s 4053
1400 2003 815s 4203
1450 2003 848s 4434
1500 2003 896s 5034
1550 2003 950s 5634
1600 2003 1008s 6234
1650 2003 1042s 6393
1700 2003 1074s 6543
1750 2003 1108s 6819
1800 2003 1132s 6969
1850 2003 1156s 7119
1900 2003 1183s 7269
1950 2003 1212s 7419
2000 2003 1238s 7569
done 1238.9996826648712
