Loading weights:   0%|          | 0/320 [00:00<?, ?it/s]Loading weights: 100%|██████████| 320/320 [00:00<00:00, 4282.59it/s]
USDT:2026-10-07 01:00:08 22341:22341 SyncActivityProfilerHandler.cpp:39] profiler_start
USDT:2026-10-07 01:00:08 22341:22341 SyncActivityProfilerHandler.cpp:46] profiler_stop
{"kern": {"other": 1.218, "gemm": 6.624, "gdn": 1.41, "attn": 0.138, "kernels": 811, "busy": 9.39}, "key": "bf16|32|bk1|replay", "prec": "bf16", "T": 32, "set": "bk1", "mode": "replay", "nq": 1, "rows": 46, "qtok": 93, "live": 14, "wall": {"median": 9.316, "p95": 9.32, "n": 15}, "mem_gb": 9.01}
USDT:2026-10-07 01:00:08 22341:22341 SyncActivityProfilerHandler.cpp:39] profiler_start
USDT:2026-10-07 01:00:08 22341:22341 SyncActivityProfilerHandler.cpp:46] profiler_stop
{"kern": {"other": 1.389, "gemm": 7.349, "gdn": 2.341, "attn": 0.323, "kernels": 830, "busy": 11.401}, "key": "bf16|32|bk4|replay", "prec": "bf16", "T": 32, "set": "bk4", "mode": "replay", "nq": 4, "rows": 88, "qtok": 364, "live": 56, "wall": {"median": 11.681, "p95": 11.696, "n": 15}, "mem_gb": 9.2}
USDT:2026-10-07 01:00:09 22341:22341 SyncActivityProfilerHandler.cpp:39] profiler_start
USDT:2026-10-07 01:00:09 22341:22341 SyncActivityProfilerHandler.cpp:46] profiler_stop
{"kern": {"other": 1.254, "gemm": 7.185, "gdn": 1.588, "attn": 0.191, "kernels": 811, "busy": 10.218}, "key": "bf16|64|bk1|replay", "prec": "bf16", "T": 64, "set": "bk1", "mode": "replay", "nq": 1, "rows": 78, "qtok": 93, "live": 14, "wall": {"median": 10.516, "p95": 10.538, "n": 15}, "mem_gb": 9.23}
USDT:2026-10-07 01:00:09 22341:22341 SyncActivityProfilerHandler.cpp:39] profiler_start
USDT:2026-10-07 01:00:10 22341:22341 SyncActivityProfilerHandler.cpp:46] profiler_stop
{"kern": {"other": 1.411, "gemm": 7.813, "gdn": 2.523, "attn": 0.333, "kernels": 830, "busy": 12.08}, "key": "bf16|64|bk4|replay", "prec": "bf16", "T": 64, "set": "bk4", "mode": "replay", "nq": 4, "rows": 120, "qtok": 364, "live": 56, "wall": {"median": 12.378, "p95": 12.395, "n": 15}, "mem_gb": 9.52}
USDT:2026-10-07 01:00:10 22341:22341 SyncActivityProfilerHandler.cpp:39] profiler_start
USDT:2026-10-07 01:00:10 22341:22341 SyncActivityProfilerHandler.cpp:46] profiler_stop
{"kern": {"other": 1.412, "gemm": 9.079, "gdn": 1.67, "attn": 0.24, "kernels": 817, "busy": 12.401}, "key": "bf16|128|bk1|replay", "prec": "bf16", "T": 128, "set": "bk1", "mode": "replay", "nq": 1, "rows": 142, "qtok": 93, "live": 14, "wall": {"median": 12.695, "p95": 12.716, "n": 15}, "mem_gb": 9.68}
USDT:2026-10-07 01:00:11 22341:22341 SyncActivityProfilerHandler.cpp:39] profiler_start
USDT:2026-10-07 01:00:11 22341:22341 SyncActivityProfilerHandler.cpp:46] profiler_stop
{"kern": {"other": 1.64, "gemm": 10.241, "gdn": 2.581, "attn": 0.384, "kernels": 860, "busy": 14.846}, "key": "bf16|128|bk4|replay", "prec": "bf16", "T": 128, "set": "bk4", "mode": "replay", "nq": 4, "rows": 184, "qtok": 364, "live": 56, "wall": {"median": 15.158, "p95": 15.183, "n": 15}, "mem_gb": 10.06}
USDT:2026-10-07 01:00:12 22341:22341 SyncActivityProfilerHandler.cpp:39] profiler_start
USDT:2026-10-07 01:00:12 22341:22341 SyncActivityProfilerHandler.cpp:46] profiler_stop
{"kern": {"other": 1.679, "gemm": 14.328, "gdn": 1.959, "attn": 0.461, "kernels": 817, "busy": 18.427}, "key": "bf16|256|bk1|replay", "prec": "bf16", "T": 256, "set": "bk1", "mode": "replay", "nq": 1, "rows": 270, "qtok": 93, "live": 14, "wall": {"median": 18.711, "p95": 18.724, "n": 15}, "mem_gb": 10.15}
USDT:2026-10-07 01:00:13 22341:22341 SyncActivityProfilerHandler.cpp:39] profiler_start
USDT:2026-10-07 01:00:13 22341:22341 SyncActivityProfilerHandler.cpp:46] profiler_stop
{"kern": {"other": 1.91, "gemm": 14.41, "gdn": 2.854, "attn": 0.6, "kernels": 836, "busy": 19.774}, "key": "bf16|256|bk4|replay", "prec": "bf16", "T": 256, "set": "bk4", "mode": "replay", "nq": 4, "rows": 312, "qtok": 364, "live": 56, "wall": {"median": 20.048, "p95": 20.073, "n": 15}, "mem_gb": 10.33}
USDT:2026-10-07 01:00:13 22341:22341 SyncActivityProfilerHandler.cpp:39] profiler_start
USDT:2026-10-07 01:00:14 22341:22341 SyncActivityProfilerHandler.cpp:46] profiler_stop
{"kern": {"other": 1.996, "gemm": 20.106, "gdn": 2.496, "attn": 0.549, "kernels": 817, "busy": 25.147}, "key": "bf16|400|bk1|replay", "prec": "bf16", "T": 400, "set": "bk1", "mode": "replay", "nq": 1, "rows": 414, "qtok": 93, "live": 14, "wall": {"median": 25.399, "p95": 25.417, "n": 15}, "mem_gb": 10.44}
USDT:2026-10-07 01:00:15 22341:22341 SyncActivityProfilerHandler.cpp:39] profiler_start
USDT:2026-10-07 01:00:15 22341:22341 SyncActivityProfilerHandler.cpp:46] profiler_stop
{"kern": {"other": 2.198, "gemm": 23.373, "gdn": 3.391, "attn": 0.695, "kernels": 836, "busy": 29.656}, "key": "bf16|400|bk4|replay", "prec": "bf16", "T": 400, "set": "bk4", "mode": "replay", "nq": 4, "rows": 456, "qtok": 364, "live": 56, "wall": {"median": 29.907, "p95": 29.924, "n": 15}, "mem_gb": 10.59}
USDT:2026-10-07 01:00:16 22341:22341 SyncActivityProfilerHandler.cpp:39] profiler_start
USDT:2026-10-07 01:00:16 22341:22341 SyncActivityProfilerHandler.cpp:46] profiler_stop
{"kern": {"other": 3.467, "gemm": 45.187, "gdn": 4.317, "attn": 1.457, "kernels": 811, "busy": 54.428}, "key": "bf16|1000|bk1|replay", "prec": "bf16", "T": 1000, "set": "bk1", "mode": "replay", "nq": 1, "rows": 1014, "qtok": 93, "live": 14, "wall": {"median": 54.43, "p95": 54.644, "n": 15}, "mem_gb": 10.79}
USDT:2026-10-07 01:00:18 22341:22341 SyncActivityProfilerHandler.cpp:39] profiler_start
USDT:2026-10-07 01:00:18 22341:22341 SyncActivityProfilerHandler.cpp:46] profiler_stop
{"kern": {"other": 3.614, "gemm": 48.625, "gdn": 5.205, "attn": 1.631, "kernels": 830, "busy": 59.075}, "key": "bf16|1000|bk4|replay", "prec": "bf16", "T": 1000, "set": "bk4", "mode": "replay", "nq": 4, "rows": 1056, "qtok": 364, "live": 56, "wall": {"median": 59.248, "p95": 60.218, "n": 15}, "mem_gb": 10.93}
swiglu cand fail ('c', 3) (46, 12288, 2048) OSError('/home/ubuntu/work/h2/libh2evt.so: cannot open shared object file: No such file or directory')
swiglu cand fail ('c', 1) (46, 12288, 2048) OSError('/home/ubuntu/work/h2/libh2evt.so: cannot open shared object file: No such file or directory')
USDT:2026-10-07 01:00:26 22341:22341 SyncActivityProfilerHandler.cpp:39] profiler_start
USDT:2026-10-07 01:00:26 22341:22341 SyncActivityProfilerHandler.cpp:46] profiler_stop
{"kern": {"other": 1.669, "gemm": 3.963, "gdn": 1.412, "attn": 0.138, "kernels": 845, "busy": 7.182}, "key": "w8a8b8|32|bk1|replay", "prec": "w8a8b8", "T": 32, "set": "bk1", "mode": "replay", "nq": 1, "rows": 46, "qtok": 93, "live": 14, "wall": {"median": 7.508, "p95": 7.526, "n": 15}, "mem_gb": 16.01}
swiglu cand fail ('c', 3) (88, 12288, 2048) OSError('/home/ubuntu/work/h2/libh2evt.so: cannot open shared object file: No such file or directory')
swiglu cand fail ('c', 1) (88, 12288, 2048) OSError('/home/ubuntu/work/h2/libh2evt.so: cannot open shared object file: No such file or directory')
USDT:2026-10-07 01:00:27 22341:22341 SyncActivityProfilerHandler.cpp:39] profiler_start
USDT:2026-10-07 01:00:27 22341:22341 SyncActivityProfilerHandler.cpp:46] profiler_stop
{"kern": {"other": 1.991, "gemm": 4.624, "gdn": 2.34, "attn": 0.322, "kernels": 866, "busy": 9.277}, "key": "w8a8b8|32|bk4|replay", "prec": "w8a8b8", "T": 32, "set": "bk4", "mode": "replay", "nq": 4, "rows": 88, "qtok": 364, "live": 56, "wall": {"median": 9.582, "p95": 9.597, "n": 15}, "mem_gb": 16.01}
swiglu cand fail ('c', 3) (78, 12288, 2048) OSError('/home/ubuntu/work/h2/libh2evt.so: cannot open shared object file: No such file or directory')
swiglu cand fail ('c', 1) (78, 12288, 2048) OSError('/home/ubuntu/work/h2/libh2evt.so: cannot open shared object file: No such file or directory')
USDT:2026-10-07 01:00:28 22341:22341 SyncActivityProfilerHandler.cpp:39] profiler_start
USDT:2026-10-07 01:00:28 22341:22341 SyncActivityProfilerHandler.cpp:46] profiler_stop
{"kern": {"other": 1.762, "gemm": 4.222, "gdn": 1.588, "attn": 0.192, "kernels": 845, "busy": 7.765}, "key": "w8a8b8|64|bk1|replay", "prec": "w8a8b8", "T": 64, "set": "bk1", "mode": "replay", "nq": 1, "rows": 78, "qtok": 93, "live": 14, "wall": {"median": 8.072, "p95": 8.09, "n": 15}, "mem_gb": 16.01}
swiglu cand fail ('c', 3) (120, 12288, 2048) OSError('/home/ubuntu/work/h2/libh2evt.so: cannot open shared object file: No such file or directory')
swiglu cand fail ('c', 1) (120, 12288, 2048) OSError('/home/ubuntu/work/h2/libh2evt.so: cannot open shared object file: No such file or directory')
USDT:2026-10-07 01:00:29 22341:22341 SyncActivityProfilerHandler.cpp:39] profiler_start
USDT:2026-10-07 01:00:29 22341:22341 SyncActivityProfilerHandler.cpp:46] profiler_stop
{"kern": {"other": 2.078, "gemm": 4.935, "gdn": 2.523, "attn": 0.333, "kernels": 858, "busy": 9.869}, "key": "w8a8b8|64|bk4|replay", "prec": "w8a8b8", "T": 64, "set": "bk4", "mode": "replay", "nq": 4, "rows": 120, "qtok": 364, "live": 56, "wall": {"median": 10.175, "p95": 10.193, "n": 15}, "mem_gb": 16.01}
swiglu cand fail ('c', 3) (142, 12288, 2048) OSError('/home/ubuntu/work/h2/libh2evt.so: cannot open shared object file: No such file or directory')
swiglu cand fail ('c', 1) (142, 12288, 2048) OSError('/home/ubuntu/work/h2/libh2evt.so: cannot open shared object file: No such file or directory')
USDT:2026-10-07 01:00:29 22341:22341 SyncActivityProfilerHandler.cpp:39] profiler_start
USDT:2026-10-07 01:00:29 22341:22341 SyncActivityProfilerHandler.cpp:46] profiler_stop
{"kern": {"other": 2.048, "gemm": 5.813, "gdn": 1.673, "attn": 0.242, "kernels": 844, "busy": 9.777}, "key": "w8a8b8|128|bk1|replay", "prec": "w8a8b8", "T": 128, "set": "bk1", "mode": "replay", "nq": 1, "rows": 142, "qtok": 93, "live": 14, "wall": {"median": 10.07, "p95": 10.091, "n": 15}, "mem_gb": 16.01}
swiglu cand fail ('c', 3) (184, 12288, 2048) OSError('/home/ubuntu/work/h2/libh2evt.so: cannot open shared object file: No such file or directory')
swiglu cand fail ('c', 1) (184, 12288, 2048) OSError('/home/ubuntu/work/h2/libh2evt.so: cannot open shared object file: No such file or directory')
USDT:2026-10-07 01:00:30 22341:22341 SyncActivityProfilerHandler.cpp:39] profiler_start
USDT:2026-10-07 01:00:30 22341:22341 SyncActivityProfilerHandler.cpp:46] profiler_stop
{"kern": {"other": 2.461, "gemm": 6.943, "gdn": 2.587, "attn": 0.385, "kernels": 872, "busy": 12.376}, "key": "w8a8b8|128|bk4|replay", "prec": "w8a8b8", "T": 128, "set": "bk4", "mode": "replay", "nq": 4, "rows": 184, "qtok": 364, "live": 56, "wall": {"median": 12.681, "p95": 12.727, "n": 15}, "mem_gb": 16.01}
swiglu cand fail ('c', 3) (270, 12288, 2048) OSError('/home/ubuntu/work/h2/libh2evt.so: cannot open shared object file: No such file or directory')
swiglu cand fail ('c', 1) (270, 12288, 2048) OSError('/home/ubuntu/work/h2/libh2evt.so: cannot open shared object file: No such file or directory')
USDT:2026-10-07 01:00:31 22341:22341 SyncActivityProfilerHandler.cpp:39] profiler_start
USDT:2026-10-07 01:00:31 22341:22341 SyncActivityProfilerHandler.cpp:46] profiler_stop
{"kern": {"other": 2.707, "gemm": 9.454, "gdn": 1.963, "attn": 0.458, "kernels": 851, "busy": 14.582}, "key": "w8a8b8|256|bk1|replay", "prec": "w8a8b8", "T": 256, "set": "bk1", "mode": "replay", "nq": 1, "rows": 270, "qtok": 93, "live": 14, "wall": {"median": 14.888, "p95": 14.916, "n": 15}, "mem_gb": 16.01}
swiglu cand fail ('c', 3) (312, 12288, 2048) OSError('/home/ubuntu/work/h2/libh2evt.so: cannot open shared object file: No such file or directory')
swiglu cand fail ('c', 1) (312, 12288, 2048) OSError('/home/ubuntu/work/h2/libh2evt.so: cannot open shared object file: No such file or directory')
USDT:2026-10-07 01:00:32 22341:22341 SyncActivityProfilerHandler.cpp:39] profiler_start
USDT:2026-10-07 01:00:32 22341:22341 SyncActivityProfilerHandler.cpp:46] profiler_stop
{"kern": {"other": 2.972, "gemm": 9.365, "gdn": 2.859, "attn": 0.61, "kernels": 872, "busy": 15.806}, "key": "w8a8b8|256|bk4|replay", "prec": "w8a8b8", "T": 256, "set": "bk4", "mode": "replay", "nq": 4, "rows": 312, "qtok": 364, "live": 56, "wall": {"median": 16.073, "p95": 16.088, "n": 15}, "mem_gb": 16.01}
swiglu cand fail ('c', 3) (414, 12288, 2048) OSError('/home/ubuntu/work/h2/libh2evt.so: cannot open shared object file: No such file or directory')
swiglu cand fail ('c', 1) (414, 12288, 2048) OSError('/home/ubuntu/work/h2/libh2evt.so: cannot open shared object file: No such file or directory')
USDT:2026-10-07 01:00:33 22341:22341 SyncActivityProfilerHandler.cpp:39] profiler_start
USDT:2026-10-07 01:00:33 22341:22341 SyncActivityProfilerHandler.cpp:46] profiler_stop
{"kern": {"other": 3.429, "gemm": 12.993, "gdn": 2.496, "attn": 0.547, "kernels": 851, "busy": 19.465}, "key": "w8a8b8|400|bk1|replay", "prec": "w8a8b8", "T": 400, "set": "bk1", "mode": "replay", "nq": 1, "rows": 414, "qtok": 93, "live": 14, "wall": {"median": 19.389, "p95": 19.398, "n": 15}, "mem_gb": 16.01}
swiglu cand fail ('c', 3) (456, 12288, 2048) OSError('/home/ubuntu/work/h2/libh2evt.so: cannot open shared object file: No such file or directory')
swiglu cand fail ('c', 1) (456, 12288, 2048) OSError('/home/ubuntu/work/h2/libh2evt.so: cannot open shared object file: No such file or directory')
USDT:2026-10-07 01:00:34 22341:22341 SyncActivityProfilerHandler.cpp:39] profiler_start
USDT:2026-10-07 01:00:34 22341:22341 SyncActivityProfilerHandler.cpp:46] profiler_stop
{"kern": {"other": 3.676, "gemm": 14.441, "gdn": 3.387, "attn": 0.693, "kernels": 872, "busy": 22.197}, "key": "w8a8b8|400|bk4|replay", "prec": "w8a8b8", "T": 400, "set": "bk4", "mode": "replay", "nq": 4, "rows": 456, "qtok": 364, "live": 56, "wall": {"median": 22.1, "p95": 22.116, "n": 15}, "mem_gb": 16.01}
swiglu cand fail ('c', 3) (1014, 12288, 2048) OSError('/home/ubuntu/work/h2/libh2evt.so: cannot open shared object file: No such file or directory')
swiglu cand fail ('c', 1) (1014, 12288, 2048) OSError('/home/ubuntu/work/h2/libh2evt.so: cannot open shared object file: No such file or directory')
USDT:2026-10-07 01:00:36 22341:22341 SyncActivityProfilerHandler.cpp:39] profiler_start
USDT:2026-10-07 01:00:36 22341:22341 SyncActivityProfilerHandler.cpp:46] profiler_stop
{"kern": {"other": 6.398, "gemm": 28.178, "gdn": 4.311, "attn": 1.447, "kernels": 838, "busy": 40.334}, "key": "w8a8b8|1000|bk1|replay", "prec": "w8a8b8", "T": 1000, "set": "bk1", "mode": "replay", "nq": 1, "rows": 1014, "qtok": 93, "live": 14, "wall": {"median": 40.388, "p95": 40.45, "n": 15}, "mem_gb": 16.01}
swiglu cand fail ('c', 3) (1056, 12288, 2048) OSError('/home/ubuntu/work/h2/libh2evt.so: cannot open shared object file: No such file or directory')
swiglu cand fail ('c', 1) (1056, 12288, 2048) OSError('/home/ubuntu/work/h2/libh2evt.so: cannot open shared object file: No such file or directory')
USDT:2026-10-07 01:00:37 22341:22341 SyncActivityProfilerHandler.cpp:39] profiler_start
USDT:2026-10-07 01:00:37 22341:22341 SyncActivityProfilerHandler.cpp:46] profiler_stop
{"kern": {"other": 6.557, "gemm": 30.077, "gdn": 5.186, "attn": 1.614, "kernels": 858, "busy": 43.434}, "key": "w8a8b8|1000|bk4|replay", "prec": "w8a8b8", "T": 1000, "set": "bk4", "mode": "replay", "nq": 4, "rows": 1056, "qtok": 364, "live": 56, "wall": {"median": 43.588, "p95": 43.857, "n": 15}, "mem_gb": 16.01}
