Loading weights:   0%|          | 0/320 [00:00<?, ?it/s]Loading weights: 100%|██████████| 320/320 [00:00<00:00, 3652.88it/s]
configs ['dense', 'w8a8', 'w8a8,gptq8', 'w16a16']
config done dense 0s
w8a8 49/1511 REAL-agree T=1890 38s mem 8.0G
w8a8 99/1511 REAL-agree T=1970 77s mem 8.0G
w8a8 149/1511 REAL-agree T=1729 120s mem 8.0G
w8a8 199/1511 REAL-agree T=1704 157s mem 8.1G
w8a8 249/1511 REAL-agree T=3498 199s mem 8.1G
w8a8 299/1511 REAL-agree T=3781 241s mem 8.1G
w8a8 349/1511 REAL-agree T=2971 280s mem 8.2G
w8a8 399/1511 REAL-agree T=1974 321s mem 8.2G
w8a8 449/1511 REAL-agree T=1849 369s mem 8.3G
w8a8 499/1511 REAL-agree T=3793 413s mem 8.3G
w8a8 549/1511 REAL-agree T=2009 457s mem 8.3G
w8a8 599/1511 REAL-agree T=1811 499s mem 8.4G
w8a8 649/1511 REAL-agree T=2500 544s mem 8.4G
w8a8 699/1511 REAL-agree T=4818 603s mem 8.4G
w8a8 749/1511 REAL-agree T=2896 658s mem 8.4G
w8a8 799/1511 REAL-agree T=1684 709s mem 8.4G
w8a8 849/1511 REAL-agree T=2761 750s mem 8.4G
w8a8 899/1511 REAL-agree T=1249 789s mem 8.4G
w8a8 949/1511 REAL-agree T=3039 827s mem 8.4G
w8a8 999/1511 REAL-agree T=3295 880s mem 8.4G
w8a8 1049/1511 REAL-agree T=316 927s mem 8.4G
w8a8 1099/1511 CF T=3076 977s mem 8.6G
w8a8 1149/1511 CF T=3151 1030s mem 8.6G
w8a8 1199/1511 CF T=2993 1062s mem 8.6G
w8a8 1249/1511 CF T=633 1088s mem 8.6G
w8a8 1299/1511 CF T=2455 1118s mem 8.6G
w8a8 1349/1511 CF-probe T=3774 1175s mem 8.6G
w8a8 1399/1511 CF-probe T=1776 1227s mem 8.6G
w8a8 1449/1511 CF-probe T=2621 1272s mem 8.6G
w8a8 1499/1511 CF-probe T=1403 1305s mem 8.6G
config done w8a8 1311s
w8a8,gptq8 38/1511 REAL-agree T=1907 1394s mem 8.6G
w8a8,gptq8 88/1511 REAL-agree T=2129 1432s mem 8.6G
w8a8,gptq8 138/1511 REAL-agree T=1675 1474s mem 8.6G
w8a8,gptq8 188/1511 REAL-agree T=1811 1513s mem 8.6G
w8a8,gptq8 238/1511 REAL-agree T=3890 1538s mem 8.6G
w8a8,gptq8 288/1511 REAL-agree T=1719 1574s mem 8.6G
w8a8,gptq8 338/1511 REAL-agree T=3046 1610s mem 8.6G
w8a8,gptq8 388/1511 REAL-agree T=1934 1638s mem 8.6G
w8a8,gptq8 438/1511 REAL-agree T=4783 1671s mem 8.6G
w8a8,gptq8 488/1511 REAL-agree T=1607 1690s mem 8.6G
w8a8,gptq8 538/1511 REAL-agree T=3912 1711s mem 8.6G
w8a8,gptq8 588/1511 REAL-agree T=1665 1730s mem 8.6G
w8a8,gptq8 638/1511 REAL-agree T=3004 1749s mem 8.6G
w8a8,gptq8 688/1511 REAL-agree T=2479 1775s mem 8.6G
w8a8,gptq8 738/1511 REAL-agree T=1036 1801s mem 8.6G
w8a8,gptq8 788/1511 REAL-agree T=3717 1823s mem 8.6G
w8a8,gptq8 838/1511 REAL-agree T=691 1845s mem 8.6G
w8a8,gptq8 888/1511 REAL-agree T=2005 1872s mem 8.6G
w8a8,gptq8 938/1511 REAL-agree T=335 1900s mem 8.6G
w8a8,gptq8 988/1511 REAL-agree T=2876 1951s mem 8.6G
w8a8,gptq8 1038/1511 REAL-agree T=2374 2003s mem 8.6G
w8a8,gptq8 1088/1511 CF T=3201 2049s mem 8.6G
w8a8,gptq8 1138/1511 CF T=1728 2103s mem 8.6G
w8a8,gptq8 1188/1511 CF T=228 2142s mem 8.6G
w8a8,gptq8 1238/1511 CF T=2818 2168s mem 8.6G
w8a8,gptq8 1288/1511 CF T=697 2198s mem 8.6G
w8a8,gptq8 1338/1511 CF-probe T=3822 2249s mem 8.6G
w8a8,gptq8 1388/1511 CF-probe T=1733 2303s mem 8.6G
w8a8,gptq8 1438/1511 CF-probe T=2087 2328s mem 8.6G
w8a8,gptq8 1488/1511 CF-probe T=738 2345s mem 8.6G
config done w8a8,gptq8 2355s
w16a16 116/1511 REAL-agree T=1730 2375s mem 11.9G
w16a16 166/1511 REAL-agree T=1950 2421s mem 12.1G
w16a16 216/1511 REAL-agree T=3165 2472s mem 12.1G
w16a16 266/1511 REAL-agree T=1798 2531s mem 12.1G
w16a16 316/1511 REAL-agree T=1840 2590s mem 12.1G
w16a16 366/1511 REAL-agree T=3191 2646s mem 12.2G
w16a16 416/1511 REAL-agree T=1700 2699s mem 12.2G
w16a16 466/1511 REAL-agree T=3042 2768s mem 12.4G
w16a16 516/1511 REAL-agree T=2129 2829s mem 12.4G
w16a16 566/1511 REAL-agree T=2825 2886s mem 12.4G
w16a16 616/1511 REAL-agree T=912 2947s mem 12.4G
w16a16 666/1511 REAL-agree T=1902 3014s mem 12.4G
w16a16 716/1511 REAL-agree T=2273 3094s mem 12.4G
w16a16 766/1511 REAL-agree T=2966 3168s mem 12.4G
w16a16 816/1511 REAL-agree T=3910 3236s mem 12.4G
w16a16 866/1511 REAL-agree T=2280 3290s mem 12.4G
w16a16 916/1511 REAL-agree T=1318 3338s mem 12.4G
w16a16 966/1511 REAL-agree T=2842 3399s mem 12.4G
w16a16 1016/1511 REAL-agree T=2848 3473s mem 12.4G
w16a16 1066/1511 REAL-agree T=2275 3535s mem 12.4G
Terminated
