{'dense': 1511, 'w8a8': 1511, 'w8a8,gptq8': 1511, 'w16a16': 1067, 'w8a8,gptq8,map=precmap_w8a8_b8.json': 1511, 'w8a8,gptq8,map=precmap_w8a8_b16.json': 489}
Loading weights:   0%|          | 0/320 [00:00<?, ?it/s]Loading weights: 100%|██████████| 320/320 [00:00<00:00, 3876.12it/s]
configs ['w8a8,gptq8,qb16', 'w8a8,gptq8,map=precmap_w8a8_b8.json,qb16', 'dense']
w8a8,gptq8,qb16 49/3126 REAL-agree T=1890 91s mem 8.4G
w8a8,gptq8,qb16 99/3126 REAL-agree T=1970 131s mem 8.4G
w8a8,gptq8,qb16 149/3126 REAL-agree T=1729 175s mem 8.4G
w8a8,gptq8,qb16 199/3126 REAL-agree T=1704 213s mem 8.4G
w8a8,gptq8,qb16 249/3126 REAL-agree T=3498 256s mem 8.4G
w8a8,gptq8,qb16 299/3126 REAL-agree T=3781 299s mem 8.4G
w8a8,gptq8,qb16 349/3126 REAL-agree T=2971 337s mem 8.4G
w8a8,gptq8,qb16 399/3126 REAL-agree T=1974 377s mem 8.4G
w8a8,gptq8,qb16 449/3126 REAL-agree T=1849 423s mem 8.4G
w8a8,gptq8,qb16 499/3126 REAL-agree T=3793 465s mem 8.4G
w8a8,gptq8,qb16 549/3126 REAL-agree T=2009 507s mem 8.4G
w8a8,gptq8,qb16 599/3126 REAL-agree T=1811 548s mem 8.4G
w8a8,gptq8,qb16 649/3126 REAL-agree T=2500 589s mem 8.4G
w8a8,gptq8,qb16 699/3126 REAL-agree T=4818 641s mem 8.4G
w8a8,gptq8,qb16 749/3126 REAL-agree T=2896 691s mem 8.4G
w8a8,gptq8,qb16 799/3126 REAL-agree T=1684 743s mem 8.4G
w8a8,gptq8,qb16 849/3126 REAL-agree T=2761 786s mem 8.4G
w8a8,gptq8,qb16 899/3126 REAL-agree T=1249 826s mem 8.4G
w8a8,gptq8,qb16 949/3126 REAL-agree T=3039 865s mem 8.4G
w8a8,gptq8,qb16 999/3126 REAL-agree T=3295 920s mem 8.4G
w8a8,gptq8,qb16 1049/3126 REAL-agree T=316 969s mem 8.4G
w8a8,gptq8,qb16 1099/3126 CF T=6560 1038s mem 8.8G
w8a8,gptq8,qb16 1149/3126 CF T=5691 1155s mem 8.8G
w8a8,gptq8,qb16 1199/3126 CF T=6611 1271s mem 8.8G
w8a8,gptq8,qb16 1249/3126 CF T=3172 1349s mem 8.9G
w8a8,gptq8,qb16 1299/3126 CF T=3229 1392s mem 8.9G
w8a8,gptq8,qb16 1349/3126 CF T=2807 1447s mem 8.9G
w8a8,gptq8,qb16 1399/3126 CF T=2879 1503s mem 8.9G
w8a8,gptq8,qb16 1449/3126 CF T=265 1549s mem 8.9G
w8a8,gptq8,qb16 1499/3126 CF T=2377 1576s mem 8.9G
w8a8,gptq8,qb16 1549/3126 CF T=2135 1603s mem 8.9G
w8a8,gptq8,qb16 1599/3126 CF T=2356 1639s mem 8.9G
w8a8,gptq8,qb16 1649/3126 CF T=401 1671s mem 8.9G
w8a8,gptq8,qb16 1699/3126 CF T=2050 1705s mem 8.9G
w8a8,gptq8,qb16 1749/3126 CF T=812 1730s mem 8.9G
w8a8,gptq8,qb16 1799/3126 CF T=215 1759s mem 8.9G
w8a8,gptq8,qb16 1849/3126 CF T=2888 1801s mem 8.9G
w8a8,gptq8,qb16 1899/3126 CF-probe T=3758 1846s mem 8.9G
w8a8,gptq8,qb16 1949/3126 CF-probe T=4106 1909s mem 8.9G
w8a8,gptq8,qb16 1999/3126 CF-probe T=3750 1969s mem 8.9G
w8a8,gptq8,qb16 2049/3126 CF-probe T=1256 2032s mem 8.9G
w8a8,gptq8,qb16 2099/3126 CF-probe T=2533 2086s mem 8.9G
w8a8,gptq8,qb16 2149/3126 CF-probe T=3278 2142s mem 8.9G
w8a8,gptq8,qb16 2199/3126 CF-probe T=2175 2194s mem 8.9G
w8a8,gptq8,qb16 2249/3126 CF-probe T=738 2246s mem 8.9G
w8a8,gptq8,qb16 2299/3126 CF-probe T=1962 2297s mem 8.9G
w8a8,gptq8,qb16 2349/3126 CF-probe T=3096 2354s mem 8.9G
w8a8,gptq8,qb16 2399/3126 CF-probe T=2815 2398s mem 8.9G
w8a8,gptq8,qb16 2449/3126 CF-probe T=1776 2437s mem 8.9G
w8a8,gptq8,qb16 2499/3126 CF-probe T=1375 2474s mem 8.9G
w8a8,gptq8,qb16 2549/3126 JB-hard T=3936 2498s mem 8.9G
w8a8,gptq8,qb16 2599/3126 JB-hard T=789 2527s mem 8.9G
w8a8,gptq8,qb16 2649/3126 JB-hard T=312 2545s mem 8.9G
w8a8,gptq8,qb16 2699/3126 LONG T=6196 2654s mem 8.9G
w8a8,gptq8,qb16 2749/3126 LONG T=5697 2771s mem 8.9G
w8a8,gptq8,qb16 2799/3126 LONG T=6708 2888s mem 8.9G
w8a8,gptq8,qb16 2849/3126 LONG T=6478 2966s mem 8.9G
w8a8,gptq8,qb16 2899/3126 LONG T=5781 3055s mem 8.9G
w8a8,gptq8,qb16 2949/3126 LONG T=4926 3150s mem 8.9G
w8a8,gptq8,qb16 2999/3126 LONG T=5062 3241s mem 8.9G
w8a8,gptq8,qb16 3049/3126 LONG T=6298 3333s mem 8.9G
w8a8,gptq8,qb16 3099/3126 LONG T=4459 3424s mem 8.9G
config done w8a8,gptq8,qb16 3479s
