pool 12422 v5 5023
Loading weights:   0%|          | 0/320 [00:00<?, ?it/s]Loading weights: 100%|██████████| 320/320 [00:00<00:00, 3412.86it/s]
quantized base in 55s, mem 5.2G
/home/ubuntu/work/h1/h1qat.py:203: UserWarning: Converting a tensor with requires_grad=True to a scalar may lead to unexpected behavior.
Consider using tensor.detach() first. (Triggered internally at /__w/pytorch/pytorch/torch/csrc/autograd/generated/python_variable_methods.cpp:820.)
  lsum[k_] += float(kl); lcnt[k_] += 1; lsum['hid'] += float(hl); lcnt['hid'] += 1; lsum['flip'] += flip; lcnt['flip'] += 1
{"step": 1, "t": 2, "mem": 7.5, "lr": 1e-05, "v5": 0.0003936043940484524, "hid": 0.017992258071899414, "flip": 0.0}
{"step": 50, "t": 185, "mem": 7.5, "lr": 9.964516155915151e-05, "kl": 0.005502137014991604, "hid": 0.012334144854804083, "flip": 0.02040816326530612, "v5": 0.0008533626484374205}
{"step": 100, "t": 384, "mem": 7.5, "lr": 9.846666218300807e-05, "v5": 0.0010453109280206263, "hid": 0.011806127233430743, "flip": 0.04, "kl": 0.004220924170534467}
{"step": 150, "t": 525, "mem": 7.5, "lr": 9.666417631644977e-05, "v5": 0.00911666103855588, "hid": 0.012756225811317563, "flip": 0.06, "kl": 0.002981793157429107}
{"step": 200, "t": 709, "mem": 7.5, "lr": 9.397114317029975e-05, "kl": 0.005009299745005272, "hid": 0.012867424665018916, "flip": 0.06, "v5": 0.0004883964077909953}
{"step": 250, "t": 902, "mem": 7.5, "lr": 9.084384631108883e-05, "kl": 0.0031488156022724547, "hid": 0.011860312558710576, "flip": 0.0, "v5": 0.001467575540966548}
{"step": 300, "t": 1097, "mem": 7.5, "lr": 8.681980515339464e-05, "kl": 0.005467926478319752, "hid": 0.012124400092288852, "flip": 0.04, "v5": 0.001559737321165618}
saved 300
{"step": 350, "t": 1288, "mem": 7.5, "lr": 8.258081741438395e-05, "kl": 0.0025449804237816865, "hid": 0.01237552922219038, "flip": 0.06, "v5": 0.016025466823273084}
{"step": 400, "t": 1481, "mem": 7.5, "lr": 7.75e-05, "kl": 0.0037992150916436097, "hid": 0.013302428964525461, "flip": 0.0, "v5": 0.0006165347146216416}
{"step": 450, "t": 1679, "mem": 7.5, "lr": 7.243820139034464e-05, "kl": 0.0033230246253645956, "hid": 0.012289478657767177, "flip": 0.06, "v5": 0.007176139090702804}
{"step": 500, "t": 1871, "mem": 7.5, "lr": 6.664685702961344e-05, "kl": 0.002488573545920908, "hid": 0.012470527198165654, "flip": 0.04, "v5": 0.0031398782264204783}
{"step": 550, "t": 2056, "mem": 7.5, "lr": 6.11072007595437e-05, "kl": 0.0020611925348122087, "hid": 0.012823582347482442, "flip": 0.0, "v5": 0.0034193016056503567}
{"step": 600, "t": 2227, "mem": 7.5, "lr": 5.500000000000001e-05, "v5": 0.00518360539753715, "hid": 0.014225686173886061, "flip": 0.02, "kl": 0.0015679855641792528}
saved 600
{"step": 650, "t": 2413, "mem": 7.5, "lr": 4.936000448960631e-05, "kl": 0.0028982883542650255, "hid": 0.012335351258516312, "flip": 0.0, "v5": 0.001911643080977508}
{"step": 700, "t": 2598, "mem": 7.5, "lr": 4.3353142970386564e-05, "v5": 0.06605736182009991, "hid": 0.013194894529879092, "flip": 0.02, "kl": 0.0018779227051281316}
{"step": 750, "t": 2785, "mem": 7.5, "lr": 3.7997164593168985e-05, "kl": 0.002833554750302424, "hid": 0.012481425274163484, "flip": 0.02, "v5": 0.0061201155390904205}
{"step": 800, "t": 2974, "mem": 7.5, "lr": 3.250000000000001e-05, "kl": 0.002313419267994578, "hid": 0.012186444327235223, "flip": 0.0, "v5": 0.0013660676505214025}
{"step": 850, "t": 3152, "mem": 7.5, "lr": 2.7793039831193136e-05, "kl": 0.001891944593808148, "hid": 0.01265209263190627, "flip": 0.0, "v5": 0.0035608897524372907}
{"step": 900, "t": 3340, "mem": 7.5, "lr": 2.3180194846605367e-05, "kl": 0.002708401779129513, "hid": 0.011997388945892452, "flip": 0.02, "v5": 0.0017273916168960568}
saved 900
Terminated
