Loading weights:   0%|          | 0/320 [00:00<?, ?it/s]Loading weights: 100%|██████████| 320/320 [00:00<00:00, 4023.19it/s]
args {"stage": "e2e", "ck": "/home/ubuntu/work/m1/ck_a", "init": "/home/ubuntu/work/m1/ck_transfer/transfer.pt", "hours": 4.5, "variant": "full", "untrained": "~/work/m1/untrained.json", "schedule": "all", "every_min": 30.0, "lr_big": 3e-05, "lr_small": 0.0003, "lr_lora": 0.0002, "warm": 20, "accum": 4, "w_hid": 1.0, "p_v5": 0.25, "p_cf": 0.1, "maxq": 8, "maxtok": 5000, "max_rows": 6000, "lora_r": 32, "seed": 0, "mem_gb": 21.5, "ndev": 100, "ckpt_rows": 2500}
pool 10116 dev 100 v5 100449 cf pairs 2217
init mixers from /home/ubuntu/work/m1/ck_transfer/transfer.pt layers [0, 1, 2, 4, 5, 6, 8, 9, 10, 12, 13, 14, 16, 17, 18, 20, 21, 22]
trainable {0: 378.7, 1: 0.5, 2: 27.7} M mem 5.4GB
DEV {"n": 366, "agree": 0.9180327868852459, "tv": 0.06754374877636224, "kl": 0.0233525604739791, "n_sd": 95, "agree_sd": 0.9263157894736842, "hid": {"5": 0.03064696311019361, "11": 0.07158110041171312, "17": 0.023167453464120625, "23": 0.0007015127202612348}, "step": 0, "tokens": 0, "elapsed_min": 0.0, "stage": 0, "active": 18, "t_eval": 44}
saved m000 49s
/home/ubuntu/work/m1/m1train.py:193: UserWarning: Converting a tensor with requires_grad=True to a scalar may lead to unexpected behavior.
Consider using tensor.detach() first. (Triggered internally at /__w/pytorch/pytorch/torch/csrc/autograd/generated/python_variable_methods.cpp:820.)
  agg['ce_' + kind] += float(ce); cnt['ce_' + kind] += 1
Traceback (most recent call last):
  File "/home/ubuntu/work/m1/m1train.py", line 182, in <module>
    (ls, ks), lay = m.run(rq, student=True, keep=ML.KEEP, ckpt=Tn > a.ckpt_rows)
                    ^^^^^^^^^^^^^^^^^^^^^^^^^^^^^^^^^^^^^^^^^^^^^^^^^^^^^^^^^^^^
  File "/home/ubuntu/work/m1/m1lib.py", line 368, in run
    return self.forward(lay, student, keep, ckpt), lay
           ^^^^^^^^^^^^^^^^^^^^^^^^^^^^^^^^^^^^^^
  File "/home/ubuntu/work/m1/m1lib.py", line 353, in forward
    x = fn(i, x, lay)
        ^^^^^^^^^^^^^
  File "/home/ubuntu/work/m1/m1lib.py", line 326, in _slayer
    x = x + self._cmix(i, c, h, lay) @ c.Wo.to(BF).t()
            ^^^^^^^^^^^^^^^^^^^^^^^^
  File "/home/ubuntu/work/m1/m1lib.py", line 280, in _cmix
    cv = conv_e(raw, c.conv_w, lay['pv']) if cf['conv'] else F.silu(raw)
         ^^^^^^^^^^^^^^^^^^^^^^^^^^^^^^^^
  File "/home/ubuntu/work/m1/m1lib.py", line 53, in conv_e
    acc = raw.float() * wf[:, 3] + ext[pv[:, 0]].float() * wf[:, 0] + ext[pv[:, 1]].float() * wf[:, 1] + ext[pv[:, 2]].float() * wf[:, 2]
          ~~~~~~~~~~~~~~~~~~~~~~~^~~~~~~~~~~~~~~~~~~~~~~~~~~~~~~~~~
torch.OutOfMemoryError: CUDA out of memory. Tried to allocate 56.00 MiB. GPU 0 has a total capacity of 22.06 GiB of which 257.44 MiB is free. Including non-PyTorch memory, this process has 21.80 GiB memory in use. 21.50 GiB allowed; Of the allocated memory 21.26 GiB is allocated by PyTorch, and 233.08 MiB is reserved by PyTorch but unallocated.
Loading weights:   0%|          | 0/320 [00:00<?, ?it/s]Loading weights: 100%|██████████| 320/320 [00:00<00:00, 4349.81it/s]
args {"stage": "e2e", "ck": "/home/ubuntu/work/m1/ck_a", "init": "/home/ubuntu/work/m1/ck_transfer/transfer.pt", "hours": 4.5, "variant": "full", "untrained": "~/work/m1/untrained.json", "schedule": "all", "every_min": 30.0, "lr_big": 3e-05, "lr_small": 0.0003, "lr_lora": 0.0002, "warm": 20, "accum": 4, "w_hid": 1.0, "p_v5": 0.25, "p_cf": 0.1, "maxq": 8, "maxtok": 5000, "max_rows": 6000, "lora_r": 32, "seed": 0, "mem_gb": 21.5, "ndev": 100, "ckpt_rows": 1200}
pool 10116 dev 100 v5 100449 cf pairs 2217
init mixers from /home/ubuntu/work/m1/ck_transfer/transfer.pt layers [0, 1, 2, 4, 5, 6, 8, 9, 10, 12, 13, 14, 16, 17, 18, 20, 21, 22]
trainable {0: 378.7, 1: 0.5, 2: 27.7} M mem 5.4GB
resumed at step 0 tokens 0 elapsed 0
DEV {"n": 366, "agree": 0.9262295081967213, "tv": 0.06954805461862862, "kl": 0.02842854344607439, "n_sd": 95, "agree_sd": 0.968421052631579, "hid": {"5": 0.03052416614256799, "11": 0.07201366391032935, "17": 0.023833485264331104, "23": 0.0007791381017887033}, "step": 1, "tokens": 8465, "elapsed_min": 0.1, "stage": 0, "active": 18, "t_eval": 44}
saved m000 93s
/home/ubuntu/work/m1/m1train.py:193: UserWarning: Converting a tensor with requires_grad=True to a scalar may lead to unexpected behavior.
Consider using tensor.detach() first. (Triggered internally at /__w/pytorch/pytorch/torch/csrc/autograd/generated/python_variable_methods.cpp:820.)
  agg['ce_' + kind] += float(ce); cnt['ce_' + kind] += 1
step 10 stage 0 tok 0.09M min 1.0 lrf 0.500 591 tok/s mem 17.6GB {"acc_cf": 0.5, "acc_v5": 0.875, "agree_cf": 0.75, "agree_real": 0.84, "agree_v5": 0.875, "ce_cf": 0.6404, "ce_v5": 0.4974, "gn": 65.9844, "hid": 0.0471, "kl_cf": 0.2052, "kl_real": 0.1185, "kl_v5": 0.0738}
step 20 stage 0 tok 0.19M min 2.1 lrf 1.000 1484 tok/s mem 17.6GB {"acc_cf": 0.5, "acc_v5": 0.6667, "agree_cf": 0.75, "agree_real": 0.7902, "agree_v5": 0.7778, "ce_cf": 0.5843, "ce_v5": 0.6168, "gn": 31.4126, "hid": 0.0887, "kl_cf": 0.0962, "kl_real": 0.279, "kl_v5": 0.1521}
step 30 stage 0 tok 0.28M min 3.1 lrf 1.000 1538 tok/s mem 17.6GB {"acc_cf": 0.5, "acc_v5": 0.8182, "agree_cf": 0.375, "agree_real": 0.75, "agree_v5": 0.8182, "ce_cf": 0.7617, "ce_v5": 0.38, "gn": 27.1064, "hid": 0.1208, "kl_cf": 0.0661, "kl_real": 0.1849, "kl_v5": 0.1176}
step 40 stage 0 tok 0.38M min 4.2 lrf 0.999 1545 tok/s mem 17.8GB {"acc_cf": 0.5, "acc_v5": 0.6667, "agree_cf": 1.0, "agree_real": 0.6975, "agree_v5": 0.6667, "ce_cf": 0.6948, "ce_v5": 0.8276, "gn": 30.4652, "hid": 0.117, "kl_cf": 0.0295, "kl_real": 0.1856, "kl_v5": 0.3517}
step 50 stage 0 tok 0.48M min 5.2 lrf 0.999 1521 tok/s mem 17.8GB {"acc_cf": 0.5, "acc_v5": 0.5, "agree_cf": 0.5, "agree_real": 0.7604, "agree_v5": 0.6, "ce_cf": 0.7053, "ce_v5": 1.3475, "gn": 27.5339, "hid": 0.1224, "kl_cf": 0.1178, "kl_real": 0.2032, "kl_v5": 0.1617}
