Loading weights:   0%|          | 0/320 [00:00<?, ?it/s]Loading weights: 100%|██████████| 320/320 [00:00<00:00, 3981.07it/s]
all18 plain {'n': 366, 'agree': 0.36885245901639346, 'tv': 0.35109962221703245, 'kl': 0.4819333279249163, 'n_sd': 95, 'agree_sd': 0.2631578947368421, 'hid': {5: 12.02002833366394, 11: 5.920298647880554, 17: 2.643757783174515, 23: 0.7534441581368446}, 't': 39}
all18 beta {'n': 366, 'agree': 0.3633879781420765, 'tv': 0.3474967175168418, 'kl': 0.4631922337585358, 'n_sd': 95, 'agree_sd': 0.18947368421052632, 'hid': {5: 10.715413966178893, 11: 5.3667732620239255, 17: 2.2572289276123048, 23: 0.5874656602740288}, 't': 42}
all18 decay {'n': 366, 'agree': 0.21311475409836064, 'tv': 0.3690902255679089, 'kl': 0.5064958639479817, 'n_sd': 95, 'agree_sd': 0.15789473684210525, 'hid': {5: 9.311948537826538, 11: 9.703999061584472, 17: 2.999522821903229, 23: 0.6561371302604675}, 't': 43}
all18 full {'n': 366, 'agree': 0.37158469945355194, 'tv': 0.36649436006943387, 'kl': 0.49302000342617786, 'n_sd': 95, 'agree_sd': 0.28421052631578947, 'hid': {5: 7.705777416229248, 11: 4.512578318119049, 17: 2.0780739676952362, 23: 0.6014352345466614}, 't': 43}
single 0 {'agree': 0.47468354430379744, 'agree_sd': 0.5121951219512195, 'tv': 0.34075723692208904}
single 1 {'agree': 0.35443037974683544, 'agree_sd': 0.17073170731707318, 'tv': 0.3503823279391361}
single 2 {'agree': 0.44936708860759494, 'agree_sd': 0.07317073170731707, 'tv': 0.3265196937548963}
single 4 {'agree': 0.6075949367088608, 'agree_sd': 0.4146341463414634, 'tv': 0.3191440594913084}
single 5 {'agree': 0.8670886075949367, 'agree_sd': 0.8048780487804879, 'tv': 0.12388793272968335}
single 6 {'agree': 0.6139240506329114, 'agree_sd': 0.6829268292682927, 'tv': 0.2677320068867146}
single 8 {'agree': 0.7215189873417721, 'agree_sd': 0.8536585365853658, 'tv': 0.2711959139361412}
single 9 {'agree': 0.9050632911392406, 'agree_sd': 0.7560975609756098, 'tv': 0.10961860562144202}
single 10 {'agree': 0.7341772151898734, 'agree_sd': 0.6341463414634146, 'tv': 0.262346913165684}
single 12 {'agree': 0.8417721518987342, 'agree_sd': 0.926829268292683, 'tv': 0.13425334194038488}
single 13 {'agree': 0.9367088607594937, 'agree_sd': 0.8536585365853658, 'tv': 0.09992709734677514}
single 14 {'agree': 0.9810126582278481, 'agree_sd': 0.9512195121951219, 'tv': 0.0591481531958414}
single 16 {'agree': 0.9936708860759493, 'agree_sd': 1.0, 'tv': 0.018947792537156727}
single 17 {'agree': 0.9936708860759493, 'agree_sd': 1.0, 'tv': 0.00495854470159717}
single 18 {'agree': 1.0, 'agree_sd': 1.0, 'tv': 0.0031346792673479906}
single 20 {'agree': 0.9873417721518988, 'agree_sd': 0.975609756097561, 'tv': 0.0037882043484560083}
single 21 {'agree': 1.0, 'agree_sd': 1.0, 'tv': 0.0056937639793098165}
single 22 {'agree': 0.9936708860759493, 'agree_sd': 1.0, 'tv': 0.006434260471134529}
bottom-up 3 {'agree': 0.33544303797468356, 'agree_sd': 0.17073170731707318, 'tv': 0.349252753431284}
bottom-up 6 {'agree': 0.3924050632911392, 'agree_sd': 0.21951219512195122, 'tv': 0.3466845014238659}
bottom-up 9 {'agree': 0.33544303797468356, 'agree_sd': 0.24390243902439024, 'tv': 0.3473695217619968}
bottom-up 12 {'agree': 0.3987341772151899, 'agree_sd': 0.4634146341463415, 'tv': 0.34297940474522265}
bottom-up 15 {'agree': 0.3037974683544304, 'agree_sd': 0.34146341463414637, 'tv': 0.3539949405608298}
