Loading weights:   0%|          | 0/320 [00:00<?, ?it/s]Loading weights: 100%|██████████| 320/320 [00:00<00:00, 4405.32it/s]
args {"stage": "e2e", "ck": "/home/ubuntu/work/m1/ck_a", "init": "/home/ubuntu/work/m1/ck_transfer/transfer.pt", "hours": 4.5, "variant": "full", "untrained": "~/work/m1/untrained.json", "schedule": "all", "every_min": 30.0, "lr_big": 1e-05, "lr_small": 0.0001, "lr_lora": 5e-05, "warm": 100, "accum": 4, "w_hid": 1.0, "p_v5": 0.25, "p_cf": 0.1, "maxq": 8, "maxtok": 5000, "max_rows": 6000, "lora_r": 32, "seed": 0, "mem_gb": 21.5, "ndev": 100, "ckpt_rows": 1200}
pool 10116 dev 100 v5 100449 cf pairs 2217
init mixers from /home/ubuntu/work/m1/ck_transfer/transfer.pt layers [0, 1, 2, 4, 5, 6, 8, 9, 10, 12, 13, 14, 16, 17, 18, 20, 21, 22]
trainable {0: 378.7, 1: 0.5, 2: 27.7} M mem 5.4GB
PROBE train-pool step 0 {"nq": 57.0, "kl": 0.024382353502962934, "agree": 0.8771929824561403, "hid": 0.032571999239735305}
DEV {"n": 366, "agree": 0.9180327868852459, "tv": 0.06754374877636224, "kl": 0.0233525604739791, "n_sd": 95, "agree_sd": 0.9263157894736842, "hid": {"5": 0.03064696311019361, "11": 0.07158110041171312, "17": 0.023167453464120625, "23": 0.0007015127202612348}, "step": 0, "tokens": 0, "elapsed_min": 0.0, "stage": 0, "active": 18, "t_eval": 44}
saved m000 48s
/home/ubuntu/work/m1/m1train.py:209: UserWarning: Converting a tensor with requires_grad=True to a scalar may lead to unexpected behavior.
Consider using tensor.detach() first. (Triggered internally at /__w/pytorch/pytorch/torch/csrc/autograd/generated/python_variable_methods.cpp:820.)
  agg['ce_' + kind] += float(ce); cnt['ce_' + kind] += 1
step 10 stage 0 tok 0.09M min 1.0 lrf 0.100 1496 tok/s mem 17.6GB {"acc_cf": 0.375, "acc_v5": 0.875, "agree_cf": 0.875, "agree_real": 0.865, "agree_v5": 0.875, "ce_cf": 0.74, "ce_v5": 0.4723, "gn": 39.9516, "hid": 0.0354, "kl_cf": 0.0198, "kl_real": 0.0719, "kl_v5": 0.0282}
step 20 stage 0 tok 0.19M min 2.1 lrf 0.200 1484 tok/s mem 17.6GB {"acc_cf": 0.75, "acc_v5": 0.8889, "agree_cf": 1.0, "agree_real": 0.933, "agree_v5": 1.0, "ce_cf": 0.5283, "ce_v5": 0.4011, "gn": 25.0741, "hid": 0.0322, "kl_cf": 0.0085, "kl_real": 0.0389, "kl_v5": 0.0207}
step 30 stage 0 tok 0.28M min 3.1 lrf 0.300 1536 tok/s mem 17.6GB {"acc_cf": 0.75, "acc_v5": 0.9091, "agree_cf": 0.875, "agree_real": 0.9205, "agree_v5": 0.9091, "ce_cf": 0.6253, "ce_v5": 0.2102, "gn": 15.1852, "hid": 0.034, "kl_cf": 0.0043, "kl_real": 0.0267, "kl_v5": 0.0026}
step 40 stage 0 tok 0.38M min 4.2 lrf 0.400 1541 tok/s mem 17.8GB {"acc_cf": 0.5, "acc_v5": 1.0, "agree_cf": 0.0, "agree_real": 0.912, "agree_v5": 1.0, "ce_cf": 0.7368, "ce_v5": 0.2693, "gn": 19.5787, "hid": 0.0333, "kl_cf": 0.2398, "kl_real": 0.031, "kl_v5": 0.0083}
step 50 stage 0 tok 0.48M min 5.2 lrf 0.500 1520 tok/s mem 17.8GB {"acc_cf": 0.5, "acc_v5": 0.8, "agree_cf": 0.5, "agree_real": 0.8125, "agree_v5": 1.0, "ce_cf": 0.5356, "ce_v5": 0.9863, "gn": 39.1645, "hid": 0.0356, "kl_cf": 0.129, "kl_real": 0.0781, "kl_v5": 0.0552}
step 60 stage 0 tok 0.57M min 6.2 lrf 0.599 1475 tok/s mem 17.8GB {"acc_cf": 0.6667, "acc_v5": 0.8667, "agree_cf": 0.6667, "agree_real": 0.8708, "agree_v5": 0.8667, "ce_cf": 0.5168, "ce_v5": 0.2535, "gn": 37.7444, "hid": 0.0445, "kl_cf": 0.0557, "kl_real": 0.0962, "kl_v5": 0.1085}
step 70 stage 0 tok 0.67M min 7.3 lrf 0.699 1528 tok/s mem 17.8GB {"acc_cf": 1.0, "acc_v5": 0.875, "agree_cf": 0.7, "agree_real": 0.8424, "agree_v5": 0.875, "ce_cf": 0.3961, "ce_v5": 0.315, "gn": 31.9897, "hid": 0.046, "kl_cf": 0.06, "kl_real": 0.0983, "kl_v5": 0.0893}
step 80 stage 0 tok 0.76M min 8.2 lrf 0.798 1530 tok/s mem 18.2GB {"acc_cf": 0.7, "acc_v5": 0.8333, "agree_cf": 0.5, "agree_real": 0.6908, "agree_v5": 0.8333, "ce_cf": 0.4918, "ce_v5": 0.3982, "gn": 41.0215, "hid": 0.0578, "kl_cf": 0.4683, "kl_real": 0.1574, "kl_v5": 0.0318}
step 90 stage 0 tok 0.84M min 9.1 lrf 0.898 1535 tok/s mem 18.2GB {"acc_cf": 0.6, "acc_v5": 0.8571, "agree_cf": 0.6, "agree_real": 0.8529, "agree_v5": 0.8571, "ce_cf": 0.743, "ce_v5": 0.3365, "gn": 39.7004, "hid": 0.0594, "kl_cf": 0.3361, "kl_real": 0.0799, "kl_v5": 0.1195}
step 100 stage 0 tok 0.92M min 10.1 lrf 0.997 1496 tok/s mem 18.2GB {"acc_cf": 0.75, "acc_v5": 0.8182, "agree_cf": 0.75, "agree_real": 0.86, "agree_v5": 1.0, "ce_cf": 0.4585, "ce_v5": 0.3589, "gn": 11.8642, "hid": 0.0515, "kl_cf": 0.0772, "kl_real": 0.0704, "kl_v5": 0.0199}
