Loading weights:   0%|          | 0/320 [00:00<?, ?it/s]Loading weights: 100%|██████████| 320/320 [00:00<00:00, 4021.72it/s]
args {"stage": "e2e", "ck": "/home/ubuntu/work/m1/ck_a4", "init": "/home/ubuntu/work/m1/ck_transfer/transfer.pt", "hours": 5.8, "variant": "full", "untrained": "~/work/m1/untrained.json", "schedule": "all", "every_min": 30.0, "lr_big": 0.0, "lr_small": 0.0001, "lr_lora": 5e-05, "warm": 30, "accum": 8, "w_hid": 1.0, "p_v5": 0.25, "p_cf": 0.1, "maxq": 8, "maxtok": 5000, "max_rows": 6000, "lora_r": 32, "seed": 0, "mem_gb": 21.5, "ndev": 100, "ckpt_rows": 1200, "w_ce": 1.0, "probe_n": 16}
pool 10116 dev 100 v5 100449 cf pairs 2217
init mixers from /home/ubuntu/work/m1/ck_transfer/transfer.pt layers [0, 1, 2, 4, 5, 6, 8, 9, 10, 12, 13, 14, 16, 17, 18, 20, 21, 22]
trainable {0: 0.5, 1: 27.7} M mem 5.4GB
PROBE train-pool step 0 {"nq": 57.0, "kl": 0.024382353502962934, "agree": 0.8771929824561403, "hid": 0.032571999239735305}
DEV {"n": 366, "agree": 0.9180327868852459, "tv": 0.06754374877636224, "kl": 0.0233525604739791, "n_sd": 95, "agree_sd": 0.9263157894736842, "hid": {"5": 0.03064696311019361, "11": 0.07158110041171312, "17": 0.023167453464120625, "23": 0.0007015127202612348}, "step": 0, "tokens": 0, "elapsed_min": 0.0, "stage": 0, "active": 18, "t_eval": 44, "tag": "m000"}
saved m000 48s
/home/ubuntu/work/m1/m1train.py:214: UserWarning: Converting a tensor with requires_grad=True to a scalar may lead to unexpected behavior.
Consider using tensor.detach() first. (Triggered internally at /__w/pytorch/pytorch/torch/csrc/autograd/generated/python_variable_methods.cpp:820.)
  agg['ce_' + kind] += float(ce); cnt['ce_' + kind] += 1
step 10 stage 0 tok 0.18M min 2.0 lrf 0.333 1546 tok/s mem 13.2GB {"acc_cf": 0.5, "acc_v5": 0.8824, "agree_cf": 0.9167, "agree_real": 0.8431, "agree_v5": 0.9412, "ce_cf": 0.6782, "ce_v5": 0.4384, "gn": 14.8182, "hid": 0.0339, "kl_cf": 0.0167, "kl_real": 0.0577, "kl_v5": 0.0255}
step 20 stage 0 tok 0.38M min 4.0 lrf 0.666 1595 tok/s mem 13.2GB {"acc_cf": 0.5833, "acc_v5": 0.95, "agree_cf": 0.5, "agree_real": 0.9115, "agree_v5": 0.95, "ce_cf": 0.6695, "ce_v5": 0.2552, "gn": 8.6831, "hid": 0.0345, "kl_cf": 0.0559, "kl_real": 0.0363, "kl_v5": 0.0019}
step 30 stage 0 tok 0.56M min 5.9 lrf 0.999 1558 tok/s mem 13.2GB {"acc_cf": 0.7, "acc_v5": 0.875, "agree_cf": 0.6, "agree_real": 0.8696, "agree_v5": 0.9583, "ce_cf": 0.5771, "ce_v5": 0.5103, "gn": 15.6364, "hid": 0.0356, "kl_cf": 0.1375, "kl_real": 0.0558, "kl_v5": 0.0387}
step 40 stage 0 tok 0.75M min 7.9 lrf 0.999 1590 tok/s mem 13.5GB {"acc_cf": 0.7, "acc_v5": 0.8421, "agree_cf": 0.65, "agree_real": 0.9137, "agree_v5": 0.8421, "ce_cf": 0.4629, "ce_v5": 0.3665, "gn": 13.9208, "hid": 0.0411, "kl_cf": 0.1189, "kl_real": 0.0607, "kl_v5": 0.0707}
step 50 stage 0 tok 0.92M min 9.7 lrf 0.998 1575 tok/s mem 13.5GB {"acc_cf": 0.6875, "acc_v5": 0.88, "agree_cf": 0.5, "agree_real": 0.8906, "agree_v5": 0.92, "ce_cf": 0.6297, "ce_v5": 0.234, "gn": 14.031, "hid": 0.0426, "kl_cf": 0.152, "kl_real": 0.0304, "kl_v5": 0.0399}
step 60 stage 0 tok 1.10M min 11.6 lrf 0.998 1623 tok/s mem 13.5GB {"acc_cf": 0.8333, "acc_v5": 0.7, "agree_cf": 0.6667, "agree_real": 0.8844, "agree_v5": 1.0, "ce_cf": 0.4025, "ce_v5": 0.5714, "gn": 11.7655, "hid": 0.0413, "kl_cf": 0.2578, "kl_real": 0.0663, "kl_v5": 0.0189}
step 70 stage 0 tok 1.29M min 13.6 lrf 0.997 1572 tok/s mem 13.5GB {"acc_cf": 0.9, "acc_v5": 0.8095, "agree_cf": 0.8, "agree_real": 0.7908, "agree_v5": 0.9048, "ce_cf": 0.3441, "ce_v5": 0.5316, "gn": 11.6943, "hid": 0.0387, "kl_cf": 0.1795, "kl_real": 0.0714, "kl_v5": 0.0382}
step 80 stage 0 tok 1.48M min 15.7 lrf 0.996 1560 tok/s mem 13.5GB {"acc_cf": 0.8, "acc_v5": 1.0, "agree_cf": 0.7, "agree_real": 0.8608, "agree_v5": 1.0, "ce_cf": 0.6141, "ce_v5": 0.2265, "gn": 14.4945, "hid": 0.0389, "kl_cf": 0.4402, "kl_real": 0.0481, "kl_v5": 0.0309}
step 90 stage 0 tok 1.65M min 17.5 lrf 0.995 1549 tok/s mem 13.5GB {"acc_cf": 1.0, "acc_v5": 0.8095, "agree_cf": 0.6667, "agree_real": 0.9229, "agree_v5": 0.8095, "ce_cf": 0.249, "ce_v5": 0.4757, "gn": 10.731, "hid": 0.0376, "kl_cf": 0.189, "kl_real": 0.0374, "kl_v5": 0.0827}
step 100 stage 0 tok 1.84M min 19.4 lrf 0.993 1607 tok/s mem 13.5GB {"acc_cf": 0.85, "acc_v5": 0.9231, "agree_cf": 0.8, "agree_real": 0.9043, "agree_v5": 0.9231, "ce_cf": 0.3721, "ce_v5": 0.2634, "gn": 12.4336, "hid": 0.0416, "kl_cf": 0.1744, "kl_real": 0.0552, "kl_v5": 0.0392}
step 110 stage 0 tok 2.05M min 21.7 lrf 0.992 1570 tok/s mem 13.5GB {"acc_cf": 0.9167, "acc_v5": 0.8889, "agree_cf": 0.6667, "agree_real": 0.9216, "agree_v5": 0.8889, "ce_cf": 0.261, "ce_v5": 0.2353, "gn": 13.1479, "hid": 0.0396, "kl_cf": 0.3502, "kl_real": 0.0621, "kl_v5": 0.0728}
step 120 stage 0 tok 2.24M min 23.6 lrf 0.990 1584 tok/s mem 13.5GB {"acc_cf": 0.9375, "acc_v5": 0.6471, "agree_cf": 0.625, "agree_real": 0.875, "agree_v5": 0.7059, "ce_cf": 0.2401, "ce_v5": 0.5009, "gn": 23.3463, "hid": 0.0382, "kl_cf": 0.3682, "kl_real": 0.0524, "kl_v5": 0.0683}
step 130 stage 0 tok 2.43M min 25.7 lrf 0.988 1576 tok/s mem 13.5GB {"acc_cf": 0.9444, "acc_v5": 0.7273, "agree_cf": 0.6111, "agree_real": 0.9144, "agree_v5": 0.8182, "ce_cf": 0.1725, "ce_v5": 0.5476, "gn": 17.2704, "hid": 0.0405, "kl_cf": 0.3524, "kl_real": 0.0442, "kl_v5": 0.1001}
step 140 stage 0 tok 2.62M min 27.7 lrf 0.986 1589 tok/s mem 13.5GB {"acc_cf": 0.9167, "acc_v5": 0.7, "agree_cf": 0.5833, "agree_real": 0.8438, "agree_v5": 0.8, "ce_cf": 0.3362, "ce_v5": 0.6295, "gn": 18.7332, "hid": 0.0423, "kl_cf": 0.1807, "kl_real": 0.0669, "kl_v5": 0.1913}
step 150 stage 0 tok 2.80M min 29.5 lrf 0.984 1565 tok/s mem 13.5GB {"acc_cf": 1.0, "acc_v5": 0.8, "agree_cf": 0.7143, "agree_real": 0.8644, "agree_v5": 0.8, "ce_cf": 0.2804, "ce_v5": 0.4425, "gn": 21.2803, "hid": 0.0359, "kl_cf": 0.1443, "kl_real": 0.0526, "kl_v5": 0.0874}
PROBE train-pool {"nq": 57.0, "kl": 0.018085820790363135, "agree": 0.9649122807017544, "hid": 0.0328665979905054}
DEV {"n": 366, "agree": 0.9644808743169399, "tv": 0.05770073470766427, "kl": 0.02196643017929399, "n_sd": 95, "agree_sd": 0.9157894736842105, "hid": {"5": 0.028517440287396313, "11": 0.07229453943669796, "17": 0.026781992167234422, "23": 0.0010293783561792225}, "step": 153, "tokens": 2845684, "elapsed_min": 30.0, "stage": 0, "active": 18, "t_eval": 45, "tag": "m030"}
saved m030 62s
step 160 stage 0 tok 2.98M min 31.4 lrf 0.982 970 tok/s mem 13.5GB {"acc_cf": 1.0, "acc_v5": 0.8333, "agree_cf": 0.6, "agree_real": 0.875, "agree_v5": 0.8333, "ce_cf": 0.1252, "ce_v5": 0.3542, "gn": 25.1617, "hid": 0.0407, "kl_cf": 0.4518, "kl_real": 0.0555, "kl_v5": 0.0987}
step 170 stage 0 tok 3.16M min 33.3 lrf 0.980 1583 tok/s mem 13.5GB {"acc_cf": 0.9286, "acc_v5": 0.7368, "agree_cf": 0.6429, "agree_real": 0.9453, "agree_v5": 0.8421, "ce_cf": 0.2188, "ce_v5": 0.4268, "gn": 8.8295, "hid": 0.0376, "kl_cf": 0.3402, "kl_real": 0.0379, "kl_v5": 0.0424}
step 180 stage 0 tok 3.32M min 35.1 lrf 0.978 1565 tok/s mem 13.5GB {"acc_cf": 1.0, "acc_v5": 0.8824, "agree_cf": 0.5714, "agree_real": 0.949, "agree_v5": 0.8824, "ce_cf": 0.1236, "ce_v5": 0.5023, "gn": 8.0737, "hid": 0.0367, "kl_cf": 0.3804, "kl_real": 0.029, "kl_v5": 0.1535}
step 190 stage 0 tok 3.47M min 36.7 lrf 0.976 1549 tok/s mem 13.5GB {"acc_cf": 1.0, "acc_v5": 0.9167, "agree_cf": 0.6667, "agree_real": 0.8781, "agree_v5": 0.9583, "ce_cf": 0.1353, "ce_v5": 0.209, "gn": 7.7855, "hid": 0.0385, "kl_cf": 0.2679, "kl_real": 0.0369, "kl_v5": 0.0764}
step 200 stage 0 tok 3.67M min 38.8 lrf 0.973 1580 tok/s mem 13.5GB {"acc_cf": 0.9, "acc_v5": 0.8667, "agree_cf": 0.7, "agree_real": 0.9341, "agree_v5": 0.9333, "ce_cf": 0.2279, "ce_v5": 0.2743, "gn": 11.4169, "hid": 0.035, "kl_cf": 0.2731, "kl_real": 0.0341, "kl_v5": 0.0774}
step 210 stage 0 tok 3.88M min 41.0 lrf 0.970 1606 tok/s mem 13.5GB {"acc_cf": 0.875, "acc_v5": 0.9091, "agree_cf": 0.7917, "agree_real": 0.9402, "agree_v5": 1.0, "ce_cf": 0.3663, "ce_v5": 0.1849, "gn": 9.5274, "hid": 0.0377, "kl_cf": 0.158, "kl_real": 0.0334, "kl_v5": 0.0119}
step 220 stage 0 tok 4.09M min 43.2 lrf 0.967 1578 tok/s mem 13.5GB {"acc_cf": 1.0, "acc_v5": 1.0, "agree_cf": 0.5833, "agree_real": 0.9167, "agree_v5": 1.0, "ce_cf": 0.1588, "ce_v5": 0.1695, "gn": 5.8458, "hid": 0.0337, "kl_cf": 0.3276, "kl_real": 0.0656, "kl_v5": 0.024}
step 230 stage 0 tok 4.28M min 45.2 lrf 0.963 1550 tok/s mem 13.5GB {"acc_cf": 0.9167, "acc_v5": 0.8889, "agree_cf": 0.5833, "agree_real": 0.88, "agree_v5": 0.8889, "ce_cf": 0.3227, "ce_v5": 0.3883, "gn": 10.5756, "hid": 0.0365, "kl_cf": 0.3841, "kl_real": 0.0428, "kl_v5": 0.0465}
step 240 stage 0 tok 4.48M min 47.3 lrf 0.960 1575 tok/s mem 13.5GB {"acc_cf": 1.0, "acc_v5": 0.9412, "agree_cf": 0.6667, "agree_real": 0.9245, "agree_v5": 0.8824, "ce_cf": 0.0944, "ce_v5": 0.1171, "gn": 16.9906, "hid": 0.0335, "kl_cf": 0.3743, "kl_real": 0.0366, "kl_v5": 0.0456}
step 250 stage 0 tok 4.70M min 49.6 lrf 0.956 1609 tok/s mem 13.5GB {"acc_cf": 0.9444, "acc_v5": 0.9231, "agree_cf": 0.5556, "agree_real": 0.8316, "agree_v5": 0.9231, "ce_cf": 0.2663, "ce_v5": 0.4205, "gn": 8.9993, "hid": 0.0355, "kl_cf": 0.2216, "kl_real": 0.055, "kl_v5": 0.0391}
step 260 stage 0 tok 4.89M min 51.6 lrf 0.952 1590 tok/s mem 13.5GB {"acc_cf": 0.95, "acc_v5": 0.9412, "agree_cf": 0.75, "agree_real": 0.9306, "agree_v5": 1.0, "ce_cf": 0.2048, "ce_v5": 0.1601, "gn": 7.0835, "hid": 0.0345, "kl_cf": 0.2462, "kl_real": 0.0306, "kl_v5": 0.0515}
step 270 stage 0 tok 5.10M min 53.8 lrf 0.948 1622 tok/s mem 13.5GB {"acc_cf": 0.9444, "acc_v5": 0.6429, "agree_cf": 0.6667, "agree_real": 0.89, "agree_v5": 0.7857, "ce_cf": 0.2038, "ce_v5": 0.7632, "gn": 15.3378, "hid": 0.0358, "kl_cf": 0.2819, "kl_real": 0.0488, "kl_v5": 0.2444}
step 280 stage 0 tok 5.28M min 55.7 lrf 0.945 1580 tok/s mem 13.5GB {"acc_cf": 0.9375, "acc_v5": 0.85, "agree_cf": 0.625, "agree_real": 0.858, "agree_v5": 0.9, "ce_cf": 0.176, "ce_v5": 0.2573, "gn": 10.1513, "hid": 0.0378, "kl_cf": 0.3968, "kl_real": 0.0669, "kl_v5": 0.0206}
step 290 stage 0 tok 5.47M min 57.7 lrf 0.941 1596 tok/s mem 13.5GB {"acc_cf": 1.0, "acc_v5": 0.6111, "agree_cf": 0.8571, "agree_real": 0.8776, "agree_v5": 0.7222, "ce_cf": 0.1404, "ce_v5": 0.9174, "gn": 18.5521, "hid": 0.0368, "kl_cf": 0.2553, "kl_real": 0.0253, "kl_v5": 0.2191}
step 300 stage 0 tok 5.67M min 59.7 lrf 0.937 1621 tok/s mem 13.5GB {"acc_cf": 1.0, "acc_v5": 0.8667, "agree_cf": 0.6071, "agree_real": 0.8686, "agree_v5": 0.9333, "ce_cf": 0.1712, "ce_v5": 0.3123, "gn": 5.0786, "hid": 0.0371, "kl_cf": 0.3267, "kl_real": 0.0482, "kl_v5": 0.0176}
PROBE train-pool {"nq": 57.0, "kl": 0.018826605984175234, "agree": 0.9649122807017544, "hid": 0.02832829055842012}
DEV {"n": 366, "agree": 0.9590163934426229, "tv": 0.05556567649413002, "kl": 0.020479966998621923, "n_sd": 95, "agree_sd": 0.9263157894736842, "hid": {"5": 0.026167969750240445, "11": 0.06327098544687032, "17": 0.021893271896988153, "23": 0.0008860844082664699}, "step": 302, "tokens": 5715016, "elapsed_min": 60.2, "stage": 0, "active": 18, "t_eval": 44, "tag": "m060"}
saved m060 61s
step 310 stage 0 tok 5.88M min 61.9 lrf 0.932 1039 tok/s mem 13.5GB {"acc_cf": 1.0, "acc_v5": 1.0, "agree_cf": 0.6154, "agree_real": 0.8864, "agree_v5": 1.0, "ce_cf": 0.1115, "ce_v5": 0.2945, "gn": 3.4497, "hid": 0.035, "kl_cf": 0.4403, "kl_real": 0.0368, "kl_v5": 0.0274}
step 320 stage 0 tok 6.05M min 63.7 lrf 0.928 1554 tok/s mem 13.5GB {"acc_cf": 1.0, "acc_v5": 0.7368, "agree_cf": 0.7857, "agree_real": 0.9306, "agree_v5": 0.8947, "ce_cf": 0.1145, "ce_v5": 0.4938, "gn": 8.0478, "hid": 0.0313, "kl_cf": 0.2537, "kl_real": 0.041, "kl_v5": 0.1134}
step 330 stage 0 tok 6.26M min 65.9 lrf 0.923 1576 tok/s mem 13.5GB {"acc_cf": 1.0, "acc_v5": 0.7857, "agree_cf": 0.5714, "agree_real": 0.9375, "agree_v5": 0.7143, "ce_cf": 0.1829, "ce_v5": 0.4375, "gn": 9.062, "hid": 0.0338, "kl_cf": 0.3859, "kl_real": 0.0423, "kl_v5": 0.0601}
step 340 stage 0 tok 6.45M min 67.9 lrf 0.919 1589 tok/s mem 13.5GB {"acc_cf": 1.0, "acc_v5": 1.0, "agree_cf": 0.7273, "agree_real": 0.9359, "agree_v5": 0.9474, "ce_cf": 0.1445, "ce_v5": 0.1523, "gn": 6.8483, "hid": 0.0349, "kl_cf": 0.3109, "kl_real": 0.042, "kl_v5": 0.0817}
step 350 stage 0 tok 6.65M min 70.0 lrf 0.913 1571 tok/s mem 13.5GB {"acc_cf": 1.0, "acc_v5": 0.85, "agree_cf": 0.7143, "agree_real": 0.8777, "agree_v5": 0.8, "ce_cf": 0.17, "ce_v5": 0.4822, "gn": 13.1816, "hid": 0.035, "kl_cf": 0.2666, "kl_real": 0.0779, "kl_v5": 0.1352}
step 360 stage 0 tok 6.85M min 72.2 lrf 0.908 1589 tok/s mem 13.5GB {"acc_cf": 0.9375, "acc_v5": 0.8824, "agree_cf": 0.625, "agree_real": 0.9202, "agree_v5": 0.8824, "ce_cf": 0.2096, "ce_v5": 0.3306, "gn": 8.8092, "hid": 0.0341, "kl_cf": 0.3125, "kl_real": 0.0596, "kl_v5": 0.0475}
step 370 stage 0 tok 7.02M min 73.9 lrf 0.904 1572 tok/s mem 13.5GB {"acc_cf": 1.0, "acc_v5": 1.0, "agree_cf": 0.75, "agree_real": 0.875, "agree_v5": 0.8667, "ce_cf": 0.1875, "ce_v5": 0.2357, "gn": 5.074, "hid": 0.0308, "kl_cf": 0.2264, "kl_real": 0.0421, "kl_v5": 0.0377}
step 380 stage 0 tok 7.21M min 75.9 lrf 0.899 1617 tok/s mem 13.5GB {"acc_cf": 1.0, "acc_v5": 0.625, "agree_cf": 0.6111, "agree_real": 0.888, "agree_v5": 0.6875, "ce_cf": 0.1041, "ce_v5": 0.7515, "gn": 16.1571, "hid": 0.0355, "kl_cf": 0.4486, "kl_real": 0.0377, "kl_v5": 0.3298}
step 390 stage 0 tok 7.40M min 77.9 lrf 0.894 1588 tok/s mem 13.5GB {"acc_cf": 1.0, "acc_v5": 0.9412, "agree_cf": 0.5833, "agree_real": 0.9399, "agree_v5": 0.9412, "ce_cf": 0.1449, "ce_v5": 0.1449, "gn": 10.2429, "hid": 0.0299, "kl_cf": 0.3297, "kl_real": 0.0242, "kl_v5": 0.0457}
step 400 stage 0 tok 7.60M min 80.0 lrf 0.888 1579 tok/s mem 13.5GB {"acc_cf": 1.0, "acc_v5": 0.85, "agree_cf": 0.6667, "agree_real": 0.926, "agree_v5": 0.95, "ce_cf": 0.2299, "ce_v5": 0.428, "gn": 9.6114, "hid": 0.0313, "kl_cf": 0.2471, "kl_real": 0.0397, "kl_v5": 0.0438}
step 410 stage 0 tok 7.78M min 81.9 lrf 0.883 1584 tok/s mem 13.5GB {"acc_cf": 1.0, "acc_v5": 0.7368, "agree_cf": 0.6667, "agree_real": 0.9602, "agree_v5": 0.7895, "ce_cf": 0.1404, "ce_v5": 0.4358, "gn": 30.9929, "hid": 0.0328, "kl_cf": 0.2774, "kl_real": 0.0388, "kl_v5": 0.1632}
step 420 stage 0 tok 7.96M min 83.8 lrf 0.878 1581 tok/s mem 13.5GB {"acc_cf": 1.0, "acc_v5": 0.8947, "agree_cf": 0.5625, "agree_real": 0.8641, "agree_v5": 0.8421, "ce_cf": 0.1139, "ce_v5": 0.283, "gn": 13.3265, "hid": 0.0336, "kl_cf": 0.5008, "kl_real": 0.0442, "kl_v5": 0.1071}
step 430 stage 0 tok 8.17M min 86.0 lrf 0.872 1586 tok/s mem 13.5GB {"acc_cf": 1.0, "acc_v5": 0.7857, "agree_cf": 0.75, "agree_real": 0.8984, "agree_v5": 0.7857, "ce_cf": 0.1326, "ce_v5": 0.6731, "gn": 8.2154, "hid": 0.0327, "kl_cf": 0.2673, "kl_real": 0.0327, "kl_v5": 0.1093}
step 440 stage 0 tok 8.38M min 88.2 lrf 0.865 1564 tok/s mem 13.5GB {"acc_cf": 0.8571, "acc_v5": 0.8421, "agree_cf": 0.7857, "agree_real": 0.8852, "agree_v5": 0.9474, "ce_cf": 0.4303, "ce_v5": 0.5858, "gn": 6.8492, "hid": 0.0311, "kl_cf": 0.3032, "kl_real": 0.0364, "kl_v5": 0.0179}
step 450 stage 0 tok 8.57M min 90.3 lrf 0.859 1571 tok/s mem 13.5GB {"acc_cf": 1.0, "acc_v5": 0.6111, "agree_cf": 0.6429, "agree_real": 0.855, "agree_v5": 0.6667, "ce_cf": 0.1423, "ce_v5": 0.7366, "gn": 13.5728, "hid": 0.0312, "kl_cf": 0.3201, "kl_real": 0.033, "kl_v5": 0.1773}
PROBE train-pool {"nq": 57.0, "kl": 0.013076789717990579, "agree": 0.9473684210526315, "hid": 0.025221858639270067}
DEV {"n": 366, "agree": 0.9453551912568307, "tv": 0.051746813511689665, "kl": 0.015681505525933802, "n_sd": 95, "agree_sd": 0.8631578947368421, "hid": {"5": 0.023921800842508674, "11": 0.05764562766999006, "17": 0.020447402168065308, "23": 0.0008428051235387102}, "step": 450, "tokens": 8570597, "elapsed_min": 90.3, "stage": 0, "active": 18, "t_eval": 44, "tag": "m090"}
saved m090 61s
step 460 stage 0 tok 8.74M min 92.0 lrf 0.854 934 tok/s mem 13.5GB {"acc_cf": 1.0, "acc_v5": 0.7619, "agree_cf": 0.6429, "agree_real": 0.8861, "agree_v5": 0.8571, "ce_cf": 0.1401, "ce_v5": 0.4793, "gn": 23.4376, "hid": 0.0298, "kl_cf": 0.2767, "kl_real": 0.0388, "kl_v5": 0.0462}
step 470 stage 0 tok 8.92M min 94.0 lrf 0.848 1562 tok/s mem 13.5GB {"acc_cf": 1.0, "acc_v5": 0.8, "agree_cf": 0.8333, "agree_real": 0.908, "agree_v5": 0.8667, "ce_cf": 0.2417, "ce_v5": 0.5862, "gn": 10.1681, "hid": 0.0306, "kl_cf": 0.1601, "kl_real": 0.0383, "kl_v5": 0.0616}
step 480 stage 0 tok 9.09M min 95.8 lrf 0.842 1561 tok/s mem 13.5GB {"acc_cf": 1.0, "acc_v5": 0.8462, "agree_cf": 0.7143, "agree_real": 0.8187, "agree_v5": 0.9231, "ce_cf": 0.1404, "ce_v5": 0.42, "gn": 6.4119, "hid": 0.0325, "kl_cf": 0.3047, "kl_real": 0.0255, "kl_v5": 0.0581}
step 490 stage 0 tok 9.29M min 97.9 lrf 0.836 1566 tok/s mem 13.5GB {"acc_cf": 1.0, "acc_v5": 0.7222, "agree_cf": 0.4, "agree_real": 0.9087, "agree_v5": 0.8333, "ce_cf": 0.0999, "ce_v5": 0.7311, "gn": 15.398, "hid": 0.033, "kl_cf": 0.5572, "kl_real": 0.0404, "kl_v5": 0.1342}
step 500 stage 0 tok 9.46M min 99.8 lrf 0.830 1584 tok/s mem 13.5GB {"acc_cf": 1.0, "acc_v5": 0.9, "agree_cf": 0.6, "agree_real": 0.9085, "agree_v5": 1.0, "ce_cf": 0.1422, "ce_v5": 0.206, "gn": 5.4874, "hid": 0.0313, "kl_cf": 0.3214, "kl_real": 0.0332, "kl_v5": 0.0116}
step 510 stage 0 tok 9.65M min 101.8 lrf 0.824 1549 tok/s mem 13.5GB {"acc_cf": 1.0, "acc_v5": 0.9048, "agree_cf": 0.7857, "agree_real": 0.8694, "agree_v5": 0.8571, "ce_cf": 0.0871, "ce_v5": 0.2716, "gn": 6.6437, "hid": 0.0313, "kl_cf": 0.25, "kl_real": 0.0348, "kl_v5": 0.0595}
step 520 stage 0 tok 9.85M min 103.9 lrf 0.817 1574 tok/s mem 13.5GB {"acc_cf": 1.0, "acc_v5": 1.0, "agree_cf": 0.7143, "agree_real": 0.9282, "agree_v5": 1.0, "ce_cf": 0.1479, "ce_v5": 0.0604, "gn": 4.0116, "hid": 0.0292, "kl_cf": 0.2502, "kl_real": 0.0343, "kl_v5": 0.0209}
step 530 stage 0 tok 10.03M min 105.7 lrf 0.811 1578 tok/s mem 13.5GB {"acc_cf": 1.0, "acc_v5": 0.9412, "agree_cf": 0.6111, "agree_real": 0.8972, "agree_v5": 1.0, "ce_cf": 0.1427, "ce_v5": 0.2192, "gn": 7.9711, "hid": 0.0326, "kl_cf": 0.3159, "kl_real": 0.0351, "kl_v5": 0.0342}
step 540 stage 0 tok 10.22M min 107.8 lrf 0.804 1562 tok/s mem 13.5GB {"acc_cf": 1.0, "acc_v5": 0.9474, "agree_cf": 1.0, "agree_real": 0.9386, "agree_v5": 0.9474, "ce_cf": 0.0719, "ce_v5": 0.1541, "gn": 8.2402, "hid": 0.0273, "kl_cf": 0.2094, "kl_real": 0.0243, "kl_v5": 0.0411}
step 550 stage 0 tok 10.41M min 109.8 lrf 0.797 1568 tok/s mem 13.5GB {"acc_cf": 1.0, "acc_v5": 0.6842, "agree_cf": 0.5714, "agree_real": 0.9323, "agree_v5": 0.8421, "ce_cf": 0.1721, "ce_v5": 0.4746, "gn": 5.7114, "hid": 0.0286, "kl_cf": 0.3512, "kl_real": 0.0241, "kl_v5": 0.0603}
step 560 stage 0 tok 10.62M min 112.0 lrf 0.790 1597 tok/s mem 13.5GB {"acc_cf": 1.0, "acc_v5": 0.8235, "agree_cf": 0.6, "agree_real": 0.9057, "agree_v5": 0.9412, "ce_cf": 0.0928, "ce_v5": 0.4027, "gn": 6.0025, "hid": 0.0288, "kl_cf": 0.4938, "kl_real": 0.0284, "kl_v5": 0.0275}
step 570 stage 0 tok 10.80M min 114.0 lrf 0.783 1556 tok/s mem 13.5GB {"acc_cf": 1.0, "acc_v5": 0.6667, "agree_cf": 0.6, "agree_real": 0.9062, "agree_v5": 0.8889, "ce_cf": 0.2189, "ce_v5": 0.8013, "gn": 11.8592, "hid": 0.029, "kl_cf": 0.2636, "kl_real": 0.0261, "kl_v5": 0.0543}
step 580 stage 0 tok 10.97M min 115.8 lrf 0.776 1556 tok/s mem 13.5GB {"acc_cf": 1.0, "acc_v5": 0.6, "agree_cf": 0.5714, "agree_real": 0.9245, "agree_v5": 0.9, "ce_cf": 0.1407, "ce_v5": 1.0538, "gn": 34.0485, "hid": 0.0305, "kl_cf": 0.3501, "kl_real": 0.0324, "kl_v5": 0.415}
step 590 stage 0 tok 11.16M min 117.8 lrf 0.769 1556 tok/s mem 13.5GB {"acc_cf": 0.875, "acc_v5": 0.7222, "agree_cf": 0.875, "agree_real": 0.9722, "agree_v5": 0.7778, "ce_cf": 0.4568, "ce_v5": 0.6743, "gn": 12.3701, "hid": 0.0298, "kl_cf": 0.091, "kl_real": 0.0282, "kl_v5": 0.1711}
step 600 stage 0 tok 11.34M min 119.7 lrf 0.762 1540 tok/s mem 13.5GB {"acc_cf": 1.0, "acc_v5": 0.9091, "agree_cf": 0.625, "agree_real": 0.93, "agree_v5": 0.9545, "ce_cf": 0.1592, "ce_v5": 0.7223, "gn": 38.9159, "hid": 0.0301, "kl_cf": 0.265, "kl_real": 0.0244, "kl_v5": 0.4656}
PROBE train-pool {"nq": 57.0, "kl": 0.01592203527928959, "agree": 0.9649122807017544, "hid": 0.02573266625404358}
DEV {"n": 366, "agree": 0.9590163934426229, "tv": 0.05122534781083709, "kl": 0.015916204545169794, "n_sd": 95, "agree_sd": 0.9052631578947369, "hid": {"5": 0.022873791744932533, "11": 0.05615033591166139, "17": 0.020809466177597644, "23": 0.0007361031064647249}, "step": 603, "tokens": 11406479, "elapsed_min": 120.4, "stage": 0, "active": 18, "t_eval": 44, "tag": "m120"}
saved m120 61s
step 610 stage 0 tok 11.54M min 121.8 lrf 0.755 1016 tok/s mem 13.5GB {"acc_cf": 1.0, "acc_v5": 0.8889, "agree_cf": 0.6, "agree_real": 0.9403, "agree_v5": 1.0, "ce_cf": 0.1391, "ce_v5": 0.3554, "gn": 3.8734, "hid": 0.0293, "kl_cf": 0.389, "kl_real": 0.0249, "kl_v5": 0.0323}
step 620 stage 0 tok 11.70M min 123.5 lrf 0.749 1568 tok/s mem 13.5GB {"acc_cf": 1.0, "acc_v5": 0.84, "agree_cf": 0.75, "agree_real": 0.9707, "agree_v5": 0.88, "ce_cf": 0.1207, "ce_v5": 0.4453, "gn": 7.1901, "hid": 0.0284, "kl_cf": 0.2468, "kl_real": 0.0184, "kl_v5": 0.0578}
step 630 stage 0 tok 11.91M min 125.7 lrf 0.741 1617 tok/s mem 13.5GB {"acc_cf": 1.0, "acc_v5": 0.9167, "agree_cf": 0.6667, "agree_real": 0.9387, "agree_v5": 0.8333, "ce_cf": 0.1475, "ce_v5": 0.4289, "gn": 6.2494, "hid": 0.0279, "kl_cf": 0.2669, "kl_real": 0.0232, "kl_v5": 0.1289}
step 640 stage 0 tok 12.10M min 127.7 lrf 0.733 1613 tok/s mem 13.5GB {"acc_cf": 1.0, "acc_v5": 0.8235, "agree_cf": 0.6429, "agree_real": 0.9388, "agree_v5": 0.8235, "ce_cf": 0.116, "ce_v5": 0.3383, "gn": 6.2269, "hid": 0.0284, "kl_cf": 0.373, "kl_real": 0.0231, "kl_v5": 0.0588}
step 650 stage 0 tok 12.31M min 129.8 lrf 0.725 1590 tok/s mem 13.5GB {"acc_cf": 1.0, "acc_v5": 0.8333, "agree_cf": 0.6429, "agree_real": 0.8469, "agree_v5": 0.8333, "ce_cf": 0.1649, "ce_v5": 0.3693, "gn": 19.5528, "hid": 0.0287, "kl_cf": 0.3352, "kl_real": 0.0275, "kl_v5": 0.1756}
step 660 stage 0 tok 12.50M min 131.8 lrf 0.718 1584 tok/s mem 13.5GB {"acc_cf": 1.0, "acc_v5": 0.9333, "agree_cf": 0.75, "agree_real": 0.9518, "agree_v5": 0.8667, "ce_cf": 0.0889, "ce_v5": 0.5255, "gn": 20.5081, "hid": 0.0264, "kl_cf": 0.402, "kl_real": 0.0217, "kl_v5": 0.4021}
step 670 stage 0 tok 12.67M min 133.6 lrf 0.711 1572 tok/s mem 13.5GB {"acc_cf": 1.0, "acc_v5": 0.7619, "agree_cf": 0.6818, "agree_real": 0.9243, "agree_v5": 0.8095, "ce_cf": 0.1472, "ce_v5": 0.5211, "gn": 11.3438, "hid": 0.0297, "kl_cf": 0.3262, "kl_real": 0.0204, "kl_v5": 0.117}
step 680 stage 0 tok 12.85M min 135.6 lrf 0.703 1561 tok/s mem 13.5GB {"acc_cf": 1.0, "acc_v5": 0.9, "agree_cf": 0.7143, "agree_real": 0.9185, "agree_v5": 0.9, "ce_cf": 0.1691, "ce_v5": 0.549, "gn": 8.2743, "hid": 0.0265, "kl_cf": 0.2167, "kl_real": 0.0274, "kl_v5": 0.2504}
step 690 stage 0 tok 13.02M min 137.5 lrf 0.696 1543 tok/s mem 13.5GB {"acc_cf": 1.0, "acc_v5": 0.8182, "agree_cf": 0.6875, "agree_real": 0.9345, "agree_v5": 0.8636, "ce_cf": 0.1827, "ce_v5": 0.4972, "gn": 4.8403, "hid": 0.0276, "kl_cf": 0.233, "kl_real": 0.0308, "kl_v5": 0.0429}
step 700 stage 0 tok 13.18M min 139.1 lrf 0.690 1549 tok/s mem 13.5GB {"acc_cf": 0.875, "acc_v5": 0.8214, "agree_cf": 0.875, "agree_real": 0.9417, "agree_v5": 0.8214, "ce_cf": 0.2486, "ce_v5": 0.4258, "gn": 12.256, "hid": 0.0298, "kl_cf": 0.3258, "kl_real": 0.0392, "kl_v5": 0.1452}
step 710 stage 0 tok 13.38M min 141.2 lrf 0.682 1586 tok/s mem 13.5GB {"acc_cf": 1.0, "acc_v5": 1.0, "agree_cf": 0.5625, "agree_real": 0.883, "agree_v5": 0.8824, "ce_cf": 0.1015, "ce_v5": 0.1212, "gn": 3.0911, "hid": 0.0275, "kl_cf": 0.4883, "kl_real": 0.0382, "kl_v5": 0.017}
step 720 stage 0 tok 13.56M min 143.2 lrf 0.674 1572 tok/s mem 13.5GB {"acc_cf": 1.0, "acc_v5": 0.8947, "agree_cf": 0.7, "agree_real": 0.9351, "agree_v5": 1.0, "ce_cf": 0.1435, "ce_v5": 0.3101, "gn": 4.9596, "hid": 0.0269, "kl_cf": 0.2794, "kl_real": 0.0445, "kl_v5": 0.0205}
step 730 stage 0 tok 13.76M min 145.3 lrf 0.666 1573 tok/s mem 13.5GB {"acc_cf": 1.0, "acc_v5": 0.7333, "agree_cf": 0.75, "agree_real": 0.945, "agree_v5": 1.0, "ce_cf": 0.1298, "ce_v5": 0.4126, "gn": 6.2728, "hid": 0.025, "kl_cf": 0.2143, "kl_real": 0.025, "kl_v5": 0.0245}
step 740 stage 0 tok 13.93M min 147.1 lrf 0.659 1550 tok/s mem 13.5GB {"acc_cf": 1.0, "acc_v5": 0.913, "agree_cf": 0.625, "agree_real": 0.8571, "agree_v5": 0.8696, "ce_cf": 0.1221, "ce_v5": 0.2411, "gn": 5.733, "hid": 0.0271, "kl_cf": 0.4622, "kl_real": 0.0288, "kl_v5": 0.0625}
step 750 stage 0 tok 14.10M min 148.9 lrf 0.652 1573 tok/s mem 13.5GB {"acc_cf": 1.0, "acc_v5": 0.7895, "agree_cf": 0.75, "agree_real": 0.9592, "agree_v5": 0.7895, "ce_cf": 0.0799, "ce_v5": 0.3602, "gn": 16.0353, "hid": 0.027, "kl_cf": 0.3846, "kl_real": 0.0212, "kl_v5": 0.0592}
PROBE train-pool {"nq": 57.0, "kl": 0.015493662770543443, "agree": 0.9473684210526315, "hid": 0.02385306090582162}
DEV {"n": 366, "agree": 0.9699453551912568, "tv": 0.04575624710071038, "kl": 0.014394017104166013, "n_sd": 95, "agree_sd": 0.9263157894736842, "hid": {"5": 0.021293035736307503, "11": 0.05233385981991887, "17": 0.018907269602641462, "23": 0.0006501619252958335}, "step": 758, "tokens": 14255318, "elapsed_min": 150.5, "stage": 0, "active": 18, "t_eval": 44, "tag": "m151"}
saved m151 61s
step 760 stage 0 tok 14.30M min 151.0 lrf 0.644 1012 tok/s mem 13.5GB {"acc_cf": 1.0, "acc_v5": 0.875, "agree_cf": 0.7692, "agree_real": 0.851, "agree_v5": 0.875, "ce_cf": 0.1331, "ce_v5": 0.3869, "gn": 10.3135, "hid": 0.0281, "kl_cf": 0.2588, "kl_real": 0.0266, "kl_v5": 0.0529}
step 770 stage 0 tok 14.49M min 153.0 lrf 0.636 1570 tok/s mem 13.5GB {"acc_cf": 0.9167, "acc_v5": 0.9048, "agree_cf": 0.4167, "agree_real": 0.9413, "agree_v5": 0.8571, "ce_cf": 0.2261, "ce_v5": 0.3364, "gn": 16.457, "hid": 0.0266, "kl_cf": 0.3949, "kl_real": 0.0269, "kl_v5": 0.0699}
step 780 stage 0 tok 14.70M min 155.2 lrf 0.627 1589 tok/s mem 13.5GB {"acc_cf": 1.0, "acc_v5": 0.8333, "agree_cf": 0.6667, "agree_real": 0.8972, "agree_v5": 0.9444, "ce_cf": 0.1218, "ce_v5": 0.6956, "gn": 8.0268, "hid": 0.0278, "kl_cf": 0.359, "kl_real": 0.022, "kl_v5": 0.0715}
