Loading weights:   0%|          | 0/320 [00:00<?, ?it/s]Loading weights: 100%|██████████| 320/320 [00:00<00:00, 3749.66it/s]
0 1929 7s
1 1901 14s
2 1935 20s
3 3218 30s
4 2012 36s
5 2626 45s
6 2127 52s
7 2754 61s
8 1769 67s
9 1845 73s
10 1747 79s
11 2521 87s
12 2177 94s
13 3086 104s
14 1066 107s
15 1915 113s
plain mean relMSE at best tau per layer 3.2495 {'0': (1.0, 1.482), '1': (0.5, 18.118), '2': (2.0, 3.976), '4': (2.0, 3.118), '5': (1.0, 3.014), '6': (1.0, 3.506), '8': (1.0, 8.204), '9': (2.0, 1.914), '10': (1.0, 3.07), '12': (2.0, 2.0), '13': (1.0, 3.216), '14': (1.0, 2.945), '16': (3.0, 1.538), '17': (4.0, 0.304), '18': (6.0, 0.382), '20': (3.0, 0.263), '21': (4.0, 0.24), '22': (2.0, 1.2)}
beta mean relMSE at best tau per layer 3.0278 {'0': (1.0, 1.45), '1': (0.5, 15.835), '2': (1.0, 3.77), '4': (1.0, 3.029), '5': (1.0, 2.801), '6': (1.0, 3.337), '8': (0.5, 7.86), '9': (2.0, 1.735), '10': (1.0, 2.986), '12': (1.0, 1.956), '13': (1.0, 3.055), '14': (0.5, 2.879), '16': (2.0, 1.467), '17': (4.0, 0.29), '18': (6.0, 0.369), '20': (3.0, 0.268), '21': (4.0, 0.226), '22': (2.0, 1.19)}
decay mean relMSE at best tau per layer 4.0427 {'0': (6.0, 2.71), '1': (0.5, 21.313), '2': (0.5, 7.176), '4': (1.0, 5.444), '5': (1.0, 3.798), '6': (0.5, 4.611), '8': (1.0, 6.786), '9': (2.0, 1.97), '10': (0.5, 4.86), '12': (2.0, 2.346), '13': (0.5, 3.59), '14': (0.5, 3.489), '16': (0.5, 2.288), '17': (4.0, 0.254), '18': (6.0, 0.344), '20': (3.0, 0.219), '21': (4.0, 0.22), '22': (1.0, 1.347)}
full mean relMSE at best tau per layer 3.9256 {'0': (6.0, 2.706), '1': (0.5, 21.225), '2': (0.5, 6.896), '4': (1.0, 5.373), '5': (0.5, 3.599), '6': (0.5, 4.399), '8': (0.5, 6.634), '9': (1.0, 1.594), '10': (0.5, 4.728), '12': (2.0, 2.262), '13': (0.5, 3.366), '14': (0.5, 3.329), '16': (0.5, 2.219), '17': (4.0, 0.238), '18': (6.0, 0.33), '20': (3.0, 0.225), '21': (4.0, 0.203), '22': (1.0, 1.336)}
full_norope mean relMSE at best tau per layer 3.9125 {'0': (6.0, 2.696), '1': (0.5, 21.396), '2': (0.5, 6.879), '4': (1.0, 5.338), '5': (1.0, 3.559), '6': (0.5, 4.288), '8': (0.5, 6.598), '9': (1.0, 1.54), '10': (0.5, 4.706), '12': (2.0, 2.215), '13': (0.5, 3.352), '14': (0.5, 3.314), '16': (0.5, 2.218), '17': (6.0, 0.226), '18': (4.0, 0.349), '20': (3.0, 0.228), '21': (6.0, 0.192), '22': (2.0, 1.331)}
full_noconv mean relMSE at best tau per layer 70.3413 {'0': (0.5, 22.099), '1': (6.0, 139.127), '2': (0.5, 54.504), '4': (0.5, 115.989), '5': (0.5, 87.71), '6': (0.5, 139.225), '8': (0.5, 131.133), '9': (0.5, 89.782), '10': (0.5, 188.014), '12': (0.5, 52.296), '13': (0.5, 73.118), '14': (0.5, 48.676), '16': (2.0, 22.018), '17': (2.0, 3.97), '18': (0.5, 37.474), '20': (6.0, 48.475), '21': (0.5, 4.844), '22': (4.0, 7.69)}
plain_norope mean relMSE at best tau per layer 3.2138 {'0': (1.0, 1.472), '1': (0.5, 18.286), '2': (3.0, 3.881), '4': (2.0, 3.049), '5': (1.0, 3.027), '6': (2.0, 3.322), '8': (0.5, 8.194), '9': (2.0, 1.836), '10': (2.0, 3.008), '12': (2.0, 1.971), '13': (2.0, 3.116), '14': (1.0, 2.923), '16': (4.0, 1.469), '17': (6.0, 0.28), '18': (6.0, 0.388), '20': (4.0, 0.263), '21': (6.0, 0.227), '22': (3.0, 1.134)}
