Loading weights:   0%|          | 0/320 [00:00<?, ?it/s]Loading weights: 100%|██████████| 320/320 [00:00<00:00, 3831.21it/s]
0 1929 8s
1 1901 15s
2 1935 22s
3 3218 33s
4 2012 40s
5 2626 50s
6 2127 57s
7 2754 68s
8 1769 74s
9 1845 81s
10 1747 87s
11 2521 96s
12 2177 104s
13 3086 114s
14 1066 118s
15 1915 125s
plain mean relMSE at best tau per layer 3.2495 {'0': (1.0, 1.482), '1': (0.5, 18.118), '2': (2.0, 3.976), '4': (2.0, 3.118), '5': (1.0, 3.014), '6': (1.0, 3.506), '8': (1.0, 8.204), '9': (2.0, 1.914), '10': (1.0, 3.07), '12': (2.0, 2.0), '13': (1.0, 3.216), '14': (1.0, 2.945), '16': (3.0, 1.538), '17': (4.0, 0.304), '18': (6.0, 0.382), '20': (3.0, 0.263), '21': (4.0, 0.24), '22': (2.0, 1.2)}
beta mean relMSE at best tau per layer 3.0252 {'0': (1.0, 1.448), '1': (0.5, 15.773), '2': (1.0, 3.741), '4': (1.0, 3.037), '5': (1.0, 2.805), '6': (1.0, 3.354), '8': (0.5, 7.858), '9': (2.0, 1.742), '10': (1.0, 2.996), '12': (1.0, 1.962), '13': (1.0, 3.066), '14': (0.5, 2.878), '16': (2.0, 1.454), '17': (4.0, 0.29), '18': (6.0, 0.376), '20': (3.0, 0.267), '21': (4.0, 0.227), '22': (2.0, 1.18)}
decay mean relMSE at best tau per layer 4.0425 {'0': (6.0, 2.714), '1': (0.5, 21.249), '2': (0.5, 7.211), '4': (1.0, 5.447), '5': (1.0, 3.798), '6': (0.5, 4.61), '8': (1.0, 6.795), '9': (2.0, 1.974), '10': (0.5, 4.859), '12': (2.0, 2.356), '13': (0.5, 3.593), '14': (0.5, 3.49), '16': (1.0, 2.276), '17': (4.0, 0.255), '18': (6.0, 0.352), '20': (3.0, 0.219), '21': (4.0, 0.221), '22': (1.0, 1.346)}
full mean relMSE at best tau per layer 3.9267 {'0': (6.0, 2.707), '1': (0.5, 21.161), '2': (0.5, 6.931), '4': (1.0, 5.379), '5': (1.0, 3.603), '6': (0.5, 4.403), '8': (0.5, 6.65), '9': (1.0, 1.601), '10': (0.5, 4.73), '12': (2.0, 2.269), '13': (0.5, 3.368), '14': (0.5, 3.329), '16': (1.0, 2.21), '17': (4.0, 0.237), '18': (6.0, 0.338), '20': (3.0, 0.224), '21': (4.0, 0.204), '22': (1.0, 1.335)}
full136 mean relMSE at best tau per layer 3.9256 {'0': (6.0, 2.706), '1': (0.5, 21.225), '2': (0.5, 6.896), '4': (1.0, 5.373), '5': (0.5, 3.599), '6': (0.5, 4.399), '8': (0.5, 6.634), '9': (1.0, 1.594), '10': (0.5, 4.728), '12': (2.0, 2.262), '13': (0.5, 3.366), '14': (0.5, 3.329), '16': (0.5, 2.219), '17': (4.0, 0.238), '18': (6.0, 0.33), '20': (3.0, 0.225), '21': (4.0, 0.203), '22': (1.0, 1.336)}
full_norope mean relMSE at best tau per layer 3.9106 {'0': (6.0, 2.694), '1': (0.5, 21.319), '2': (0.5, 6.903), '4': (1.0, 5.343), '5': (1.0, 3.557), '6': (0.5, 4.292), '8': (0.5, 6.613), '9': (1.0, 1.548), '10': (0.5, 4.707), '12': (2.0, 2.222), '13': (0.5, 3.353), '14': (0.5, 3.313), '16': (1.0, 2.21), '17': (6.0, 0.226), '18': (6.0, 0.343), '20': (3.0, 0.227), '21': (6.0, 0.193), '22': (2.0, 1.328)}
full_noconv mean relMSE at best tau per layer 70.3285 {'0': (0.5, 22.119), '1': (6.0, 139.221), '2': (0.5, 54.614), '4': (0.5, 116.186), '5': (0.5, 87.47), '6': (0.5, 138.816), '8': (0.5, 130.995), '9': (0.5, 89.7), '10': (0.5, 188.25), '12': (0.5, 52.438), '13': (0.5, 72.982), '14': (0.5, 48.681), '16': (2.0, 21.954), '17': (3.0, 3.953), '18': (0.5, 37.454), '20': (6.0, 48.533), '21': (0.5, 4.843), '22': (4.0, 7.705)}
plain_norope mean relMSE at best tau per layer 3.2138 {'0': (1.0, 1.472), '1': (0.5, 18.286), '2': (3.0, 3.881), '4': (2.0, 3.049), '5': (1.0, 3.027), '6': (2.0, 3.322), '8': (0.5, 8.194), '9': (2.0, 1.836), '10': (2.0, 3.008), '12': (2.0, 1.971), '13': (2.0, 3.116), '14': (1.0, 2.923), '16': (4.0, 1.469), '17': (6.0, 0.28), '18': (6.0, 0.388), '20': (4.0, 0.263), '21': (6.0, 0.227), '22': (3.0, 1.134)}
