--- dense bf16 / fp16 GEMM: time (ms) and TFLOPS; y = x @ W^T, W [N,K]
mlp_gate_up(2B)    bfloat16  M=   16    138.2 us      5.8 TFLOPS    364.1 GB/s
mlp_gate_up(2B)    bfloat16  M=   64    157.7 us     20.4 TFLOPS    319.2 GB/s
mlp_gate_up(2B)    bfloat16  M=  256    265.7 us     48.5 TFLOPS    189.4 GB/s
mlp_gate_up(2B)    bfloat16  M=  512    422.9 us     60.9 TFLOPS    119.0 GB/s
mlp_gate_up(2B)    bfloat16  M= 1024    850.4 us     60.6 TFLOPS     59.2 GB/s
mlp_gate_up(2B)    bfloat16  M= 2048   1668.1 us     61.8 TFLOPS     30.2 GB/s
mlp_gate_up(2B)    bfloat16  M= 4096   3241.0 us     63.6 TFLOPS     15.5 GB/s
mlp_gate_up(2B)    float16   M=   16    139.3 us      5.8 TFLOPS    361.4 GB/s
mlp_gate_up(2B)    float16   M=   64    153.6 us     21.0 TFLOPS    327.7 GB/s
mlp_gate_up(2B)    float16   M=  256    268.3 us     48.0 TFLOPS    187.6 GB/s
mlp_gate_up(2B)    float16   M=  512    427.0 us     60.3 TFLOPS    117.9 GB/s
mlp_gate_up(2B)    float16   M= 1024    946.2 us     54.5 TFLOPS     53.2 GB/s
mlp_gate_up(2B)    float16   M= 2048   1717.8 us     60.0 TFLOPS     29.3 GB/s
mlp_gate_up(2B)    float16   M= 4096   3323.9 us     62.0 TFLOPS     15.1 GB/s
mlp_down(2B)       bfloat16  M=   16     89.1 us      4.5 TFLOPS    282.5 GB/s
mlp_down(2B)       bfloat16  M=   64     92.2 us     17.5 TFLOPS    273.1 GB/s
mlp_down(2B)       bfloat16  M=  256    144.4 us     44.6 TFLOPS    174.3 GB/s
mlp_down(2B)       bfloat16  M=  512    267.3 us     48.2 TFLOPS     94.2 GB/s
mlp_down(2B)       bfloat16  M= 1024    427.5 us     60.3 TFLOPS     58.9 GB/s
mlp_down(2B)       bfloat16  M= 2048    970.8 us     53.1 TFLOPS     25.9 GB/s
mlp_down(2B)       bfloat16  M= 4096   1903.6 us     54.1 TFLOPS     13.2 GB/s
mlp_down(2B)       float16   M=   16     91.1 us      4.4 TFLOPS    276.3 GB/s
mlp_down(2B)       float16   M=   64     93.2 us     17.3 TFLOPS    270.1 GB/s
mlp_down(2B)       float16   M=  256    144.4 us     44.6 TFLOPS    174.3 GB/s
mlp_down(2B)       float16   M=  512    391.1 us     32.9 TFLOPS     64.3 GB/s
mlp_down(2B)       float16   M= 1024    433.7 us     59.4 TFLOPS     58.0 GB/s
mlp_down(2B)       float16   M= 2048    923.6 us     55.8 TFLOPS     27.2 GB/s
mlp_down(2B)       float16   M= 4096   1675.3 us     61.5 TFLOPS     15.0 GB/s
gdn_in(2B)         bfloat16  M=   16    101.4 us      5.3 TFLOPS    332.3 GB/s
gdn_in(2B)         bfloat16  M=   64    105.5 us     20.4 TFLOPS    319.4 GB/s
gdn_in(2B)         bfloat16  M=  256    186.4 us     46.3 TFLOPS    180.7 GB/s
gdn_in(2B)         bfloat16  M=  512    350.2 us     49.2 TFLOPS     96.2 GB/s
gdn_in(2B)         bfloat16  M= 1024    677.9 us     50.9 TFLOPS     49.7 GB/s
gdn_in(2B)         bfloat16  M= 2048   1174.5 us     58.7 TFLOPS     28.7 GB/s
gdn_in(2B)         bfloat16  M= 4096   2145.2 us     64.3 TFLOPS     15.7 GB/s
gdn_in(2B)         float16   M=   16    101.4 us      5.3 TFLOPS    332.3 GB/s
gdn_in(2B)         float16   M=   64    105.5 us     20.4 TFLOPS    319.4 GB/s
gdn_in(2B)         float16   M=  256    186.4 us     46.3 TFLOPS    180.7 GB/s
gdn_in(2B)         float16   M=  512    348.2 us     49.5 TFLOPS     96.8 GB/s
gdn_in(2B)         float16   M= 1024    635.9 us     54.2 TFLOPS     53.0 GB/s
gdn_in(2B)         float16   M= 2048   1123.3 us     61.4 TFLOPS     30.0 GB/s
gdn_in(2B)         float16   M= 4096   2314.2 us     59.6 TFLOPS     14.6 GB/s
big                bfloat16  M=   16    363.5 us      5.9 TFLOPS    369.2 GB/s
big                bfloat16  M=   64    368.6 us     23.3 TFLOPS    364.1 GB/s
big                bfloat16  M=  256    652.3 us     52.7 TFLOPS    205.8 GB/s
big                bfloat16  M=  512   1273.9 us     53.9 TFLOPS    105.4 GB/s
big                bfloat16  M= 1024   2263.6 us     60.7 TFLOPS     59.3 GB/s
big                bfloat16  M= 2048   4382.7 us     62.7 TFLOPS     30.6 GB/s
big                bfloat16  M= 4096   8115.2 us     67.7 TFLOPS     16.5 GB/s
big                float16   M=   16    361.5 us      5.9 TFLOPS    371.3 GB/s
big                float16   M=   64    387.6 us     22.2 TFLOPS    346.3 GB/s
big                float16   M=  256    659.5 us     52.1 TFLOPS    203.5 GB/s
big                float16   M=  512   1444.9 us     47.6 TFLOPS     92.9 GB/s
big                float16   M= 1024   2382.8 us     57.7 TFLOPS     56.3 GB/s
big                float16   M= 2048   4282.4 us     64.2 TFLOPS     31.3 GB/s
big                float16   M= 4096   8224.8 us     66.8 TFLOPS     16.3 GB/s
  return cls(
--- memory bandwidth (device copy)
copy 256MB: 1.126 ms -> 477 GB/s read+write
--- 2:4 semi-structured sparse (fp16/bf16)
mlp_gate_up(2B)    float16   M=   16 dense   139.3 us  sparse24   646.1 us  speedup 0.22x
mlp_gate_up(2B)    float16   M=   64 dense   152.6 us  sparse24   659.5 us  speedup 0.23x
mlp_gate_up(2B)    float16   M=  256 dense   267.3 us  sparse24   842.8 us  speedup 0.32x
mlp_gate_up(2B)    float16   M= 1024 dense   937.0 us  sparse24  1651.7 us  speedup 0.57x
mlp_gate_up(2B)    float16   M= 2048 dense  1710.1 us  sparse24  2729.0 us  speedup 0.63x
mlp_gate_up(2B)    float16   M= 4096 dense  3327.5 us  sparse24  4916.2 us  speedup 0.68x
mlp_gate_up(2B)    bfloat16  M=   16 dense   138.2 us  sparse24   681.0 us  speedup 0.20x
mlp_gate_up(2B)    bfloat16  M=   64 dense   159.7 us  sparse24   695.3 us  speedup 0.23x
mlp_gate_up(2B)    bfloat16  M=  256 dense   270.3 us  sparse24   896.5 us  speedup 0.30x
mlp_gate_up(2B)    bfloat16  M= 1024 dense   853.0 us  sparse24  1717.2 us  speedup 0.50x
mlp_gate_up(2B)    bfloat16  M= 2048 dense  1663.5 us  sparse24  2788.4 us  speedup 0.60x
mlp_gate_up(2B)    bfloat16  M= 4096 dense  3238.9 us  sparse24  4923.4 us  speedup 0.66x
mlp_down(2B)       float16   M=   16 dense    90.1 us  sparse24   656.4 us  speedup 0.14x
mlp_down(2B)       float16   M=   64 dense    93.2 us  sparse24   663.5 us  speedup 0.14x
mlp_down(2B)       float16   M=  256 dense   144.4 us  sparse24   667.7 us  speedup 0.22x
mlp_down(2B)       float16   M= 1024 dense   430.6 us  sparse24   860.7 us  speedup 0.50x
mlp_down(2B)       float16   M= 2048 dense   922.6 us  sparse24  1065.0 us  speedup 0.87x
mlp_down(2B)       float16   M= 4096 dense  1678.8 us  sparse24  1467.9 us  speedup 1.14x
mlp_down(2B)       bfloat16  M=   16 dense    88.6 us  sparse24   657.9 us  speedup 0.13x
mlp_down(2B)       bfloat16  M=   64 dense    92.2 us  sparse24   660.0 us  speedup 0.14x
mlp_down(2B)       bfloat16  M=  256 dense   142.8 us  sparse24   664.6 us  speedup 0.21x
mlp_down(2B)       bfloat16  M= 1024 dense   427.0 us  sparse24   857.6 us  speedup 0.50x
mlp_down(2B)       bfloat16  M= 2048 dense   963.6 us  sparse24  1050.1 us  speedup 0.92x
mlp_down(2B)       bfloat16  M= 4096 dense  1895.4 us  sparse24  1438.7 us  speedup 1.32x
gdn_in(2B)         float16   M=   16 dense   101.9 us  sparse24   648.2 us  speedup 0.16x
gdn_in(2B)         float16   M=   64 dense   106.5 us  sparse24   653.3 us  speedup 0.16x
gdn_in(2B)         float16   M=  256 dense   186.4 us  sparse24   778.8 us  speedup 0.24x
gdn_in(2B)         float16   M= 1024 dense   638.0 us  sparse24  1295.9 us  speedup 0.49x
gdn_in(2B)         float16   M= 2048 dense  1125.4 us  sparse24  1976.3 us  speedup 0.57x
gdn_in(2B)         float16   M= 4096 dense  2315.3 us  sparse24  3370.0 us  speedup 0.69x
gdn_in(2B)         bfloat16  M=   16 dense   100.8 us  sparse24   660.0 us  speedup 0.15x
gdn_in(2B)         bfloat16  M=   64 dense   104.4 us  sparse24   664.1 us  speedup 0.16x
gdn_in(2B)         bfloat16  M=  256 dense   185.3 us  sparse24   788.0 us  speedup 0.24x
gdn_in(2B)         bfloat16  M= 1024 dense   676.4 us  sparse24  1310.2 us  speedup 0.52x
gdn_in(2B)         bfloat16  M= 2048 dense  1167.4 us  sparse24  2001.9 us  speedup 0.58x
gdn_in(2B)         bfloat16  M= 4096 dense  2138.1 us  sparse24  3378.7 us  speedup 0.63x
--- int8: _int_mm (W8A8 tensor cores) and weight-only int8pack vs bf16
mlp_gate_up(2B)    M=   16 bf16   137.2 us | int_mm    91.2 us (1.51x) | w8 int8pack  1784.8 us (0.08x) | w8a8 unfused   246.8 us
mlp_gate_up(2B)    M=   64 bf16   156.7 us | int_mm    97.3 us (1.61x) | w8 int8pack  6826.0 us (0.02x) | w8a8 unfused   240.1 us
mlp_gate_up(2B)    M=  256 bf16   266.2 us | int_mm   141.3 us (1.88x) | w8 int8pack 26762.2 us (0.01x) | w8a8 unfused   462.4 us
mlp_gate_up(2B)    M= 1024 bf16   843.3 us | int_mm   515.1 us (1.64x) | w8 int8pack 106617.9 us (0.01x) | w8a8 unfused  1497.1 us
mlp_gate_up(2B)    M= 2048 bf16  1653.8 us | int_mm   970.2 us (1.70x) | w8 int8pack 213072.9 us (0.01x) | w8a8 unfused  2849.3 us
mlp_gate_up(2B)    M= 4096 bf16  3232.3 us | int_mm  1797.6 us (1.80x) | w8 int8pack 426048.5 us (0.01x) | w8a8 unfused  5537.8 us
mlp_down(2B)       M=   16 bf16    88.1 us | int_mm    84.0 us (1.05x) | w8 int8pack  1110.0 us (0.08x) | w8a8 unfused   240.1 us
mlp_down(2B)       M=   64 bf16    91.1 us | int_mm    84.0 us (1.09x) | w8 int8pack  3751.9 us (0.02x) | w8a8 unfused   216.5 us
mlp_down(2B)       M=  256 bf16   142.4 us | int_mm    85.0 us (1.67x) | w8 int8pack 13809.7 us (0.01x) | w8a8 unfused   244.7 us
mlp_down(2B)       M= 1024 bf16   427.5 us | int_mm   269.3 us (1.59x) | w8 int8pack 54261.2 us (0.01x) | w8a8 unfused   862.2 us
mlp_down(2B)       M= 2048 bf16   964.6 us | int_mm   455.2 us (2.12x) | w8 int8pack 107938.8 us (0.01x) | w8a8 unfused  1613.3 us
mlp_down(2B)       M= 4096 bf16  1894.9 us | int_mm  1014.8 us (1.87x) | w8 int8pack 215731.7 us (0.01x) | w8a8 unfused  3312.6 us
gdn_in(2B)         M=   16 bf16   101.4 us | int_mm    64.5 us (1.57x) | w8 int8pack  1259.5 us (0.08x) | w8a8 unfused   238.1 us
gdn_in(2B)         M=   64 bf16   103.4 us | int_mm    68.6 us (1.51x) | w8 int8pack  4577.8 us (0.02x) | w8a8 unfused   215.0 us
gdn_in(2B)         M=  256 bf16   185.3 us | int_mm   114.7 us (1.62x) | w8 int8pack 17939.5 us (0.01x) | w8a8 unfused   364.5 us
gdn_in(2B)         M= 1024 bf16   677.9 us | int_mm   399.9 us (1.70x) | w8 int8pack 71436.3 us (0.01x) | w8a8 unfused  1117.7 us
gdn_in(2B)         M= 2048 bf16  1167.4 us | int_mm   693.8 us (1.68x) | w8 int8pack 142671.9 us (0.01x) | w8a8 unfused  2060.8 us
gdn_in(2B)         M= 4096 bf16  2138.1 us | int_mm  1290.8 us (1.66x) | w8 int8pack 285192.2 us (0.01x) | w8a8 unfused  4004.4 us
