/home/ubuntu/venv/lib/python3.12/site-packages/torch/sparse/semi_structured.py:576: UserWarning: The PyTorch API of SparseSemiStructuredTensor is in prototype stage and will change in the near future. Please open a Github issue for features requests and see our documentation on the torch.sparse module for further information about the project.
  return cls(
USDT:2026-10-05 02:51:05 55399:55399 SyncActivityProfilerHandler.cpp:39] profiler_start
USDT:2026-10-05 02:51:05 55399:55399 SyncActivityProfilerHandler.cpp:46] profiler_stop
USDT:2026-10-05 02:51:05 55399:55399 SyncActivityProfilerHandler.cpp:39] profiler_start
USDT:2026-10-05 02:51:05 55399:55399 SyncActivityProfilerHandler.cpp:46] profiler_stop
USDT:2026-10-05 02:51:05 55399:55399 SyncActivityProfilerHandler.cpp:39] profiler_start
USDT:2026-10-05 02:51:05 55399:55399 SyncActivityProfilerHandler.cpp:46] profiler_stop
USDT:2026-10-05 02:51:05 55399:55399 SyncActivityProfilerHandler.cpp:39] profiler_start
USDT:2026-10-05 02:51:05 55399:55399 SyncActivityProfilerHandler.cpp:46] profiler_stop
USDT:2026-10-05 02:51:05 55399:55399 SyncActivityProfilerHandler.cpp:39] profiler_start
USDT:2026-10-05 02:51:05 55399:55399 SyncActivityProfilerHandler.cpp:46] profiler_stop
USDT:2026-10-05 02:51:05 55399:55399 SyncActivityProfilerHandler.cpp:39] profiler_start
USDT:2026-10-05 02:51:05 55399:55399 SyncActivityProfilerHandler.cpp:46] profiler_stop
USDT:2026-10-05 02:51:05 55399:55399 SyncActivityProfilerHandler.cpp:39] profiler_start
USDT:2026-10-05 02:51:05 55399:55399 SyncActivityProfilerHandler.cpp:46] profiler_stop
USDT:2026-10-05 02:51:05 55399:55399 SyncActivityProfilerHandler.cpp:39] profiler_start
USDT:2026-10-05 02:51:05 55399:55399 SyncActivityProfilerHandler.cpp:46] profiler_stop
USDT:2026-10-05 02:51:05 55399:55399 SyncActivityProfilerHandler.cpp:39] profiler_start
USDT:2026-10-05 02:51:05 55399:55399 SyncActivityProfilerHandler.cpp:46] profiler_stop
USDT:2026-10-05 02:51:05 55399:55399 SyncActivityProfilerHandler.cpp:39] profiler_start
USDT:2026-10-05 02:51:05 55399:55399 SyncActivityProfilerHandler.cpp:46] profiler_stop
USDT:2026-10-05 02:51:05 55399:55399 SyncActivityProfilerHandler.cpp:39] profiler_start
USDT:2026-10-05 02:51:05 55399:55399 SyncActivityProfilerHandler.cpp:46] profiler_stop
USDT:2026-10-05 02:51:05 55399:55399 SyncActivityProfilerHandler.cpp:39] profiler_start
USDT:2026-10-05 02:51:05 55399:55399 SyncActivityProfilerHandler.cpp:46] profiler_stop
USDT:2026-10-05 02:51:05 55399:55399 SyncActivityProfilerHandler.cpp:39] profiler_start
USDT:2026-10-05 02:51:05 55399:55399 SyncActivityProfilerHandler.cpp:46] profiler_stop
USDT:2026-10-05 02:51:05 55399:55399 SyncActivityProfilerHandler.cpp:39] profiler_start
USDT:2026-10-05 02:51:05 55399:55399 SyncActivityProfilerHandler.cpp:46] profiler_stop
USDT:2026-10-05 02:51:05 55399:55399 SyncActivityProfilerHandler.cpp:39] profiler_start
USDT:2026-10-05 02:51:05 55399:55399 SyncActivityProfilerHandler.cpp:46] profiler_stop
USDT:2026-10-05 02:51:05 55399:55399 SyncActivityProfilerHandler.cpp:39] profiler_start
USDT:2026-10-05 02:51:05 55399:55399 SyncActivityProfilerHandler.cpp:46] profiler_stop
USDT:2026-10-05 02:51:05 55399:55399 SyncActivityProfilerHandler.cpp:39] profiler_start
USDT:2026-10-05 02:51:05 55399:55399 SyncActivityProfilerHandler.cpp:46] profiler_stop
USDT:2026-10-05 02:51:05 55399:55399 SyncActivityProfilerHandler.cpp:39] profiler_start
USDT:2026-10-05 02:51:05 55399:55399 SyncActivityProfilerHandler.cpp:46] profiler_stop
USDT:2026-10-05 02:51:05 55399:55399 SyncActivityProfilerHandler.cpp:39] profiler_start
USDT:2026-10-05 02:51:05 55399:55399 SyncActivityProfilerHandler.cpp:46] profiler_stop
USDT:2026-10-05 02:51:05 55399:55399 SyncActivityProfilerHandler.cpp:39] profiler_start
USDT:2026-10-05 02:51:05 55399:55399 SyncActivityProfilerHandler.cpp:46] profiler_stop
USDT:2026-10-05 02:51:05 55399:55399 SyncActivityProfilerHandler.cpp:39] profiler_start
USDT:2026-10-05 02:51:05 55399:55399 SyncActivityProfilerHandler.cpp:46] profiler_stop
USDT:2026-10-05 02:51:05 55399:55399 SyncActivityProfilerHandler.cpp:39] profiler_start
USDT:2026-10-05 02:51:05 55399:55399 SyncActivityProfilerHandler.cpp:46] profiler_stop
USDT:2026-10-05 02:51:05 55399:55399 SyncActivityProfilerHandler.cpp:39] profiler_start
USDT:2026-10-05 02:51:05 55399:55399 SyncActivityProfilerHandler.cpp:46] profiler_stop
USDT:2026-10-05 02:51:05 55399:55399 SyncActivityProfilerHandler.cpp:39] profiler_start
USDT:2026-10-05 02:51:05 55399:55399 SyncActivityProfilerHandler.cpp:46] profiler_stop
USDT:2026-10-05 02:51:05 55399:55399 SyncActivityProfilerHandler.cpp:39] profiler_start
USDT:2026-10-05 02:51:05 55399:55399 SyncActivityProfilerHandler.cpp:46] profiler_stop
USDT:2026-10-05 02:51:05 55399:55399 SyncActivityProfilerHandler.cpp:39] profiler_start
USDT:2026-10-05 02:51:05 55399:55399 SyncActivityProfilerHandler.cpp:46] profiler_stop
USDT:2026-10-05 02:51:05 55399:55399 SyncActivityProfilerHandler.cpp:39] profiler_start
USDT:2026-10-05 02:51:05 55399:55399 SyncActivityProfilerHandler.cpp:46] profiler_stop
USDT:2026-10-05 02:51:05 55399:55399 SyncActivityProfilerHandler.cpp:39] profiler_start
USDT:2026-10-05 02:51:05 55399:55399 SyncActivityProfilerHandler.cpp:46] profiler_stop
USDT:2026-10-05 02:51:06 55399:55399 SyncActivityProfilerHandler.cpp:39] profiler_start
USDT:2026-10-05 02:51:06 55399:55399 SyncActivityProfilerHandler.cpp:46] profiler_stop
USDT:2026-10-05 02:51:06 55399:55399 SyncActivityProfilerHandler.cpp:39] profiler_start
USDT:2026-10-05 02:51:06 55399:55399 SyncActivityProfilerHandler.cpp:46] profiler_stop
USDT:2026-10-05 02:51:06 55399:55399 SyncActivityProfilerHandler.cpp:39] profiler_start
USDT:2026-10-05 02:51:06 55399:55399 SyncActivityProfilerHandler.cpp:46] profiler_stop
USDT:2026-10-05 02:51:06 55399:55399 SyncActivityProfilerHandler.cpp:39] profiler_start
USDT:2026-10-05 02:51:06 55399:55399 SyncActivityProfilerHandler.cpp:46] profiler_stop
USDT:2026-10-05 02:51:06 55399:55399 SyncActivityProfilerHandler.cpp:39] profiler_start
USDT:2026-10-05 02:51:06 55399:55399 SyncActivityProfilerHandler.cpp:46] profiler_stop
USDT:2026-10-05 02:51:06 55399:55399 SyncActivityProfilerHandler.cpp:39] profiler_start
USDT:2026-10-05 02:51:06 55399:55399 SyncActivityProfilerHandler.cpp:46] profiler_stop
USDT:2026-10-05 02:51:06 55399:55399 SyncActivityProfilerHandler.cpp:39] profiler_start
USDT:2026-10-05 02:51:06 55399:55399 SyncActivityProfilerHandler.cpp:46] profiler_stop
gate_up  M=   16 fp16   120.0us | bf16   120.0us | int_mm    80.0us | w8pack  1760.0us | sp24    90.0us | bf16 TFLOPS 6.7
USDT:2026-10-05 02:51:06 55399:55399 SyncActivityProfilerHandler.cpp:39] profiler_start
USDT:2026-10-05 02:51:06 55399:55399 SyncActivityProfilerHandler.cpp:46] profiler_stop
USDT:2026-10-05 02:51:06 55399:55399 SyncActivityProfilerHandler.cpp:39] profiler_start
USDT:2026-10-05 02:51:06 55399:55399 SyncActivityProfilerHandler.cpp:46] profiler_stop
USDT:2026-10-05 02:51:06 55399:55399 SyncActivityProfilerHandler.cpp:39] profiler_start
USDT:2026-10-05 02:51:06 55399:55399 SyncActivityProfilerHandler.cpp:46] profiler_stop
USDT:2026-10-05 02:51:06 55399:55399 SyncActivityProfilerHandler.cpp:39] profiler_start
USDT:2026-10-05 02:51:06 55399:55399 SyncActivityProfilerHandler.cpp:46] profiler_stop
USDT:2026-10-05 02:51:06 55399:55399 SyncActivityProfilerHandler.cpp:39] profiler_start
USDT:2026-10-05 02:51:06 55399:55399 SyncActivityProfilerHandler.cpp:46] profiler_stop
USDT:2026-10-05 02:51:06 55399:55399 SyncActivityProfilerHandler.cpp:39] profiler_start
USDT:2026-10-05 02:51:06 55399:55399 SyncActivityProfilerHandler.cpp:46] profiler_stop
USDT:2026-10-05 02:51:06 55399:55399 SyncActivityProfilerHandler.cpp:39] profiler_start
USDT:2026-10-05 02:51:06 55399:55399 SyncActivityProfilerHandler.cpp:46] profiler_stop
USDT:2026-10-05 02:51:06 55399:55399 SyncActivityProfilerHandler.cpp:39] profiler_start
USDT:2026-10-05 02:51:06 55399:55399 SyncActivityProfilerHandler.cpp:46] profiler_stop
USDT:2026-10-05 02:51:06 55399:55399 SyncActivityProfilerHandler.cpp:39] profiler_start
USDT:2026-10-05 02:51:06 55399:55399 SyncActivityProfilerHandler.cpp:46] profiler_stop
USDT:2026-10-05 02:51:06 55399:55399 SyncActivityProfilerHandler.cpp:39] profiler_start
USDT:2026-10-05 02:51:06 55399:55399 SyncActivityProfilerHandler.cpp:46] profiler_stop
USDT:2026-10-05 02:51:06 55399:55399 SyncActivityProfilerHandler.cpp:39] profiler_start
USDT:2026-10-05 02:51:06 55399:55399 SyncActivityProfilerHandler.cpp:46] profiler_stop
USDT:2026-10-05 02:51:06 55399:55399 SyncActivityProfilerHandler.cpp:39] profiler_start
USDT:2026-10-05 02:51:06 55399:55399 SyncActivityProfilerHandler.cpp:46] profiler_stop
USDT:2026-10-05 02:51:06 55399:55399 SyncActivityProfilerHandler.cpp:39] profiler_start
USDT:2026-10-05 02:51:06 55399:55399 SyncActivityProfilerHandler.cpp:46] profiler_stop
USDT:2026-10-05 02:51:06 55399:55399 SyncActivityProfilerHandler.cpp:39] profiler_start
USDT:2026-10-05 02:51:06 55399:55399 SyncActivityProfilerHandler.cpp:46] profiler_stop
USDT:2026-10-05 02:51:06 55399:55399 SyncActivityProfilerHandler.cpp:39] profiler_start
USDT:2026-10-05 02:51:06 55399:55399 SyncActivityProfilerHandler.cpp:46] profiler_stop
USDT:2026-10-05 02:51:06 55399:55399 SyncActivityProfilerHandler.cpp:39] profiler_start
USDT:2026-10-05 02:51:06 55399:55399 SyncActivityProfilerHandler.cpp:46] profiler_stop
USDT:2026-10-05 02:51:06 55399:55399 SyncActivityProfilerHandler.cpp:39] profiler_start
USDT:2026-10-05 02:51:06 55399:55399 SyncActivityProfilerHandler.cpp:46] profiler_stop
USDT:2026-10-05 02:51:06 55399:55399 SyncActivityProfilerHandler.cpp:39] profiler_start
USDT:2026-10-05 02:51:06 55399:55399 SyncActivityProfilerHandler.cpp:46] profiler_stop
USDT:2026-10-05 02:51:06 55399:55399 SyncActivityProfilerHandler.cpp:39] profiler_start
USDT:2026-10-05 02:51:06 55399:55399 SyncActivityProfilerHandler.cpp:46] profiler_stop
USDT:2026-10-05 02:51:06 55399:55399 SyncActivityProfilerHandler.cpp:39] profiler_start
USDT:2026-10-05 02:51:06 55399:55399 SyncActivityProfilerHandler.cpp:46] profiler_stop
USDT:2026-10-05 02:51:06 55399:55399 SyncActivityProfilerHandler.cpp:39] profiler_start
USDT:2026-10-05 02:51:06 55399:55399 SyncActivityProfilerHandler.cpp:46] profiler_stop
USDT:2026-10-05 02:51:06 55399:55399 SyncActivityProfilerHandler.cpp:39] profiler_start
USDT:2026-10-05 02:51:06 55399:55399 SyncActivityProfilerHandler.cpp:46] profiler_stop
USDT:2026-10-05 02:51:06 55399:55399 SyncActivityProfilerHandler.cpp:39] profiler_start
USDT:2026-10-05 02:51:06 55399:55399 SyncActivityProfilerHandler.cpp:46] profiler_stop
USDT:2026-10-05 02:51:06 55399:55399 SyncActivityProfilerHandler.cpp:39] profiler_start
USDT:2026-10-05 02:51:06 55399:55399 SyncActivityProfilerHandler.cpp:46] profiler_stop
USDT:2026-10-05 02:51:06 55399:55399 SyncActivityProfilerHandler.cpp:39] profiler_start
USDT:2026-10-05 02:51:06 55399:55399 SyncActivityProfilerHandler.cpp:46] profiler_stop
USDT:2026-10-05 02:51:06 55399:55399 SyncActivityProfilerHandler.cpp:39] profiler_start
USDT:2026-10-05 02:51:06 55399:55399 SyncActivityProfilerHandler.cpp:46] profiler_stop
USDT:2026-10-05 02:51:06 55399:55399 SyncActivityProfilerHandler.cpp:39] profiler_start
USDT:2026-10-05 02:51:06 55399:55399 SyncActivityProfilerHandler.cpp:46] profiler_stop
USDT:2026-10-05 02:51:06 55399:55399 SyncActivityProfilerHandler.cpp:39] profiler_start
USDT:2026-10-05 02:51:06 55399:55399 SyncActivityProfilerHandler.cpp:46] profiler_stop
USDT:2026-10-05 02:51:06 55399:55399 SyncActivityProfilerHandler.cpp:39] profiler_start
USDT:2026-10-05 02:51:06 55399:55399 SyncActivityProfilerHandler.cpp:46] profiler_stop
USDT:2026-10-05 02:51:06 55399:55399 SyncActivityProfilerHandler.cpp:39] profiler_start
USDT:2026-10-05 02:51:06 55399:55399 SyncActivityProfilerHandler.cpp:46] profiler_stop
USDT:2026-10-05 02:51:06 55399:55399 SyncActivityProfilerHandler.cpp:39] profiler_start
USDT:2026-10-05 02:51:06 55399:55399 SyncActivityProfilerHandler.cpp:46] profiler_stop
USDT:2026-10-05 02:51:06 55399:55399 SyncActivityProfilerHandler.cpp:39] profiler_start
USDT:2026-10-05 02:51:06 55399:55399 SyncActivityProfilerHandler.cpp:46] profiler_stop
USDT:2026-10-05 02:51:06 55399:55399 SyncActivityProfilerHandler.cpp:39] profiler_start
USDT:2026-10-05 02:51:06 55399:55399 SyncActivityProfilerHandler.cpp:46] profiler_stop
USDT:2026-10-05 02:51:06 55399:55399 SyncActivityProfilerHandler.cpp:39] profiler_start
USDT:2026-10-05 02:51:06 55399:55399 SyncActivityProfilerHandler.cpp:46] profiler_stop
USDT:2026-10-05 02:51:06 55399:55399 SyncActivityProfilerHandler.cpp:39] profiler_start
USDT:2026-10-05 02:51:06 55399:55399 SyncActivityProfilerHandler.cpp:46] profiler_stop
gate_up  M=   64 fp16   130.0us | bf16   140.0us | int_mm    80.0us | w8pack 43170.0us | sp24    90.0us | bf16 TFLOPS 23.0
USDT:2026-10-05 02:51:06 55399:55399 SyncActivityProfilerHandler.cpp:39] profiler_start
USDT:2026-10-05 02:51:06 55399:55399 SyncActivityProfilerHandler.cpp:46] profiler_stop
USDT:2026-10-05 02:51:06 55399:55399 SyncActivityProfilerHandler.cpp:39] profiler_start
USDT:2026-10-05 02:51:06 55399:55399 SyncActivityProfilerHandler.cpp:46] profiler_stop
USDT:2026-10-05 02:51:07 55399:55399 SyncActivityProfilerHandler.cpp:39] profiler_start
USDT:2026-10-05 02:51:07 55399:55399 SyncActivityProfilerHandler.cpp:46] profiler_stop
USDT:2026-10-05 02:51:07 55399:55399 SyncActivityProfilerHandler.cpp:39] profiler_start
USDT:2026-10-05 02:51:07 55399:55399 SyncActivityProfilerHandler.cpp:46] profiler_stop
USDT:2026-10-05 02:51:07 55399:55399 SyncActivityProfilerHandler.cpp:39] profiler_start
USDT:2026-10-05 02:51:07 55399:55399 SyncActivityProfilerHandler.cpp:46] profiler_stop
USDT:2026-10-05 02:51:07 55399:55399 SyncActivityProfilerHandler.cpp:39] profiler_start
USDT:2026-10-05 02:51:07 55399:55399 SyncActivityProfilerHandler.cpp:46] profiler_stop
USDT:2026-10-05 02:51:07 55399:55399 SyncActivityProfilerHandler.cpp:39] profiler_start
USDT:2026-10-05 02:51:07 55399:55399 SyncActivityProfilerHandler.cpp:46] profiler_stop
USDT:2026-10-05 02:51:07 55399:55399 SyncActivityProfilerHandler.cpp:39] profiler_start
USDT:2026-10-05 02:51:07 55399:55399 SyncActivityProfilerHandler.cpp:46] profiler_stop
USDT:2026-10-05 02:51:07 55399:55399 SyncActivityProfilerHandler.cpp:39] profiler_start
USDT:2026-10-05 02:51:07 55399:55399 SyncActivityProfilerHandler.cpp:46] profiler_stop
USDT:2026-10-05 02:51:07 55399:55399 SyncActivityProfilerHandler.cpp:39] profiler_start
USDT:2026-10-05 02:51:07 55399:55399 SyncActivityProfilerHandler.cpp:46] profiler_stop
USDT:2026-10-05 02:51:07 55399:55399 SyncActivityProfilerHandler.cpp:39] profiler_start
USDT:2026-10-05 02:51:07 55399:55399 SyncActivityProfilerHandler.cpp:46] profiler_stop
USDT:2026-10-05 02:51:07 55399:55399 SyncActivityProfilerHandler.cpp:39] profiler_start
USDT:2026-10-05 02:51:07 55399:55399 SyncActivityProfilerHandler.cpp:46] profiler_stop
USDT:2026-10-05 02:51:07 55399:55399 SyncActivityProfilerHandler.cpp:39] profiler_start
USDT:2026-10-05 02:51:07 55399:55399 SyncActivityProfilerHandler.cpp:46] profiler_stop
USDT:2026-10-05 02:51:07 55399:55399 SyncActivityProfilerHandler.cpp:39] profiler_start
USDT:2026-10-05 02:51:07 55399:55399 SyncActivityProfilerHandler.cpp:46] profiler_stop
USDT:2026-10-05 02:51:07 55399:55399 SyncActivityProfilerHandler.cpp:39] profiler_start
USDT:2026-10-05 02:51:07 55399:55399 SyncActivityProfilerHandler.cpp:46] profiler_stop
USDT:2026-10-05 02:51:07 55399:55399 SyncActivityProfilerHandler.cpp:39] profiler_start
USDT:2026-10-05 02:51:07 55399:55399 SyncActivityProfilerHandler.cpp:46] profiler_stop
USDT:2026-10-05 02:51:07 55399:55399 SyncActivityProfilerHandler.cpp:39] profiler_start
USDT:2026-10-05 02:51:07 55399:55399 SyncActivityProfilerHandler.cpp:46] profiler_stop
USDT:2026-10-05 02:51:07 55399:55399 SyncActivityProfilerHandler.cpp:39] profiler_start
USDT:2026-10-05 02:51:07 55399:55399 SyncActivityProfilerHandler.cpp:46] profiler_stop
USDT:2026-10-05 02:51:07 55399:55399 SyncActivityProfilerHandler.cpp:39] profiler_start
USDT:2026-10-05 02:51:07 55399:55399 SyncActivityProfilerHandler.cpp:46] profiler_stop
USDT:2026-10-05 02:51:07 55399:55399 SyncActivityProfilerHandler.cpp:39] profiler_start
USDT:2026-10-05 02:51:07 55399:55399 SyncActivityProfilerHandler.cpp:46] profiler_stop
USDT:2026-10-05 02:51:07 55399:55399 SyncActivityProfilerHandler.cpp:39] profiler_start
USDT:2026-10-05 02:51:07 55399:55399 SyncActivityProfilerHandler.cpp:46] profiler_stop
USDT:2026-10-05 02:51:07 55399:55399 SyncActivityProfilerHandler.cpp:39] profiler_start
USDT:2026-10-05 02:51:07 55399:55399 SyncActivityProfilerHandler.cpp:46] profiler_stop
USDT:2026-10-05 02:51:07 55399:55399 SyncActivityProfilerHandler.cpp:39] profiler_start
USDT:2026-10-05 02:51:07 55399:55399 SyncActivityProfilerHandler.cpp:46] profiler_stop
USDT:2026-10-05 02:51:07 55399:55399 SyncActivityProfilerHandler.cpp:39] profiler_start
USDT:2026-10-05 02:51:08 55399:55399 SyncActivityProfilerHandler.cpp:46] profiler_stop
USDT:2026-10-05 02:51:08 55399:55399 SyncActivityProfilerHandler.cpp:39] profiler_start
USDT:2026-10-05 02:51:08 55399:55399 SyncActivityProfilerHandler.cpp:46] profiler_stop
USDT:2026-10-05 02:51:08 55399:55399 SyncActivityProfilerHandler.cpp:39] profiler_start
USDT:2026-10-05 02:51:08 55399:55399 SyncActivityProfilerHandler.cpp:46] profiler_stop
USDT:2026-10-05 02:51:08 55399:55399 SyncActivityProfilerHandler.cpp:39] profiler_start
USDT:2026-10-05 02:51:08 55399:55399 SyncActivityProfilerHandler.cpp:46] profiler_stop
USDT:2026-10-05 02:51:08 55399:55399 SyncActivityProfilerHandler.cpp:39] profiler_start
USDT:2026-10-05 02:51:08 55399:55399 SyncActivityProfilerHandler.cpp:46] profiler_stop
USDT:2026-10-05 02:51:08 55399:55399 SyncActivityProfilerHandler.cpp:39] profiler_start
USDT:2026-10-05 02:51:09 55399:55399 SyncActivityProfilerHandler.cpp:46] profiler_stop
USDT:2026-10-05 02:51:09 55399:55399 SyncActivityProfilerHandler.cpp:39] profiler_start
USDT:2026-10-05 02:51:09 55399:55399 SyncActivityProfilerHandler.cpp:46] profiler_stop
USDT:2026-10-05 02:51:09 55399:55399 SyncActivityProfilerHandler.cpp:39] profiler_start
USDT:2026-10-05 02:51:09 55399:55399 SyncActivityProfilerHandler.cpp:46] profiler_stop
USDT:2026-10-05 02:51:09 55399:55399 SyncActivityProfilerHandler.cpp:39] profiler_start
USDT:2026-10-05 02:51:09 55399:55399 SyncActivityProfilerHandler.cpp:46] profiler_stop
USDT:2026-10-05 02:51:09 55399:55399 SyncActivityProfilerHandler.cpp:39] profiler_start
USDT:2026-10-05 02:51:09 55399:55399 SyncActivityProfilerHandler.cpp:46] profiler_stop
USDT:2026-10-05 02:51:09 55399:55399 SyncActivityProfilerHandler.cpp:39] profiler_start
USDT:2026-10-05 02:51:09 55399:55399 SyncActivityProfilerHandler.cpp:46] profiler_stop
USDT:2026-10-05 02:51:09 55399:55399 SyncActivityProfilerHandler.cpp:39] profiler_start
USDT:2026-10-05 02:51:09 55399:55399 SyncActivityProfilerHandler.cpp:46] profiler_stop
gate_up  M=  256 fp16   240.0us | bf16   240.0us | int_mm   120.0us | w8pack 176330.0us | sp24   280.0us | bf16 TFLOPS 53.7
USDT:2026-10-05 02:51:09 55399:55399 SyncActivityProfilerHandler.cpp:39] profiler_start
USDT:2026-10-05 02:51:09 55399:55399 SyncActivityProfilerHandler.cpp:46] profiler_stop
USDT:2026-10-05 02:51:09 55399:55399 SyncActivityProfilerHandler.cpp:39] profiler_start
USDT:2026-10-05 02:51:09 55399:55399 SyncActivityProfilerHandler.cpp:46] profiler_stop
USDT:2026-10-05 02:51:09 55399:55399 SyncActivityProfilerHandler.cpp:39] profiler_start
USDT:2026-10-05 02:51:09 55399:55399 SyncActivityProfilerHandler.cpp:46] profiler_stop
USDT:2026-10-05 02:51:09 55399:55399 SyncActivityProfilerHandler.cpp:39] profiler_start
USDT:2026-10-05 02:51:09 55399:55399 SyncActivityProfilerHandler.cpp:46] profiler_stop
USDT:2026-10-05 02:51:09 55399:55399 SyncActivityProfilerHandler.cpp:39] profiler_start
USDT:2026-10-05 02:51:09 55399:55399 SyncActivityProfilerHandler.cpp:46] profiler_stop
USDT:2026-10-05 02:51:09 55399:55399 SyncActivityProfilerHandler.cpp:39] profiler_start
USDT:2026-10-05 02:51:09 55399:55399 SyncActivityProfilerHandler.cpp:46] profiler_stop
USDT:2026-10-05 02:51:09 55399:55399 SyncActivityProfilerHandler.cpp:39] profiler_start
USDT:2026-10-05 02:51:09 55399:55399 SyncActivityProfilerHandler.cpp:46] profiler_stop
USDT:2026-10-05 02:51:09 55399:55399 SyncActivityProfilerHandler.cpp:39] profiler_start
USDT:2026-10-05 02:51:09 55399:55399 SyncActivityProfilerHandler.cpp:46] profiler_stop
USDT:2026-10-05 02:51:09 55399:55399 SyncActivityProfilerHandler.cpp:39] profiler_start
USDT:2026-10-05 02:51:09 55399:55399 SyncActivityProfilerHandler.cpp:46] profiler_stop
USDT:2026-10-05 02:51:09 55399:55399 SyncActivityProfilerHandler.cpp:39] profiler_start
USDT:2026-10-05 02:51:09 55399:55399 SyncActivityProfilerHandler.cpp:46] profiler_stop
USDT:2026-10-05 02:51:09 55399:55399 SyncActivityProfilerHandler.cpp:39] profiler_start
USDT:2026-10-05 02:51:09 55399:55399 SyncActivityProfilerHandler.cpp:46] profiler_stop
USDT:2026-10-05 02:51:09 55399:55399 SyncActivityProfilerHandler.cpp:39] profiler_start
USDT:2026-10-05 02:51:09 55399:55399 SyncActivityProfilerHandler.cpp:46] profiler_stop
USDT:2026-10-05 02:51:09 55399:55399 SyncActivityProfilerHandler.cpp:39] profiler_start
USDT:2026-10-05 02:51:09 55399:55399 SyncActivityProfilerHandler.cpp:46] profiler_stop
USDT:2026-10-05 02:51:09 55399:55399 SyncActivityProfilerHandler.cpp:39] profiler_start
USDT:2026-10-05 02:51:09 55399:55399 SyncActivityProfilerHandler.cpp:46] profiler_stop
USDT:2026-10-05 02:51:09 55399:55399 SyncActivityProfilerHandler.cpp:39] profiler_start
USDT:2026-10-05 02:51:09 55399:55399 SyncActivityProfilerHandler.cpp:46] profiler_stop
USDT:2026-10-05 02:51:09 55399:55399 SyncActivityProfilerHandler.cpp:39] profiler_start
USDT:2026-10-05 02:51:09 55399:55399 SyncActivityProfilerHandler.cpp:46] profiler_stop
USDT:2026-10-05 02:51:09 55399:55399 SyncActivityProfilerHandler.cpp:39] profiler_start
USDT:2026-10-05 02:51:09 55399:55399 SyncActivityProfilerHandler.cpp:46] profiler_stop
USDT:2026-10-05 02:51:09 55399:55399 SyncActivityProfilerHandler.cpp:39] profiler_start
USDT:2026-10-05 02:51:09 55399:55399 SyncActivityProfilerHandler.cpp:46] profiler_stop
USDT:2026-10-05 02:51:09 55399:55399 SyncActivityProfilerHandler.cpp:39] profiler_start
USDT:2026-10-05 02:51:09 55399:55399 SyncActivityProfilerHandler.cpp:46] profiler_stop
USDT:2026-10-05 02:51:09 55399:55399 SyncActivityProfilerHandler.cpp:39] profiler_start
USDT:2026-10-05 02:51:09 55399:55399 SyncActivityProfilerHandler.cpp:46] profiler_stop
USDT:2026-10-05 02:51:09 55399:55399 SyncActivityProfilerHandler.cpp:39] profiler_start
USDT:2026-10-05 02:51:09 55399:55399 SyncActivityProfilerHandler.cpp:46] profiler_stop
USDT:2026-10-05 02:51:10 55399:55399 SyncActivityProfilerHandler.cpp:39] profiler_start
USDT:2026-10-05 02:51:11 55399:55399 SyncActivityProfilerHandler.cpp:46] profiler_stop
USDT:2026-10-05 02:51:11 55399:55399 SyncActivityProfilerHandler.cpp:39] profiler_start
USDT:2026-10-05 02:51:12 55399:55399 SyncActivityProfilerHandler.cpp:46] profiler_stop
USDT:2026-10-05 02:51:12 55399:55399 SyncActivityProfilerHandler.cpp:39] profiler_start
USDT:2026-10-05 02:51:13 55399:55399 SyncActivityProfilerHandler.cpp:46] profiler_stop
USDT:2026-10-05 02:51:13 55399:55399 SyncActivityProfilerHandler.cpp:39] profiler_start
USDT:2026-10-05 02:51:13 55399:55399 SyncActivityProfilerHandler.cpp:46] profiler_stop
USDT:2026-10-05 02:51:13 55399:55399 SyncActivityProfilerHandler.cpp:39] profiler_start
USDT:2026-10-05 02:51:14 55399:55399 SyncActivityProfilerHandler.cpp:46] profiler_stop
USDT:2026-10-05 02:51:14 55399:55399 SyncActivityProfilerHandler.cpp:39] profiler_start
USDT:2026-10-05 02:51:15 55399:55399 SyncActivityProfilerHandler.cpp:46] profiler_stop
USDT:2026-10-05 02:51:15 55399:55399 SyncActivityProfilerHandler.cpp:39] profiler_start
USDT:2026-10-05 02:51:16 55399:55399 SyncActivityProfilerHandler.cpp:46] profiler_stop
USDT:2026-10-05 02:51:16 55399:55399 SyncActivityProfilerHandler.cpp:39] profiler_start
USDT:2026-10-05 02:51:16 55399:55399 SyncActivityProfilerHandler.cpp:46] profiler_stop
USDT:2026-10-05 02:51:16 55399:55399 SyncActivityProfilerHandler.cpp:39] profiler_start
USDT:2026-10-05 02:51:16 55399:55399 SyncActivityProfilerHandler.cpp:46] profiler_stop
USDT:2026-10-05 02:51:16 55399:55399 SyncActivityProfilerHandler.cpp:39] profiler_start
USDT:2026-10-05 02:51:16 55399:55399 SyncActivityProfilerHandler.cpp:46] profiler_stop
USDT:2026-10-05 02:51:16 55399:55399 SyncActivityProfilerHandler.cpp:39] profiler_start
USDT:2026-10-05 02:51:16 55399:55399 SyncActivityProfilerHandler.cpp:46] profiler_stop
USDT:2026-10-05 02:51:16 55399:55399 SyncActivityProfilerHandler.cpp:39] profiler_start
USDT:2026-10-05 02:51:16 55399:55399 SyncActivityProfilerHandler.cpp:46] profiler_stop
USDT:2026-10-05 02:51:16 55399:55399 SyncActivityProfilerHandler.cpp:39] profiler_start
USDT:2026-10-05 02:51:16 55399:55399 SyncActivityProfilerHandler.cpp:46] profiler_stop
USDT:2026-10-05 02:51:16 55399:55399 SyncActivityProfilerHandler.cpp:39] profiler_start
USDT:2026-10-05 02:51:16 55399:55399 SyncActivityProfilerHandler.cpp:46] profiler_stop
gate_up  M= 1024 fp16   910.0us | bf16   820.0us | int_mm   490.0us | w8pack 732840.0us | sp24  1090.0us | bf16 TFLOPS 62.9
USDT:2026-10-05 02:51:16 55399:55399 SyncActivityProfilerHandler.cpp:39] profiler_start
USDT:2026-10-05 02:51:16 55399:55399 SyncActivityProfilerHandler.cpp:46] profiler_stop
USDT:2026-10-05 02:51:16 55399:55399 SyncActivityProfilerHandler.cpp:39] profiler_start
USDT:2026-10-05 02:51:16 55399:55399 SyncActivityProfilerHandler.cpp:46] profiler_stop
USDT:2026-10-05 02:51:16 55399:55399 SyncActivityProfilerHandler.cpp:39] profiler_start
USDT:2026-10-05 02:51:16 55399:55399 SyncActivityProfilerHandler.cpp:46] profiler_stop
USDT:2026-10-05 02:51:16 55399:55399 SyncActivityProfilerHandler.cpp:39] profiler_start
USDT:2026-10-05 02:51:16 55399:55399 SyncActivityProfilerHandler.cpp:46] profiler_stop
USDT:2026-10-05 02:51:16 55399:55399 SyncActivityProfilerHandler.cpp:39] profiler_start
USDT:2026-10-05 02:51:16 55399:55399 SyncActivityProfilerHandler.cpp:46] profiler_stop
USDT:2026-10-05 02:51:16 55399:55399 SyncActivityProfilerHandler.cpp:39] profiler_start
USDT:2026-10-05 02:51:16 55399:55399 SyncActivityProfilerHandler.cpp:46] profiler_stop
USDT:2026-10-05 02:51:16 55399:55399 SyncActivityProfilerHandler.cpp:39] profiler_start
USDT:2026-10-05 02:51:16 55399:55399 SyncActivityProfilerHandler.cpp:46] profiler_stop
USDT:2026-10-05 02:51:16 55399:55399 SyncActivityProfilerHandler.cpp:39] profiler_start
USDT:2026-10-05 02:51:16 55399:55399 SyncActivityProfilerHandler.cpp:46] profiler_stop
USDT:2026-10-05 02:51:16 55399:55399 SyncActivityProfilerHandler.cpp:39] profiler_start
USDT:2026-10-05 02:51:16 55399:55399 SyncActivityProfilerHandler.cpp:46] profiler_stop
USDT:2026-10-05 02:51:16 55399:55399 SyncActivityProfilerHandler.cpp:39] profiler_start
USDT:2026-10-05 02:51:16 55399:55399 SyncActivityProfilerHandler.cpp:46] profiler_stop
USDT:2026-10-05 02:51:16 55399:55399 SyncActivityProfilerHandler.cpp:39] profiler_start
USDT:2026-10-05 02:51:16 55399:55399 SyncActivityProfilerHandler.cpp:46] profiler_stop
USDT:2026-10-05 02:51:16 55399:55399 SyncActivityProfilerHandler.cpp:39] profiler_start
USDT:2026-10-05 02:51:16 55399:55399 SyncActivityProfilerHandler.cpp:46] profiler_stop
USDT:2026-10-05 02:51:16 55399:55399 SyncActivityProfilerHandler.cpp:39] profiler_start
USDT:2026-10-05 02:51:16 55399:55399 SyncActivityProfilerHandler.cpp:46] profiler_stop
USDT:2026-10-05 02:51:16 55399:55399 SyncActivityProfilerHandler.cpp:39] profiler_start
USDT:2026-10-05 02:51:16 55399:55399 SyncActivityProfilerHandler.cpp:46] profiler_stop
USDT:2026-10-05 02:51:16 55399:55399 SyncActivityProfilerHandler.cpp:39] profiler_start
USDT:2026-10-05 02:51:16 55399:55399 SyncActivityProfilerHandler.cpp:46] profiler_stop
USDT:2026-10-05 02:51:16 55399:55399 SyncActivityProfilerHandler.cpp:39] profiler_start
USDT:2026-10-05 02:51:16 55399:55399 SyncActivityProfilerHandler.cpp:46] profiler_stop
USDT:2026-10-05 02:51:16 55399:55399 SyncActivityProfilerHandler.cpp:39] profiler_start
USDT:2026-10-05 02:51:16 55399:55399 SyncActivityProfilerHandler.cpp:46] profiler_stop
USDT:2026-10-05 02:51:16 55399:55399 SyncActivityProfilerHandler.cpp:39] profiler_start
USDT:2026-10-05 02:51:16 55399:55399 SyncActivityProfilerHandler.cpp:46] profiler_stop
USDT:2026-10-05 02:51:16 55399:55399 SyncActivityProfilerHandler.cpp:39] profiler_start
USDT:2026-10-05 02:51:16 55399:55399 SyncActivityProfilerHandler.cpp:46] profiler_stop
USDT:2026-10-05 02:51:16 55399:55399 SyncActivityProfilerHandler.cpp:39] profiler_start
USDT:2026-10-05 02:51:16 55399:55399 SyncActivityProfilerHandler.cpp:46] profiler_stop
USDT:2026-10-05 02:51:16 55399:55399 SyncActivityProfilerHandler.cpp:39] profiler_start
USDT:2026-10-05 02:51:16 55399:55399 SyncActivityProfilerHandler.cpp:46] profiler_stop
USDT:2026-10-05 02:51:19 55399:55399 SyncActivityProfilerHandler.cpp:39] profiler_start
USDT:2026-10-05 02:51:21 55399:55399 SyncActivityProfilerHandler.cpp:46] profiler_stop
USDT:2026-10-05 02:51:21 55399:55399 SyncActivityProfilerHandler.cpp:39] profiler_start
USDT:2026-10-05 02:51:23 55399:55399 SyncActivityProfilerHandler.cpp:46] profiler_stop
USDT:2026-10-05 02:51:23 55399:55399 SyncActivityProfilerHandler.cpp:39] profiler_start
USDT:2026-10-05 02:51:24 55399:55399 SyncActivityProfilerHandler.cpp:46] profiler_stop
USDT:2026-10-05 02:51:24 55399:55399 SyncActivityProfilerHandler.cpp:39] profiler_start
USDT:2026-10-05 02:51:25 55399:55399 SyncActivityProfilerHandler.cpp:46] profiler_stop
USDT:2026-10-05 02:51:25 55399:55399 SyncActivityProfilerHandler.cpp:39] profiler_start
USDT:2026-10-05 02:51:27 55399:55399 SyncActivityProfilerHandler.cpp:46] profiler_stop
USDT:2026-10-05 02:51:27 55399:55399 SyncActivityProfilerHandler.cpp:39] profiler_start
USDT:2026-10-05 02:51:28 55399:55399 SyncActivityProfilerHandler.cpp:46] profiler_stop
USDT:2026-10-05 02:51:28 55399:55399 SyncActivityProfilerHandler.cpp:39] profiler_start
USDT:2026-10-05 02:51:30 55399:55399 SyncActivityProfilerHandler.cpp:46] profiler_stop
USDT:2026-10-05 02:51:30 55399:55399 SyncActivityProfilerHandler.cpp:39] profiler_start
USDT:2026-10-05 02:51:30 55399:55399 SyncActivityProfilerHandler.cpp:46] profiler_stop
USDT:2026-10-05 02:51:30 55399:55399 SyncActivityProfilerHandler.cpp:39] profiler_start
USDT:2026-10-05 02:51:30 55399:55399 SyncActivityProfilerHandler.cpp:46] profiler_stop
USDT:2026-10-05 02:51:30 55399:55399 SyncActivityProfilerHandler.cpp:39] profiler_start
USDT:2026-10-05 02:51:30 55399:55399 SyncActivityProfilerHandler.cpp:46] profiler_stop
USDT:2026-10-05 02:51:30 55399:55399 SyncActivityProfilerHandler.cpp:39] profiler_start
USDT:2026-10-05 02:51:30 55399:55399 SyncActivityProfilerHandler.cpp:46] profiler_stop
USDT:2026-10-05 02:51:30 55399:55399 SyncActivityProfilerHandler.cpp:39] profiler_start
USDT:2026-10-05 02:51:30 55399:55399 SyncActivityProfilerHandler.cpp:46] profiler_stop
USDT:2026-10-05 02:51:30 55399:55399 SyncActivityProfilerHandler.cpp:39] profiler_start
USDT:2026-10-05 02:51:30 55399:55399 SyncActivityProfilerHandler.cpp:46] profiler_stop
USDT:2026-10-05 02:51:30 55399:55399 SyncActivityProfilerHandler.cpp:39] profiler_start
USDT:2026-10-05 02:51:30 55399:55399 SyncActivityProfilerHandler.cpp:46] profiler_stop
gate_up  M= 2048 fp16  1680.0us | bf16  1640.0us | int_mm   940.0us | w8pack 1411750.0us | sp24 11430.0us | bf16 TFLOPS 62.9
USDT:2026-10-05 02:51:30 55399:55399 SyncActivityProfilerHandler.cpp:39] profiler_start
USDT:2026-10-05 02:51:30 55399:55399 SyncActivityProfilerHandler.cpp:46] profiler_stop
USDT:2026-10-05 02:51:30 55399:55399 SyncActivityProfilerHandler.cpp:39] profiler_start
USDT:2026-10-05 02:51:30 55399:55399 SyncActivityProfilerHandler.cpp:46] profiler_stop
USDT:2026-10-05 02:51:30 55399:55399 SyncActivityProfilerHandler.cpp:39] profiler_start
USDT:2026-10-05 02:51:30 55399:55399 SyncActivityProfilerHandler.cpp:46] profiler_stop
USDT:2026-10-05 02:51:30 55399:55399 SyncActivityProfilerHandler.cpp:39] profiler_start
USDT:2026-10-05 02:51:30 55399:55399 SyncActivityProfilerHandler.cpp:46] profiler_stop
USDT:2026-10-05 02:51:30 55399:55399 SyncActivityProfilerHandler.cpp:39] profiler_start
USDT:2026-10-05 02:51:30 55399:55399 SyncActivityProfilerHandler.cpp:46] profiler_stop
USDT:2026-10-05 02:51:30 55399:55399 SyncActivityProfilerHandler.cpp:39] profiler_start
USDT:2026-10-05 02:51:30 55399:55399 SyncActivityProfilerHandler.cpp:46] profiler_stop
USDT:2026-10-05 02:51:30 55399:55399 SyncActivityProfilerHandler.cpp:39] profiler_start
USDT:2026-10-05 02:51:30 55399:55399 SyncActivityProfilerHandler.cpp:46] profiler_stop
USDT:2026-10-05 02:51:30 55399:55399 SyncActivityProfilerHandler.cpp:39] profiler_start
USDT:2026-10-05 02:51:30 55399:55399 SyncActivityProfilerHandler.cpp:46] profiler_stop
USDT:2026-10-05 02:51:30 55399:55399 SyncActivityProfilerHandler.cpp:39] profiler_start
USDT:2026-10-05 02:51:30 55399:55399 SyncActivityProfilerHandler.cpp:46] profiler_stop
USDT:2026-10-05 02:51:30 55399:55399 SyncActivityProfilerHandler.cpp:39] profiler_start
USDT:2026-10-05 02:51:30 55399:55399 SyncActivityProfilerHandler.cpp:46] profiler_stop
USDT:2026-10-05 02:51:30 55399:55399 SyncActivityProfilerHandler.cpp:39] profiler_start
USDT:2026-10-05 02:51:30 55399:55399 SyncActivityProfilerHandler.cpp:46] profiler_stop
USDT:2026-10-05 02:51:30 55399:55399 SyncActivityProfilerHandler.cpp:39] profiler_start
USDT:2026-10-05 02:51:30 55399:55399 SyncActivityProfilerHandler.cpp:46] profiler_stop
USDT:2026-10-05 02:51:30 55399:55399 SyncActivityProfilerHandler.cpp:39] profiler_start
USDT:2026-10-05 02:51:30 55399:55399 SyncActivityProfilerHandler.cpp:46] profiler_stop
USDT:2026-10-05 02:51:30 55399:55399 SyncActivityProfilerHandler.cpp:39] profiler_start
USDT:2026-10-05 02:51:30 55399:55399 SyncActivityProfilerHandler.cpp:46] profiler_stop
USDT:2026-10-05 02:51:30 55399:55399 SyncActivityProfilerHandler.cpp:39] profiler_start
USDT:2026-10-05 02:51:30 55399:55399 SyncActivityProfilerHandler.cpp:46] profiler_stop
USDT:2026-10-05 02:51:30 55399:55399 SyncActivityProfilerHandler.cpp:39] profiler_start
USDT:2026-10-05 02:51:30 55399:55399 SyncActivityProfilerHandler.cpp:46] profiler_stop
USDT:2026-10-05 02:51:30 55399:55399 SyncActivityProfilerHandler.cpp:39] profiler_start
USDT:2026-10-05 02:51:30 55399:55399 SyncActivityProfilerHandler.cpp:46] profiler_stop
USDT:2026-10-05 02:51:30 55399:55399 SyncActivityProfilerHandler.cpp:39] profiler_start
USDT:2026-10-05 02:51:30 55399:55399 SyncActivityProfilerHandler.cpp:46] profiler_stop
USDT:2026-10-05 02:51:30 55399:55399 SyncActivityProfilerHandler.cpp:39] profiler_start
USDT:2026-10-05 02:51:30 55399:55399 SyncActivityProfilerHandler.cpp:46] profiler_stop
USDT:2026-10-05 02:51:30 55399:55399 SyncActivityProfilerHandler.cpp:39] profiler_start
USDT:2026-10-05 02:51:30 55399:55399 SyncActivityProfilerHandler.cpp:46] profiler_stop
USDT:2026-10-05 02:51:30 55399:55399 SyncActivityProfilerHandler.cpp:39] profiler_start
USDT:2026-10-05 02:51:30 55399:55399 SyncActivityProfilerHandler.cpp:46] profiler_stop
USDT:2026-10-05 02:51:30 55399:55399 SyncActivityProfilerHandler.cpp:39] profiler_start
USDT:2026-10-05 02:51:30 55399:55399 SyncActivityProfilerHandler.cpp:46] profiler_stop
USDT:2026-10-05 02:51:30 55399:55399 SyncActivityProfilerHandler.cpp:39] profiler_start
USDT:2026-10-05 02:51:30 55399:55399 SyncActivityProfilerHandler.cpp:46] profiler_stop
USDT:2026-10-05 02:51:30 55399:55399 SyncActivityProfilerHandler.cpp:39] profiler_start
USDT:2026-10-05 02:51:30 55399:55399 SyncActivityProfilerHandler.cpp:46] profiler_stop
USDT:2026-10-05 02:51:30 55399:55399 SyncActivityProfilerHandler.cpp:39] profiler_start
USDT:2026-10-05 02:51:30 55399:55399 SyncActivityProfilerHandler.cpp:46] profiler_stop
USDT:2026-10-05 02:51:30 55399:55399 SyncActivityProfilerHandler.cpp:39] profiler_start
USDT:2026-10-05 02:51:30 55399:55399 SyncActivityProfilerHandler.cpp:46] profiler_stop
USDT:2026-10-05 02:51:30 55399:55399 SyncActivityProfilerHandler.cpp:39] profiler_start
USDT:2026-10-05 02:51:30 55399:55399 SyncActivityProfilerHandler.cpp:46] profiler_stop
USDT:2026-10-05 02:51:30 55399:55399 SyncActivityProfilerHandler.cpp:39] profiler_start
USDT:2026-10-05 02:51:30 55399:55399 SyncActivityProfilerHandler.cpp:46] profiler_stop
USDT:2026-10-05 02:51:30 55399:55399 SyncActivityProfilerHandler.cpp:39] profiler_start
USDT:2026-10-05 02:51:30 55399:55399 SyncActivityProfilerHandler.cpp:46] profiler_stop
USDT:2026-10-05 02:51:30 55399:55399 SyncActivityProfilerHandler.cpp:39] profiler_start
USDT:2026-10-05 02:51:30 55399:55399 SyncActivityProfilerHandler.cpp:46] profiler_stop
USDT:2026-10-05 02:51:30 55399:55399 SyncActivityProfilerHandler.cpp:39] profiler_start
USDT:2026-10-05 02:51:30 55399:55399 SyncActivityProfilerHandler.cpp:46] profiler_stop
USDT:2026-10-05 02:51:30 55399:55399 SyncActivityProfilerHandler.cpp:39] profiler_start
USDT:2026-10-05 02:51:30 55399:55399 SyncActivityProfilerHandler.cpp:46] profiler_stop
USDT:2026-10-05 02:51:30 55399:55399 SyncActivityProfilerHandler.cpp:39] profiler_start
USDT:2026-10-05 02:51:30 55399:55399 SyncActivityProfilerHandler.cpp:46] profiler_stop
USDT:2026-10-05 02:51:30 55399:55399 SyncActivityProfilerHandler.cpp:39] profiler_start
USDT:2026-10-05 02:51:30 55399:55399 SyncActivityProfilerHandler.cpp:46] profiler_stop
USDT:2026-10-05 02:51:30 55399:55399 SyncActivityProfilerHandler.cpp:39] profiler_start
USDT:2026-10-05 02:51:30 55399:55399 SyncActivityProfilerHandler.cpp:46] profiler_stop
down     M=   16 fp16    70.0us | bf16    70.0us | int_mm    60.0us | w8pack  1090.0us | sp24    70.0us | bf16 TFLOPS 5.8
USDT:2026-10-05 02:51:31 55399:55399 SyncActivityProfilerHandler.cpp:39] profiler_start
USDT:2026-10-05 02:51:31 55399:55399 SyncActivityProfilerHandler.cpp:46] profiler_stop
USDT:2026-10-05 02:51:31 55399:55399 SyncActivityProfilerHandler.cpp:39] profiler_start
USDT:2026-10-05 02:51:31 55399:55399 SyncActivityProfilerHandler.cpp:46] profiler_stop
USDT:2026-10-05 02:51:31 55399:55399 SyncActivityProfilerHandler.cpp:39] profiler_start
USDT:2026-10-05 02:51:31 55399:55399 SyncActivityProfilerHandler.cpp:46] profiler_stop
USDT:2026-10-05 02:51:31 55399:55399 SyncActivityProfilerHandler.cpp:39] profiler_start
USDT:2026-10-05 02:51:31 55399:55399 SyncActivityProfilerHandler.cpp:46] profiler_stop
USDT:2026-10-05 02:51:31 55399:55399 SyncActivityProfilerHandler.cpp:39] profiler_start
USDT:2026-10-05 02:51:31 55399:55399 SyncActivityProfilerHandler.cpp:46] profiler_stop
USDT:2026-10-05 02:51:31 55399:55399 SyncActivityProfilerHandler.cpp:39] profiler_start
USDT:2026-10-05 02:51:31 55399:55399 SyncActivityProfilerHandler.cpp:46] profiler_stop
USDT:2026-10-05 02:51:31 55399:55399 SyncActivityProfilerHandler.cpp:39] profiler_start
USDT:2026-10-05 02:51:31 55399:55399 SyncActivityProfilerHandler.cpp:46] profiler_stop
USDT:2026-10-05 02:51:31 55399:55399 SyncActivityProfilerHandler.cpp:39] profiler_start
USDT:2026-10-05 02:51:31 55399:55399 SyncActivityProfilerHandler.cpp:46] profiler_stop
USDT:2026-10-05 02:51:31 55399:55399 SyncActivityProfilerHandler.cpp:39] profiler_start
USDT:2026-10-05 02:51:31 55399:55399 SyncActivityProfilerHandler.cpp:46] profiler_stop
USDT:2026-10-05 02:51:31 55399:55399 SyncActivityProfilerHandler.cpp:39] profiler_start
USDT:2026-10-05 02:51:31 55399:55399 SyncActivityProfilerHandler.cpp:46] profiler_stop
USDT:2026-10-05 02:51:31 55399:55399 SyncActivityProfilerHandler.cpp:39] profiler_start
USDT:2026-10-05 02:51:31 55399:55399 SyncActivityProfilerHandler.cpp:46] profiler_stop
USDT:2026-10-05 02:51:31 55399:55399 SyncActivityProfilerHandler.cpp:39] profiler_start
USDT:2026-10-05 02:51:31 55399:55399 SyncActivityProfilerHandler.cpp:46] profiler_stop
USDT:2026-10-05 02:51:31 55399:55399 SyncActivityProfilerHandler.cpp:39] profiler_start
USDT:2026-10-05 02:51:31 55399:55399 SyncActivityProfilerHandler.cpp:46] profiler_stop
USDT:2026-10-05 02:51:31 55399:55399 SyncActivityProfilerHandler.cpp:39] profiler_start
USDT:2026-10-05 02:51:31 55399:55399 SyncActivityProfilerHandler.cpp:46] profiler_stop
USDT:2026-10-05 02:51:31 55399:55399 SyncActivityProfilerHandler.cpp:39] profiler_start
USDT:2026-10-05 02:51:31 55399:55399 SyncActivityProfilerHandler.cpp:46] profiler_stop
USDT:2026-10-05 02:51:31 55399:55399 SyncActivityProfilerHandler.cpp:39] profiler_start
USDT:2026-10-05 02:51:31 55399:55399 SyncActivityProfilerHandler.cpp:46] profiler_stop
USDT:2026-10-05 02:51:31 55399:55399 SyncActivityProfilerHandler.cpp:39] profiler_start
USDT:2026-10-05 02:51:31 55399:55399 SyncActivityProfilerHandler.cpp:46] profiler_stop
USDT:2026-10-05 02:51:31 55399:55399 SyncActivityProfilerHandler.cpp:39] profiler_start
USDT:2026-10-05 02:51:31 55399:55399 SyncActivityProfilerHandler.cpp:46] profiler_stop
USDT:2026-10-05 02:51:31 55399:55399 SyncActivityProfilerHandler.cpp:39] profiler_start
USDT:2026-10-05 02:51:31 55399:55399 SyncActivityProfilerHandler.cpp:46] profiler_stop
USDT:2026-10-05 02:51:31 55399:55399 SyncActivityProfilerHandler.cpp:39] profiler_start
USDT:2026-10-05 02:51:31 55399:55399 SyncActivityProfilerHandler.cpp:46] profiler_stop
USDT:2026-10-05 02:51:31 55399:55399 SyncActivityProfilerHandler.cpp:39] profiler_start
USDT:2026-10-05 02:51:31 55399:55399 SyncActivityProfilerHandler.cpp:46] profiler_stop
USDT:2026-10-05 02:51:31 55399:55399 SyncActivityProfilerHandler.cpp:39] profiler_start
USDT:2026-10-05 02:51:31 55399:55399 SyncActivityProfilerHandler.cpp:46] profiler_stop
USDT:2026-10-05 02:51:31 55399:55399 SyncActivityProfilerHandler.cpp:39] profiler_start
USDT:2026-10-05 02:51:31 55399:55399 SyncActivityProfilerHandler.cpp:46] profiler_stop
USDT:2026-10-05 02:51:31 55399:55399 SyncActivityProfilerHandler.cpp:39] profiler_start
USDT:2026-10-05 02:51:31 55399:55399 SyncActivityProfilerHandler.cpp:46] profiler_stop
USDT:2026-10-05 02:51:31 55399:55399 SyncActivityProfilerHandler.cpp:39] profiler_start
USDT:2026-10-05 02:51:31 55399:55399 SyncActivityProfilerHandler.cpp:46] profiler_stop
USDT:2026-10-05 02:51:31 55399:55399 SyncActivityProfilerHandler.cpp:39] profiler_start
USDT:2026-10-05 02:51:31 55399:55399 SyncActivityProfilerHandler.cpp:46] profiler_stop
USDT:2026-10-05 02:51:31 55399:55399 SyncActivityProfilerHandler.cpp:39] profiler_start
USDT:2026-10-05 02:51:31 55399:55399 SyncActivityProfilerHandler.cpp:46] profiler_stop
USDT:2026-10-05 02:51:31 55399:55399 SyncActivityProfilerHandler.cpp:39] profiler_start
USDT:2026-10-05 02:51:31 55399:55399 SyncActivityProfilerHandler.cpp:46] profiler_stop
USDT:2026-10-05 02:51:31 55399:55399 SyncActivityProfilerHandler.cpp:39] profiler_start
USDT:2026-10-05 02:51:31 55399:55399 SyncActivityProfilerHandler.cpp:46] profiler_stop
USDT:2026-10-05 02:51:31 55399:55399 SyncActivityProfilerHandler.cpp:39] profiler_start
USDT:2026-10-05 02:51:31 55399:55399 SyncActivityProfilerHandler.cpp:46] profiler_stop
USDT:2026-10-05 02:51:31 55399:55399 SyncActivityProfilerHandler.cpp:39] profiler_start
USDT:2026-10-05 02:51:31 55399:55399 SyncActivityProfilerHandler.cpp:46] profiler_stop
USDT:2026-10-05 02:51:31 55399:55399 SyncActivityProfilerHandler.cpp:39] profiler_start
USDT:2026-10-05 02:51:31 55399:55399 SyncActivityProfilerHandler.cpp:46] profiler_stop
USDT:2026-10-05 02:51:31 55399:55399 SyncActivityProfilerHandler.cpp:39] profiler_start
USDT:2026-10-05 02:51:31 55399:55399 SyncActivityProfilerHandler.cpp:46] profiler_stop
USDT:2026-10-05 02:51:31 55399:55399 SyncActivityProfilerHandler.cpp:39] profiler_start
USDT:2026-10-05 02:51:31 55399:55399 SyncActivityProfilerHandler.cpp:46] profiler_stop
USDT:2026-10-05 02:51:31 55399:55399 SyncActivityProfilerHandler.cpp:39] profiler_start
USDT:2026-10-05 02:51:31 55399:55399 SyncActivityProfilerHandler.cpp:46] profiler_stop
down     M=   64 fp16    70.0us | bf16    70.0us | int_mm    60.0us | w8pack 13310.0us | sp24    70.0us | bf16 TFLOPS 23.0
USDT:2026-10-05 02:51:31 55399:55399 SyncActivityProfilerHandler.cpp:39] profiler_start
USDT:2026-10-05 02:51:31 55399:55399 SyncActivityProfilerHandler.cpp:46] profiler_stop
USDT:2026-10-05 02:51:31 55399:55399 SyncActivityProfilerHandler.cpp:39] profiler_start
USDT:2026-10-05 02:51:31 55399:55399 SyncActivityProfilerHandler.cpp:46] profiler_stop
USDT:2026-10-05 02:51:31 55399:55399 SyncActivityProfilerHandler.cpp:39] profiler_start
USDT:2026-10-05 02:51:31 55399:55399 SyncActivityProfilerHandler.cpp:46] profiler_stop
USDT:2026-10-05 02:51:31 55399:55399 SyncActivityProfilerHandler.cpp:39] profiler_start
USDT:2026-10-05 02:51:31 55399:55399 SyncActivityProfilerHandler.cpp:46] profiler_stop
USDT:2026-10-05 02:51:31 55399:55399 SyncActivityProfilerHandler.cpp:39] profiler_start
USDT:2026-10-05 02:51:31 55399:55399 SyncActivityProfilerHandler.cpp:46] profiler_stop
USDT:2026-10-05 02:51:31 55399:55399 SyncActivityProfilerHandler.cpp:39] profiler_start
USDT:2026-10-05 02:51:31 55399:55399 SyncActivityProfilerHandler.cpp:46] profiler_stop
USDT:2026-10-05 02:51:31 55399:55399 SyncActivityProfilerHandler.cpp:39] profiler_start
USDT:2026-10-05 02:51:31 55399:55399 SyncActivityProfilerHandler.cpp:46] profiler_stop
USDT:2026-10-05 02:51:31 55399:55399 SyncActivityProfilerHandler.cpp:39] profiler_start
USDT:2026-10-05 02:51:31 55399:55399 SyncActivityProfilerHandler.cpp:46] profiler_stop
USDT:2026-10-05 02:51:31 55399:55399 SyncActivityProfilerHandler.cpp:39] profiler_start
USDT:2026-10-05 02:51:31 55399:55399 SyncActivityProfilerHandler.cpp:46] profiler_stop
USDT:2026-10-05 02:51:31 55399:55399 SyncActivityProfilerHandler.cpp:39] profiler_start
USDT:2026-10-05 02:51:31 55399:55399 SyncActivityProfilerHandler.cpp:46] profiler_stop
USDT:2026-10-05 02:51:31 55399:55399 SyncActivityProfilerHandler.cpp:39] profiler_start
USDT:2026-10-05 02:51:31 55399:55399 SyncActivityProfilerHandler.cpp:46] profiler_stop
USDT:2026-10-05 02:51:31 55399:55399 SyncActivityProfilerHandler.cpp:39] profiler_start
USDT:2026-10-05 02:51:31 55399:55399 SyncActivityProfilerHandler.cpp:46] profiler_stop
USDT:2026-10-05 02:51:31 55399:55399 SyncActivityProfilerHandler.cpp:39] profiler_start
USDT:2026-10-05 02:51:31 55399:55399 SyncActivityProfilerHandler.cpp:46] profiler_stop
USDT:2026-10-05 02:51:31 55399:55399 SyncActivityProfilerHandler.cpp:39] profiler_start
USDT:2026-10-05 02:51:31 55399:55399 SyncActivityProfilerHandler.cpp:46] profiler_stop
USDT:2026-10-05 02:51:31 55399:55399 SyncActivityProfilerHandler.cpp:39] profiler_start
USDT:2026-10-05 02:51:31 55399:55399 SyncActivityProfilerHandler.cpp:46] profiler_stop
USDT:2026-10-05 02:51:31 55399:55399 SyncActivityProfilerHandler.cpp:39] profiler_start
USDT:2026-10-05 02:51:31 55399:55399 SyncActivityProfilerHandler.cpp:46] profiler_stop
USDT:2026-10-05 02:51:31 55399:55399 SyncActivityProfilerHandler.cpp:39] profiler_start
USDT:2026-10-05 02:51:31 55399:55399 SyncActivityProfilerHandler.cpp:46] profiler_stop
USDT:2026-10-05 02:51:31 55399:55399 SyncActivityProfilerHandler.cpp:39] profiler_start
USDT:2026-10-05 02:51:31 55399:55399 SyncActivityProfilerHandler.cpp:46] profiler_stop
USDT:2026-10-05 02:51:31 55399:55399 SyncActivityProfilerHandler.cpp:39] profiler_start
USDT:2026-10-05 02:51:31 55399:55399 SyncActivityProfilerHandler.cpp:46] profiler_stop
USDT:2026-10-05 02:51:31 55399:55399 SyncActivityProfilerHandler.cpp:39] profiler_start
USDT:2026-10-05 02:51:31 55399:55399 SyncActivityProfilerHandler.cpp:46] profiler_stop
USDT:2026-10-05 02:51:31 55399:55399 SyncActivityProfilerHandler.cpp:39] profiler_start
USDT:2026-10-05 02:51:31 55399:55399 SyncActivityProfilerHandler.cpp:46] profiler_stop
USDT:2026-10-05 02:51:31 55399:55399 SyncActivityProfilerHandler.cpp:39] profiler_start
USDT:2026-10-05 02:51:32 55399:55399 SyncActivityProfilerHandler.cpp:46] profiler_stop
USDT:2026-10-05 02:51:32 55399:55399 SyncActivityProfilerHandler.cpp:39] profiler_start
USDT:2026-10-05 02:51:32 55399:55399 SyncActivityProfilerHandler.cpp:46] profiler_stop
USDT:2026-10-05 02:51:32 55399:55399 SyncActivityProfilerHandler.cpp:39] profiler_start
USDT:2026-10-05 02:51:32 55399:55399 SyncActivityProfilerHandler.cpp:46] profiler_stop
USDT:2026-10-05 02:51:32 55399:55399 SyncActivityProfilerHandler.cpp:39] profiler_start
USDT:2026-10-05 02:51:32 55399:55399 SyncActivityProfilerHandler.cpp:46] profiler_stop
USDT:2026-10-05 02:51:32 55399:55399 SyncActivityProfilerHandler.cpp:39] profiler_start
USDT:2026-10-05 02:51:32 55399:55399 SyncActivityProfilerHandler.cpp:46] profiler_stop
USDT:2026-10-05 02:51:32 55399:55399 SyncActivityProfilerHandler.cpp:39] profiler_start
USDT:2026-10-05 02:51:32 55399:55399 SyncActivityProfilerHandler.cpp:46] profiler_stop
USDT:2026-10-05 02:51:32 55399:55399 SyncActivityProfilerHandler.cpp:39] profiler_start
USDT:2026-10-05 02:51:32 55399:55399 SyncActivityProfilerHandler.cpp:46] profiler_stop
USDT:2026-10-05 02:51:32 55399:55399 SyncActivityProfilerHandler.cpp:39] profiler_start
USDT:2026-10-05 02:51:32 55399:55399 SyncActivityProfilerHandler.cpp:46] profiler_stop
USDT:2026-10-05 02:51:32 55399:55399 SyncActivityProfilerHandler.cpp:39] profiler_start
USDT:2026-10-05 02:51:32 55399:55399 SyncActivityProfilerHandler.cpp:46] profiler_stop
USDT:2026-10-05 02:51:32 55399:55399 SyncActivityProfilerHandler.cpp:39] profiler_start
USDT:2026-10-05 02:51:32 55399:55399 SyncActivityProfilerHandler.cpp:46] profiler_stop
USDT:2026-10-05 02:51:32 55399:55399 SyncActivityProfilerHandler.cpp:39] profiler_start
USDT:2026-10-05 02:51:32 55399:55399 SyncActivityProfilerHandler.cpp:46] profiler_stop
USDT:2026-10-05 02:51:32 55399:55399 SyncActivityProfilerHandler.cpp:39] profiler_start
USDT:2026-10-05 02:51:32 55399:55399 SyncActivityProfilerHandler.cpp:46] profiler_stop
USDT:2026-10-05 02:51:32 55399:55399 SyncActivityProfilerHandler.cpp:39] profiler_start
USDT:2026-10-05 02:51:32 55399:55399 SyncActivityProfilerHandler.cpp:46] profiler_stop
USDT:2026-10-05 02:51:32 55399:55399 SyncActivityProfilerHandler.cpp:39] profiler_start
USDT:2026-10-05 02:51:32 55399:55399 SyncActivityProfilerHandler.cpp:46] profiler_stop
down     M=  256 fp16   120.0us | bf16   120.0us | int_mm    60.0us | w8pack 77570.0us | sp24    70.0us | bf16 TFLOPS 53.7
USDT:2026-10-05 02:51:32 55399:55399 SyncActivityProfilerHandler.cpp:39] profiler_start
USDT:2026-10-05 02:51:32 55399:55399 SyncActivityProfilerHandler.cpp:46] profiler_stop
USDT:2026-10-05 02:51:32 55399:55399 SyncActivityProfilerHandler.cpp:39] profiler_start
USDT:2026-10-05 02:51:32 55399:55399 SyncActivityProfilerHandler.cpp:46] profiler_stop
USDT:2026-10-05 02:51:32 55399:55399 SyncActivityProfilerHandler.cpp:39] profiler_start
USDT:2026-10-05 02:51:32 55399:55399 SyncActivityProfilerHandler.cpp:46] profiler_stop
USDT:2026-10-05 02:51:32 55399:55399 SyncActivityProfilerHandler.cpp:39] profiler_start
USDT:2026-10-05 02:51:32 55399:55399 SyncActivityProfilerHandler.cpp:46] profiler_stop
USDT:2026-10-05 02:51:32 55399:55399 SyncActivityProfilerHandler.cpp:39] profiler_start
USDT:2026-10-05 02:51:32 55399:55399 SyncActivityProfilerHandler.cpp:46] profiler_stop
USDT:2026-10-05 02:51:32 55399:55399 SyncActivityProfilerHandler.cpp:39] profiler_start
USDT:2026-10-05 02:51:32 55399:55399 SyncActivityProfilerHandler.cpp:46] profiler_stop
USDT:2026-10-05 02:51:32 55399:55399 SyncActivityProfilerHandler.cpp:39] profiler_start
USDT:2026-10-05 02:51:32 55399:55399 SyncActivityProfilerHandler.cpp:46] profiler_stop
USDT:2026-10-05 02:51:32 55399:55399 SyncActivityProfilerHandler.cpp:39] profiler_start
USDT:2026-10-05 02:51:32 55399:55399 SyncActivityProfilerHandler.cpp:46] profiler_stop
USDT:2026-10-05 02:51:32 55399:55399 SyncActivityProfilerHandler.cpp:39] profiler_start
USDT:2026-10-05 02:51:32 55399:55399 SyncActivityProfilerHandler.cpp:46] profiler_stop
USDT:2026-10-05 02:51:32 55399:55399 SyncActivityProfilerHandler.cpp:39] profiler_start
USDT:2026-10-05 02:51:32 55399:55399 SyncActivityProfilerHandler.cpp:46] profiler_stop
USDT:2026-10-05 02:51:32 55399:55399 SyncActivityProfilerHandler.cpp:39] profiler_start
USDT:2026-10-05 02:51:32 55399:55399 SyncActivityProfilerHandler.cpp:46] profiler_stop
USDT:2026-10-05 02:51:32 55399:55399 SyncActivityProfilerHandler.cpp:39] profiler_start
USDT:2026-10-05 02:51:32 55399:55399 SyncActivityProfilerHandler.cpp:46] profiler_stop
USDT:2026-10-05 02:51:32 55399:55399 SyncActivityProfilerHandler.cpp:39] profiler_start
USDT:2026-10-05 02:51:32 55399:55399 SyncActivityProfilerHandler.cpp:46] profiler_stop
USDT:2026-10-05 02:51:32 55399:55399 SyncActivityProfilerHandler.cpp:39] profiler_start
USDT:2026-10-05 02:51:32 55399:55399 SyncActivityProfilerHandler.cpp:46] profiler_stop
USDT:2026-10-05 02:51:32 55399:55399 SyncActivityProfilerHandler.cpp:39] profiler_start
USDT:2026-10-05 02:51:32 55399:55399 SyncActivityProfilerHandler.cpp:46] profiler_stop
USDT:2026-10-05 02:51:32 55399:55399 SyncActivityProfilerHandler.cpp:39] profiler_start
USDT:2026-10-05 02:51:32 55399:55399 SyncActivityProfilerHandler.cpp:46] profiler_stop
USDT:2026-10-05 02:51:32 55399:55399 SyncActivityProfilerHandler.cpp:39] profiler_start
USDT:2026-10-05 02:51:32 55399:55399 SyncActivityProfilerHandler.cpp:46] profiler_stop
USDT:2026-10-05 02:51:32 55399:55399 SyncActivityProfilerHandler.cpp:39] profiler_start
USDT:2026-10-05 02:51:32 55399:55399 SyncActivityProfilerHandler.cpp:46] profiler_stop
USDT:2026-10-05 02:51:32 55399:55399 SyncActivityProfilerHandler.cpp:39] profiler_start
USDT:2026-10-05 02:51:32 55399:55399 SyncActivityProfilerHandler.cpp:46] profiler_stop
USDT:2026-10-05 02:51:32 55399:55399 SyncActivityProfilerHandler.cpp:39] profiler_start
USDT:2026-10-05 02:51:32 55399:55399 SyncActivityProfilerHandler.cpp:46] profiler_stop
USDT:2026-10-05 02:51:32 55399:55399 SyncActivityProfilerHandler.cpp:39] profiler_start
USDT:2026-10-05 02:51:32 55399:55399 SyncActivityProfilerHandler.cpp:46] profiler_stop
USDT:2026-10-05 02:51:33 55399:55399 SyncActivityProfilerHandler.cpp:39] profiler_start
USDT:2026-10-05 02:51:34 55399:55399 SyncActivityProfilerHandler.cpp:46] profiler_stop
USDT:2026-10-05 02:51:34 55399:55399 SyncActivityProfilerHandler.cpp:39] profiler_start
USDT:2026-10-05 02:51:34 55399:55399 SyncActivityProfilerHandler.cpp:46] profiler_stop
USDT:2026-10-05 02:51:34 55399:55399 SyncActivityProfilerHandler.cpp:39] profiler_start
USDT:2026-10-05 02:51:34 55399:55399 SyncActivityProfilerHandler.cpp:46] profiler_stop
USDT:2026-10-05 02:51:34 55399:55399 SyncActivityProfilerHandler.cpp:39] profiler_start
USDT:2026-10-05 02:51:35 55399:55399 SyncActivityProfilerHandler.cpp:46] profiler_stop
USDT:2026-10-05 02:51:35 55399:55399 SyncActivityProfilerHandler.cpp:39] profiler_start
USDT:2026-10-05 02:51:35 55399:55399 SyncActivityProfilerHandler.cpp:46] profiler_stop
USDT:2026-10-05 02:51:35 55399:55399 SyncActivityProfilerHandler.cpp:39] profiler_start
USDT:2026-10-05 02:51:36 55399:55399 SyncActivityProfilerHandler.cpp:46] profiler_stop
USDT:2026-10-05 02:51:36 55399:55399 SyncActivityProfilerHandler.cpp:39] profiler_start
USDT:2026-10-05 02:51:36 55399:55399 SyncActivityProfilerHandler.cpp:46] profiler_stop
USDT:2026-10-05 02:51:36 55399:55399 SyncActivityProfilerHandler.cpp:39] profiler_start
USDT:2026-10-05 02:51:36 55399:55399 SyncActivityProfilerHandler.cpp:46] profiler_stop
USDT:2026-10-05 02:51:36 55399:55399 SyncActivityProfilerHandler.cpp:39] profiler_start
USDT:2026-10-05 02:51:36 55399:55399 SyncActivityProfilerHandler.cpp:46] profiler_stop
USDT:2026-10-05 02:51:36 55399:55399 SyncActivityProfilerHandler.cpp:39] profiler_start
USDT:2026-10-05 02:51:36 55399:55399 SyncActivityProfilerHandler.cpp:46] profiler_stop
USDT:2026-10-05 02:51:36 55399:55399 SyncActivityProfilerHandler.cpp:39] profiler_start
USDT:2026-10-05 02:51:36 55399:55399 SyncActivityProfilerHandler.cpp:46] profiler_stop
USDT:2026-10-05 02:51:36 55399:55399 SyncActivityProfilerHandler.cpp:39] profiler_start
USDT:2026-10-05 02:51:36 55399:55399 SyncActivityProfilerHandler.cpp:46] profiler_stop
USDT:2026-10-05 02:51:36 55399:55399 SyncActivityProfilerHandler.cpp:39] profiler_start
USDT:2026-10-05 02:51:36 55399:55399 SyncActivityProfilerHandler.cpp:46] profiler_stop
USDT:2026-10-05 02:51:36 55399:55399 SyncActivityProfilerHandler.cpp:39] profiler_start
USDT:2026-10-05 02:51:36 55399:55399 SyncActivityProfilerHandler.cpp:46] profiler_stop
down     M= 1024 fp16   400.0us | bf16   400.0us | int_mm   250.0us | w8pack 382790.0us | sp24   260.0us | bf16 TFLOPS 64.4
USDT:2026-10-05 02:51:36 55399:55399 SyncActivityProfilerHandler.cpp:39] profiler_start
USDT:2026-10-05 02:51:36 55399:55399 SyncActivityProfilerHandler.cpp:46] profiler_stop
USDT:2026-10-05 02:51:36 55399:55399 SyncActivityProfilerHandler.cpp:39] profiler_start
USDT:2026-10-05 02:51:36 55399:55399 SyncActivityProfilerHandler.cpp:46] profiler_stop
USDT:2026-10-05 02:51:36 55399:55399 SyncActivityProfilerHandler.cpp:39] profiler_start
USDT:2026-10-05 02:51:36 55399:55399 SyncActivityProfilerHandler.cpp:46] profiler_stop
USDT:2026-10-05 02:51:36 55399:55399 SyncActivityProfilerHandler.cpp:39] profiler_start
USDT:2026-10-05 02:51:36 55399:55399 SyncActivityProfilerHandler.cpp:46] profiler_stop
USDT:2026-10-05 02:51:36 55399:55399 SyncActivityProfilerHandler.cpp:39] profiler_start
USDT:2026-10-05 02:51:36 55399:55399 SyncActivityProfilerHandler.cpp:46] profiler_stop
USDT:2026-10-05 02:51:36 55399:55399 SyncActivityProfilerHandler.cpp:39] profiler_start
USDT:2026-10-05 02:51:36 55399:55399 SyncActivityProfilerHandler.cpp:46] profiler_stop
USDT:2026-10-05 02:51:36 55399:55399 SyncActivityProfilerHandler.cpp:39] profiler_start
USDT:2026-10-05 02:51:36 55399:55399 SyncActivityProfilerHandler.cpp:46] profiler_stop
USDT:2026-10-05 02:51:36 55399:55399 SyncActivityProfilerHandler.cpp:39] profiler_start
USDT:2026-10-05 02:51:36 55399:55399 SyncActivityProfilerHandler.cpp:46] profiler_stop
USDT:2026-10-05 02:51:36 55399:55399 SyncActivityProfilerHandler.cpp:39] profiler_start
USDT:2026-10-05 02:51:36 55399:55399 SyncActivityProfilerHandler.cpp:46] profiler_stop
USDT:2026-10-05 02:51:36 55399:55399 SyncActivityProfilerHandler.cpp:39] profiler_start
USDT:2026-10-05 02:51:36 55399:55399 SyncActivityProfilerHandler.cpp:46] profiler_stop
USDT:2026-10-05 02:51:36 55399:55399 SyncActivityProfilerHandler.cpp:39] profiler_start
USDT:2026-10-05 02:51:36 55399:55399 SyncActivityProfilerHandler.cpp:46] profiler_stop
USDT:2026-10-05 02:51:36 55399:55399 SyncActivityProfilerHandler.cpp:39] profiler_start
USDT:2026-10-05 02:51:36 55399:55399 SyncActivityProfilerHandler.cpp:46] profiler_stop
USDT:2026-10-05 02:51:36 55399:55399 SyncActivityProfilerHandler.cpp:39] profiler_start
USDT:2026-10-05 02:51:36 55399:55399 SyncActivityProfilerHandler.cpp:46] profiler_stop
USDT:2026-10-05 02:51:36 55399:55399 SyncActivityProfilerHandler.cpp:39] profiler_start
USDT:2026-10-05 02:51:36 55399:55399 SyncActivityProfilerHandler.cpp:46] profiler_stop
USDT:2026-10-05 02:51:36 55399:55399 SyncActivityProfilerHandler.cpp:39] profiler_start
USDT:2026-10-05 02:51:36 55399:55399 SyncActivityProfilerHandler.cpp:46] profiler_stop
USDT:2026-10-05 02:51:36 55399:55399 SyncActivityProfilerHandler.cpp:39] profiler_start
USDT:2026-10-05 02:51:36 55399:55399 SyncActivityProfilerHandler.cpp:46] profiler_stop
USDT:2026-10-05 02:51:36 55399:55399 SyncActivityProfilerHandler.cpp:39] profiler_start
USDT:2026-10-05 02:51:36 55399:55399 SyncActivityProfilerHandler.cpp:46] profiler_stop
USDT:2026-10-05 02:51:36 55399:55399 SyncActivityProfilerHandler.cpp:39] profiler_start
USDT:2026-10-05 02:51:36 55399:55399 SyncActivityProfilerHandler.cpp:46] profiler_stop
USDT:2026-10-05 02:51:36 55399:55399 SyncActivityProfilerHandler.cpp:39] profiler_start
USDT:2026-10-05 02:51:36 55399:55399 SyncActivityProfilerHandler.cpp:46] profiler_stop
USDT:2026-10-05 02:51:36 55399:55399 SyncActivityProfilerHandler.cpp:39] profiler_start
USDT:2026-10-05 02:51:36 55399:55399 SyncActivityProfilerHandler.cpp:46] profiler_stop
USDT:2026-10-05 02:51:36 55399:55399 SyncActivityProfilerHandler.cpp:39] profiler_start
USDT:2026-10-05 02:51:36 55399:55399 SyncActivityProfilerHandler.cpp:46] profiler_stop
USDT:2026-10-05 02:51:38 55399:55399 SyncActivityProfilerHandler.cpp:39] profiler_start
USDT:2026-10-05 02:51:39 55399:55399 SyncActivityProfilerHandler.cpp:46] profiler_stop
USDT:2026-10-05 02:51:39 55399:55399 SyncActivityProfilerHandler.cpp:39] profiler_start
USDT:2026-10-05 02:51:40 55399:55399 SyncActivityProfilerHandler.cpp:46] profiler_stop
USDT:2026-10-05 02:51:40 55399:55399 SyncActivityProfilerHandler.cpp:39] profiler_start
USDT:2026-10-05 02:51:40 55399:55399 SyncActivityProfilerHandler.cpp:46] profiler_stop
USDT:2026-10-05 02:51:40 55399:55399 SyncActivityProfilerHandler.cpp:39] profiler_start
USDT:2026-10-05 02:51:41 55399:55399 SyncActivityProfilerHandler.cpp:46] profiler_stop
USDT:2026-10-05 02:51:41 55399:55399 SyncActivityProfilerHandler.cpp:39] profiler_start
USDT:2026-10-05 02:51:42 55399:55399 SyncActivityProfilerHandler.cpp:46] profiler_stop
USDT:2026-10-05 02:51:42 55399:55399 SyncActivityProfilerHandler.cpp:39] profiler_start
USDT:2026-10-05 02:51:42 55399:55399 SyncActivityProfilerHandler.cpp:46] profiler_stop
USDT:2026-10-05 02:51:42 55399:55399 SyncActivityProfilerHandler.cpp:39] profiler_start
USDT:2026-10-05 02:51:43 55399:55399 SyncActivityProfilerHandler.cpp:46] profiler_stop
USDT:2026-10-05 02:51:43 55399:55399 SyncActivityProfilerHandler.cpp:39] profiler_start
USDT:2026-10-05 02:51:43 55399:55399 SyncActivityProfilerHandler.cpp:46] profiler_stop
USDT:2026-10-05 02:51:43 55399:55399 SyncActivityProfilerHandler.cpp:39] profiler_start
USDT:2026-10-05 02:51:43 55399:55399 SyncActivityProfilerHandler.cpp:46] profiler_stop
USDT:2026-10-05 02:51:43 55399:55399 SyncActivityProfilerHandler.cpp:39] profiler_start
USDT:2026-10-05 02:51:43 55399:55399 SyncActivityProfilerHandler.cpp:46] profiler_stop
USDT:2026-10-05 02:51:43 55399:55399 SyncActivityProfilerHandler.cpp:39] profiler_start
USDT:2026-10-05 02:51:43 55399:55399 SyncActivityProfilerHandler.cpp:46] profiler_stop
USDT:2026-10-05 02:51:43 55399:55399 SyncActivityProfilerHandler.cpp:39] profiler_start
USDT:2026-10-05 02:51:43 55399:55399 SyncActivityProfilerHandler.cpp:46] profiler_stop
USDT:2026-10-05 02:51:43 55399:55399 SyncActivityProfilerHandler.cpp:39] profiler_start
USDT:2026-10-05 02:51:43 55399:55399 SyncActivityProfilerHandler.cpp:46] profiler_stop
USDT:2026-10-05 02:51:43 55399:55399 SyncActivityProfilerHandler.cpp:39] profiler_start
USDT:2026-10-05 02:51:43 55399:55399 SyncActivityProfilerHandler.cpp:46] profiler_stop
down     M= 2048 fp16   890.0us | bf16   940.0us | int_mm   430.0us | w8pack 671650.0us | sp24   450.0us | bf16 TFLOPS 54.8
USDT:2026-10-05 02:51:43 55399:55399 SyncActivityProfilerHandler.cpp:39] profiler_start
USDT:2026-10-05 02:51:43 55399:55399 SyncActivityProfilerHandler.cpp:46] profiler_stop
USDT:2026-10-05 02:51:43 55399:55399 SyncActivityProfilerHandler.cpp:39] profiler_start
USDT:2026-10-05 02:51:43 55399:55399 SyncActivityProfilerHandler.cpp:46] profiler_stop
USDT:2026-10-05 02:51:43 55399:55399 SyncActivityProfilerHandler.cpp:39] profiler_start
USDT:2026-10-05 02:51:43 55399:55399 SyncActivityProfilerHandler.cpp:46] profiler_stop
USDT:2026-10-05 02:51:43 55399:55399 SyncActivityProfilerHandler.cpp:39] profiler_start
USDT:2026-10-05 02:51:43 55399:55399 SyncActivityProfilerHandler.cpp:46] profiler_stop
USDT:2026-10-05 02:51:43 55399:55399 SyncActivityProfilerHandler.cpp:39] profiler_start
USDT:2026-10-05 02:51:43 55399:55399 SyncActivityProfilerHandler.cpp:46] profiler_stop
USDT:2026-10-05 02:51:43 55399:55399 SyncActivityProfilerHandler.cpp:39] profiler_start
USDT:2026-10-05 02:51:43 55399:55399 SyncActivityProfilerHandler.cpp:46] profiler_stop
USDT:2026-10-05 02:51:43 55399:55399 SyncActivityProfilerHandler.cpp:39] profiler_start
USDT:2026-10-05 02:51:43 55399:55399 SyncActivityProfilerHandler.cpp:46] profiler_stop
USDT:2026-10-05 02:51:43 55399:55399 SyncActivityProfilerHandler.cpp:39] profiler_start
USDT:2026-10-05 02:51:43 55399:55399 SyncActivityProfilerHandler.cpp:46] profiler_stop
USDT:2026-10-05 02:51:43 55399:55399 SyncActivityProfilerHandler.cpp:39] profiler_start
USDT:2026-10-05 02:51:43 55399:55399 SyncActivityProfilerHandler.cpp:46] profiler_stop
USDT:2026-10-05 02:51:43 55399:55399 SyncActivityProfilerHandler.cpp:39] profiler_start
USDT:2026-10-05 02:51:43 55399:55399 SyncActivityProfilerHandler.cpp:46] profiler_stop
USDT:2026-10-05 02:51:43 55399:55399 SyncActivityProfilerHandler.cpp:39] profiler_start
USDT:2026-10-05 02:51:43 55399:55399 SyncActivityProfilerHandler.cpp:46] profiler_stop
USDT:2026-10-05 02:51:43 55399:55399 SyncActivityProfilerHandler.cpp:39] profiler_start
USDT:2026-10-05 02:51:43 55399:55399 SyncActivityProfilerHandler.cpp:46] profiler_stop
USDT:2026-10-05 02:51:43 55399:55399 SyncActivityProfilerHandler.cpp:39] profiler_start
USDT:2026-10-05 02:51:43 55399:55399 SyncActivityProfilerHandler.cpp:46] profiler_stop
USDT:2026-10-05 02:51:43 55399:55399 SyncActivityProfilerHandler.cpp:39] profiler_start
USDT:2026-10-05 02:51:43 55399:55399 SyncActivityProfilerHandler.cpp:46] profiler_stop
USDT:2026-10-05 02:51:43 55399:55399 SyncActivityProfilerHandler.cpp:39] profiler_start
USDT:2026-10-05 02:51:43 55399:55399 SyncActivityProfilerHandler.cpp:46] profiler_stop
USDT:2026-10-05 02:51:43 55399:55399 SyncActivityProfilerHandler.cpp:39] profiler_start
USDT:2026-10-05 02:51:43 55399:55399 SyncActivityProfilerHandler.cpp:46] profiler_stop
USDT:2026-10-05 02:51:43 55399:55399 SyncActivityProfilerHandler.cpp:39] profiler_start
USDT:2026-10-05 02:51:43 55399:55399 SyncActivityProfilerHandler.cpp:46] profiler_stop
USDT:2026-10-05 02:51:43 55399:55399 SyncActivityProfilerHandler.cpp:39] profiler_start
USDT:2026-10-05 02:51:43 55399:55399 SyncActivityProfilerHandler.cpp:46] profiler_stop
USDT:2026-10-05 02:51:43 55399:55399 SyncActivityProfilerHandler.cpp:39] profiler_start
USDT:2026-10-05 02:51:43 55399:55399 SyncActivityProfilerHandler.cpp:46] profiler_stop
USDT:2026-10-05 02:51:43 55399:55399 SyncActivityProfilerHandler.cpp:39] profiler_start
USDT:2026-10-05 02:51:43 55399:55399 SyncActivityProfilerHandler.cpp:46] profiler_stop
USDT:2026-10-05 02:51:43 55399:55399 SyncActivityProfilerHandler.cpp:39] profiler_start
USDT:2026-10-05 02:51:43 55399:55399 SyncActivityProfilerHandler.cpp:46] profiler_stop
USDT:2026-10-05 02:51:43 55399:55399 SyncActivityProfilerHandler.cpp:39] profiler_start
USDT:2026-10-05 02:51:43 55399:55399 SyncActivityProfilerHandler.cpp:46] profiler_stop
USDT:2026-10-05 02:51:43 55399:55399 SyncActivityProfilerHandler.cpp:39] profiler_start
USDT:2026-10-05 02:51:43 55399:55399 SyncActivityProfilerHandler.cpp:46] profiler_stop
USDT:2026-10-05 02:51:43 55399:55399 SyncActivityProfilerHandler.cpp:39] profiler_start
USDT:2026-10-05 02:51:43 55399:55399 SyncActivityProfilerHandler.cpp:46] profiler_stop
USDT:2026-10-05 02:51:43 55399:55399 SyncActivityProfilerHandler.cpp:39] profiler_start
USDT:2026-10-05 02:51:43 55399:55399 SyncActivityProfilerHandler.cpp:46] profiler_stop
USDT:2026-10-05 02:51:43 55399:55399 SyncActivityProfilerHandler.cpp:39] profiler_start
USDT:2026-10-05 02:51:43 55399:55399 SyncActivityProfilerHandler.cpp:46] profiler_stop
USDT:2026-10-05 02:51:43 55399:55399 SyncActivityProfilerHandler.cpp:39] profiler_start
USDT:2026-10-05 02:51:43 55399:55399 SyncActivityProfilerHandler.cpp:46] profiler_stop
USDT:2026-10-05 02:51:43 55399:55399 SyncActivityProfilerHandler.cpp:39] profiler_start
USDT:2026-10-05 02:51:43 55399:55399 SyncActivityProfilerHandler.cpp:46] profiler_stop
USDT:2026-10-05 02:51:43 55399:55399 SyncActivityProfilerHandler.cpp:39] profiler_start
USDT:2026-10-05 02:51:43 55399:55399 SyncActivityProfilerHandler.cpp:46] profiler_stop
USDT:2026-10-05 02:51:43 55399:55399 SyncActivityProfilerHandler.cpp:39] profiler_start
USDT:2026-10-05 02:51:43 55399:55399 SyncActivityProfilerHandler.cpp:46] profiler_stop
USDT:2026-10-05 02:51:43 55399:55399 SyncActivityProfilerHandler.cpp:39] profiler_start
USDT:2026-10-05 02:51:43 55399:55399 SyncActivityProfilerHandler.cpp:46] profiler_stop
USDT:2026-10-05 02:51:43 55399:55399 SyncActivityProfilerHandler.cpp:39] profiler_start
USDT:2026-10-05 02:51:43 55399:55399 SyncActivityProfilerHandler.cpp:46] profiler_stop
USDT:2026-10-05 02:51:43 55399:55399 SyncActivityProfilerHandler.cpp:39] profiler_start
USDT:2026-10-05 02:51:43 55399:55399 SyncActivityProfilerHandler.cpp:46] profiler_stop
USDT:2026-10-05 02:51:43 55399:55399 SyncActivityProfilerHandler.cpp:39] profiler_start
USDT:2026-10-05 02:51:43 55399:55399 SyncActivityProfilerHandler.cpp:46] profiler_stop
USDT:2026-10-05 02:51:43 55399:55399 SyncActivityProfilerHandler.cpp:39] profiler_start
USDT:2026-10-05 02:51:43 55399:55399 SyncActivityProfilerHandler.cpp:46] profiler_stop
gdn_in   M=   16 fp16    90.0us | bf16    90.0us | int_mm    50.0us | w8pack  1230.0us | sp24    60.0us | bf16 TFLOPS 6.0
USDT:2026-10-05 02:51:43 55399:55399 SyncActivityProfilerHandler.cpp:39] profiler_start
USDT:2026-10-05 02:51:43 55399:55399 SyncActivityProfilerHandler.cpp:46] profiler_stop
USDT:2026-10-05 02:51:43 55399:55399 SyncActivityProfilerHandler.cpp:39] profiler_start
USDT:2026-10-05 02:51:43 55399:55399 SyncActivityProfilerHandler.cpp:46] profiler_stop
USDT:2026-10-05 02:51:43 55399:55399 SyncActivityProfilerHandler.cpp:39] profiler_start
USDT:2026-10-05 02:51:43 55399:55399 SyncActivityProfilerHandler.cpp:46] profiler_stop
USDT:2026-10-05 02:51:43 55399:55399 SyncActivityProfilerHandler.cpp:39] profiler_start
USDT:2026-10-05 02:51:43 55399:55399 SyncActivityProfilerHandler.cpp:46] profiler_stop
USDT:2026-10-05 02:51:43 55399:55399 SyncActivityProfilerHandler.cpp:39] profiler_start
USDT:2026-10-05 02:51:43 55399:55399 SyncActivityProfilerHandler.cpp:46] profiler_stop
USDT:2026-10-05 02:51:43 55399:55399 SyncActivityProfilerHandler.cpp:39] profiler_start
USDT:2026-10-05 02:51:43 55399:55399 SyncActivityProfilerHandler.cpp:46] profiler_stop
USDT:2026-10-05 02:51:43 55399:55399 SyncActivityProfilerHandler.cpp:39] profiler_start
USDT:2026-10-05 02:51:43 55399:55399 SyncActivityProfilerHandler.cpp:46] profiler_stop
USDT:2026-10-05 02:51:44 55399:55399 SyncActivityProfilerHandler.cpp:39] profiler_start
USDT:2026-10-05 02:51:44 55399:55399 SyncActivityProfilerHandler.cpp:46] profiler_stop
USDT:2026-10-05 02:51:44 55399:55399 SyncActivityProfilerHandler.cpp:39] profiler_start
USDT:2026-10-05 02:51:44 55399:55399 SyncActivityProfilerHandler.cpp:46] profiler_stop
USDT:2026-10-05 02:51:44 55399:55399 SyncActivityProfilerHandler.cpp:39] profiler_start
USDT:2026-10-05 02:51:44 55399:55399 SyncActivityProfilerHandler.cpp:46] profiler_stop
USDT:2026-10-05 02:51:44 55399:55399 SyncActivityProfilerHandler.cpp:39] profiler_start
USDT:2026-10-05 02:51:44 55399:55399 SyncActivityProfilerHandler.cpp:46] profiler_stop
USDT:2026-10-05 02:51:44 55399:55399 SyncActivityProfilerHandler.cpp:39] profiler_start
USDT:2026-10-05 02:51:44 55399:55399 SyncActivityProfilerHandler.cpp:46] profiler_stop
USDT:2026-10-05 02:51:44 55399:55399 SyncActivityProfilerHandler.cpp:39] profiler_start
USDT:2026-10-05 02:51:44 55399:55399 SyncActivityProfilerHandler.cpp:46] profiler_stop
USDT:2026-10-05 02:51:44 55399:55399 SyncActivityProfilerHandler.cpp:39] profiler_start
USDT:2026-10-05 02:51:44 55399:55399 SyncActivityProfilerHandler.cpp:46] profiler_stop
USDT:2026-10-05 02:51:44 55399:55399 SyncActivityProfilerHandler.cpp:39] profiler_start
USDT:2026-10-05 02:51:44 55399:55399 SyncActivityProfilerHandler.cpp:46] profiler_stop
USDT:2026-10-05 02:51:44 55399:55399 SyncActivityProfilerHandler.cpp:39] profiler_start
USDT:2026-10-05 02:51:44 55399:55399 SyncActivityProfilerHandler.cpp:46] profiler_stop
USDT:2026-10-05 02:51:44 55399:55399 SyncActivityProfilerHandler.cpp:39] profiler_start
USDT:2026-10-05 02:51:44 55399:55399 SyncActivityProfilerHandler.cpp:46] profiler_stop
USDT:2026-10-05 02:51:44 55399:55399 SyncActivityProfilerHandler.cpp:39] profiler_start
USDT:2026-10-05 02:51:44 55399:55399 SyncActivityProfilerHandler.cpp:46] profiler_stop
USDT:2026-10-05 02:51:44 55399:55399 SyncActivityProfilerHandler.cpp:39] profiler_start
USDT:2026-10-05 02:51:44 55399:55399 SyncActivityProfilerHandler.cpp:46] profiler_stop
USDT:2026-10-05 02:51:44 55399:55399 SyncActivityProfilerHandler.cpp:39] profiler_start
USDT:2026-10-05 02:51:44 55399:55399 SyncActivityProfilerHandler.cpp:46] profiler_stop
USDT:2026-10-05 02:51:44 55399:55399 SyncActivityProfilerHandler.cpp:39] profiler_start
USDT:2026-10-05 02:51:44 55399:55399 SyncActivityProfilerHandler.cpp:46] profiler_stop
USDT:2026-10-05 02:51:44 55399:55399 SyncActivityProfilerHandler.cpp:39] profiler_start
USDT:2026-10-05 02:51:44 55399:55399 SyncActivityProfilerHandler.cpp:46] profiler_stop
USDT:2026-10-05 02:51:44 55399:55399 SyncActivityProfilerHandler.cpp:39] profiler_start
USDT:2026-10-05 02:51:44 55399:55399 SyncActivityProfilerHandler.cpp:46] profiler_stop
USDT:2026-10-05 02:51:44 55399:55399 SyncActivityProfilerHandler.cpp:39] profiler_start
USDT:2026-10-05 02:51:44 55399:55399 SyncActivityProfilerHandler.cpp:46] profiler_stop
USDT:2026-10-05 02:51:44 55399:55399 SyncActivityProfilerHandler.cpp:39] profiler_start
USDT:2026-10-05 02:51:44 55399:55399 SyncActivityProfilerHandler.cpp:46] profiler_stop
USDT:2026-10-05 02:51:44 55399:55399 SyncActivityProfilerHandler.cpp:39] profiler_start
USDT:2026-10-05 02:51:44 55399:55399 SyncActivityProfilerHandler.cpp:46] profiler_stop
USDT:2026-10-05 02:51:44 55399:55399 SyncActivityProfilerHandler.cpp:39] profiler_start
USDT:2026-10-05 02:51:44 55399:55399 SyncActivityProfilerHandler.cpp:46] profiler_stop
USDT:2026-10-05 02:51:44 55399:55399 SyncActivityProfilerHandler.cpp:39] profiler_start
USDT:2026-10-05 02:51:44 55399:55399 SyncActivityProfilerHandler.cpp:46] profiler_stop
USDT:2026-10-05 02:51:44 55399:55399 SyncActivityProfilerHandler.cpp:39] profiler_start
USDT:2026-10-05 02:51:44 55399:55399 SyncActivityProfilerHandler.cpp:46] profiler_stop
USDT:2026-10-05 02:51:44 55399:55399 SyncActivityProfilerHandler.cpp:39] profiler_start
USDT:2026-10-05 02:51:44 55399:55399 SyncActivityProfilerHandler.cpp:46] profiler_stop
USDT:2026-10-05 02:51:44 55399:55399 SyncActivityProfilerHandler.cpp:39] profiler_start
USDT:2026-10-05 02:51:44 55399:55399 SyncActivityProfilerHandler.cpp:46] profiler_stop
USDT:2026-10-05 02:51:44 55399:55399 SyncActivityProfilerHandler.cpp:39] profiler_start
USDT:2026-10-05 02:51:44 55399:55399 SyncActivityProfilerHandler.cpp:46] profiler_stop
USDT:2026-10-05 02:51:44 55399:55399 SyncActivityProfilerHandler.cpp:39] profiler_start
USDT:2026-10-05 02:51:44 55399:55399 SyncActivityProfilerHandler.cpp:46] profiler_stop
USDT:2026-10-05 02:51:44 55399:55399 SyncActivityProfilerHandler.cpp:39] profiler_start
USDT:2026-10-05 02:51:44 55399:55399 SyncActivityProfilerHandler.cpp:46] profiler_stop
USDT:2026-10-05 02:51:44 55399:55399 SyncActivityProfilerHandler.cpp:39] profiler_start
USDT:2026-10-05 02:51:44 55399:55399 SyncActivityProfilerHandler.cpp:46] profiler_stop
gdn_in   M=   64 fp16    90.0us | bf16    90.0us | int_mm    50.0us | w8pack 20190.0us | sp24    60.0us | bf16 TFLOPS 24.0
USDT:2026-10-05 02:51:44 55399:55399 SyncActivityProfilerHandler.cpp:39] profiler_start
USDT:2026-10-05 02:51:44 55399:55399 SyncActivityProfilerHandler.cpp:46] profiler_stop
USDT:2026-10-05 02:51:44 55399:55399 SyncActivityProfilerHandler.cpp:39] profiler_start
USDT:2026-10-05 02:51:44 55399:55399 SyncActivityProfilerHandler.cpp:46] profiler_stop
USDT:2026-10-05 02:51:44 55399:55399 SyncActivityProfilerHandler.cpp:39] profiler_start
USDT:2026-10-05 02:51:44 55399:55399 SyncActivityProfilerHandler.cpp:46] profiler_stop
USDT:2026-10-05 02:51:44 55399:55399 SyncActivityProfilerHandler.cpp:39] profiler_start
USDT:2026-10-05 02:51:44 55399:55399 SyncActivityProfilerHandler.cpp:46] profiler_stop
USDT:2026-10-05 02:51:44 55399:55399 SyncActivityProfilerHandler.cpp:39] profiler_start
USDT:2026-10-05 02:51:44 55399:55399 SyncActivityProfilerHandler.cpp:46] profiler_stop
USDT:2026-10-05 02:51:44 55399:55399 SyncActivityProfilerHandler.cpp:39] profiler_start
USDT:2026-10-05 02:51:44 55399:55399 SyncActivityProfilerHandler.cpp:46] profiler_stop
USDT:2026-10-05 02:51:44 55399:55399 SyncActivityProfilerHandler.cpp:39] profiler_start
USDT:2026-10-05 02:51:44 55399:55399 SyncActivityProfilerHandler.cpp:46] profiler_stop
USDT:2026-10-05 02:51:44 55399:55399 SyncActivityProfilerHandler.cpp:39] profiler_start
USDT:2026-10-05 02:51:44 55399:55399 SyncActivityProfilerHandler.cpp:46] profiler_stop
USDT:2026-10-05 02:51:44 55399:55399 SyncActivityProfilerHandler.cpp:39] profiler_start
USDT:2026-10-05 02:51:44 55399:55399 SyncActivityProfilerHandler.cpp:46] profiler_stop
USDT:2026-10-05 02:51:44 55399:55399 SyncActivityProfilerHandler.cpp:39] profiler_start
USDT:2026-10-05 02:51:44 55399:55399 SyncActivityProfilerHandler.cpp:46] profiler_stop
USDT:2026-10-05 02:51:44 55399:55399 SyncActivityProfilerHandler.cpp:39] profiler_start
USDT:2026-10-05 02:51:44 55399:55399 SyncActivityProfilerHandler.cpp:46] profiler_stop
USDT:2026-10-05 02:51:44 55399:55399 SyncActivityProfilerHandler.cpp:39] profiler_start
USDT:2026-10-05 02:51:44 55399:55399 SyncActivityProfilerHandler.cpp:46] profiler_stop
USDT:2026-10-05 02:51:44 55399:55399 SyncActivityProfilerHandler.cpp:39] profiler_start
USDT:2026-10-05 02:51:44 55399:55399 SyncActivityProfilerHandler.cpp:46] profiler_stop
USDT:2026-10-05 02:51:44 55399:55399 SyncActivityProfilerHandler.cpp:39] profiler_start
USDT:2026-10-05 02:51:44 55399:55399 SyncActivityProfilerHandler.cpp:46] profiler_stop
USDT:2026-10-05 02:51:44 55399:55399 SyncActivityProfilerHandler.cpp:39] profiler_start
USDT:2026-10-05 02:51:44 55399:55399 SyncActivityProfilerHandler.cpp:46] profiler_stop
USDT:2026-10-05 02:51:44 55399:55399 SyncActivityProfilerHandler.cpp:39] profiler_start
USDT:2026-10-05 02:51:44 55399:55399 SyncActivityProfilerHandler.cpp:46] profiler_stop
USDT:2026-10-05 02:51:44 55399:55399 SyncActivityProfilerHandler.cpp:39] profiler_start
USDT:2026-10-05 02:51:44 55399:55399 SyncActivityProfilerHandler.cpp:46] profiler_stop
USDT:2026-10-05 02:51:44 55399:55399 SyncActivityProfilerHandler.cpp:39] profiler_start
USDT:2026-10-05 02:51:44 55399:55399 SyncActivityProfilerHandler.cpp:46] profiler_stop
USDT:2026-10-05 02:51:44 55399:55399 SyncActivityProfilerHandler.cpp:39] profiler_start
USDT:2026-10-05 02:51:44 55399:55399 SyncActivityProfilerHandler.cpp:46] profiler_stop
USDT:2026-10-05 02:51:44 55399:55399 SyncActivityProfilerHandler.cpp:39] profiler_start
USDT:2026-10-05 02:51:44 55399:55399 SyncActivityProfilerHandler.cpp:46] profiler_stop
USDT:2026-10-05 02:51:44 55399:55399 SyncActivityProfilerHandler.cpp:39] profiler_start
USDT:2026-10-05 02:51:44 55399:55399 SyncActivityProfilerHandler.cpp:46] profiler_stop
USDT:2026-10-05 02:51:44 55399:55399 SyncActivityProfilerHandler.cpp:39] profiler_start
USDT:2026-10-05 02:51:44 55399:55399 SyncActivityProfilerHandler.cpp:46] profiler_stop
USDT:2026-10-05 02:51:44 55399:55399 SyncActivityProfilerHandler.cpp:39] profiler_start
USDT:2026-10-05 02:51:45 55399:55399 SyncActivityProfilerHandler.cpp:46] profiler_stop
USDT:2026-10-05 02:51:45 55399:55399 SyncActivityProfilerHandler.cpp:39] profiler_start
USDT:2026-10-05 02:51:45 55399:55399 SyncActivityProfilerHandler.cpp:46] profiler_stop
USDT:2026-10-05 02:51:45 55399:55399 SyncActivityProfilerHandler.cpp:39] profiler_start
USDT:2026-10-05 02:51:45 55399:55399 SyncActivityProfilerHandler.cpp:46] profiler_stop
USDT:2026-10-05 02:51:45 55399:55399 SyncActivityProfilerHandler.cpp:39] profiler_start
USDT:2026-10-05 02:51:45 55399:55399 SyncActivityProfilerHandler.cpp:46] profiler_stop
USDT:2026-10-05 02:51:45 55399:55399 SyncActivityProfilerHandler.cpp:39] profiler_start
USDT:2026-10-05 02:51:45 55399:55399 SyncActivityProfilerHandler.cpp:46] profiler_stop
USDT:2026-10-05 02:51:45 55399:55399 SyncActivityProfilerHandler.cpp:39] profiler_start
USDT:2026-10-05 02:51:45 55399:55399 SyncActivityProfilerHandler.cpp:46] profiler_stop
USDT:2026-10-05 02:51:45 55399:55399 SyncActivityProfilerHandler.cpp:39] profiler_start
USDT:2026-10-05 02:51:45 55399:55399 SyncActivityProfilerHandler.cpp:46] profiler_stop
USDT:2026-10-05 02:51:45 55399:55399 SyncActivityProfilerHandler.cpp:39] profiler_start
USDT:2026-10-05 02:51:45 55399:55399 SyncActivityProfilerHandler.cpp:46] profiler_stop
USDT:2026-10-05 02:51:45 55399:55399 SyncActivityProfilerHandler.cpp:39] profiler_start
USDT:2026-10-05 02:51:45 55399:55399 SyncActivityProfilerHandler.cpp:46] profiler_stop
USDT:2026-10-05 02:51:45 55399:55399 SyncActivityProfilerHandler.cpp:39] profiler_start
USDT:2026-10-05 02:51:45 55399:55399 SyncActivityProfilerHandler.cpp:46] profiler_stop
USDT:2026-10-05 02:51:45 55399:55399 SyncActivityProfilerHandler.cpp:39] profiler_start
USDT:2026-10-05 02:51:45 55399:55399 SyncActivityProfilerHandler.cpp:46] profiler_stop
USDT:2026-10-05 02:51:45 55399:55399 SyncActivityProfilerHandler.cpp:39] profiler_start
USDT:2026-10-05 02:51:45 55399:55399 SyncActivityProfilerHandler.cpp:46] profiler_stop
USDT:2026-10-05 02:51:45 55399:55399 SyncActivityProfilerHandler.cpp:39] profiler_start
USDT:2026-10-05 02:51:45 55399:55399 SyncActivityProfilerHandler.cpp:46] profiler_stop
gdn_in   M=  256 fp16   160.0us | bf16   160.0us | int_mm    90.0us | w8pack 88480.0us | sp24   170.0us | bf16 TFLOPS 53.9
USDT:2026-10-05 02:51:45 55399:55399 SyncActivityProfilerHandler.cpp:39] profiler_start
USDT:2026-10-05 02:51:45 55399:55399 SyncActivityProfilerHandler.cpp:46] profiler_stop
USDT:2026-10-05 02:51:45 55399:55399 SyncActivityProfilerHandler.cpp:39] profiler_start
USDT:2026-10-05 02:51:45 55399:55399 SyncActivityProfilerHandler.cpp:46] profiler_stop
USDT:2026-10-05 02:51:45 55399:55399 SyncActivityProfilerHandler.cpp:39] profiler_start
USDT:2026-10-05 02:51:45 55399:55399 SyncActivityProfilerHandler.cpp:46] profiler_stop
USDT:2026-10-05 02:51:45 55399:55399 SyncActivityProfilerHandler.cpp:39] profiler_start
USDT:2026-10-05 02:51:45 55399:55399 SyncActivityProfilerHandler.cpp:46] profiler_stop
USDT:2026-10-05 02:51:45 55399:55399 SyncActivityProfilerHandler.cpp:39] profiler_start
USDT:2026-10-05 02:51:45 55399:55399 SyncActivityProfilerHandler.cpp:46] profiler_stop
USDT:2026-10-05 02:51:45 55399:55399 SyncActivityProfilerHandler.cpp:39] profiler_start
USDT:2026-10-05 02:51:45 55399:55399 SyncActivityProfilerHandler.cpp:46] profiler_stop
USDT:2026-10-05 02:51:45 55399:55399 SyncActivityProfilerHandler.cpp:39] profiler_start
USDT:2026-10-05 02:51:45 55399:55399 SyncActivityProfilerHandler.cpp:46] profiler_stop
USDT:2026-10-05 02:51:45 55399:55399 SyncActivityProfilerHandler.cpp:39] profiler_start
USDT:2026-10-05 02:51:45 55399:55399 SyncActivityProfilerHandler.cpp:46] profiler_stop
USDT:2026-10-05 02:51:45 55399:55399 SyncActivityProfilerHandler.cpp:39] profiler_start
USDT:2026-10-05 02:51:45 55399:55399 SyncActivityProfilerHandler.cpp:46] profiler_stop
USDT:2026-10-05 02:51:45 55399:55399 SyncActivityProfilerHandler.cpp:39] profiler_start
USDT:2026-10-05 02:51:45 55399:55399 SyncActivityProfilerHandler.cpp:46] profiler_stop
USDT:2026-10-05 02:51:45 55399:55399 SyncActivityProfilerHandler.cpp:39] profiler_start
USDT:2026-10-05 02:51:45 55399:55399 SyncActivityProfilerHandler.cpp:46] profiler_stop
USDT:2026-10-05 02:51:45 55399:55399 SyncActivityProfilerHandler.cpp:39] profiler_start
USDT:2026-10-05 02:51:45 55399:55399 SyncActivityProfilerHandler.cpp:46] profiler_stop
USDT:2026-10-05 02:51:45 55399:55399 SyncActivityProfilerHandler.cpp:39] profiler_start
USDT:2026-10-05 02:51:45 55399:55399 SyncActivityProfilerHandler.cpp:46] profiler_stop
USDT:2026-10-05 02:51:45 55399:55399 SyncActivityProfilerHandler.cpp:39] profiler_start
USDT:2026-10-05 02:51:45 55399:55399 SyncActivityProfilerHandler.cpp:46] profiler_stop
USDT:2026-10-05 02:51:45 55399:55399 SyncActivityProfilerHandler.cpp:39] profiler_start
USDT:2026-10-05 02:51:45 55399:55399 SyncActivityProfilerHandler.cpp:46] profiler_stop
USDT:2026-10-05 02:51:45 55399:55399 SyncActivityProfilerHandler.cpp:39] profiler_start
USDT:2026-10-05 02:51:45 55399:55399 SyncActivityProfilerHandler.cpp:46] profiler_stop
USDT:2026-10-05 02:51:45 55399:55399 SyncActivityProfilerHandler.cpp:39] profiler_start
USDT:2026-10-05 02:51:45 55399:55399 SyncActivityProfilerHandler.cpp:46] profiler_stop
USDT:2026-10-05 02:51:45 55399:55399 SyncActivityProfilerHandler.cpp:39] profiler_start
USDT:2026-10-05 02:51:45 55399:55399 SyncActivityProfilerHandler.cpp:46] profiler_stop
USDT:2026-10-05 02:51:45 55399:55399 SyncActivityProfilerHandler.cpp:39] profiler_start
USDT:2026-10-05 02:51:45 55399:55399 SyncActivityProfilerHandler.cpp:46] profiler_stop
USDT:2026-10-05 02:51:45 55399:55399 SyncActivityProfilerHandler.cpp:39] profiler_start
USDT:2026-10-05 02:51:45 55399:55399 SyncActivityProfilerHandler.cpp:46] profiler_stop
USDT:2026-10-05 02:51:45 55399:55399 SyncActivityProfilerHandler.cpp:39] profiler_start
USDT:2026-10-05 02:51:45 55399:55399 SyncActivityProfilerHandler.cpp:46] profiler_stop
USDT:2026-10-05 02:51:46 55399:55399 SyncActivityProfilerHandler.cpp:39] profiler_start
USDT:2026-10-05 02:51:46 55399:55399 SyncActivityProfilerHandler.cpp:46] profiler_stop
USDT:2026-10-05 02:51:46 55399:55399 SyncActivityProfilerHandler.cpp:39] profiler_start
USDT:2026-10-05 02:51:47 55399:55399 SyncActivityProfilerHandler.cpp:46] profiler_stop
USDT:2026-10-05 02:51:47 55399:55399 SyncActivityProfilerHandler.cpp:39] profiler_start
USDT:2026-10-05 02:51:47 55399:55399 SyncActivityProfilerHandler.cpp:46] profiler_stop
USDT:2026-10-05 02:51:47 55399:55399 SyncActivityProfilerHandler.cpp:39] profiler_start
USDT:2026-10-05 02:51:47 55399:55399 SyncActivityProfilerHandler.cpp:46] profiler_stop
USDT:2026-10-05 02:51:47 55399:55399 SyncActivityProfilerHandler.cpp:39] profiler_start
USDT:2026-10-05 02:51:48 55399:55399 SyncActivityProfilerHandler.cpp:46] profiler_stop
USDT:2026-10-05 02:51:48 55399:55399 SyncActivityProfilerHandler.cpp:39] profiler_start
USDT:2026-10-05 02:51:48 55399:55399 SyncActivityProfilerHandler.cpp:46] profiler_stop
USDT:2026-10-05 02:51:48 55399:55399 SyncActivityProfilerHandler.cpp:39] profiler_start
USDT:2026-10-05 02:51:48 55399:55399 SyncActivityProfilerHandler.cpp:46] profiler_stop
USDT:2026-10-05 02:51:48 55399:55399 SyncActivityProfilerHandler.cpp:39] profiler_start
USDT:2026-10-05 02:51:48 55399:55399 SyncActivityProfilerHandler.cpp:46] profiler_stop
USDT:2026-10-05 02:51:48 55399:55399 SyncActivityProfilerHandler.cpp:39] profiler_start
USDT:2026-10-05 02:51:48 55399:55399 SyncActivityProfilerHandler.cpp:46] profiler_stop
USDT:2026-10-05 02:51:48 55399:55399 SyncActivityProfilerHandler.cpp:39] profiler_start
USDT:2026-10-05 02:51:48 55399:55399 SyncActivityProfilerHandler.cpp:46] profiler_stop
USDT:2026-10-05 02:51:48 55399:55399 SyncActivityProfilerHandler.cpp:39] profiler_start
USDT:2026-10-05 02:51:48 55399:55399 SyncActivityProfilerHandler.cpp:46] profiler_stop
USDT:2026-10-05 02:51:48 55399:55399 SyncActivityProfilerHandler.cpp:39] profiler_start
USDT:2026-10-05 02:51:48 55399:55399 SyncActivityProfilerHandler.cpp:46] profiler_stop
USDT:2026-10-05 02:51:48 55399:55399 SyncActivityProfilerHandler.cpp:39] profiler_start
USDT:2026-10-05 02:51:48 55399:55399 SyncActivityProfilerHandler.cpp:46] profiler_stop
USDT:2026-10-05 02:51:48 55399:55399 SyncActivityProfilerHandler.cpp:39] profiler_start
USDT:2026-10-05 02:51:48 55399:55399 SyncActivityProfilerHandler.cpp:46] profiler_stop
gdn_in   M= 1024 fp16   610.0us | bf16   660.0us | int_mm   380.0us | w8pack 337430.0us | sp24   690.0us | bf16 TFLOPS 52.3
USDT:2026-10-05 02:51:49 55399:55399 SyncActivityProfilerHandler.cpp:39] profiler_start
USDT:2026-10-05 02:51:49 55399:55399 SyncActivityProfilerHandler.cpp:46] profiler_stop
USDT:2026-10-05 02:51:49 55399:55399 SyncActivityProfilerHandler.cpp:39] profiler_start
USDT:2026-10-05 02:51:49 55399:55399 SyncActivityProfilerHandler.cpp:46] profiler_stop
USDT:2026-10-05 02:51:49 55399:55399 SyncActivityProfilerHandler.cpp:39] profiler_start
USDT:2026-10-05 02:51:49 55399:55399 SyncActivityProfilerHandler.cpp:46] profiler_stop
USDT:2026-10-05 02:51:49 55399:55399 SyncActivityProfilerHandler.cpp:39] profiler_start
USDT:2026-10-05 02:51:49 55399:55399 SyncActivityProfilerHandler.cpp:46] profiler_stop
USDT:2026-10-05 02:51:49 55399:55399 SyncActivityProfilerHandler.cpp:39] profiler_start
USDT:2026-10-05 02:51:49 55399:55399 SyncActivityProfilerHandler.cpp:46] profiler_stop
USDT:2026-10-05 02:51:49 55399:55399 SyncActivityProfilerHandler.cpp:39] profiler_start
USDT:2026-10-05 02:51:49 55399:55399 SyncActivityProfilerHandler.cpp:46] profiler_stop
USDT:2026-10-05 02:51:49 55399:55399 SyncActivityProfilerHandler.cpp:39] profiler_start
USDT:2026-10-05 02:51:49 55399:55399 SyncActivityProfilerHandler.cpp:46] profiler_stop
USDT:2026-10-05 02:51:49 55399:55399 SyncActivityProfilerHandler.cpp:39] profiler_start
USDT:2026-10-05 02:51:49 55399:55399 SyncActivityProfilerHandler.cpp:46] profiler_stop
USDT:2026-10-05 02:51:49 55399:55399 SyncActivityProfilerHandler.cpp:39] profiler_start
USDT:2026-10-05 02:51:49 55399:55399 SyncActivityProfilerHandler.cpp:46] profiler_stop
USDT:2026-10-05 02:51:49 55399:55399 SyncActivityProfilerHandler.cpp:39] profiler_start
USDT:2026-10-05 02:51:49 55399:55399 SyncActivityProfilerHandler.cpp:46] profiler_stop
USDT:2026-10-05 02:51:49 55399:55399 SyncActivityProfilerHandler.cpp:39] profiler_start
USDT:2026-10-05 02:51:49 55399:55399 SyncActivityProfilerHandler.cpp:46] profiler_stop
USDT:2026-10-05 02:51:49 55399:55399 SyncActivityProfilerHandler.cpp:39] profiler_start
USDT:2026-10-05 02:51:49 55399:55399 SyncActivityProfilerHandler.cpp:46] profiler_stop
USDT:2026-10-05 02:51:49 55399:55399 SyncActivityProfilerHandler.cpp:39] profiler_start
USDT:2026-10-05 02:51:49 55399:55399 SyncActivityProfilerHandler.cpp:46] profiler_stop
USDT:2026-10-05 02:51:49 55399:55399 SyncActivityProfilerHandler.cpp:39] profiler_start
USDT:2026-10-05 02:51:49 55399:55399 SyncActivityProfilerHandler.cpp:46] profiler_stop
USDT:2026-10-05 02:51:49 55399:55399 SyncActivityProfilerHandler.cpp:39] profiler_start
USDT:2026-10-05 02:51:49 55399:55399 SyncActivityProfilerHandler.cpp:46] profiler_stop
USDT:2026-10-05 02:51:49 55399:55399 SyncActivityProfilerHandler.cpp:39] profiler_start
USDT:2026-10-05 02:51:49 55399:55399 SyncActivityProfilerHandler.cpp:46] profiler_stop
USDT:2026-10-05 02:51:49 55399:55399 SyncActivityProfilerHandler.cpp:39] profiler_start
USDT:2026-10-05 02:51:49 55399:55399 SyncActivityProfilerHandler.cpp:46] profiler_stop
USDT:2026-10-05 02:51:49 55399:55399 SyncActivityProfilerHandler.cpp:39] profiler_start
USDT:2026-10-05 02:51:49 55399:55399 SyncActivityProfilerHandler.cpp:46] profiler_stop
USDT:2026-10-05 02:51:49 55399:55399 SyncActivityProfilerHandler.cpp:39] profiler_start
USDT:2026-10-05 02:51:49 55399:55399 SyncActivityProfilerHandler.cpp:46] profiler_stop
USDT:2026-10-05 02:51:49 55399:55399 SyncActivityProfilerHandler.cpp:39] profiler_start
USDT:2026-10-05 02:51:49 55399:55399 SyncActivityProfilerHandler.cpp:46] profiler_stop
USDT:2026-10-05 02:51:49 55399:55399 SyncActivityProfilerHandler.cpp:39] profiler_start
USDT:2026-10-05 02:51:49 55399:55399 SyncActivityProfilerHandler.cpp:46] profiler_stop
USDT:2026-10-05 02:51:50 55399:55399 SyncActivityProfilerHandler.cpp:39] profiler_start
USDT:2026-10-05 02:51:51 55399:55399 SyncActivityProfilerHandler.cpp:46] profiler_stop
USDT:2026-10-05 02:51:51 55399:55399 SyncActivityProfilerHandler.cpp:39] profiler_start
USDT:2026-10-05 02:51:51 55399:55399 SyncActivityProfilerHandler.cpp:46] profiler_stop
USDT:2026-10-05 02:51:51 55399:55399 SyncActivityProfilerHandler.cpp:39] profiler_start
USDT:2026-10-05 02:51:52 55399:55399 SyncActivityProfilerHandler.cpp:46] profiler_stop
USDT:2026-10-05 02:51:52 55399:55399 SyncActivityProfilerHandler.cpp:39] profiler_start
USDT:2026-10-05 02:51:53 55399:55399 SyncActivityProfilerHandler.cpp:46] profiler_stop
USDT:2026-10-05 02:51:53 55399:55399 SyncActivityProfilerHandler.cpp:39] profiler_start
USDT:2026-10-05 02:51:53 55399:55399 SyncActivityProfilerHandler.cpp:46] profiler_stop
USDT:2026-10-05 02:51:53 55399:55399 SyncActivityProfilerHandler.cpp:39] profiler_start
USDT:2026-10-05 02:51:54 55399:55399 SyncActivityProfilerHandler.cpp:46] profiler_stop
USDT:2026-10-05 02:51:54 55399:55399 SyncActivityProfilerHandler.cpp:39] profiler_start
USDT:2026-10-05 02:51:54 55399:55399 SyncActivityProfilerHandler.cpp:46] profiler_stop
USDT:2026-10-05 02:51:54 55399:55399 SyncActivityProfilerHandler.cpp:39] profiler_start
USDT:2026-10-05 02:51:54 55399:55399 SyncActivityProfilerHandler.cpp:46] profiler_stop
USDT:2026-10-05 02:51:54 55399:55399 SyncActivityProfilerHandler.cpp:39] profiler_start
USDT:2026-10-05 02:51:54 55399:55399 SyncActivityProfilerHandler.cpp:46] profiler_stop
USDT:2026-10-05 02:51:54 55399:55399 SyncActivityProfilerHandler.cpp:39] profiler_start
USDT:2026-10-05 02:51:54 55399:55399 SyncActivityProfilerHandler.cpp:46] profiler_stop
USDT:2026-10-05 02:51:54 55399:55399 SyncActivityProfilerHandler.cpp:39] profiler_start
USDT:2026-10-05 02:51:54 55399:55399 SyncActivityProfilerHandler.cpp:46] profiler_stop
USDT:2026-10-05 02:51:54 55399:55399 SyncActivityProfilerHandler.cpp:39] profiler_start
USDT:2026-10-05 02:51:54 55399:55399 SyncActivityProfilerHandler.cpp:46] profiler_stop
USDT:2026-10-05 02:51:55 55399:55399 SyncActivityProfilerHandler.cpp:39] profiler_start
USDT:2026-10-05 02:51:55 55399:55399 SyncActivityProfilerHandler.cpp:46] profiler_stop
USDT:2026-10-05 02:51:55 55399:55399 SyncActivityProfilerHandler.cpp:39] profiler_start
USDT:2026-10-05 02:51:55 55399:55399 SyncActivityProfilerHandler.cpp:46] profiler_stop
gdn_in   M= 2048 fp16  1090.0us | bf16  1140.0us | int_mm   670.0us | w8pack 610390.0us | sp24  1380.0us | bf16 TFLOPS 60.5
