USDT:2026-10-05 02:49:24 54107:54107 SyncActivityProfilerHandler.cpp:39] profiler_start
USDT:2026-10-05 02:49:24 54107:54107 SyncActivityProfilerHandler.cpp:46] profiler_stop
USDT:2026-10-05 02:49:24 54107:54107 SyncActivityProfilerHandler.cpp:39] profiler_start
USDT:2026-10-05 02:49:24 54107:54107 SyncActivityProfilerHandler.cpp:46] profiler_stop
USDT:2026-10-05 02:49:24 54107:54107 SyncActivityProfilerHandler.cpp:39] profiler_start
USDT:2026-10-05 02:49:24 54107:54107 SyncActivityProfilerHandler.cpp:46] profiler_stop
USDT:2026-10-05 02:49:24 54107:54107 SyncActivityProfilerHandler.cpp:39] profiler_start
USDT:2026-10-05 02:49:24 54107:54107 SyncActivityProfilerHandler.cpp:46] profiler_stop
USDT:2026-10-05 02:49:24 54107:54107 SyncActivityProfilerHandler.cpp:39] profiler_start
USDT:2026-10-05 02:49:24 54107:54107 SyncActivityProfilerHandler.cpp:46] profiler_stop
USDT:2026-10-05 02:49:24 54107:54107 SyncActivityProfilerHandler.cpp:39] profiler_start
USDT:2026-10-05 02:49:24 54107:54107 SyncActivityProfilerHandler.cpp:46] profiler_stop
USDT:2026-10-05 02:49:24 54107:54107 SyncActivityProfilerHandler.cpp:39] profiler_start
USDT:2026-10-05 02:49:24 54107:54107 SyncActivityProfilerHandler.cpp:46] profiler_stop
bf16 gate_up  M=   16 kernel    120.0 us     6.7 TFLOPS  wt    419 GB/s
USDT:2026-10-05 02:49:24 54107:54107 SyncActivityProfilerHandler.cpp:39] profiler_start
USDT:2026-10-05 02:49:24 54107:54107 SyncActivityProfilerHandler.cpp:46] profiler_stop
USDT:2026-10-05 02:49:24 54107:54107 SyncActivityProfilerHandler.cpp:39] profiler_start
USDT:2026-10-05 02:49:24 54107:54107 SyncActivityProfilerHandler.cpp:46] profiler_stop
USDT:2026-10-05 02:49:24 54107:54107 SyncActivityProfilerHandler.cpp:39] profiler_start
USDT:2026-10-05 02:49:24 54107:54107 SyncActivityProfilerHandler.cpp:46] profiler_stop
USDT:2026-10-05 02:49:24 54107:54107 SyncActivityProfilerHandler.cpp:39] profiler_start
USDT:2026-10-05 02:49:24 54107:54107 SyncActivityProfilerHandler.cpp:46] profiler_stop
USDT:2026-10-05 02:49:24 54107:54107 SyncActivityProfilerHandler.cpp:39] profiler_start
USDT:2026-10-05 02:49:24 54107:54107 SyncActivityProfilerHandler.cpp:46] profiler_stop
USDT:2026-10-05 02:49:24 54107:54107 SyncActivityProfilerHandler.cpp:39] profiler_start
USDT:2026-10-05 02:49:24 54107:54107 SyncActivityProfilerHandler.cpp:46] profiler_stop
USDT:2026-10-05 02:49:24 54107:54107 SyncActivityProfilerHandler.cpp:39] profiler_start
USDT:2026-10-05 02:49:24 54107:54107 SyncActivityProfilerHandler.cpp:46] profiler_stop
bf16 gate_up  M=   64 kernel    140.0 us    23.0 TFLOPS  wt    360 GB/s
USDT:2026-10-05 02:49:24 54107:54107 SyncActivityProfilerHandler.cpp:39] profiler_start
USDT:2026-10-05 02:49:24 54107:54107 SyncActivityProfilerHandler.cpp:46] profiler_stop
USDT:2026-10-05 02:49:24 54107:54107 SyncActivityProfilerHandler.cpp:39] profiler_start
USDT:2026-10-05 02:49:24 54107:54107 SyncActivityProfilerHandler.cpp:46] profiler_stop
USDT:2026-10-05 02:49:24 54107:54107 SyncActivityProfilerHandler.cpp:39] profiler_start
USDT:2026-10-05 02:49:24 54107:54107 SyncActivityProfilerHandler.cpp:46] profiler_stop
USDT:2026-10-05 02:49:24 54107:54107 SyncActivityProfilerHandler.cpp:39] profiler_start
USDT:2026-10-05 02:49:24 54107:54107 SyncActivityProfilerHandler.cpp:46] profiler_stop
USDT:2026-10-05 02:49:24 54107:54107 SyncActivityProfilerHandler.cpp:39] profiler_start
USDT:2026-10-05 02:49:24 54107:54107 SyncActivityProfilerHandler.cpp:46] profiler_stop
USDT:2026-10-05 02:49:24 54107:54107 SyncActivityProfilerHandler.cpp:39] profiler_start
USDT:2026-10-05 02:49:24 54107:54107 SyncActivityProfilerHandler.cpp:46] profiler_stop
USDT:2026-10-05 02:49:24 54107:54107 SyncActivityProfilerHandler.cpp:39] profiler_start
USDT:2026-10-05 02:49:24 54107:54107 SyncActivityProfilerHandler.cpp:46] profiler_stop
bf16 gate_up  M=  256 kernel    240.0 us    53.7 TFLOPS  wt    210 GB/s
USDT:2026-10-05 02:49:24 54107:54107 SyncActivityProfilerHandler.cpp:39] profiler_start
USDT:2026-10-05 02:49:24 54107:54107 SyncActivityProfilerHandler.cpp:46] profiler_stop
USDT:2026-10-05 02:49:24 54107:54107 SyncActivityProfilerHandler.cpp:39] profiler_start
USDT:2026-10-05 02:49:24 54107:54107 SyncActivityProfilerHandler.cpp:46] profiler_stop
USDT:2026-10-05 02:49:24 54107:54107 SyncActivityProfilerHandler.cpp:39] profiler_start
USDT:2026-10-05 02:49:24 54107:54107 SyncActivityProfilerHandler.cpp:46] profiler_stop
USDT:2026-10-05 02:49:24 54107:54107 SyncActivityProfilerHandler.cpp:39] profiler_start
USDT:2026-10-05 02:49:24 54107:54107 SyncActivityProfilerHandler.cpp:46] profiler_stop
USDT:2026-10-05 02:49:24 54107:54107 SyncActivityProfilerHandler.cpp:39] profiler_start
USDT:2026-10-05 02:49:24 54107:54107 SyncActivityProfilerHandler.cpp:46] profiler_stop
USDT:2026-10-05 02:49:24 54107:54107 SyncActivityProfilerHandler.cpp:39] profiler_start
USDT:2026-10-05 02:49:24 54107:54107 SyncActivityProfilerHandler.cpp:46] profiler_stop
USDT:2026-10-05 02:49:24 54107:54107 SyncActivityProfilerHandler.cpp:39] profiler_start
USDT:2026-10-05 02:49:24 54107:54107 SyncActivityProfilerHandler.cpp:46] profiler_stop
bf16 gate_up  M=  512 kernel    400.0 us    64.4 TFLOPS  wt    126 GB/s
USDT:2026-10-05 02:49:25 54107:54107 SyncActivityProfilerHandler.cpp:39] profiler_start
USDT:2026-10-05 02:49:25 54107:54107 SyncActivityProfilerHandler.cpp:46] profiler_stop
USDT:2026-10-05 02:49:25 54107:54107 SyncActivityProfilerHandler.cpp:39] profiler_start
USDT:2026-10-05 02:49:25 54107:54107 SyncActivityProfilerHandler.cpp:46] profiler_stop
USDT:2026-10-05 02:49:25 54107:54107 SyncActivityProfilerHandler.cpp:39] profiler_start
USDT:2026-10-05 02:49:25 54107:54107 SyncActivityProfilerHandler.cpp:46] profiler_stop
USDT:2026-10-05 02:49:25 54107:54107 SyncActivityProfilerHandler.cpp:39] profiler_start
USDT:2026-10-05 02:49:25 54107:54107 SyncActivityProfilerHandler.cpp:46] profiler_stop
USDT:2026-10-05 02:49:25 54107:54107 SyncActivityProfilerHandler.cpp:39] profiler_start
USDT:2026-10-05 02:49:25 54107:54107 SyncActivityProfilerHandler.cpp:46] profiler_stop
USDT:2026-10-05 02:49:25 54107:54107 SyncActivityProfilerHandler.cpp:39] profiler_start
USDT:2026-10-05 02:49:25 54107:54107 SyncActivityProfilerHandler.cpp:46] profiler_stop
USDT:2026-10-05 02:49:25 54107:54107 SyncActivityProfilerHandler.cpp:39] profiler_start
USDT:2026-10-05 02:49:25 54107:54107 SyncActivityProfilerHandler.cpp:46] profiler_stop
bf16 gate_up  M= 1024 kernel    820.0 us    62.9 TFLOPS  wt     61 GB/s
USDT:2026-10-05 02:49:25 54107:54107 SyncActivityProfilerHandler.cpp:39] profiler_start
USDT:2026-10-05 02:49:25 54107:54107 SyncActivityProfilerHandler.cpp:46] profiler_stop
USDT:2026-10-05 02:49:25 54107:54107 SyncActivityProfilerHandler.cpp:39] profiler_start
USDT:2026-10-05 02:49:25 54107:54107 SyncActivityProfilerHandler.cpp:46] profiler_stop
USDT:2026-10-05 02:49:25 54107:54107 SyncActivityProfilerHandler.cpp:39] profiler_start
USDT:2026-10-05 02:49:25 54107:54107 SyncActivityProfilerHandler.cpp:46] profiler_stop
USDT:2026-10-05 02:49:25 54107:54107 SyncActivityProfilerHandler.cpp:39] profiler_start
USDT:2026-10-05 02:49:25 54107:54107 SyncActivityProfilerHandler.cpp:46] profiler_stop
USDT:2026-10-05 02:49:25 54107:54107 SyncActivityProfilerHandler.cpp:39] profiler_start
USDT:2026-10-05 02:49:25 54107:54107 SyncActivityProfilerHandler.cpp:46] profiler_stop
USDT:2026-10-05 02:49:25 54107:54107 SyncActivityProfilerHandler.cpp:39] profiler_start
USDT:2026-10-05 02:49:25 54107:54107 SyncActivityProfilerHandler.cpp:46] profiler_stop
USDT:2026-10-05 02:49:25 54107:54107 SyncActivityProfilerHandler.cpp:39] profiler_start
USDT:2026-10-05 02:49:25 54107:54107 SyncActivityProfilerHandler.cpp:46] profiler_stop
bf16 gate_up  M= 2048 kernel   1640.0 us    62.9 TFLOPS  wt     31 GB/s
USDT:2026-10-05 02:49:25 54107:54107 SyncActivityProfilerHandler.cpp:39] profiler_start
USDT:2026-10-05 02:49:25 54107:54107 SyncActivityProfilerHandler.cpp:46] profiler_stop
USDT:2026-10-05 02:49:25 54107:54107 SyncActivityProfilerHandler.cpp:39] profiler_start
USDT:2026-10-05 02:49:25 54107:54107 SyncActivityProfilerHandler.cpp:46] profiler_stop
USDT:2026-10-05 02:49:25 54107:54107 SyncActivityProfilerHandler.cpp:39] profiler_start
USDT:2026-10-05 02:49:25 54107:54107 SyncActivityProfilerHandler.cpp:46] profiler_stop
USDT:2026-10-05 02:49:25 54107:54107 SyncActivityProfilerHandler.cpp:39] profiler_start
USDT:2026-10-05 02:49:25 54107:54107 SyncActivityProfilerHandler.cpp:46] profiler_stop
USDT:2026-10-05 02:49:25 54107:54107 SyncActivityProfilerHandler.cpp:39] profiler_start
USDT:2026-10-05 02:49:25 54107:54107 SyncActivityProfilerHandler.cpp:46] profiler_stop
USDT:2026-10-05 02:49:25 54107:54107 SyncActivityProfilerHandler.cpp:39] profiler_start
USDT:2026-10-05 02:49:25 54107:54107 SyncActivityProfilerHandler.cpp:46] profiler_stop
USDT:2026-10-05 02:49:25 54107:54107 SyncActivityProfilerHandler.cpp:39] profiler_start
USDT:2026-10-05 02:49:25 54107:54107 SyncActivityProfilerHandler.cpp:46] profiler_stop
bf16 gate_up  M= 4096 kernel  17070.0 us    12.1 TFLOPS  wt      3 GB/s
USDT:2026-10-05 02:49:25 54107:54107 SyncActivityProfilerHandler.cpp:39] profiler_start
USDT:2026-10-05 02:49:25 54107:54107 SyncActivityProfilerHandler.cpp:46] profiler_stop
USDT:2026-10-05 02:49:25 54107:54107 SyncActivityProfilerHandler.cpp:39] profiler_start
USDT:2026-10-05 02:49:25 54107:54107 SyncActivityProfilerHandler.cpp:46] profiler_stop
USDT:2026-10-05 02:49:25 54107:54107 SyncActivityProfilerHandler.cpp:39] profiler_start
USDT:2026-10-05 02:49:25 54107:54107 SyncActivityProfilerHandler.cpp:46] profiler_stop
USDT:2026-10-05 02:49:25 54107:54107 SyncActivityProfilerHandler.cpp:39] profiler_start
USDT:2026-10-05 02:49:25 54107:54107 SyncActivityProfilerHandler.cpp:46] profiler_stop
USDT:2026-10-05 02:49:25 54107:54107 SyncActivityProfilerHandler.cpp:39] profiler_start
USDT:2026-10-05 02:49:25 54107:54107 SyncActivityProfilerHandler.cpp:46] profiler_stop
USDT:2026-10-05 02:49:25 54107:54107 SyncActivityProfilerHandler.cpp:39] profiler_start
USDT:2026-10-05 02:49:25 54107:54107 SyncActivityProfilerHandler.cpp:46] profiler_stop
USDT:2026-10-05 02:49:25 54107:54107 SyncActivityProfilerHandler.cpp:39] profiler_start
USDT:2026-10-05 02:49:25 54107:54107 SyncActivityProfilerHandler.cpp:46] profiler_stop
bf16 down     M=   16 kernel     70.0 us     5.8 TFLOPS  wt    360 GB/s
USDT:2026-10-05 02:49:25 54107:54107 SyncActivityProfilerHandler.cpp:39] profiler_start
USDT:2026-10-05 02:49:25 54107:54107 SyncActivityProfilerHandler.cpp:46] profiler_stop
USDT:2026-10-05 02:49:25 54107:54107 SyncActivityProfilerHandler.cpp:39] profiler_start
USDT:2026-10-05 02:49:25 54107:54107 SyncActivityProfilerHandler.cpp:46] profiler_stop
USDT:2026-10-05 02:49:25 54107:54107 SyncActivityProfilerHandler.cpp:39] profiler_start
USDT:2026-10-05 02:49:25 54107:54107 SyncActivityProfilerHandler.cpp:46] profiler_stop
USDT:2026-10-05 02:49:25 54107:54107 SyncActivityProfilerHandler.cpp:39] profiler_start
USDT:2026-10-05 02:49:25 54107:54107 SyncActivityProfilerHandler.cpp:46] profiler_stop
USDT:2026-10-05 02:49:25 54107:54107 SyncActivityProfilerHandler.cpp:39] profiler_start
USDT:2026-10-05 02:49:25 54107:54107 SyncActivityProfilerHandler.cpp:46] profiler_stop
USDT:2026-10-05 02:49:25 54107:54107 SyncActivityProfilerHandler.cpp:39] profiler_start
USDT:2026-10-05 02:49:25 54107:54107 SyncActivityProfilerHandler.cpp:46] profiler_stop
USDT:2026-10-05 02:49:25 54107:54107 SyncActivityProfilerHandler.cpp:39] profiler_start
USDT:2026-10-05 02:49:25 54107:54107 SyncActivityProfilerHandler.cpp:46] profiler_stop
bf16 down     M=   64 kernel     70.0 us    23.0 TFLOPS  wt    360 GB/s
USDT:2026-10-05 02:49:25 54107:54107 SyncActivityProfilerHandler.cpp:39] profiler_start
USDT:2026-10-05 02:49:25 54107:54107 SyncActivityProfilerHandler.cpp:46] profiler_stop
USDT:2026-10-05 02:49:25 54107:54107 SyncActivityProfilerHandler.cpp:39] profiler_start
USDT:2026-10-05 02:49:25 54107:54107 SyncActivityProfilerHandler.cpp:46] profiler_stop
USDT:2026-10-05 02:49:25 54107:54107 SyncActivityProfilerHandler.cpp:39] profiler_start
USDT:2026-10-05 02:49:25 54107:54107 SyncActivityProfilerHandler.cpp:46] profiler_stop
USDT:2026-10-05 02:49:25 54107:54107 SyncActivityProfilerHandler.cpp:39] profiler_start
USDT:2026-10-05 02:49:25 54107:54107 SyncActivityProfilerHandler.cpp:46] profiler_stop
USDT:2026-10-05 02:49:25 54107:54107 SyncActivityProfilerHandler.cpp:39] profiler_start
USDT:2026-10-05 02:49:25 54107:54107 SyncActivityProfilerHandler.cpp:46] profiler_stop
USDT:2026-10-05 02:49:25 54107:54107 SyncActivityProfilerHandler.cpp:39] profiler_start
USDT:2026-10-05 02:49:25 54107:54107 SyncActivityProfilerHandler.cpp:46] profiler_stop
USDT:2026-10-05 02:49:25 54107:54107 SyncActivityProfilerHandler.cpp:39] profiler_start
USDT:2026-10-05 02:49:25 54107:54107 SyncActivityProfilerHandler.cpp:46] profiler_stop
bf16 down     M=  256 kernel    120.0 us    53.7 TFLOPS  wt    210 GB/s
USDT:2026-10-05 02:49:25 54107:54107 SyncActivityProfilerHandler.cpp:39] profiler_start
USDT:2026-10-05 02:49:25 54107:54107 SyncActivityProfilerHandler.cpp:46] profiler_stop
USDT:2026-10-05 02:49:25 54107:54107 SyncActivityProfilerHandler.cpp:39] profiler_start
USDT:2026-10-05 02:49:25 54107:54107 SyncActivityProfilerHandler.cpp:46] profiler_stop
USDT:2026-10-05 02:49:25 54107:54107 SyncActivityProfilerHandler.cpp:39] profiler_start
USDT:2026-10-05 02:49:25 54107:54107 SyncActivityProfilerHandler.cpp:46] profiler_stop
USDT:2026-10-05 02:49:25 54107:54107 SyncActivityProfilerHandler.cpp:39] profiler_start
USDT:2026-10-05 02:49:25 54107:54107 SyncActivityProfilerHandler.cpp:46] profiler_stop
USDT:2026-10-05 02:49:25 54107:54107 SyncActivityProfilerHandler.cpp:39] profiler_start
USDT:2026-10-05 02:49:25 54107:54107 SyncActivityProfilerHandler.cpp:46] profiler_stop
USDT:2026-10-05 02:49:25 54107:54107 SyncActivityProfilerHandler.cpp:39] profiler_start
USDT:2026-10-05 02:49:25 54107:54107 SyncActivityProfilerHandler.cpp:46] profiler_stop
USDT:2026-10-05 02:49:25 54107:54107 SyncActivityProfilerHandler.cpp:39] profiler_start
USDT:2026-10-05 02:49:25 54107:54107 SyncActivityProfilerHandler.cpp:46] profiler_stop
bf16 down     M=  512 kernel    240.0 us    53.7 TFLOPS  wt    105 GB/s
USDT:2026-10-05 02:49:25 54107:54107 SyncActivityProfilerHandler.cpp:39] profiler_start
USDT:2026-10-05 02:49:26 54107:54107 SyncActivityProfilerHandler.cpp:46] profiler_stop
USDT:2026-10-05 02:49:26 54107:54107 SyncActivityProfilerHandler.cpp:39] profiler_start
USDT:2026-10-05 02:49:26 54107:54107 SyncActivityProfilerHandler.cpp:46] profiler_stop
USDT:2026-10-05 02:49:26 54107:54107 SyncActivityProfilerHandler.cpp:39] profiler_start
USDT:2026-10-05 02:49:26 54107:54107 SyncActivityProfilerHandler.cpp:46] profiler_stop
USDT:2026-10-05 02:49:26 54107:54107 SyncActivityProfilerHandler.cpp:39] profiler_start
USDT:2026-10-05 02:49:26 54107:54107 SyncActivityProfilerHandler.cpp:46] profiler_stop
USDT:2026-10-05 02:49:26 54107:54107 SyncActivityProfilerHandler.cpp:39] profiler_start
USDT:2026-10-05 02:49:26 54107:54107 SyncActivityProfilerHandler.cpp:46] profiler_stop
USDT:2026-10-05 02:49:26 54107:54107 SyncActivityProfilerHandler.cpp:39] profiler_start
USDT:2026-10-05 02:49:26 54107:54107 SyncActivityProfilerHandler.cpp:46] profiler_stop
USDT:2026-10-05 02:49:26 54107:54107 SyncActivityProfilerHandler.cpp:39] profiler_start
USDT:2026-10-05 02:49:26 54107:54107 SyncActivityProfilerHandler.cpp:46] profiler_stop
bf16 down     M= 1024 kernel    400.0 us    64.4 TFLOPS  wt     63 GB/s
USDT:2026-10-05 02:49:26 54107:54107 SyncActivityProfilerHandler.cpp:39] profiler_start
USDT:2026-10-05 02:49:26 54107:54107 SyncActivityProfilerHandler.cpp:46] profiler_stop
USDT:2026-10-05 02:49:26 54107:54107 SyncActivityProfilerHandler.cpp:39] profiler_start
USDT:2026-10-05 02:49:26 54107:54107 SyncActivityProfilerHandler.cpp:46] profiler_stop
USDT:2026-10-05 02:49:26 54107:54107 SyncActivityProfilerHandler.cpp:39] profiler_start
USDT:2026-10-05 02:49:26 54107:54107 SyncActivityProfilerHandler.cpp:46] profiler_stop
USDT:2026-10-05 02:49:26 54107:54107 SyncActivityProfilerHandler.cpp:39] profiler_start
USDT:2026-10-05 02:49:26 54107:54107 SyncActivityProfilerHandler.cpp:46] profiler_stop
USDT:2026-10-05 02:49:26 54107:54107 SyncActivityProfilerHandler.cpp:39] profiler_start
USDT:2026-10-05 02:49:26 54107:54107 SyncActivityProfilerHandler.cpp:46] profiler_stop
USDT:2026-10-05 02:49:26 54107:54107 SyncActivityProfilerHandler.cpp:39] profiler_start
USDT:2026-10-05 02:49:26 54107:54107 SyncActivityProfilerHandler.cpp:46] profiler_stop
USDT:2026-10-05 02:49:26 54107:54107 SyncActivityProfilerHandler.cpp:39] profiler_start
USDT:2026-10-05 02:49:26 54107:54107 SyncActivityProfilerHandler.cpp:46] profiler_stop
bf16 down     M= 2048 kernel    940.0 us    54.8 TFLOPS  wt     27 GB/s
USDT:2026-10-05 02:49:26 54107:54107 SyncActivityProfilerHandler.cpp:39] profiler_start
USDT:2026-10-05 02:49:26 54107:54107 SyncActivityProfilerHandler.cpp:46] profiler_stop
USDT:2026-10-05 02:49:26 54107:54107 SyncActivityProfilerHandler.cpp:39] profiler_start
USDT:2026-10-05 02:49:26 54107:54107 SyncActivityProfilerHandler.cpp:46] profiler_stop
USDT:2026-10-05 02:49:26 54107:54107 SyncActivityProfilerHandler.cpp:39] profiler_start
USDT:2026-10-05 02:49:26 54107:54107 SyncActivityProfilerHandler.cpp:46] profiler_stop
USDT:2026-10-05 02:49:26 54107:54107 SyncActivityProfilerHandler.cpp:39] profiler_start
USDT:2026-10-05 02:49:26 54107:54107 SyncActivityProfilerHandler.cpp:46] profiler_stop
USDT:2026-10-05 02:49:26 54107:54107 SyncActivityProfilerHandler.cpp:39] profiler_start
USDT:2026-10-05 02:49:26 54107:54107 SyncActivityProfilerHandler.cpp:46] profiler_stop
USDT:2026-10-05 02:49:26 54107:54107 SyncActivityProfilerHandler.cpp:39] profiler_start
USDT:2026-10-05 02:49:26 54107:54107 SyncActivityProfilerHandler.cpp:46] profiler_stop
USDT:2026-10-05 02:49:26 54107:54107 SyncActivityProfilerHandler.cpp:39] profiler_start
USDT:2026-10-05 02:49:26 54107:54107 SyncActivityProfilerHandler.cpp:46] profiler_stop
bf16 down     M= 4096 kernel   1880.0 us    54.8 TFLOPS  wt     13 GB/s
USDT:2026-10-05 02:49:26 54107:54107 SyncActivityProfilerHandler.cpp:39] profiler_start
USDT:2026-10-05 02:49:26 54107:54107 SyncActivityProfilerHandler.cpp:46] profiler_stop
USDT:2026-10-05 02:49:26 54107:54107 SyncActivityProfilerHandler.cpp:39] profiler_start
USDT:2026-10-05 02:49:26 54107:54107 SyncActivityProfilerHandler.cpp:46] profiler_stop
USDT:2026-10-05 02:49:26 54107:54107 SyncActivityProfilerHandler.cpp:39] profiler_start
USDT:2026-10-05 02:49:26 54107:54107 SyncActivityProfilerHandler.cpp:46] profiler_stop
USDT:2026-10-05 02:49:26 54107:54107 SyncActivityProfilerHandler.cpp:39] profiler_start
USDT:2026-10-05 02:49:26 54107:54107 SyncActivityProfilerHandler.cpp:46] profiler_stop
USDT:2026-10-05 02:49:26 54107:54107 SyncActivityProfilerHandler.cpp:39] profiler_start
USDT:2026-10-05 02:49:26 54107:54107 SyncActivityProfilerHandler.cpp:46] profiler_stop
USDT:2026-10-05 02:49:26 54107:54107 SyncActivityProfilerHandler.cpp:39] profiler_start
USDT:2026-10-05 02:49:26 54107:54107 SyncActivityProfilerHandler.cpp:46] profiler_stop
USDT:2026-10-05 02:49:26 54107:54107 SyncActivityProfilerHandler.cpp:39] profiler_start
USDT:2026-10-05 02:49:26 54107:54107 SyncActivityProfilerHandler.cpp:46] profiler_stop
bf16 gdn_in   M=   16 kernel     90.0 us     6.0 TFLOPS  wt    374 GB/s
USDT:2026-10-05 02:49:26 54107:54107 SyncActivityProfilerHandler.cpp:39] profiler_start
USDT:2026-10-05 02:49:26 54107:54107 SyncActivityProfilerHandler.cpp:46] profiler_stop
USDT:2026-10-05 02:49:26 54107:54107 SyncActivityProfilerHandler.cpp:39] profiler_start
USDT:2026-10-05 02:49:26 54107:54107 SyncActivityProfilerHandler.cpp:46] profiler_stop
USDT:2026-10-05 02:49:26 54107:54107 SyncActivityProfilerHandler.cpp:39] profiler_start
USDT:2026-10-05 02:49:26 54107:54107 SyncActivityProfilerHandler.cpp:46] profiler_stop
USDT:2026-10-05 02:49:26 54107:54107 SyncActivityProfilerHandler.cpp:39] profiler_start
USDT:2026-10-05 02:49:26 54107:54107 SyncActivityProfilerHandler.cpp:46] profiler_stop
USDT:2026-10-05 02:49:26 54107:54107 SyncActivityProfilerHandler.cpp:39] profiler_start
USDT:2026-10-05 02:49:26 54107:54107 SyncActivityProfilerHandler.cpp:46] profiler_stop
USDT:2026-10-05 02:49:26 54107:54107 SyncActivityProfilerHandler.cpp:39] profiler_start
USDT:2026-10-05 02:49:26 54107:54107 SyncActivityProfilerHandler.cpp:46] profiler_stop
USDT:2026-10-05 02:49:26 54107:54107 SyncActivityProfilerHandler.cpp:39] profiler_start
USDT:2026-10-05 02:49:26 54107:54107 SyncActivityProfilerHandler.cpp:46] profiler_stop
bf16 gdn_in   M=   64 kernel     90.0 us    24.0 TFLOPS  wt    374 GB/s
USDT:2026-10-05 02:49:26 54107:54107 SyncActivityProfilerHandler.cpp:39] profiler_start
USDT:2026-10-05 02:49:26 54107:54107 SyncActivityProfilerHandler.cpp:46] profiler_stop
USDT:2026-10-05 02:49:26 54107:54107 SyncActivityProfilerHandler.cpp:39] profiler_start
USDT:2026-10-05 02:49:26 54107:54107 SyncActivityProfilerHandler.cpp:46] profiler_stop
USDT:2026-10-05 02:49:26 54107:54107 SyncActivityProfilerHandler.cpp:39] profiler_start
USDT:2026-10-05 02:49:26 54107:54107 SyncActivityProfilerHandler.cpp:46] profiler_stop
USDT:2026-10-05 02:49:26 54107:54107 SyncActivityProfilerHandler.cpp:39] profiler_start
USDT:2026-10-05 02:49:26 54107:54107 SyncActivityProfilerHandler.cpp:46] profiler_stop
USDT:2026-10-05 02:49:26 54107:54107 SyncActivityProfilerHandler.cpp:39] profiler_start
USDT:2026-10-05 02:49:26 54107:54107 SyncActivityProfilerHandler.cpp:46] profiler_stop
USDT:2026-10-05 02:49:26 54107:54107 SyncActivityProfilerHandler.cpp:39] profiler_start
USDT:2026-10-05 02:49:26 54107:54107 SyncActivityProfilerHandler.cpp:46] profiler_stop
USDT:2026-10-05 02:49:26 54107:54107 SyncActivityProfilerHandler.cpp:39] profiler_start
USDT:2026-10-05 02:49:26 54107:54107 SyncActivityProfilerHandler.cpp:46] profiler_stop
bf16 gdn_in   M=  256 kernel    160.0 us    53.9 TFLOPS  wt    211 GB/s
USDT:2026-10-05 02:49:26 54107:54107 SyncActivityProfilerHandler.cpp:39] profiler_start
USDT:2026-10-05 02:49:26 54107:54107 SyncActivityProfilerHandler.cpp:46] profiler_stop
USDT:2026-10-05 02:49:26 54107:54107 SyncActivityProfilerHandler.cpp:39] profiler_start
USDT:2026-10-05 02:49:26 54107:54107 SyncActivityProfilerHandler.cpp:46] profiler_stop
USDT:2026-10-05 02:49:26 54107:54107 SyncActivityProfilerHandler.cpp:39] profiler_start
USDT:2026-10-05 02:49:26 54107:54107 SyncActivityProfilerHandler.cpp:46] profiler_stop
USDT:2026-10-05 02:49:26 54107:54107 SyncActivityProfilerHandler.cpp:39] profiler_start
USDT:2026-10-05 02:49:26 54107:54107 SyncActivityProfilerHandler.cpp:46] profiler_stop
USDT:2026-10-05 02:49:26 54107:54107 SyncActivityProfilerHandler.cpp:39] profiler_start
USDT:2026-10-05 02:49:26 54107:54107 SyncActivityProfilerHandler.cpp:46] profiler_stop
USDT:2026-10-05 02:49:26 54107:54107 SyncActivityProfilerHandler.cpp:39] profiler_start
USDT:2026-10-05 02:49:26 54107:54107 SyncActivityProfilerHandler.cpp:46] profiler_stop
USDT:2026-10-05 02:49:26 54107:54107 SyncActivityProfilerHandler.cpp:39] profiler_start
USDT:2026-10-05 02:49:26 54107:54107 SyncActivityProfilerHandler.cpp:46] profiler_stop
bf16 gdn_in   M=  512 kernel    330.0 us    52.3 TFLOPS  wt    102 GB/s
USDT:2026-10-05 02:49:26 54107:54107 SyncActivityProfilerHandler.cpp:39] profiler_start
USDT:2026-10-05 02:49:26 54107:54107 SyncActivityProfilerHandler.cpp:46] profiler_stop
USDT:2026-10-05 02:49:26 54107:54107 SyncActivityProfilerHandler.cpp:39] profiler_start
USDT:2026-10-05 02:49:26 54107:54107 SyncActivityProfilerHandler.cpp:46] profiler_stop
USDT:2026-10-05 02:49:26 54107:54107 SyncActivityProfilerHandler.cpp:39] profiler_start
USDT:2026-10-05 02:49:26 54107:54107 SyncActivityProfilerHandler.cpp:46] profiler_stop
USDT:2026-10-05 02:49:26 54107:54107 SyncActivityProfilerHandler.cpp:39] profiler_start
USDT:2026-10-05 02:49:26 54107:54107 SyncActivityProfilerHandler.cpp:46] profiler_stop
USDT:2026-10-05 02:49:26 54107:54107 SyncActivityProfilerHandler.cpp:39] profiler_start
USDT:2026-10-05 02:49:26 54107:54107 SyncActivityProfilerHandler.cpp:46] profiler_stop
USDT:2026-10-05 02:49:26 54107:54107 SyncActivityProfilerHandler.cpp:39] profiler_start
USDT:2026-10-05 02:49:26 54107:54107 SyncActivityProfilerHandler.cpp:46] profiler_stop
USDT:2026-10-05 02:49:26 54107:54107 SyncActivityProfilerHandler.cpp:39] profiler_start
USDT:2026-10-05 02:49:26 54107:54107 SyncActivityProfilerHandler.cpp:46] profiler_stop
bf16 gdn_in   M= 1024 kernel    650.0 us    53.1 TFLOPS  wt     52 GB/s
USDT:2026-10-05 02:49:26 54107:54107 SyncActivityProfilerHandler.cpp:39] profiler_start
USDT:2026-10-05 02:49:26 54107:54107 SyncActivityProfilerHandler.cpp:46] profiler_stop
USDT:2026-10-05 02:49:26 54107:54107 SyncActivityProfilerHandler.cpp:39] profiler_start
USDT:2026-10-05 02:49:26 54107:54107 SyncActivityProfilerHandler.cpp:46] profiler_stop
USDT:2026-10-05 02:49:26 54107:54107 SyncActivityProfilerHandler.cpp:39] profiler_start
USDT:2026-10-05 02:49:26 54107:54107 SyncActivityProfilerHandler.cpp:46] profiler_stop
USDT:2026-10-05 02:49:26 54107:54107 SyncActivityProfilerHandler.cpp:39] profiler_start
USDT:2026-10-05 02:49:27 54107:54107 SyncActivityProfilerHandler.cpp:46] profiler_stop
USDT:2026-10-05 02:49:27 54107:54107 SyncActivityProfilerHandler.cpp:39] profiler_start
USDT:2026-10-05 02:49:27 54107:54107 SyncActivityProfilerHandler.cpp:46] profiler_stop
USDT:2026-10-05 02:49:27 54107:54107 SyncActivityProfilerHandler.cpp:39] profiler_start
USDT:2026-10-05 02:49:27 54107:54107 SyncActivityProfilerHandler.cpp:46] profiler_stop
USDT:2026-10-05 02:49:27 54107:54107 SyncActivityProfilerHandler.cpp:39] profiler_start
USDT:2026-10-05 02:49:27 54107:54107 SyncActivityProfilerHandler.cpp:46] profiler_stop
bf16 gdn_in   M= 2048 kernel   1140.0 us    60.5 TFLOPS  wt     30 GB/s
USDT:2026-10-05 02:49:27 54107:54107 SyncActivityProfilerHandler.cpp:39] profiler_start
USDT:2026-10-05 02:49:27 54107:54107 SyncActivityProfilerHandler.cpp:46] profiler_stop
USDT:2026-10-05 02:49:27 54107:54107 SyncActivityProfilerHandler.cpp:39] profiler_start
USDT:2026-10-05 02:49:27 54107:54107 SyncActivityProfilerHandler.cpp:46] profiler_stop
USDT:2026-10-05 02:49:27 54107:54107 SyncActivityProfilerHandler.cpp:39] profiler_start
USDT:2026-10-05 02:49:27 54107:54107 SyncActivityProfilerHandler.cpp:46] profiler_stop
USDT:2026-10-05 02:49:27 54107:54107 SyncActivityProfilerHandler.cpp:39] profiler_start
USDT:2026-10-05 02:49:27 54107:54107 SyncActivityProfilerHandler.cpp:46] profiler_stop
USDT:2026-10-05 02:49:27 54107:54107 SyncActivityProfilerHandler.cpp:39] profiler_start
USDT:2026-10-05 02:49:27 54107:54107 SyncActivityProfilerHandler.cpp:46] profiler_stop
USDT:2026-10-05 02:49:27 54107:54107 SyncActivityProfilerHandler.cpp:39] profiler_start
USDT:2026-10-05 02:49:27 54107:54107 SyncActivityProfilerHandler.cpp:46] profiler_stop
USDT:2026-10-05 02:49:27 54107:54107 SyncActivityProfilerHandler.cpp:39] profiler_start
USDT:2026-10-05 02:49:27 54107:54107 SyncActivityProfilerHandler.cpp:46] profiler_stop
bf16 gdn_in   M= 4096 kernel  15840.0 us     8.7 TFLOPS  wt      2 GB/s
