Loading weights:   0%|          | 0/320 [00:00<?, ?it/s]Loading weights:  97%|█████████▋| 310/320 [00:00<00:00, 3098.07it/s]Loading weights: 100%|██████████| 320/320 [00:00<00:00, 3174.01it/s]
USDT:2026-10-05 03:11:54 74088:74088 SyncActivityProfilerHandler.cpp:39] profiler_start
USDT:2026-10-05 03:11:55 74088:74088 SyncActivityProfilerHandler.cpp:46] profiler_stop
USDT:2026-10-05 03:11:55 74088:74088 SyncActivityProfilerHandler.cpp:39] profiler_start
USDT:2026-10-05 03:11:55 74088:74088 SyncActivityProfilerHandler.cpp:46] profiler_stop
USDT:2026-10-05 03:11:55 74088:74088 SyncActivityProfilerHandler.cpp:39] profiler_start
USDT:2026-10-05 03:11:55 74088:74088 SyncActivityProfilerHandler.cpp:46] profiler_stop
USDT:2026-10-05 03:11:55 74088:74088 SyncActivityProfilerHandler.cpp:39] profiler_start
USDT:2026-10-05 03:11:55 74088:74088 SyncActivityProfilerHandler.cpp:46] profiler_stop
USDT:2026-10-05 03:11:55 74088:74088 SyncActivityProfilerHandler.cpp:39] profiler_start
USDT:2026-10-05 03:11:55 74088:74088 SyncActivityProfilerHandler.cpp:46] profiler_stop
USDT:2026-10-05 03:11:55 74088:74088 SyncActivityProfilerHandler.cpp:39] profiler_start
USDT:2026-10-05 03:11:56 74088:74088 SyncActivityProfilerHandler.cpp:46] profiler_stop
USDT:2026-10-05 03:11:56 74088:74088 SyncActivityProfilerHandler.cpp:39] profiler_start
USDT:2026-10-05 03:11:56 74088:74088 SyncActivityProfilerHandler.cpp:46] profiler_stop
USDT:2026-10-05 03:11:56 74088:74088 SyncActivityProfilerHandler.cpp:39] profiler_start
USDT:2026-10-05 03:11:56 74088:74088 SyncActivityProfilerHandler.cpp:46] profiler_stop
USDT:2026-10-05 03:11:56 74088:74088 SyncActivityProfilerHandler.cpp:39] profiler_start
USDT:2026-10-05 03:11:56 74088:74088 SyncActivityProfilerHandler.cpp:46] profiler_stop
USDT:2026-10-05 03:11:56 74088:74088 SyncActivityProfilerHandler.cpp:39] profiler_start
USDT:2026-10-05 03:11:56 74088:74088 SyncActivityProfilerHandler.cpp:46] profiler_stop
USDT:2026-10-05 03:11:56 74088:74088 SyncActivityProfilerHandler.cpp:39] profiler_start
USDT:2026-10-05 03:11:57 74088:74088 SyncActivityProfilerHandler.cpp:46] profiler_stop
USDT:2026-10-05 03:11:57 74088:74088 SyncActivityProfilerHandler.cpp:39] profiler_start
USDT:2026-10-05 03:11:57 74088:74088 SyncActivityProfilerHandler.cpp:46] profiler_stop
USDT:2026-10-05 03:11:57 74088:74088 SyncActivityProfilerHandler.cpp:39] profiler_start
USDT:2026-10-05 03:11:57 74088:74088 SyncActivityProfilerHandler.cpp:46] profiler_stop
USDT:2026-10-05 03:11:57 74088:74088 SyncActivityProfilerHandler.cpp:39] profiler_start
USDT:2026-10-05 03:11:58 74088:74088 SyncActivityProfilerHandler.cpp:46] profiler_stop
2b tokens 64 {'cat_ms': {'gemm': 16.92, 'elementwise/other': 2.62, 'fla_gdn': 0.76, 'conv': 0.06}, 'kernels': 1511, 'busy_ms': 20.37, 'gaps_ms': 0.09, 'est_ms': 20.45, 'span_min_ms': 67.56, 'span_med_ms': 78.43}
USDT:2026-10-05 03:11:59 74088:74088 SyncActivityProfilerHandler.cpp:39] profiler_start
USDT:2026-10-05 03:11:59 74088:74088 SyncActivityProfilerHandler.cpp:46] profiler_stop
USDT:2026-10-05 03:11:59 74088:74088 SyncActivityProfilerHandler.cpp:39] profiler_start
USDT:2026-10-05 03:11:59 74088:74088 SyncActivityProfilerHandler.cpp:46] profiler_stop
USDT:2026-10-05 03:11:59 74088:74088 SyncActivityProfilerHandler.cpp:39] profiler_start
USDT:2026-10-05 03:11:59 74088:74088 SyncActivityProfilerHandler.cpp:46] profiler_stop
USDT:2026-10-05 03:11:59 74088:74088 SyncActivityProfilerHandler.cpp:39] profiler_start
USDT:2026-10-05 03:12:00 74088:74088 SyncActivityProfilerHandler.cpp:46] profiler_stop
USDT:2026-10-05 03:12:00 74088:74088 SyncActivityProfilerHandler.cpp:39] profiler_start
USDT:2026-10-05 03:12:00 74088:74088 SyncActivityProfilerHandler.cpp:46] profiler_stop
USDT:2026-10-05 03:12:00 74088:74088 SyncActivityProfilerHandler.cpp:39] profiler_start
USDT:2026-10-05 03:12:00 74088:74088 SyncActivityProfilerHandler.cpp:46] profiler_stop
USDT:2026-10-05 03:12:00 74088:74088 SyncActivityProfilerHandler.cpp:39] profiler_start
USDT:2026-10-05 03:12:01 74088:74088 SyncActivityProfilerHandler.cpp:46] profiler_stop
USDT:2026-10-05 03:12:01 74088:74088 SyncActivityProfilerHandler.cpp:39] profiler_start
USDT:2026-10-05 03:12:01 74088:74088 SyncActivityProfilerHandler.cpp:46] profiler_stop
USDT:2026-10-05 03:12:02 74088:74088 SyncActivityProfilerHandler.cpp:39] profiler_start
USDT:2026-10-05 03:12:02 74088:74088 SyncActivityProfilerHandler.cpp:46] profiler_stop
USDT:2026-10-05 03:12:02 74088:74088 SyncActivityProfilerHandler.cpp:39] profiler_start
USDT:2026-10-05 03:12:02 74088:74088 SyncActivityProfilerHandler.cpp:46] profiler_stop
USDT:2026-10-05 03:12:02 74088:74088 SyncActivityProfilerHandler.cpp:39] profiler_start
USDT:2026-10-05 03:12:02 74088:74088 SyncActivityProfilerHandler.cpp:46] profiler_stop
USDT:2026-10-05 03:12:03 74088:74088 SyncActivityProfilerHandler.cpp:39] profiler_start
USDT:2026-10-05 03:12:03 74088:74088 SyncActivityProfilerHandler.cpp:46] profiler_stop
USDT:2026-10-05 03:12:03 74088:74088 SyncActivityProfilerHandler.cpp:39] profiler_start
USDT:2026-10-05 03:12:03 74088:74088 SyncActivityProfilerHandler.cpp:46] profiler_stop
USDT:2026-10-05 03:12:03 74088:74088 SyncActivityProfilerHandler.cpp:39] profiler_start
USDT:2026-10-05 03:12:03 74088:74088 SyncActivityProfilerHandler.cpp:46] profiler_stop
2b tokens 256 {'cat_ms': {'gemm': 13.69, 'elementwise/other': 4.33, 'fla_gdn': 1.05, 'conv': 0.21}, 'kernels': 1475, 'busy_ms': 19.28, 'gaps_ms': 0.09, 'est_ms': 19.37, 'span_min_ms': 135.45, 'span_med_ms': 145.76}
USDT:2026-10-05 03:12:07 74088:74088 SyncActivityProfilerHandler.cpp:39] profiler_start
USDT:2026-10-05 03:12:08 74088:74088 SyncActivityProfilerHandler.cpp:46] profiler_stop
USDT:2026-10-05 03:12:08 74088:74088 SyncActivityProfilerHandler.cpp:39] profiler_start
USDT:2026-10-05 03:12:09 74088:74088 SyncActivityProfilerHandler.cpp:46] profiler_stop
USDT:2026-10-05 03:12:09 74088:74088 SyncActivityProfilerHandler.cpp:39] profiler_start
USDT:2026-10-05 03:12:09 74088:74088 SyncActivityProfilerHandler.cpp:46] profiler_stop
USDT:2026-10-05 03:12:10 74088:74088 SyncActivityProfilerHandler.cpp:39] profiler_start
USDT:2026-10-05 03:12:10 74088:74088 SyncActivityProfilerHandler.cpp:46] profiler_stop
USDT:2026-10-05 03:12:10 74088:74088 SyncActivityProfilerHandler.cpp:39] profiler_start
USDT:2026-10-05 03:12:11 74088:74088 SyncActivityProfilerHandler.cpp:46] profiler_stop
USDT:2026-10-05 03:12:12 74088:74088 SyncActivityProfilerHandler.cpp:39] profiler_start
USDT:2026-10-05 03:12:13 74088:74088 SyncActivityProfilerHandler.cpp:46] profiler_stop
USDT:2026-10-05 03:12:13 74088:74088 SyncActivityProfilerHandler.cpp:39] profiler_start
USDT:2026-10-05 03:12:13 74088:74088 SyncActivityProfilerHandler.cpp:46] profiler_stop
USDT:2026-10-05 03:12:14 74088:74088 SyncActivityProfilerHandler.cpp:39] profiler_start
USDT:2026-10-05 03:12:14 74088:74088 SyncActivityProfilerHandler.cpp:46] profiler_stop
USDT:2026-10-05 03:12:14 74088:74088 SyncActivityProfilerHandler.cpp:39] profiler_start
USDT:2026-10-05 03:12:15 74088:74088 SyncActivityProfilerHandler.cpp:46] profiler_stop
USDT:2026-10-05 03:12:15 74088:74088 SyncActivityProfilerHandler.cpp:39] profiler_start
USDT:2026-10-05 03:12:15 74088:74088 SyncActivityProfilerHandler.cpp:46] profiler_stop
USDT:2026-10-05 03:12:16 74088:74088 SyncActivityProfilerHandler.cpp:39] profiler_start
USDT:2026-10-05 03:12:16 74088:74088 SyncActivityProfilerHandler.cpp:46] profiler_stop
USDT:2026-10-05 03:12:16 74088:74088 SyncActivityProfilerHandler.cpp:39] profiler_start
USDT:2026-10-05 03:12:17 74088:74088 SyncActivityProfilerHandler.cpp:46] profiler_stop
USDT:2026-10-05 03:12:17 74088:74088 SyncActivityProfilerHandler.cpp:39] profiler_start
USDT:2026-10-05 03:12:18 74088:74088 SyncActivityProfilerHandler.cpp:46] profiler_stop
USDT:2026-10-05 03:12:18 74088:74088 SyncActivityProfilerHandler.cpp:39] profiler_start
USDT:2026-10-05 03:12:18 74088:74088 SyncActivityProfilerHandler.cpp:46] profiler_stop
2b tokens 1000 {'cat_ms': {'gemm': 107.6, 'elementwise/other': 21.36, 'conv': 12.46, 'fla_gdn': 3.91}, 'kernels': 1487, 'busy_ms': 145.34, 'gaps_ms': 0.11, 'est_ms': 145.45, 'span_min_ms': 482.06, 'span_med_ms': 563.51}
USDT:2026-10-05 03:12:24 74088:74088 SyncActivityProfilerHandler.cpp:39] profiler_start
USDT:2026-10-05 03:12:25 74088:74088 SyncActivityProfilerHandler.cpp:46] profiler_stop
USDT:2026-10-05 03:12:26 74088:74088 SyncActivityProfilerHandler.cpp:39] profiler_start
USDT:2026-10-05 03:12:27 74088:74088 SyncActivityProfilerHandler.cpp:46] profiler_stop
USDT:2026-10-05 03:12:27 74088:74088 SyncActivityProfilerHandler.cpp:39] profiler_start
USDT:2026-10-05 03:12:28 74088:74088 SyncActivityProfilerHandler.cpp:46] profiler_stop
USDT:2026-10-05 03:12:29 74088:74088 SyncActivityProfilerHandler.cpp:39] profiler_start
USDT:2026-10-05 03:12:30 74088:74088 SyncActivityProfilerHandler.cpp:46] profiler_stop
USDT:2026-10-05 03:12:30 74088:74088 SyncActivityProfilerHandler.cpp:39] profiler_start
USDT:2026-10-05 03:12:31 74088:74088 SyncActivityProfilerHandler.cpp:46] profiler_stop
USDT:2026-10-05 03:12:31 74088:74088 SyncActivityProfilerHandler.cpp:39] profiler_start
USDT:2026-10-05 03:12:32 74088:74088 SyncActivityProfilerHandler.cpp:46] profiler_stop
USDT:2026-10-05 03:12:32 74088:74088 SyncActivityProfilerHandler.cpp:39] profiler_start
USDT:2026-10-05 03:12:33 74088:74088 SyncActivityProfilerHandler.cpp:46] profiler_stop
USDT:2026-10-05 03:12:33 74088:74088 SyncActivityProfilerHandler.cpp:39] profiler_start
USDT:2026-10-05 03:12:34 74088:74088 SyncActivityProfilerHandler.cpp:46] profiler_stop
USDT:2026-10-05 03:12:35 74088:74088 SyncActivityProfilerHandler.cpp:39] profiler_start
USDT:2026-10-05 03:12:36 74088:74088 SyncActivityProfilerHandler.cpp:46] profiler_stop
USDT:2026-10-05 03:12:36 74088:74088 SyncActivityProfilerHandler.cpp:39] profiler_start
USDT:2026-10-05 03:12:37 74088:74088 SyncActivityProfilerHandler.cpp:46] profiler_stop
USDT:2026-10-05 03:12:37 74088:74088 SyncActivityProfilerHandler.cpp:39] profiler_start
USDT:2026-10-05 03:12:38 74088:74088 SyncActivityProfilerHandler.cpp:46] profiler_stop
USDT:2026-10-05 03:12:38 74088:74088 SyncActivityProfilerHandler.cpp:39] profiler_start
USDT:2026-10-05 03:12:39 74088:74088 SyncActivityProfilerHandler.cpp:46] profiler_stop
USDT:2026-10-05 03:12:40 74088:74088 SyncActivityProfilerHandler.cpp:39] profiler_start
USDT:2026-10-05 03:12:41 74088:74088 SyncActivityProfilerHandler.cpp:46] profiler_stop
USDT:2026-10-05 03:12:41 74088:74088 SyncActivityProfilerHandler.cpp:39] profiler_start
USDT:2026-10-05 03:12:42 74088:74088 SyncActivityProfilerHandler.cpp:46] profiler_stop
2b tokens 2000 {'cat_ms': {'gemm': 315.17, 'elementwise/other': 42.97, 'fla_gdn': 17.01, 'conv': 1.86}, 'kernels': 1463, 'busy_ms': 377.01, 'gaps_ms': 0.03, 'est_ms': 377.03, 'span_min_ms': 925.84, 'span_med_ms': 1050.04}
