Loading weights:   0%|          | 0/320 [00:00<?, ?it/s]Loading weights: 100%|██████████| 320/320 [00:00<00:00, 3935.72it/s]
items 2421 configs ['m'] done {'m': 0}
50 2421 28s mism 0
100 2421 55s mism 0
150 2421 85s mism 0
200 2421 113s mism 0
250 2421 138s mism 0
300 2421 173s mism 0
350 2421 196s mism 0
400 2421 222s mism 0
450 2421 248s mism 0
500 2421 277s mism 0
550 2421 302s mism 0
600 2421 325s mism 0
650 2421 352s mism 0
700 2421 375s mism 0
750 2421 403s mism 0
800 2421 431s mism 0
850 2421 453s mism 0
900 2421 481s mism 0
950 2421 508s mism 0
1000 2421 534s mism 0
1050 2421 564s mism 0
1100 2421 592s mism 0
1150 2421 616s mism 0
1200 2421 640s mism 0
1250 2421 665s mism 0
1300 2421 691s mism 0
1350 2421 719s mism 0
1400 2421 746s mism 0
1450 2421 767s mism 0
1500 2421 793s mism 0
1550 2421 820s mism 0
1600 2421 848s mism 0
1650 2421 872s mism 0
1700 2421 894s mism 0
1750 2421 919s mism 0
1800 2421 943s mism 0
1850 2421 965s mism 0
1900 2421 991s mism 0
1950 2421 1017s mism 0
2000 2421 1042s mism 0
2050 2421 1067s mism 0
2100 2421 1090s mism 0
2150 2421 1118s mism 0
2200 2421 1141s mism 0
2250 2421 1168s mism 0
2300 2421 1193s mism 0
2350 2421 1221s mism 0
2400 2421 1247s mism 0
done 2421 1259s mism 0
