Loading weights:   0%|          | 0/320 [00:00<?, ?it/s]Loading weights: 100%|██████████| 320/320 [00:00<00:00, 3832.74it/s]
items 2421 configs ['m'] done {'m': 0}
50 2421 15s mism 0
100 2421 28s mism 0
150 2421 42s mism 0
200 2421 56s mism 0
250 2421 68s mism 0
300 2421 85s mism 0
350 2421 98s mism 0
400 2421 111s mism 0
450 2421 124s mism 0
500 2421 139s mism 0
550 2421 152s mism 0
600 2421 163s mism 0
650 2421 176s mism 0
700 2421 188s mism 0
750 2421 202s mism 0
800 2421 216s mism 0
850 2421 227s mism 0
900 2421 241s mism 0
950 2421 254s mism 0
1000 2421 268s mism 0
1050 2421 282s mism 0
1100 2421 295s mism 0
1150 2421 307s mism 0
1200 2421 319s mism 0
1250 2421 332s mism 0
1300 2421 345s mism 0
1350 2421 358s mism 0
1400 2421 372s mism 0
1450 2421 383s mism 0
1500 2421 396s mism 0
1550 2421 410s mism 0
1600 2421 423s mism 0
1650 2421 435s mism 0
1700 2421 447s mism 0
1750 2421 461s mism 0
1800 2421 474s mism 0
1850 2421 485s mism 0
1900 2421 499s mism 0
1950 2421 512s mism 0
2000 2421 524s mism 0
2050 2421 536s mism 0
2100 2421 548s mism 0
2150 2421 561s mism 0
2200 2421 573s mism 0
2250 2421 586s mism 0
2300 2421 598s mism 0
2350 2421 612s mism 0
2400 2421 625s mism 0
done 2421 631s mism 0
