Loading weights:   0%|          | 0/320 [00:00<?, ?it/s]Loading weights: 100%|██████████| 320/320 [00:00<00:00, 3787.78it/s]
items 2421 configs ['m'] done {'m': 0}
50 2421 13s mism 0
100 2421 25s mism 0
150 2421 38s mism 0
200 2421 50s mism 0
250 2421 61s mism 0
300 2421 76s mism 0
350 2421 88s mism 0
400 2421 99s mism 0
450 2421 110s mism 0
500 2421 124s mism 0
550 2421 135s mism 0
600 2421 145s mism 0
650 2421 157s mism 0
700 2421 167s mism 0
750 2421 180s mism 0
800 2421 192s mism 0
850 2421 202s mism 0
900 2421 215s mism 0
950 2421 226s mism 0
1000 2421 238s mism 0
1050 2421 251s mism 0
1100 2421 263s mism 0
1150 2421 274s mism 0
1200 2421 285s mism 0
1250 2421 296s mism 0
1300 2421 307s mism 0
1350 2421 319s mism 0
1400 2421 331s mism 0
1450 2421 342s mism 0
1500 2421 353s mism 0
1550 2421 365s mism 0
1600 2421 377s mism 0
1650 2421 388s mism 0
1700 2421 398s mism 0
1750 2421 411s mism 0
1800 2421 422s mism 0
1850 2421 432s mism 0
1900 2421 444s mism 0
1950 2421 456s mism 0
2000 2421 467s mism 0
2050 2421 478s mism 0
2100 2421 488s mism 0
2150 2421 500s mism 0
2200 2421 510s mism 0
2250 2421 522s mism 0
2300 2421 533s mism 0
2350 2421 545s mism 0
2400 2421 557s mism 0
done 2421 562s mism 0
