Loading weights:   0%|          | 0/320 [00:00<?, ?it/s]Loading weights: 100%|██████████| 320/320 [00:00<00:00, 3792.49it/s]
items 2421 configs ['m'] done {'m': 0}
50 2421 20s mism 0
100 2421 42s mism 0
150 2421 65s mism 0
200 2421 88s mism 0
250 2421 109s mism 0
300 2421 139s mism 0
350 2421 162s mism 0
400 2421 184s mism 0
450 2421 207s mism 0
500 2421 234s mism 0
550 2421 257s mism 0
600 2421 277s mism 0
650 2421 301s mism 0
700 2421 322s mism 0
750 2421 347s mism 0
800 2421 373s mism 0
850 2421 392s mism 0
900 2421 419s mism 0
950 2421 442s mism 0
1000 2421 465s mism 0
1050 2421 491s mism 0
1100 2421 515s mism 0
1150 2421 536s mism 0
1200 2421 558s mism 0
1250 2421 580s mism 0
1300 2421 603s mism 0
1350 2421 626s mism 0
1400 2421 652s mism 0
1450 2421 672s mism 0
1500 2421 692s mism 0
1550 2421 717s mism 0
1600 2421 742s mism 0
1650 2421 763s mism 0
1700 2421 784s mism 0
1750 2421 810s mism 0
1800 2421 831s mism 0
1850 2421 851s mism 0
1900 2421 876s mism 0
1950 2421 900s mism 0
2000 2421 920s mism 0
2050 2421 943s mism 0
2100 2421 963s mism 0
2150 2421 985s mism 0
2200 2421 1007s mism 0
2250 2421 1032s mism 0
2300 2421 1053s mism 0
2350 2421 1077s mism 0
2400 2421 1101s mism 0
done 2421 1111s mism 0
