Loading weights:   0%|          | 0/320 [00:00<?, ?it/s]Loading weights: 100%|██████████| 320/320 [00:00<00:00, 3959.23it/s]
items 2421 configs ['m'] done {'m': 0}
50 2421 26s mism 0
100 2421 49s mism 0
150 2421 76s mism 0
200 2421 100s mism 0
250 2421 123s mism 0
300 2421 154s mism 0
350 2421 178s mism 0
400 2421 203s mism 0
450 2421 226s mism 0
500 2421 253s mism 0
550 2421 276s mism 0
600 2421 295s mism 0
650 2421 319s mism 0
700 2421 340s mism 0
750 2421 366s mism 0
800 2421 392s mism 0
850 2421 410s mism 0
900 2421 435s mism 0
950 2421 460s mism 0
1000 2421 485s mism 0
1050 2421 511s mism 0
1100 2421 535s mism 0
1150 2421 555s mism 0
1200 2421 573s mism 0
1250 2421 596s mism 0
1300 2421 617s mism 0
1350 2421 641s mism 0
1400 2421 667s mism 0
1450 2421 688s mism 0
1500 2421 712s mism 0
1550 2421 735s mism 0
1600 2421 759s mism 0
1650 2421 780s mism 0
1700 2421 801s mism 0
1750 2421 825s mism 0
1800 2421 847s mism 0
1850 2421 866s mism 0
1900 2421 887s mism 0
1950 2421 910s mism 0
2000 2421 931s mism 0
2050 2421 953s mism 0
2100 2421 973s mism 0
2150 2421 996s mism 0
2200 2421 1017s mism 0
2250 2421 1041s mism 0
2300 2421 1062s mism 0
2350 2421 1087s mism 0
2400 2421 1110s mism 0
done 2421 1120s mism 0
