Loading weights:   0%|          | 0/320 [00:00<?, ?it/s]Loading weights: 100%|██████████| 320/320 [00:00<00:00, 3901.10it/s]
items 2421 configs ['m'] done {'m': 150}
50 2421 18s mism 0
100 2421 37s mism 0
150 2421 66s mism 0
200 2421 87s mism 0
250 2421 107s mism 0
300 2421 126s mism 0
350 2421 151s mism 0
400 2421 171s mism 0
450 2421 187s mism 0
500 2421 209s mism 0
550 2421 228s mism 0
600 2421 247s mism 0
650 2421 269s mism 0
700 2421 285s mism 0
750 2421 309s mism 0
800 2421 330s mism 0
850 2421 352s mism 0
900 2421 376s mism 0
950 2421 398s mism 0
1000 2421 416s mism 0
1050 2421 436s mism 0
1100 2421 454s mism 0
1150 2421 475s mism 0
1200 2421 495s mism 0
1250 2421 519s mism 0
1300 2421 537s mism 0
1350 2421 557s mism 0
1400 2421 579s mism 0
1450 2421 602s mism 0
1500 2421 621s mism 0
1550 2421 640s mism 0
1600 2421 663s mism 0
1650 2421 682s mism 0
1700 2421 701s mism 0
1750 2421 723s mism 0
1800 2421 744s mism 0
1850 2421 763s mism 0
1900 2421 783s mism 0
1950 2421 800s mism 0
2000 2421 822s mism 0
2050 2421 839s mism 0
2100 2421 860s mism 0
2150 2421 874s mism 0
2200 2421 895s mism 0
2250 2421 917s mism 0
done 2271 926s mism 0
