Loading weights:   0%|          | 0/320 [00:00<?, ?it/s]Loading weights: 100%|██████████| 320/320 [00:00<00:00, 3995.50it/s]
Q1_T64_hob1 {'median': 15.32, 'p95': 15.33, 'min': 15.32, 'n': 15, 'q_tokens': 97}
Q1_T64_hobB {'median': 25.65, 'p95': 25.66, 'min': 25.65, 'n': 15, 'q_tokens': 97}
Q1_T64_dtG8 {'median': 20.28, 'p95': 20.29, 'min': 20.27, 'n': 15, 'q_tokens': 97}
Q1_T64_dtG12 {'median': 21.64, 'p95': 21.65, 'min': 21.63, 'n': 15, 'q_tokens': 97}
Q1_T64_m2k8_c0.0 {'median': 20.51, 'p95': 20.51, 'min': 20.5, 'n': 15, 'q_tokens': 97}
Q1_T64_m2k12_c0.0 {'median': 21.86, 'p95': 21.87, 'min': 21.84, 'n': 15, 'q_tokens': 97}
Q1_T64_m2k24_c0.0 {'median': 25.86, 'p95': 25.86, 'min': 25.85, 'n': 15, 'q_tokens': 97}
Q1_T256_hob1 {'median': 22.93, 'p95': 22.94, 'min': 22.86, 'n': 15, 'q_tokens': 97}
Q1_T256_hobB {'median': 30.73, 'p95': 30.73, 'min': 30.7, 'n': 15, 'q_tokens': 97}
Q1_T256_dtG8 {'median': 22.94, 'p95': 22.95, 'min': 22.93, 'n': 15, 'q_tokens': 97}
Q1_T256_dtG12 {'median': 24.91, 'p95': 24.92, 'min': 24.9, 'n': 15, 'q_tokens': 97}
Q1_T256_m2k8_c0.0 {'median': 23.61, 'p95': 23.61, 'min': 23.59, 'n': 15, 'q_tokens': 97}
Q1_T256_m2k12_c0.0 {'median': 25.59, 'p95': 25.6, 'min': 25.57, 'n': 15, 'q_tokens': 97}
Q1_T256_m2k24_c0.0 {'median': 31.51, 'p95': 31.51, 'min': 31.5, 'n': 15, 'q_tokens': 97}
Q1_T1000_hob1 {'median': 57.07, 'p95': 57.08, 'min': 57.06, 'n': 15, 'q_tokens': 97}
Q1_T1000_hobB {'median': 67.56, 'p95': 67.57, 'min': 67.54, 'n': 15, 'q_tokens': 97}
Q1_T1000_dtG8 {'median': 41.07, 'p95': 41.08, 'min': 41.06, 'n': 15, 'q_tokens': 97}
Q1_T1000_dtG12 {'median': 47.7, 'p95': 47.71, 'min': 47.69, 'n': 15, 'q_tokens': 97}
Q1_T1000_m2k8_c0.0 {'median': 44.34, 'p95': 44.35, 'min': 44.33, 'n': 15, 'q_tokens': 97}
Q1_T1000_m2k8_c0.55 {'median': 33.51, 'p95': 33.51, 'min': 33.5, 'n': 15, 'q_tokens': 97}
Q1_T1000_m2k12_c0.0 {'median': 51.08, 'p95': 51.09, 'min': 51.06, 'n': 15, 'q_tokens': 97}
Q1_T1000_m2k12_c0.55 {'median': 37.93, 'p95': 37.94, 'min': 37.92, 'n': 15, 'q_tokens': 97}
Q1_T1000_m2k24_c0.0 {'median': 71.28, 'p95': 71.3, 'min': 71.26, 'n': 15, 'q_tokens': 97}
Q1_T1000_m2k24_c0.55 {'median': 51.02, 'p95': 51.04, 'min': 51.01, 'n': 15, 'q_tokens': 97}
Q1_T4000_hob1 {'median': 204.66, 'p95': 204.7, 'min': 204.62, 'n': 15, 'q_tokens': 97}
Q1_T4000_hobB {'median': 216.42, 'p95': 216.46, 'min': 216.41, 'n': 15, 'q_tokens': 97}
Q1_T4000_dtG8 {'median': 116.13, 'p95': 116.14, 'min': 116.09, 'n': 15, 'q_tokens': 97}
Q1_T4000_dtG12 {'median': 141.22, 'p95': 141.25, 'min': 141.2, 'n': 15, 'q_tokens': 97}
Q1_T4000_m2k8_c0.0 {'median': 128.91, 'p95': 128.93, 'min': 128.88, 'n': 15, 'q_tokens': 97}
Q1_T4000_m2k8_c0.55 {'median': 79.09, 'p95': 79.1, 'min': 79.08, 'n': 15, 'q_tokens': 97}
Q1_T4000_m2k12_c0.0 {'median': 154.46, 'p95': 154.49, 'min': 154.43, 'n': 15, 'q_tokens': 97}
Q1_T4000_m2k12_c0.55 {'median': 93.05, 'p95': 93.06, 'min': 93.04, 'n': 15, 'q_tokens': 97}
Q1_T4000_m2k24_c0.0 {'median': 230.95, 'p95': 230.98, 'min': 230.93, 'n': 15, 'q_tokens': 97}
Q1_T4000_m2k24_c0.55 {'median': 134.94, 'p95': 134.96, 'min': 134.92, 'n': 15, 'q_tokens': 97}
Q4_T64_hobB {'median': 53.59, 'p95': 53.6, 'min': 53.58, 'n': 15, 'q_tokens': 380}
Q4_T64_dtG8 {'median': 48.24, 'p95': 48.25, 'min': 48.22, 'n': 15, 'q_tokens': 380}
Q4_T64_dtG12 {'median': 49.6, 'p95': 49.61, 'min': 49.57, 'n': 15, 'q_tokens': 380}
Q4_T64_m2k8_c0.0 {'median': 48.44, 'p95': 48.45, 'min': 48.42, 'n': 15, 'q_tokens': 380}
Q4_T64_m2k12_c0.0 {'median': 49.8, 'p95': 49.81, 'min': 49.78, 'n': 15, 'q_tokens': 380}
Q4_T64_m2k24_c0.0 {'median': 53.8, 'p95': 53.8, 'min': 53.78, 'n': 15, 'q_tokens': 380}
Q4_T256_hobB {'median': 58.78, 'p95': 58.79, 'min': 58.76, 'n': 15, 'q_tokens': 380}
Q4_T256_dtG8 {'median': 50.97, 'p95': 50.98, 'min': 50.95, 'n': 15, 'q_tokens': 380}
Q4_T256_dtG12 {'median': 52.93, 'p95': 52.94, 'min': 52.92, 'n': 15, 'q_tokens': 380}
Q4_T256_m2k8_c0.0 {'median': 51.63, 'p95': 51.65, 'min': 51.63, 'n': 15, 'q_tokens': 380}
Q4_T256_m2k12_c0.0 {'median': 53.62, 'p95': 53.62, 'min': 53.59, 'n': 15, 'q_tokens': 380}
Q4_T256_m2k24_c0.0 {'median': 59.53, 'p95': 59.55, 'min': 59.52, 'n': 15, 'q_tokens': 380}
Q4_T1000_hobB {'median': 96.06, 'p95': 96.08, 'min': 96.05, 'n': 15, 'q_tokens': 380}
Q4_T1000_dtG8 {'median': 69.57, 'p95': 69.58, 'min': 69.56, 'n': 15, 'q_tokens': 380}
Q4_T1000_dtG12 {'median': 76.2, 'p95': 76.22, 'min': 76.17, 'n': 15, 'q_tokens': 380}
Q4_T1000_m2k8_c0.0 {'median': 72.84, 'p95': 72.85, 'min': 72.82, 'n': 15, 'q_tokens': 380}
Q4_T1000_m2k8_c0.55 {'median': 62.01, 'p95': 62.02, 'min': 61.99, 'n': 15, 'q_tokens': 380}
Q4_T1000_m2k12_c0.0 {'median': 79.58, 'p95': 79.59, 'min': 79.55, 'n': 15, 'q_tokens': 380}
Q4_T1000_m2k12_c0.55 {'median': 66.42, 'p95': 66.43, 'min': 66.4, 'n': 15, 'q_tokens': 380}
Q4_T1000_m2k24_c0.0 {'median': 99.79, 'p95': 99.8, 'min': 99.77, 'n': 15, 'q_tokens': 380}
Q4_T1000_m2k24_c0.55 {'median': 79.51, 'p95': 79.52, 'min': 79.48, 'n': 15, 'q_tokens': 380}
Q4_T4000_hobB {'median': 246.76, 'p95': 246.78, 'min': 246.74, 'n': 15, 'q_tokens': 380}
Q4_T4000_dtG8 {'median': 146.47, 'p95': 146.5, 'min': 146.45, 'n': 15, 'q_tokens': 380}
Q4_T4000_dtG12 {'median': 171.58, 'p95': 171.62, 'min': 171.52, 'n': 15, 'q_tokens': 380}
Q4_T4000_m2k8_c0.0 {'median': 159.27, 'p95': 159.29, 'min': 159.24, 'n': 15, 'q_tokens': 380}
Q4_T4000_m2k8_c0.55 {'median': 109.44, 'p95': 109.45, 'min': 109.41, 'n': 15, 'q_tokens': 380}
Q4_T4000_m2k12_c0.0 {'median': 184.78, 'p95': 184.8, 'min': 184.76, 'n': 15, 'q_tokens': 380}
Q4_T4000_m2k12_c0.55 {'median': 123.38, 'p95': 123.39, 'min': 123.35, 'n': 15, 'q_tokens': 380}
Q4_T4000_m2k24_c0.0 {'median': 261.26, 'p95': 261.29, 'min': 261.24, 'n': 15, 'q_tokens': 380}
Q4_T4000_m2k24_c0.55 {'median': 165.29, 'p95': 165.3, 'min': 165.26, 'n': 15, 'q_tokens': 380}
