Loading weights:   0%|          | 0/320 [00:00<?, ?it/s]Loading weights: 100%|██████████| 320/320 [00:00<00:00, 3896.90it/s]
Q1_T64_hob1 {'median': 15.34, 'p95': 15.34, 'min': 15.33, 'n': 15, 'q_tokens': 97}
Q1_T64_hobB {'median': 21.08, 'p95': 21.09, 'min': 21.07, 'n': 15, 'q_tokens': 97}
Q1_T64_dtG8 {'median': 15.77, 'p95': 15.77, 'min': 15.76, 'n': 15, 'q_tokens': 97}
Q1_T64_dtG12 {'median': 17.12, 'p95': 17.12, 'min': 17.1, 'n': 15, 'q_tokens': 97}
Q1_T64_m2k8_c0.0 {'median': 16.43, 'p95': 16.44, 'min': 16.43, 'n': 15, 'q_tokens': 97}
Q1_T64_m2k12_c0.0 {'median': 17.99, 'p95': 18.0, 'min': 17.99, 'n': 15, 'q_tokens': 97}
Q1_T64_m2k24_c0.0 {'median': 22.64, 'p95': 22.64, 'min': 22.64, 'n': 15, 'q_tokens': 97}
Q1_T256_hob1 {'median': 22.94, 'p95': 22.95, 'min': 22.93, 'n': 15, 'q_tokens': 97}
Q1_T256_hobB {'median': 26.18, 'p95': 26.19, 'min': 26.18, 'n': 15, 'q_tokens': 97}
Q1_T256_dtG8 {'median': 18.41, 'p95': 18.42, 'min': 18.4, 'n': 15, 'q_tokens': 97}
Q1_T256_dtG12 {'median': 20.37, 'p95': 20.38, 'min': 20.36, 'n': 15, 'q_tokens': 97}
Q1_T256_m2k8_c0.0 {'median': 19.72, 'p95': 19.72, 'min': 19.71, 'n': 15, 'q_tokens': 97}
Q1_T256_m2k12_c0.0 {'median': 22.05, 'p95': 22.06, 'min': 22.04, 'n': 15, 'q_tokens': 97}
Q1_T256_m2k24_c0.0 {'median': 28.89, 'p95': 28.9, 'min': 28.88, 'n': 15, 'q_tokens': 97}
Q1_T1000_hob1 {'median': 57.07, 'p95': 57.08, 'min': 57.06, 'n': 15, 'q_tokens': 97}
Q1_T1000_hobB {'median': 62.7, 'p95': 62.71, 'min': 62.68, 'n': 15, 'q_tokens': 97}
Q1_T1000_dtG8 {'median': 36.28, 'p95': 36.29, 'min': 36.26, 'n': 15, 'q_tokens': 97}
Q1_T1000_dtG12 {'median': 42.88, 'p95': 42.88, 'min': 42.86, 'n': 15, 'q_tokens': 97}
Q1_T1000_m2k8_c0.0 {'median': 41.6, 'p95': 41.62, 'min': 41.59, 'n': 15, 'q_tokens': 97}
Q1_T1000_m2k8_c0.55 {'median': 29.83, 'p95': 29.84, 'min': 29.82, 'n': 15, 'q_tokens': 97}
Q1_T1000_m2k12_c0.0 {'median': 49.36, 'p95': 49.37, 'min': 49.34, 'n': 15, 'q_tokens': 97}
Q1_T1000_m2k12_c0.55 {'median': 34.79, 'p95': 34.8, 'min': 34.78, 'n': 15, 'q_tokens': 97}
Q1_T1000_m2k24_c0.0 {'median': 72.59, 'p95': 72.61, 'min': 72.56, 'n': 15, 'q_tokens': 97}
Q1_T1000_m2k24_c0.55 {'median': 49.55, 'p95': 49.56, 'min': 49.53, 'n': 15, 'q_tokens': 97}
Q1_T4000_hob1 {'median': 204.67, 'p95': 204.73, 'min': 204.58, 'n': 15, 'q_tokens': 97}
Q1_T4000_hobB {'median': 210.4, 'p95': 210.43, 'min': 210.36, 'n': 15, 'q_tokens': 97}
Q1_T4000_dtG8 {'median': 110.11, 'p95': 110.13, 'min': 110.1, 'n': 15, 'q_tokens': 97}
Q1_T4000_dtG12 {'median': 135.19, 'p95': 135.24, 'min': 135.17, 'n': 15, 'q_tokens': 97}
Q1_T4000_m2k8_c0.0 {'median': 128.17, 'p95': 128.19, 'min': 128.15, 'n': 15, 'q_tokens': 97}
Q1_T4000_m2k8_c0.55 {'median': 75.01, 'p95': 75.02, 'min': 74.98, 'n': 15, 'q_tokens': 97}
Q1_T4000_m2k12_c0.0 {'median': 156.34, 'p95': 156.37, 'min': 156.31, 'n': 15, 'q_tokens': 97}
Q1_T4000_m2k12_c0.55 {'median': 89.9, 'p95': 89.91, 'min': 89.88, 'n': 15, 'q_tokens': 97}
Q1_T4000_m2k24_c0.0 {'median': 240.64, 'p95': 240.68, 'min': 240.59, 'n': 15, 'q_tokens': 97}
Q1_T4000_m2k24_c0.55 {'median': 134.67, 'p95': 134.69, 'min': 134.65, 'n': 15, 'q_tokens': 97}
