Loading weights:   0%|          | 0/320 [00:00<?, ?it/s]Loading weights: 100%|██████████| 320/320 [00:00<00:00, 3971.30it/s]
{'suite': 'REAL-agree', 'id': '8f2e204ec0b44a2d', 'domain': 'banking_knowledge', 'T': 1982, 'state': 1857, 'live': 1466, 'compiled': 383, 'nseg': 1, 'ncomp': 2, 'hob1': 103.65, 'hob1_p95': 103.66, 'm2ck8': 66.83, 'm2ck8_p95': 66.84, 'm2ck12': 77.77, 'm2ck12_p95': 77.79}
{'suite': 'REAL-agree', 'id': '0a6095a3a4327811', 'domain': 'banking_knowledge', 'T': 1606, 'state': 1501, 'live': 512, 'compiled': 981, 'nseg': 1, 'ncomp': 5, 'hob1': 88.28, 'hob1_p95': 88.29, 'm2ck8': 35.94, 'm2ck8_p95': 35.94, 'm2ck12': 40.44, 'm2ck12_p95': 40.45}
{'suite': 'REAL-agree', 'id': '09404db06634f653', 'domain': 'banking_knowledge', 'T': 2610, 'state': 2408, 'live': 748, 'compiled': 1652, 'nseg': 1, 'ncomp': 5, 'hob1': 135.45, 'hob1_p95': 135.48, 'm2ck8': 51.96, 'm2ck8_p95': 51.97, 'm2ck12': 57.9, 'm2ck12_p95': 57.91}
{'suite': 'REAL-agree', 'id': '7a66d3a2d1378f46', 'domain': 'banking_knowledge', 'T': 1795, 'state': 1670, 'live': 679, 'compiled': 983, 'nseg': 1, 'ncomp': 5, 'hob1': 96.72, 'hob1_p95': 96.73, 'm2ck8': 46.36, 'm2ck8_p95': 46.37, 'm2ck12': 52.21, 'm2ck12_p95': 52.23}
{'suite': 'REAL-agree', 'id': 'c2610f88b79c7ab6', 'domain': 'retail', 'T': 2166, 'state': 2071, 'live': 2063, 'compiled': 0, 'nseg': 1, 'ncomp': 0, 'hob1': 108.46, 'hob1_p95': 108.48, 'm2ck8': 75.7, 'm2ck8_p95': 75.72, 'm2ck12': 89.5, 'm2ck12_p95': 89.51}
{'suite': 'REAL-agree', 'id': 'bd6649b124d7c14c', 'domain': 'retail', 'T': 3013, 'state': 2918, 'live': 2686, 'compiled': 224, 'nseg': 1, 'ncomp': 2, 'hob1': 147.9, 'hob1_p95': 147.91, 'm2ck8': 93.01, 'm2ck8_p95': 93.02, 'm2ck12': 110.54, 'm2ck12_p95': 110.56}
{'suite': 'REAL-agree', 'id': '14ddbad88b40e665', 'domain': 'retail', 'T': 3005, 'state': 2910, 'live': 2790, 'compiled': 112, 'nseg': 1, 'ncomp': 1, 'hob1': 147.61, 'hob1_p95': 147.63, 'm2ck8': 94.94, 'm2ck8_p95': 94.95, 'm2ck12': 112.61, 'm2ck12_p95': 112.62}
{'suite': 'REAL-agree', 'id': '9efdeba835f31314', 'domain': 'retail', 'T': 2425, 'state': 2341, 'live': 2333, 'compiled': 0, 'nseg': 1, 'ncomp': 0, 'hob1': 117.47, 'hob1_p95': 117.49, 'm2ck8': 81.34, 'm2ck8_p95': 81.35, 'm2ck12': 96.15, 'm2ck12_p95': 96.18}
{'suite': 'REAL-agree', 'id': 'fcd951fb7abd464c', 'domain': 'banking_knowledge', 'T': 3247, 'state': 2233, 'live': 1321, 'compiled': 904, 'nseg': 1, 'ncomp': 5, 'hob1': 165.9, 'hob1_p95': 165.94, 'm2ck8': 146.14, 'm2ck8_p95': 146.16, 'm2ck12': 156.8, 'm2ck12_p95': 156.83}
{'suite': 'REAL-agree', 'id': 'a4a4e0602988337b', 'domain': 'banking_knowledge', 'T': 1242, 'state': 1117, 'live': 1109, 'compiled': 0, 'nseg': 1, 'ncomp': 0, 'hob1': 61.48, 'hob1_p95': 61.49, 'm2ck8': 52.4, 'm2ck8_p95': 52.41, 'm2ck12': 59.61, 'm2ck12_p95': 59.61}
{'suite': 'REAL-agree', 'id': '9342c5bbb1282a13', 'domain': 'retail', 'T': 2344, 'state': 2249, 'live': 2241, 'compiled': 0, 'nseg': 1, 'ncomp': 0, 'hob1': 116.79, 'hob1_p95': 116.81, 'm2ck8': 79.55, 'm2ck8_p95': 79.57, 'm2ck12': 93.67, 'm2ck12_p95': 93.68}
{'suite': 'REAL-agree', 'id': '888616da73699dcd', 'domain': 'banking_knowledge', 'T': 1730, 'state': 1618, 'live': 1268, 'compiled': 342, 'nseg': 1, 'ncomp': 2, 'hob1': 92.52, 'hob1_p95': 92.53, 'm2ck8': 52.76, 'm2ck8_p95': 52.77, 'm2ck12': 60.41, 'm2ck12_p95': 60.42}
{'suite': 'REAL-agree', 'id': '411c4ea13b46c4a3', 'domain': 'retail', 'T': 3280, 'state': 3196, 'live': 3188, 'compiled': 0, 'nseg': 1, 'ncomp': 0, 'hob1': 166.39, 'hob1_p95': 166.42, 'm2ck8': 103.43, 'm2ck8_p95': 103.46, 'm2ck12': 122.72, 'm2ck12_p95': 122.73}
{'suite': 'REAL-agree', 'id': '20ea167c7e0d2a5a', 'domain': 'retail', 'T': 2734, 'state': 2639, 'live': 2631, 'compiled': 0, 'nseg': 1, 'ncomp': 0, 'hob1': 138.37, 'hob1_p95': 138.38, 'm2ck8': 91.35, 'm2ck8_p95': 91.36, 'm2ck12': 108.81, 'm2ck12_p95': 108.82}
{'suite': 'REAL-agree', 'id': 'e266911233236926', 'domain': 'banking_knowledge', 'T': 3769, 'state': 3657, 'live': 905, 'compiled': 2744, 'nseg': 1, 'ncomp': 8, 'hob1': 182.98, 'hob1_p95': 183.01, 'm2ck8': 50.58, 'm2ck8_p95': 50.59, 'm2ck12': 57.69, 'm2ck12_p95': 57.7}
{'suite': 'REAL-agree', 'id': '35b4bb1446b51598', 'domain': 'retail', 'T': 2608, 'state': 2513, 'live': 2505, 'compiled': 0, 'nseg': 1, 'ncomp': 0, 'hob1': 135.5, 'hob1_p95': 135.53, 'm2ck8': 85.31, 'm2ck8_p95': 85.32, 'm2ck12': 100.54, 'm2ck12_p95': 100.56}
{'suite': 'REAL-agree', 'id': '7d14ee9c174917b8', 'domain': 'banking_knowledge', 'T': 3418, 'state': 3216, 'live': 903, 'compiled': 2305, 'nseg': 1, 'ncomp': 10, 'hob1': 169.77, 'hob1_p95': 169.79, 'm2ck8': 59.81, 'm2ck8_p95': 59.82, 'm2ck12': 66.88, 'm2ck12_p95': 66.89}
{'suite': 'REAL-agree', 'id': 'e673445813f7a182', 'domain': 'banking_knowledge', 'T': 1179, 'state': 165, 'live': 157, 'compiled': 0, 'nseg': 1, 'ncomp': 0, 'hob1': 60.97, 'hob1_p95': 60.98, 'm2ck8': 104.78, 'm2ck8_p95': 104.8, 'm2ck12': 106.7, 'm2ck12_p95': 106.72}
{'suite': 'REAL-agree', 'id': 'dd0c2078c57c50a2', 'domain': 'banking_knowledge', 'T': 1700, 'state': 1575, 'live': 189, 'compiled': 1378, 'nseg': 1, 'ncomp': 3, 'hob1': 92.2, 'hob1_p95': 92.21, 'm2ck8': 30.53, 'm2ck8_p95': 30.55, 'm2ck12': 32.58, 'm2ck12_p95': 32.59}
{'suite': 'REAL-agree', 'id': '117489fbd3685294', 'domain': 'banking_knowledge', 'T': 1913, 'state': 1821, 'live': 1813, 'compiled': 0, 'nseg': 1, 'ncomp': 0, 'hob1': 97.48, 'hob1_p95': 97.49, 'm2ck8': 69.33, 'm2ck8_p95': 69.35, 'm2ck12': 81.71, 'm2ck12_p95': 81.73}
{'suite': 'REAL-agree', 'id': '20f1368911314326', 'domain': 'banking_knowledge', 'T': 3628, 'state': 3535, 'live': 783, 'compiled': 2744, 'nseg': 1, 'ncomp': 8, 'hob1': 178.56, 'hob1_p95': 178.6, 'm2ck8': 47.72, 'm2ck8_p95': 47.73, 'm2ck12': 54.23, 'm2ck12_p95': 54.25}
{'suite': 'REAL-agree', 'id': 'ac5a92ecc668ecf1', 'domain': 'banking_knowledge', 'T': 2129, 'state': 2036, 'live': 376, 'compiled': 1652, 'nseg': 1, 'ncomp': 5, 'hob1': 108.17, 'hob1_p95': 108.2, 'm2ck8': 31.94, 'm2ck8_p95': 31.94, 'm2ck12': 35.37, 'm2ck12_p95': 35.38}
{'suite': 'REAL-agree', 'id': 'b2ea663f0244a240', 'domain': 'banking_knowledge', 'T': 1834, 'state': 1741, 'live': 1062, 'compiled': 671, 'nseg': 1, 'ncomp': 2, 'hob1': 96.91, 'hob1_p95': 96.92, 'm2ck8': 48.68, 'm2ck8_p95': 48.69, 'm2ck12': 55.95, 'm2ck12_p95': 55.96}
[W1007 12:14:16.150460009 CUDACachingAllocator.cpp:3934] memory allocation failed with OOM on device 0 while trying to allocate 35651584 bytes (free: 9895936, total: 23684841472).
{'suite': 'REAL-agree', 'id': 'e77e87b68000595c', 'domain': 'retail', 'T': 2266, 'state': 2160, 'live': 2152, 'compiled': 0, 'nseg': 1, 'ncomp': 0, 'hob1': 112.52, 'hob1_p95': 112.53, 'm2ck8': 76.85, 'm2ck8_p95': 76.86, 'm2ck12': 90.69, 'm2ck12_p95': 90.71}
{'suite': 'REAL-agree', 'id': '1ef585afeddb3cae', 'domain': 'banking_knowledge', 'T': 1941, 'state': 1829, 'live': 509, 'compiled': 1312, 'nseg': 1, 'ncomp': 3, 'hob1': 103.42, 'hob1_p95': 103.43, 'm2ck8': 35.48, 'm2ck8_p95': 35.49, 'm2ck12': 39.99, 'm2ck12_p95': 39.99}
{'suite': 'REAL-agree', 'id': '57027b27e5cfff2e', 'domain': 'retail', 'T': 875, 'state': 791, 'live': 783, 'compiled': 0, 'nseg': 1, 'ncomp': 0, 'hob1': 48.84, 'hob1_p95': 48.85, 'm2ck8': 41.03, 'm2ck8_p95': 41.04, 'm2ck12': 47.25, 'm2ck12_p95': 47.26}
[W1007 12:14:29.510093194 CUDACachingAllocator.cpp:3934] memory allocation failed with OOM on device 0 while trying to allocate 23068672 bytes (free: 24576000, total: 23684841472).
[W1007 12:14:32.759084454 CUDACachingAllocator.cpp:3934] memory allocation failed with OOM on device 0 while trying to allocate 29360128 bytes (free: 26673152, total: 23684841472).
Loading weights:   0%|          | 0/320 [00:00<?, ?it/s]Loading weights: 100%|██████████| 320/320 [00:00<00:00, 3720.26it/s]
{'suite': 'REAL-agree', 'id': 'f8d1f5dafd9563c8', 'domain': 'banking_knowledge', 'T': 2775, 'state': 1761, 'live': 1753, 'compiled': 0, 'nseg': 1, 'ncomp': 0, 'hob1': 138.89, 'hob1_p95': 138.89, 'm2ck8': 151.4, 'm2ck8_p95': 151.42, 'm2ck12': 163.32, 'm2ck12_p95': 163.36}
{'suite': 'REAL-agree', 'id': '5d9f22581a78cf82', 'domain': 'retail', 'T': 3117, 'state': 3022, 'live': 3014, 'compiled': 0, 'nseg': 1, 'ncomp': 0, 'hob1': 152.48, 'hob1_p95': 152.51, 'm2ck8': 100.01, 'm2ck8_p95': 100.01, 'm2ck12': 118.73, 'm2ck12_p95': 118.74}
{'suite': 'REAL-agree', 'id': '3e037a4ddc4d27c4', 'domain': 'retail', 'T': 2855, 'state': 2749, 'live': 2741, 'compiled': 0, 'nseg': 1, 'ncomp': 0, 'hob1': 143.1, 'hob1_p95': 143.12, 'm2ck8': 94.19, 'm2ck8_p95': 94.2, 'm2ck12': 111.82, 'm2ck12_p95': 111.82}
{'suite': 'REAL-agree', 'id': '2c3a177c771bbc79', 'domain': 'banking_knowledge', 'T': 2395, 'state': 1381, 'live': 995, 'compiled': 378, 'nseg': 1, 'ncomp': 2, 'hob1': 117.27, 'hob1_p95': 117.29, 'm2ck8': 129.61, 'm2ck8_p95': 129.63, 'm2ck12': 136.42, 'm2ck12_p95': 136.43}
{'suite': 'REAL-agree', 'id': 'ca5a92c401f61c18', 'domain': 'retail', 'T': 2878, 'state': 2783, 'live': 2729, 'compiled': 46, 'nseg': 1, 'ncomp': 1, 'hob1': 143.23, 'hob1_p95': 143.25, 'm2ck8': 94.27, 'm2ck8_p95': 94.28, 'm2ck12': 111.9, 'm2ck12_p95': 111.91}
{'suite': 'REAL-agree', 'id': '303c5935a518cb2b', 'domain': 'banking_knowledge', 'T': 2997, 'state': 1983, 'live': 1630, 'compiled': 345, 'nseg': 1, 'ncomp': 3, 'hob1': 147.53, 'hob1_p95': 147.55, 'm2ck8': 150.42, 'm2ck8_p95': 150.44, 'm2ck12': 162.04, 'm2ck12_p95': 162.07}
{'suite': 'REAL-agree', 'id': '92e35dbd8c4d4c23', 'domain': 'banking_knowledge', 'T': 1565, 'state': 1466, 'live': 1458, 'compiled': 0, 'nseg': 1, 'ncomp': 0, 'hob1': 87.96, 'hob1_p95': 87.97, 'm2ck8': 60.73, 'm2ck8_p95': 60.75, 'm2ck12': 71.56, 'm2ck12_p95': 71.57}
{'suite': 'REAL-agree', 'id': '5091539e7a2426af', 'domain': 'banking_knowledge', 'T': 2273, 'state': 1259, 'live': 896, 'compiled': 355, 'nseg': 1, 'ncomp': 3, 'hob1': 112.56, 'hob1_p95': 112.59, 'm2ck8': 127.8, 'm2ck8_p95': 127.81, 'm2ck12': 134.16, 'm2ck12_p95': 134.18}
{'suite': 'REAL-agree', 'id': 'b153de912f0ce02d', 'domain': 'banking_knowledge', 'T': 3798, 'state': 2784, 'live': 2776, 'compiled': 0, 'nseg': 1, 'ncomp': 0, 'hob1': 183.49, 'hob1_p95': 183.55, 'm2ck8': 180.8, 'm2ck8_p95': 180.83, 'm2ck12': 198.45, 'm2ck12_p95': 198.46}
{'suite': 'REAL-agree', 'id': 'd794ebbe8972e52f', 'domain': 'retail', 'T': 2516, 'state': 2421, 'live': 2278, 'compiled': 135, 'nseg': 1, 'ncomp': 1, 'hob1': 121.53, 'hob1_p95': 121.55, 'm2ck8': 80.52, 'm2ck8_p95': 80.54, 'm2ck12': 94.71, 'm2ck12_p95': 94.72}
{'suite': 'REAL-agree', 'id': '3af04ddb36801db9', 'domain': 'banking_knowledge', 'T': 1682, 'state': 1591, 'live': 1466, 'compiled': 117, 'nseg': 1, 'ncomp': 1, 'hob1': 92.13, 'hob1_p95': 92.15, 'm2ck8': 61.14, 'm2ck8_p95': 61.14, 'm2ck12': 72.0, 'm2ck12_p95': 72.01}
{'suite': 'REAL-agree', 'id': '05fbf3e77a096a89', 'domain': 'retail', 'T': 1285, 'state': 1201, 'live': 1193, 'compiled': 0, 'nseg': 1, 'ncomp': 0, 'hob1': 78.89, 'hob1_p95': 78.9, 'm2ck8': 50.05, 'm2ck8_p95': 50.06, 'm2ck12': 57.57, 'm2ck12_p95': 57.58}
{'suite': 'REAL-agree', 'id': 'ad73cfba50485dbb', 'domain': 'banking_knowledge', 'T': 1627, 'state': 1502, 'live': 215, 'compiled': 1279, 'nseg': 1, 'ncomp': 3, 'hob1': 88.41, 'hob1_p95': 88.42, 'm2ck8': 30.58, 'm2ck8_p95': 30.59, 'm2ck12': 32.62, 'm2ck12_p95': 32.62}
{'suite': 'REAL-agree', 'id': 'a1c9d7140a7feeb3', 'domain': 'banking_knowledge', 'T': 4896, 'state': 3882, 'live': 3313, 'compiled': 561, 'nseg': 1, 'ncomp': 3, 'hob1': 241.14, 'hob1_p95': 241.17, 'm2ck8': 199.55, 'm2ck8_p95': 199.56, 'm2ck12': 221.12, 'm2ck12_p95': 221.16}
{'suite': 'REAL-agree', 'id': 'd93702bffd21e932', 'domain': 'banking_knowledge', 'T': 2062, 'state': 1970, 'live': 1962, 'compiled': 0, 'nseg': 1, 'ncomp': 0, 'hob1': 107.56, 'hob1_p95': 107.57, 'm2ck8': 72.71, 'm2ck8_p95': 72.72, 'm2ck12': 86.04, 'm2ck12_p95': 86.04}
{'suite': 'REAL-agree', 'id': '52ef03d29758be03', 'domain': 'banking_knowledge', 'T': 1953, 'state': 1828, 'live': 214, 'compiled': 1606, 'nseg': 1, 'ncomp': 3, 'hob1': 103.48, 'hob1_p95': 103.49, 'm2ck8': 30.88, 'm2ck8_p95': 30.9, 'm2ck12': 32.92, 'm2ck12_p95': 32.94}
{'suite': 'REAL-agree', 'id': '9b5ee9eba3830afc', 'domain': 'banking_knowledge', 'T': 1879, 'state': 1780, 'live': 1772, 'compiled': 0, 'nseg': 1, 'ncomp': 0, 'hob1': 97.28, 'hob1_p95': 97.29, 'm2ck8': 66.96, 'm2ck8_p95': 66.97, 'm2ck12': 78.93, 'm2ck12_p95': 78.95}
{'suite': 'REAL-agree', 'id': '89bacb3efc4ed787', 'domain': 'retail', 'T': 2909, 'state': 2814, 'live': 2806, 'compiled': 0, 'nseg': 1, 'ncomp': 0, 'hob1': 143.61, 'hob1_p95': 143.63, 'm2ck8': 94.47, 'm2ck8_p95': 94.48, 'm2ck12': 112.11, 'm2ck12_p95': 112.13}
{'suite': 'REAL-agree', 'id': 'c0173bd0be2f0448', 'domain': 'retail', 'T': 1503, 'state': 1408, 'live': 1354, 'compiled': 46, 'nseg': 1, 'ncomp': 1, 'hob1': 83.83, 'hob1_p95': 83.84, 'm2ck8': 58.14, 'm2ck8_p95': 58.15, 'm2ck12': 68.63, 'm2ck12_p95': 68.65}
{'suite': 'REAL-agree', 'id': '52a14fc747a8da4b', 'domain': 'banking_knowledge', 'T': 3317, 'state': 2303, 'live': 2295, 'compiled': 0, 'nseg': 1, 'ncomp': 0, 'hob1': 166.5, 'hob1_p95': 166.53, 'm2ck8': 165.6, 'm2ck8_p95': 165.62, 'm2ck12': 179.71, 'm2ck12_p95': 179.73}
{'suite': 'REAL-agree', 'id': '381342054bcaaab7', 'domain': 'banking_knowledge', 'T': 1738, 'state': 1646, 'live': 1638, 'compiled': 0, 'nseg': 1, 'ncomp': 0, 'hob1': 92.54, 'hob1_p95': 92.55, 'm2ck8': 63.52, 'm2ck8_p95': 63.53, 'm2ck12': 75.01, 'm2ck12_p95': 75.02}
{'suite': 'REAL-agree', 'id': '52160d23298a21c0', 'domain': 'banking_knowledge', 'T': 1670, 'state': 1572, 'live': 1447, 'compiled': 117, 'nseg': 1, 'ncomp': 1, 'hob1': 92.04, 'hob1_p95': 92.05, 'm2ck8': 61.17, 'm2ck8_p95': 61.18, 'm2ck12': 72.04, 'm2ck12_p95': 72.05}
{'suite': 'REAL-agree', 'id': '95f8556387d700e9', 'domain': 'retail', 'T': 2738, 'state': 2643, 'live': 2635, 'compiled': 0, 'nseg': 1, 'ncomp': 0, 'hob1': 138.41, 'hob1_p95': 138.45, 'm2ck8': 91.37, 'm2ck8_p95': 91.38, 'm2ck12': 108.84, 'm2ck12_p95': 108.85}
{'suite': 'REAL-agree', 'id': 'd710e1dab19f00c4', 'domain': 'retail', 'T': 1043, 'state': 948, 'live': 940, 'compiled': 0, 'nseg': 1, 'ncomp': 0, 'hob1': 56.62, 'hob1_p95': 56.64, 'm2ck8': 43.93, 'm2ck8_p95': 43.94, 'm2ck12': 50.7, 'm2ck12_p95': 50.71}
{'suite': 'REAL-agree', 'id': 'd7989574ba718267', 'domain': 'retail', 'T': 2882, 'state': 2798, 'live': 2566, 'compiled': 224, 'nseg': 1, 'ncomp': 2, 'hob1': 143.48, 'hob1_p95': 143.52, 'm2ck8': 91.57, 'm2ck8_p95': 91.58, 'm2ck12': 109.07, 'm2ck12_p95': 109.08}
{'suite': 'REAL-agree', 'id': 'aee9472b8922dcfb', 'domain': 'banking_knowledge', 'T': 3367, 'state': 3255, 'live': 691, 'compiled': 2556, 'nseg': 1, 'ncomp': 10, 'hob1': 169.27, 'hob1_p95': 169.3, 'm2ck8': 45.89, 'm2ck8_p95': 45.9, 'm2ck12': 51.87, 'm2ck12_p95': 51.88}
{'suite': 'REAL-agree', 'id': 'c4f98cabbbc7591f', 'domain': 'retail', 'T': 3206, 'state': 3111, 'live': 3103, 'compiled': 0, 'nseg': 1, 'ncomp': 0, 'hob1': 165.63, 'hob1_p95': 165.68, 'm2ck8': 102.96, 'm2ck8_p95': 102.99, 'm2ck12': 122.18, 'm2ck12_p95': 122.19}
{'suite': 'REAL-agree', 'id': 'aec22b9743b93c11', 'domain': 'banking_knowledge', 'T': 2790, 'state': 1776, 'live': 1689, 'compiled': 79, 'nseg': 1, 'ncomp': 1, 'hob1': 138.88, 'hob1_p95': 138.9, 'm2ck8': 151.26, 'm2ck8_p95': 151.29, 'm2ck12': 163.21, 'm2ck12_p95': 163.24}
{'suite': 'REAL-agree', 'id': '03861576747afc1d', 'domain': 'retail', 'T': 229, 'state': 145, 'live': 137, 'compiled': 0, 'nseg': 1, 'ncomp': 0, 'hob1': 15.63, 'hob1_p95': 15.63, 'm2ck8': 22.56, 'm2ck8_p95': 22.58, 'm2ck12': 24.46, 'm2ck12_p95': 24.47}
{'suite': 'REAL-agree', 'id': '8ea92c112f0b6bf8', 'domain': 'retail', 'T': 2259, 'state': 2175, 'live': 2167, 'compiled': 0, 'nseg': 1, 'ncomp': 0, 'hob1': 112.48, 'hob1_p95': 112.49, 'm2ck8': 76.38, 'm2ck8_p95': 76.39, 'm2ck12': 90.22, 'm2ck12_p95': 90.24}
{'suite': 'REAL-agree', 'id': 'ecb17b21f2d2b3cb', 'domain': 'banking_knowledge', 'T': 4178, 'state': 3164, 'live': 2622, 'compiled': 534, 'nseg': 1, 'ncomp': 3, 'hob1': 205.44, 'hob1_p95': 205.46, 'm2ck8': 180.36, 'm2ck8_p95': 180.39, 'm2ck12': 198.03, 'm2ck12_p95': 198.05}
{'suite': 'REAL-agree', 'id': 'e9b1fcd0a5aa7d34', 'domain': 'retail', 'T': 2697, 'state': 2613, 'live': 2605, 'compiled': 0, 'nseg': 1, 'ncomp': 0, 'hob1': 138.22, 'hob1_p95': 138.24, 'm2ck8': 90.73, 'm2ck8_p95': 90.74, 'm2ck12': 108.15, 'm2ck12_p95': 108.16}
{'suite': 'REAL-agree', 'id': 'fc6c738088deb650', 'domain': 'retail', 'T': 308, 'state': 224, 'live': 216, 'compiled': 0, 'nseg': 1, 'ncomp': 0, 'hob1': 22.54, 'hob1_p95': 22.55, 'm2ck8': 23.08, 'm2ck8_p95': 23.08, 'm2ck12': 25.06, 'm2ck12_p95': 25.07}
{'suite': 'REAL-agree', 'id': '917e86a5e7fa3d09', 'domain': 'banking_knowledge', 'T': 1841, 'state': 1716, 'live': 975, 'compiled': 733, 'nseg': 1, 'ncomp': 1, 'hob1': 96.93, 'hob1_p95': 96.94, 'm2ck8': 50.27, 'm2ck8_p95': 50.28, 'm2ck12': 57.13, 'm2ck12_p95': 57.14}
{'suite': 'LONG', 'id': '5edb613a95a1396d', 'domain': 'banking_knowledge', 'T': 4750, 'state': 4625, 'live': 1354, 'compiled': 3263, 'nseg': 1, 'ncomp': 8, 'hob1': 235.94, 'hob1_p95': 235.98, 'm2ck8': 70.24, 'm2ck8_p95': 70.26, 'm2ck12': 81.55, 'm2ck12_p95': 81.57}
{'suite': 'LONG', 'id': '21c565c679229036', 'domain': 'banking_knowledge', 'T': 4531, 'state': 4432, 'live': 4364, 'compiled': 60, 'nseg': 1, 'ncomp': 1, 'hob1': 228.04, 'hob1_p95': 228.09, 'm2ck8': 138.71, 'm2ck8_p95': 138.74, 'm2ck12': 165.89, 'm2ck12_p95': 165.94}
{'suite': 'LONG', 'id': '8e0d5f5a1a4c05fd', 'domain': 'banking_knowledge', 'T': 4776, 'state': 4624, 'live': 1322, 'compiled': 3294, 'nseg': 1, 'ncomp': 8, 'hob1': 236.09, 'hob1_p95': 236.14, 'm2ck8': 70.99, 'm2ck8_p95': 71.0, 'm2ck12': 82.32, 'm2ck12_p95': 82.33}
{'suite': 'LONG', 'id': '52abb61a30144283', 'domain': 'banking_knowledge', 'T': 5186, 'state': 5074, 'live': 2297, 'compiled': 2769, 'nseg': 1, 'ncomp': 12, 'hob1': 260.26, 'hob1_p95': 260.3, 'm2ck8': 90.08, 'm2ck8_p95': 90.1, 'm2ck12': 105.19, 'm2ck12_p95': 105.2}
{'suite': 'LONG', 'id': '084177587d70e18f', 'domain': 'banking_knowledge', 'T': 7480, 'state': 7387, 'live': 4701, 'compiled': 2678, 'nseg': 1, 'ncomp': 6, 'hob1': 370.38, 'hob1_p95': 370.56, 'm2ck8': 156.08, 'm2ck8_p95': 156.14, 'm2ck12': 187.76, 'm2ck12_p95': 187.8}
{'suite': 'LONG', 'id': '7108754d8cdc17e8', 'domain': 'banking_knowledge', 'T': 5279, 'state': 5154, 'live': 1442, 'compiled': 3704, 'nseg': 1, 'ncomp': 12, 'hob1': 264.46, 'hob1_p95': 264.54, 'm2ck8': 75.49, 'm2ck8_p95': 75.5, 'm2ck12': 87.3, 'm2ck12_p95': 87.31}
{'suite': 'LONG', 'id': '98834d7cf862d10d', 'domain': 'banking_knowledge', 'T': 4792, 'state': 4667, 'live': 1333, 'compiled': 3326, 'nseg': 1, 'ncomp': 11, 'hob1': 236.14, 'hob1_p95': 236.18, 'm2ck8': 71.41, 'm2ck8_p95': 71.42, 'm2ck12': 82.73, 'm2ck12_p95': 82.74}
{'suite': 'LONG', 'id': 'd885ab4b70124cea', 'domain': 'banking_knowledge', 'T': 5110, 'state': 4985, 'live': 1621, 'compiled': 3356, 'nseg': 1, 'ncomp': 7, 'hob1': 246.26, 'hob1_p95': 246.31, 'm2ck8': 75.72, 'm2ck8_p95': 75.73, 'm2ck12': 88.05, 'm2ck12_p95': 88.07}
{'suite': 'LONG', 'id': 'af96a1d5311b4c6f', 'domain': 'banking_knowledge', 'T': 4821, 'state': 4696, 'live': 889, 'compiled': 3799, 'nseg': 1, 'ncomp': 10, 'hob1': 236.69, 'hob1_p95': 236.74, 'm2ck8': 55.54, 'm2ck8_p95': 55.55, 'm2ck12': 62.32, 'm2ck12_p95': 62.32}
{'suite': 'LONG', 'id': 'abf90067645a55bf', 'domain': 'banking_knowledge', 'T': 6236, 'state': 6158, 'live': 3800, 'compiled': 2350, 'nseg': 1, 'ncomp': 7, 'hob1': 306.01, 'hob1_p95': 306.06, 'm2ck8': 128.08, 'm2ck8_p95': 128.11, 'm2ck12': 152.49, 'm2ck12_p95': 152.54}
{'suite': 'LONG', 'id': '4821d8378afcdb60', 'domain': 'banking_knowledge', 'T': 4759, 'state': 4607, 'live': 1482, 'compiled': 3117, 'nseg': 1, 'ncomp': 10, 'hob1': 236.09, 'hob1_p95': 236.12, 'm2ck8': 75.39, 'm2ck8_p95': 75.4, 'm2ck12': 87.04, 'm2ck12_p95': 87.05}
{'suite': 'LONG', 'id': '7c09cb489b7d1e3b', 'domain': 'banking_knowledge', 'T': 4556, 'state': 4463, 'live': 1711, 'compiled': 2744, 'nseg': 1, 'ncomp': 8, 'hob1': 228.54, 'hob1_p95': 228.6, 'm2ck8': 73.39, 'm2ck8_p95': 73.39, 'm2ck12': 86.04, 'm2ck12_p95': 86.05}
{'suite': 'LONG', 'id': 'c96b7b3e91229eed', 'domain': 'banking_knowledge', 'T': 4835, 'state': 4683, 'live': 1314, 'compiled': 3361, 'nseg': 1, 'ncomp': 10, 'hob1': 236.75, 'hob1_p95': 236.81, 'm2ck8': 72.0, 'm2ck8_p95': 72.02, 'm2ck12': 83.28, 'm2ck12_p95': 83.3}
{'suite': 'LONG', 'id': '41b91ba98aba6669', 'domain': 'banking_knowledge', 'T': 4150, 'state': 4058, 'live': 3976, 'compiled': 74, 'nseg': 1, 'ncomp': 2, 'hob1': 205.07, 'hob1_p95': 205.1, 'm2ck8': 129.84, 'm2ck8_p95': 129.86, 'm2ck12': 155.39, 'm2ck12_p95': 155.41}
{'suite': 'LONG', 'id': '50f424d4ec691758', 'domain': 'banking_knowledge', 'T': 4182, 'state': 4088, 'live': 3599, 'compiled': 481, 'nseg': 1, 'ncomp': 4, 'hob1': 205.53, 'hob1_p95': 205.59, 'm2ck8': 119.66, 'm2ck8_p95': 119.69, 'm2ck12': 142.57, 'm2ck12_p95': 142.6}
{'suite': 'LONG', 'id': 'a238c19e7ab13e5c', 'domain': 'banking_knowledge', 'T': 4270, 'state': 4068, 'live': 2013, 'compiled': 2047, 'nseg': 1, 'ncomp': 8, 'hob1': 209.49, 'hob1_p95': 209.53, 'm2ck8': 89.07, 'm2ck8_p95': 89.09, 'm2ck12': 103.07, 'm2ck12_p95': 103.09}
{'suite': 'LONG', 'id': 'f6dde4e35db778dc', 'domain': 'banking_knowledge', 'T': 7442, 'state': 7302, 'live': 5301, 'compiled': 1993, 'nseg': 1, 'ncomp': 7, 'hob1': 370.33, 'hob1_p95': 370.4, 'm2ck8': 178.64, 'm2ck8_p95': 178.69, 'm2ck12': 214.04, 'm2ck12_p95': 214.08}
{'suite': 'LONG', 'id': '1261a55042b4d715', 'domain': 'banking_knowledge', 'T': 4589, 'state': 4510, 'live': 314, 'compiled': 4188, 'nseg': 1, 'ncomp': 9, 'hob1': 228.71, 'hob1_p95': 228.77, 'm2ck8': 34.77, 'm2ck8_p95': 34.78, 'm2ck12': 38.23, 'm2ck12_p95': 38.24}
{'suite': 'LONG', 'id': 'a454ee084e3e4939', 'domain': 'banking_knowledge', 'T': 6515, 'state': 6422, 'live': 3779, 'compiled': 2635, 'nseg': 1, 'ncomp': 7, 'hob1': 325.03, 'hob1_p95': 325.05, 'm2ck8': 128.9, 'm2ck8_p95': 128.92, 'm2ck12': 153.49, 'm2ck12_p95': 153.53}
{'suite': 'LONG', 'id': '395b57a5068e9771', 'domain': 'banking_knowledge', 'T': 4244, 'state': 4145, 'live': 4063, 'compiled': 74, 'nseg': 1, 'ncomp': 2, 'hob1': 209.31, 'hob1_p95': 209.33, 'm2ck8': 130.77, 'm2ck8_p95': 130.8, 'm2ck12': 156.41, 'm2ck12_p95': 156.43}
{'suite': 'LONG', 'id': 'd37b7d16525e32fe', 'domain': 'banking_knowledge', 'T': 4271, 'state': 4146, 'live': 1154, 'compiled': 2984, 'nseg': 1, 'ncomp': 12, 'hob1': 209.47, 'hob1_p95': 209.49, 'm2ck8': 63.68, 'm2ck8_p95': 63.69, 'm2ck12': 71.74, 'm2ck12_p95': 71.76}
{'suite': 'LONG', 'id': '29efde059516882b', 'domain': 'banking_knowledge', 'T': 6376, 'state': 6264, 'live': 3104, 'compiled': 3152, 'nseg': 1, 'ncomp': 8, 'hob1': 310.73, 'hob1_p95': 310.81, 'm2ck8': 112.37, 'm2ck8_p95': 112.38, 'm2ck12': 133.07, 'm2ck12_p95': 133.09}
{'suite': 'LONG', 'id': '2148a81cbbc09a28', 'domain': 'banking_knowledge', 'T': 6626, 'state': 6521, 'live': 3666, 'compiled': 2847, 'nseg': 1, 'ncomp': 10, 'hob1': 329.71, 'hob1_p95': 329.74, 'm2ck8': 127.81, 'm2ck8_p95': 127.84, 'm2ck12': 152.01, 'm2ck12_p95': 152.04}
{'suite': 'LONG', 'id': '76397a2b3d9a3131', 'domain': 'banking_knowledge', 'T': 6283, 'state': 6190, 'live': 3497, 'compiled': 2685, 'nseg': 1, 'ncomp': 8, 'hob1': 309.74, 'hob1_p95': 309.84, 'm2ck8': 123.16, 'm2ck8_p95': 123.2, 'm2ck12': 146.52, 'm2ck12_p95': 146.54}
{'hob1': {'mean': 160.09595238095235, 'median': 143.165}, 'm2ck8': {'mean': 86.19547619047619, 'median': 76.05}, 'm2ck12': {'mean': 99.1422619047619, 'median': 89.86}, 'speedup_of_means_k8': 1.8573591034774224, 'banking_knowledge_k8': {'n': 59, 'hob1': 178.78864406779655, 'm2': 89.8928813559322}, 'retail_k8': {'n': 25, 'hob1': 115.98119999999999, 'm2': 77.46959999999999}, 'speedup_of_means_k12': 1.6148103674974033, 'banking_knowledge_k12': {'n': 59, 'hob1': 178.78864406779655, 'm2': 102.39525423728814}, 'retail_k12': {'n': 25, 'hob1': 115.98119999999999, 'm2': 91.46519999999998}, 'tok_state': 2960.8333333333335, 'tok_live': 1899.5119047619048}
