Loading weights:   0%|          | 0/320 [00:00<?, ?it/s]Loading weights: 100%|██████████| 320/320 [00:00<00:00, 3854.46it/s]
{'suite': 'REAL-agree', 'id': '8f2e204ec0b44a2d', 'domain': 'banking_knowledge', 'T': 1982, 'state': 1857, 'live': 1466, 'compiled': 383, 'nseg': 15, 'ncomp': 2, 'hob1': 103.64, 'hob1_p95': 103.66, 'm2ck8': 70.27, 'm2ck8_p95': 70.28, 'm2ck12': 82.88, 'm2ck12_p95': 82.89}
{'suite': 'REAL-agree', 'id': '0a6095a3a4327811', 'domain': 'banking_knowledge', 'T': 1606, 'state': 1501, 'live': 512, 'compiled': 981, 'nseg': 9, 'ncomp': 5, 'hob1': 88.28, 'hob1_p95': 88.29, 'm2ck8': 37.64, 'm2ck8_p95': 37.65, 'm2ck12': 42.95, 'm2ck12_p95': 42.96}
{'suite': 'REAL-agree', 'id': '09404db06634f653', 'domain': 'banking_knowledge', 'T': 2610, 'state': 2408, 'live': 748, 'compiled': 1652, 'nseg': 15, 'ncomp': 5, 'hob1': 135.48, 'hob1_p95': 135.5, 'm2ck8': 54.21, 'm2ck8_p95': 54.22, 'm2ck12': 61.2, 'm2ck12_p95': 61.21}
{'suite': 'REAL-agree', 'id': '7a66d3a2d1378f46', 'domain': 'banking_knowledge', 'T': 1795, 'state': 1670, 'live': 679, 'compiled': 983, 'nseg': 11, 'ncomp': 5, 'hob1': 96.72, 'hob1_p95': 96.72, 'm2ck8': 48.37, 'm2ck8_p95': 48.38, 'm2ck12': 55.17, 'm2ck12_p95': 55.18}
{'suite': 'REAL-agree', 'id': 'c2610f88b79c7ab6', 'domain': 'retail', 'T': 2166, 'state': 2071, 'live': 2063, 'compiled': 0, 'nseg': 23, 'ncomp': 0, 'hob1': 108.49, 'hob1_p95': 108.51, 'm2ck8': 80.74, 'm2ck8_p95': 80.75, 'm2ck12': 97.0, 'm2ck12_p95': 97.02}
{'suite': 'REAL-agree', 'id': 'bd6649b124d7c14c', 'domain': 'retail', 'T': 3013, 'state': 2918, 'live': 2686, 'compiled': 224, 'nseg': 22, 'ncomp': 2, 'hob1': 147.94, 'hob1_p95': 147.96, 'm2ck8': 98.58, 'm2ck8_p95': 98.6, 'm2ck12': 118.88, 'm2ck12_p95': 118.91}
{'suite': 'REAL-agree', 'id': '14ddbad88b40e665', 'domain': 'retail', 'T': 3005, 'state': 2910, 'live': 2790, 'compiled': 112, 'nseg': 24, 'ncomp': 1, 'hob1': 147.67, 'hob1_p95': 147.68, 'm2ck8': 100.84, 'm2ck8_p95': 100.85, 'm2ck12': 121.38, 'm2ck12_p95': 121.41}
{'suite': 'REAL-agree', 'id': '9efdeba835f31314', 'domain': 'retail', 'T': 2425, 'state': 2341, 'live': 2333, 'compiled': 0, 'nseg': 24, 'ncomp': 0, 'hob1': 117.49, 'hob1_p95': 117.5, 'm2ck8': 86.78, 'm2ck8_p95': 86.79, 'm2ck12': 104.27, 'm2ck12_p95': 104.28}
{'suite': 'REAL-agree', 'id': 'fcd951fb7abd464c', 'domain': 'banking_knowledge', 'T': 3247, 'state': 2233, 'live': 1321, 'compiled': 904, 'nseg': 18, 'ncomp': 5, 'hob1': 165.95, 'hob1_p95': 165.98, 'm2ck8': 149.44, 'm2ck8_p95': 149.46, 'm2ck12': 161.69, 'm2ck12_p95': 161.7}
{'suite': 'REAL-agree', 'id': 'a4a4e0602988337b', 'domain': 'banking_knowledge', 'T': 1242, 'state': 1117, 'live': 1109, 'compiled': 0, 'nseg': 14, 'ncomp': 0, 'hob1': 61.47, 'hob1_p95': 61.49, 'm2ck8': 55.51, 'm2ck8_p95': 55.52, 'm2ck12': 64.24, 'm2ck12_p95': 64.26}
{'suite': 'REAL-agree', 'id': '9342c5bbb1282a13', 'domain': 'retail', 'T': 2344, 'state': 2249, 'live': 2241, 'compiled': 0, 'nseg': 28, 'ncomp': 0, 'hob1': 116.84, 'hob1_p95': 116.86, 'm2ck8': 85.21, 'm2ck8_p95': 85.22, 'm2ck12': 102.12, 'm2ck12_p95': 102.14}
{'suite': 'REAL-agree', 'id': '888616da73699dcd', 'domain': 'banking_knowledge', 'T': 1730, 'state': 1618, 'live': 1268, 'compiled': 342, 'nseg': 6, 'ncomp': 2, 'hob1': 92.52, 'hob1_p95': 92.53, 'm2ck8': 55.39, 'm2ck8_p95': 55.4, 'm2ck12': 64.34, 'm2ck12_p95': 64.35}
{'suite': 'REAL-agree', 'id': '411c4ea13b46c4a3', 'domain': 'retail', 'T': 3280, 'state': 3196, 'live': 3188, 'compiled': 0, 'nseg': 26, 'ncomp': 0, 'hob1': 166.39, 'hob1_p95': 166.43, 'm2ck8': 109.85, 'm2ck8_p95': 109.87, 'm2ck12': 132.25, 'm2ck12_p95': 132.27}
{'suite': 'REAL-agree', 'id': '20ea167c7e0d2a5a', 'domain': 'retail', 'T': 2734, 'state': 2639, 'live': 2631, 'compiled': 0, 'nseg': 25, 'ncomp': 0, 'hob1': 138.4, 'hob1_p95': 138.41, 'm2ck8': 97.24, 'm2ck8_p95': 97.26, 'm2ck12': 117.57, 'm2ck12_p95': 117.59}
{'suite': 'REAL-agree', 'id': 'e266911233236926', 'domain': 'banking_knowledge', 'T': 3769, 'state': 3657, 'live': 905, 'compiled': 2744, 'nseg': 16, 'ncomp': 8, 'hob1': 182.99, 'hob1_p95': 183.08, 'm2ck8': 52.79, 'm2ck8_p95': 52.79, 'm2ck12': 60.98, 'm2ck12_p95': 60.99}
{'suite': 'REAL-agree', 'id': '35b4bb1446b51598', 'domain': 'retail', 'T': 2608, 'state': 2513, 'live': 2505, 'compiled': 0, 'nseg': 21, 'ncomp': 0, 'hob1': 135.51, 'hob1_p95': 135.57, 'm2ck8': 90.75, 'm2ck8_p95': 90.76, 'm2ck12': 108.62, 'm2ck12_p95': 108.64}
{'suite': 'REAL-agree', 'id': '7d14ee9c174917b8', 'domain': 'banking_knowledge', 'T': 3418, 'state': 3216, 'live': 903, 'compiled': 2305, 'nseg': 21, 'ncomp': 10, 'hob1': 169.81, 'hob1_p95': 169.82, 'm2ck8': 62.54, 'm2ck8_p95': 62.55, 'm2ck12': 70.93, 'm2ck12_p95': 70.95}
{'suite': 'REAL-agree', 'id': 'e673445813f7a182', 'domain': 'banking_knowledge', 'T': 1179, 'state': 165, 'live': 157, 'compiled': 0, 'nseg': 5, 'ncomp': 0, 'hob1': 60.96, 'hob1_p95': 60.97, 'm2ck8': 105.81, 'm2ck8_p95': 105.82, 'm2ck12': 108.26, 'm2ck12_p95': 108.27}
{'suite': 'REAL-agree', 'id': 'dd0c2078c57c50a2', 'domain': 'banking_knowledge', 'T': 1700, 'state': 1575, 'live': 189, 'compiled': 1378, 'nseg': 8, 'ncomp': 3, 'hob1': 92.16, 'hob1_p95': 92.17, 'm2ck8': 31.73, 'm2ck8_p95': 31.73, 'm2ck12': 34.34, 'm2ck12_p95': 34.34}
{'suite': 'REAL-agree', 'id': '117489fbd3685294', 'domain': 'banking_knowledge', 'T': 1913, 'state': 1821, 'live': 1813, 'compiled': 0, 'nseg': 15, 'ncomp': 0, 'hob1': 97.46, 'hob1_p95': 97.47, 'm2ck8': 73.3, 'm2ck8_p95': 73.3, 'm2ck12': 87.62, 'm2ck12_p95': 87.63}
{'suite': 'REAL-agree', 'id': '20f1368911314326', 'domain': 'banking_knowledge', 'T': 3628, 'state': 3535, 'live': 783, 'compiled': 2744, 'nseg': 14, 'ncomp': 8, 'hob1': 178.58, 'hob1_p95': 178.61, 'm2ck8': 49.65, 'm2ck8_p95': 49.66, 'm2ck12': 57.14, 'm2ck12_p95': 57.14}
{'suite': 'REAL-agree', 'id': 'ac5a92ecc668ecf1', 'domain': 'banking_knowledge', 'T': 2129, 'state': 2036, 'live': 376, 'compiled': 1652, 'nseg': 10, 'ncomp': 5, 'hob1': 108.17, 'hob1_p95': 108.19, 'm2ck8': 33.55, 'm2ck8_p95': 33.56, 'm2ck12': 37.74, 'm2ck12_p95': 37.74}
{'suite': 'REAL-agree', 'id': 'b2ea663f0244a240', 'domain': 'banking_knowledge', 'T': 1834, 'state': 1741, 'live': 1062, 'compiled': 671, 'nseg': 7, 'ncomp': 2, 'hob1': 96.88, 'hob1_p95': 96.89, 'm2ck8': 50.95, 'm2ck8_p95': 50.97, 'm2ck12': 59.36, 'm2ck12_p95': 59.38}
[W1007 12:11:18.091036709 CUDACachingAllocator.cpp:3934] memory allocation failed with OOM on device 0 while trying to allocate 2097152 bytes (free: 3604480, total: 23684841472).
[W1007 12:11:20.902364128 CUDACachingAllocator.cpp:3934] memory allocation failed with OOM on device 0 while trying to allocate 37748736 bytes (free: 5701632, total: 23684841472).
{'suite': 'REAL-agree', 'id': 'e77e87b68000595c', 'domain': 'retail', 'T': 2266, 'state': 2160, 'live': 2152, 'compiled': 0, 'nseg': 23, 'ncomp': 0, 'hob1': 112.5, 'hob1_p95': 112.52, 'm2ck8': 82.01, 'm2ck8_p95': 82.03, 'm2ck12': 98.38, 'm2ck12_p95': 98.4}
{'suite': 'REAL-agree', 'id': '1ef585afeddb3cae', 'domain': 'banking_knowledge', 'T': 1941, 'state': 1829, 'live': 509, 'compiled': 1312, 'nseg': 7, 'ncomp': 3, 'hob1': 103.4, 'hob1_p95': 103.42, 'm2ck8': 36.92, 'm2ck8_p95': 36.93, 'm2ck12': 42.11, 'm2ck12_p95': 42.12}
{'suite': 'REAL-agree', 'id': '57027b27e5cfff2e', 'domain': 'retail', 'T': 875, 'state': 791, 'live': 783, 'compiled': 0, 'nseg': 11, 'ncomp': 0, 'hob1': 48.83, 'hob1_p95': 48.84, 'm2ck8': 43.36, 'm2ck8_p95': 43.37, 'm2ck12': 50.67, 'm2ck12_p95': 50.68}
[W1007 12:11:33.854082532 CUDACachingAllocator.cpp:3934] memory allocation failed with OOM on device 0 while trying to allocate 31457280 bytes (free: 28770304, total: 23684841472).
[W1007 12:11:36.208087256 CUDACachingAllocator.cpp:3934] memory allocation failed with OOM on device 0 while trying to allocate 14680064 bytes (free: 16187392, total: 23684841472).
[W1007 12:11:37.393311910 CUDACachingAllocator.cpp:3934] memory allocation failed with OOM on device 0 while trying to allocate 25165824 bytes (free: 7798784, total: 23684841472).
[W1007 12:11:37.491138556 CUDACachingAllocator.cpp:3934] memory allocation failed with OOM on device 0 while trying to allocate 25165824 bytes (free: 26673152, total: 23684841472).
[W1007 12:11:37.504667116 CUDACachingAllocator.cpp:3934] memory allocation failed with OOM on device 0 while trying to allocate 25165824 bytes (free: 16187392, total: 23684841472).
[W1007 12:11:37.504868975 CUDACachingAllocator.cpp:3934] memory allocation failed with OOM on device 0 while trying to allocate 25165824 bytes (free: 16187392, total: 23684841472).
Traceback (most recent call last):
  File "/home/ubuntu/work/m2/m2lat.py", line 620, in <module>
    main()
  File "/home/ubuntu/work/m2/m2lat.py", line 601, in main
    g, out = capture(lambda: fn(buf2)); r2 = timed(g, buf2, out, inp_c); del g, out
             ^^^^^^^^^^^^^^^^^^^^^^^^^
  File "/home/ubuntu/work/m2/m2lat.py", line 339, in capture
    for _ in range(3): fn()
                       ^^^^
  File "/home/ubuntu/work/m2/m2lat.py", line 601, in <lambda>
    g, out = capture(lambda: fn(buf2)); r2 = timed(g, buf2, out, inp_c); del g, out
                             ^^^^^^^^
  File "/home/ubuntu/work/m2/m2lat.py", line 450, in fn
    h = rt.q_pass(qids, cache, n, gidx, cu, mask, qcos, qsin)
        ^^^^^^^^^^^^^^^^^^^^^^^^^^^^^^^^^^^^^^^^^^^^^^^^^^^^^
  File "/home/ubuntu/venv/lib/python3.12/site-packages/torch/utils/_contextlib.py", line 124, in decorate_context
    return func(*args, **kwargs)
           ^^^^^^^^^^^^^^^^^^^^^
  File "/home/ubuntu/work/m2/m2lat.py", line 264, in q_pass
    acc = buf[gidx[:, 0]].float() * w[:, 0] + buf[gidx[:, 1]].float() * w[:, 1] + buf[gidx[:, 2]].float() * w[:, 2] + buf[gidx[:, 3]].float() * w[:, 3]
                                              ~~~~~~~~~~~~~~~~~~~~~~~~^~~~~~~~~
torch.OutOfMemoryError: CUDA out of memory. Tried to allocate 24.00 MiB. GPU 0 has a total capacity of 22.06 GiB of which 15.44 MiB is free. Including non-PyTorch memory, this process has 22.04 GiB memory in use. Of the allocated memory 20.79 GiB is allocated by PyTorch, and 951.82 MiB is reserved by PyTorch but unallocated. If reserved but unallocated memory is large try setting PYTORCH_CUDA_ALLOC_CONF=expandable_segments:True to avoid fragmentation.  See documentation for Memory Management  (https://docs.pytorch.org/docs/stable/notes/cuda.html#optimizing-memory-usage-with-pytorch-cuda-alloc-conf)
Loading weights:   0%|          | 0/320 [00:00<?, ?it/s]Loading weights: 100%|██████████| 320/320 [00:00<00:00, 3791.02it/s]
{'suite': 'REAL-agree', 'id': 'f8d1f5dafd9563c8', 'domain': 'banking_knowledge', 'T': 2775, 'state': 1761, 'live': 1753, 'compiled': 0, 'nseg': 12, 'ncomp': 0, 'hob1': 138.85, 'hob1_p95': 138.88, 'm2ck8': 155.1, 'm2ck8_p95': 155.11, 'm2ck12': 168.88, 'm2ck12_p95': 168.9}
{'suite': 'REAL-agree', 'id': '5d9f22581a78cf82', 'domain': 'retail', 'T': 3117, 'state': 3022, 'live': 3014, 'compiled': 0, 'nseg': 30, 'ncomp': 0, 'hob1': 152.47, 'hob1_p95': 152.49, 'm2ck8': 106.59, 'm2ck8_p95': 106.62, 'm2ck12': 128.54, 'm2ck12_p95': 128.57}
{'suite': 'REAL-agree', 'id': '3e037a4ddc4d27c4', 'domain': 'retail', 'T': 2855, 'state': 2749, 'live': 2741, 'compiled': 0, 'nseg': 18, 'ncomp': 0, 'hob1': 143.13, 'hob1_p95': 143.15, 'm2ck8': 99.65, 'm2ck8_p95': 99.68, 'm2ck12': 119.94, 'm2ck12_p95': 119.96}
{'suite': 'REAL-agree', 'id': '2c3a177c771bbc79', 'domain': 'banking_knowledge', 'T': 2395, 'state': 1381, 'live': 995, 'compiled': 378, 'nseg': 8, 'ncomp': 2, 'hob1': 117.28, 'hob1_p95': 117.31, 'm2ck8': 131.93, 'm2ck8_p95': 131.95, 'm2ck12': 139.87, 'm2ck12_p95': 139.89}
{'suite': 'REAL-agree', 'id': 'ca5a92c401f61c18', 'domain': 'retail', 'T': 2878, 'state': 2783, 'live': 2729, 'compiled': 46, 'nseg': 33, 'ncomp': 1, 'hob1': 143.26, 'hob1_p95': 143.29, 'm2ck8': 100.93, 'm2ck8_p95': 100.94, 'm2ck12': 121.79, 'm2ck12_p95': 121.82}
{'suite': 'REAL-agree', 'id': '303c5935a518cb2b', 'domain': 'banking_knowledge', 'T': 2997, 'state': 1983, 'live': 1630, 'compiled': 345, 'nseg': 11, 'ncomp': 3, 'hob1': 147.55, 'hob1_p95': 147.56, 'm2ck8': 153.83, 'm2ck8_p95': 153.86, 'm2ck12': 167.07, 'm2ck12_p95': 167.09}
{'suite': 'REAL-agree', 'id': '92e35dbd8c4d4c23', 'domain': 'banking_knowledge', 'T': 1565, 'state': 1466, 'live': 1458, 'compiled': 0, 'nseg': 14, 'ncomp': 0, 'hob1': 87.93, 'hob1_p95': 87.94, 'm2ck8': 64.22, 'm2ck8_p95': 64.23, 'm2ck12': 76.79, 'm2ck12_p95': 76.8}
{'suite': 'REAL-agree', 'id': '5091539e7a2426af', 'domain': 'banking_knowledge', 'T': 2273, 'state': 1259, 'live': 896, 'compiled': 355, 'nseg': 13, 'ncomp': 3, 'hob1': 112.59, 'hob1_p95': 112.62, 'm2ck8': 130.39, 'm2ck8_p95': 130.42, 'm2ck12': 137.95, 'm2ck12_p95': 137.96}
{'suite': 'REAL-agree', 'id': 'b153de912f0ce02d', 'domain': 'banking_knowledge', 'T': 3798, 'state': 2784, 'live': 2776, 'compiled': 0, 'nseg': 21, 'ncomp': 0, 'hob1': 183.5, 'hob1_p95': 183.55, 'm2ck8': 186.62, 'm2ck8_p95': 186.64, 'm2ck12': 207.07, 'm2ck12_p95': 207.08}
{'suite': 'REAL-agree', 'id': 'd794ebbe8972e52f', 'domain': 'retail', 'T': 2516, 'state': 2421, 'live': 2278, 'compiled': 135, 'nseg': 17, 'ncomp': 1, 'hob1': 121.57, 'hob1_p95': 121.59, 'm2ck8': 85.23, 'm2ck8_p95': 85.25, 'm2ck12': 101.73, 'm2ck12_p95': 101.74}
{'suite': 'REAL-agree', 'id': '3af04ddb36801db9', 'domain': 'banking_knowledge', 'T': 1682, 'state': 1591, 'live': 1466, 'compiled': 117, 'nseg': 13, 'ncomp': 1, 'hob1': 92.13, 'hob1_p95': 92.14, 'm2ck8': 64.55, 'm2ck8_p95': 64.56, 'm2ck12': 77.1, 'm2ck12_p95': 77.13}
{'suite': 'REAL-agree', 'id': '05fbf3e77a096a89', 'domain': 'retail', 'T': 1285, 'state': 1201, 'live': 1193, 'compiled': 0, 'nseg': 18, 'ncomp': 0, 'hob1': 78.89, 'hob1_p95': 78.9, 'm2ck8': 53.57, 'm2ck8_p95': 53.58, 'm2ck12': 62.84, 'm2ck12_p95': 62.86}
{'suite': 'REAL-agree', 'id': 'ad73cfba50485dbb', 'domain': 'banking_knowledge', 'T': 1627, 'state': 1502, 'live': 215, 'compiled': 1279, 'nseg': 7, 'ncomp': 3, 'hob1': 88.43, 'hob1_p95': 88.43, 'm2ck8': 31.76, 'm2ck8_p95': 31.77, 'm2ck12': 34.34, 'm2ck12_p95': 34.36}
{'suite': 'REAL-agree', 'id': 'a1c9d7140a7feeb3', 'domain': 'banking_knowledge', 'T': 4896, 'state': 3882, 'live': 3313, 'compiled': 561, 'nseg': 25, 'ncomp': 3, 'hob1': 241.23, 'hob1_p95': 241.24, 'm2ck8': 205.7, 'm2ck8_p95': 205.72, 'm2ck12': 230.31, 'm2ck12_p95': 230.33}
{'suite': 'REAL-agree', 'id': 'd93702bffd21e932', 'domain': 'banking_knowledge', 'T': 2062, 'state': 1970, 'live': 1962, 'compiled': 0, 'nseg': 12, 'ncomp': 0, 'hob1': 107.66, 'hob1_p95': 107.67, 'm2ck8': 76.72, 'm2ck8_p95': 76.73, 'm2ck12': 92.01, 'm2ck12_p95': 92.02}
{'suite': 'REAL-agree', 'id': '52ef03d29758be03', 'domain': 'banking_knowledge', 'T': 1953, 'state': 1828, 'live': 214, 'compiled': 1606, 'nseg': 8, 'ncomp': 3, 'hob1': 103.54, 'hob1_p95': 103.55, 'm2ck8': 32.15, 'm2ck8_p95': 32.16, 'm2ck12': 34.78, 'm2ck12_p95': 34.79}
{'suite': 'REAL-agree', 'id': '9b5ee9eba3830afc', 'domain': 'banking_knowledge', 'T': 1879, 'state': 1780, 'live': 1772, 'compiled': 0, 'nseg': 14, 'ncomp': 0, 'hob1': 97.3, 'hob1_p95': 97.31, 'm2ck8': 70.87, 'm2ck8_p95': 70.88, 'm2ck12': 84.74, 'm2ck12_p95': 84.75}
{'suite': 'REAL-agree', 'id': '89bacb3efc4ed787', 'domain': 'retail', 'T': 2909, 'state': 2814, 'live': 2806, 'compiled': 0, 'nseg': 19, 'ncomp': 0, 'hob1': 143.66, 'hob1_p95': 143.69, 'm2ck8': 100.05, 'm2ck8_p95': 100.06, 'm2ck12': 120.45, 'm2ck12_p95': 120.49}
{'suite': 'REAL-agree', 'id': 'c0173bd0be2f0448', 'domain': 'retail', 'T': 1503, 'state': 1408, 'live': 1354, 'compiled': 46, 'nseg': 17, 'ncomp': 1, 'hob1': 83.82, 'hob1_p95': 83.83, 'm2ck8': 61.82, 'm2ck8_p95': 61.83, 'm2ck12': 74.08, 'm2ck12_p95': 74.1}
{'suite': 'REAL-agree', 'id': '52a14fc747a8da4b', 'domain': 'banking_knowledge', 'T': 3317, 'state': 2303, 'live': 2295, 'compiled': 0, 'nseg': 11, 'ncomp': 0, 'hob1': 166.48, 'hob1_p95': 166.5, 'm2ck8': 170.0, 'm2ck8_p95': 170.01, 'm2ck12': 186.32, 'm2ck12_p95': 186.34}
{'suite': 'REAL-agree', 'id': '381342054bcaaab7', 'domain': 'banking_knowledge', 'T': 1738, 'state': 1646, 'live': 1638, 'compiled': 0, 'nseg': 14, 'ncomp': 0, 'hob1': 92.53, 'hob1_p95': 92.57, 'm2ck8': 67.3, 'm2ck8_p95': 67.31, 'm2ck12': 80.63, 'm2ck12_p95': 80.64}
{'suite': 'REAL-agree', 'id': '52160d23298a21c0', 'domain': 'banking_knowledge', 'T': 1670, 'state': 1572, 'live': 1447, 'compiled': 117, 'nseg': 9, 'ncomp': 1, 'hob1': 92.03, 'hob1_p95': 92.08, 'm2ck8': 64.25, 'm2ck8_p95': 64.27, 'm2ck12': 76.66, 'm2ck12_p95': 76.68}
{'suite': 'REAL-agree', 'id': '95f8556387d700e9', 'domain': 'retail', 'T': 2738, 'state': 2643, 'live': 2635, 'compiled': 0, 'nseg': 29, 'ncomp': 0, 'hob1': 138.43, 'hob1_p95': 138.44, 'm2ck8': 97.52, 'm2ck8_p95': 97.54, 'm2ck12': 117.98, 'm2ck12_p95': 118.01}
{'suite': 'REAL-agree', 'id': 'd710e1dab19f00c4', 'domain': 'retail', 'T': 1043, 'state': 948, 'live': 940, 'compiled': 0, 'nseg': 14, 'ncomp': 0, 'hob1': 56.63, 'hob1_p95': 56.64, 'm2ck8': 46.71, 'm2ck8_p95': 46.72, 'm2ck12': 54.83, 'm2ck12_p95': 54.84}
{'suite': 'REAL-agree', 'id': 'd7989574ba718267', 'domain': 'retail', 'T': 2882, 'state': 2798, 'live': 2566, 'compiled': 224, 'nseg': 26, 'ncomp': 2, 'hob1': 143.49, 'hob1_p95': 143.51, 'm2ck8': 97.26, 'm2ck8_p95': 97.27, 'm2ck12': 117.54, 'm2ck12_p95': 117.56}
{'suite': 'REAL-agree', 'id': 'aee9472b8922dcfb', 'domain': 'banking_knowledge', 'T': 3367, 'state': 3255, 'live': 691, 'compiled': 2556, 'nseg': 16, 'ncomp': 10, 'hob1': 169.26, 'hob1_p95': 169.29, 'm2ck8': 48.06, 'm2ck8_p95': 48.08, 'm2ck12': 55.09, 'm2ck12_p95': 55.1}
{'suite': 'REAL-agree', 'id': 'c4f98cabbbc7591f', 'domain': 'retail', 'T': 3206, 'state': 3111, 'live': 3103, 'compiled': 0, 'nseg': 22, 'ncomp': 0, 'hob1': 165.6, 'hob1_p95': 165.62, 'm2ck8': 109.0, 'm2ck8_p95': 109.04, 'm2ck12': 131.19, 'm2ck12_p95': 131.21}
{'suite': 'REAL-agree', 'id': 'aec22b9743b93c11', 'domain': 'banking_knowledge', 'T': 2790, 'state': 1776, 'live': 1689, 'compiled': 79, 'nseg': 9, 'ncomp': 1, 'hob1': 138.88, 'hob1_p95': 138.89, 'm2ck8': 154.76, 'm2ck8_p95': 154.79, 'm2ck12': 168.4, 'm2ck12_p95': 168.42}
{'suite': 'REAL-agree', 'id': '03861576747afc1d', 'domain': 'retail', 'T': 229, 'state': 145, 'live': 137, 'compiled': 0, 'nseg': 4, 'ncomp': 0, 'hob1': 15.63, 'hob1_p95': 15.64, 'm2ck8': 23.44, 'm2ck8_p95': 23.45, 'm2ck12': 25.81, 'm2ck12_p95': 25.81}
{'suite': 'REAL-agree', 'id': '8ea92c112f0b6bf8', 'domain': 'retail', 'T': 2259, 'state': 2175, 'live': 2167, 'compiled': 0, 'nseg': 21, 'ncomp': 0, 'hob1': 112.46, 'hob1_p95': 112.5, 'm2ck8': 81.38, 'm2ck8_p95': 81.4, 'm2ck12': 97.69, 'm2ck12_p95': 97.7}
{'suite': 'REAL-agree', 'id': 'ecb17b21f2d2b3cb', 'domain': 'banking_knowledge', 'T': 4178, 'state': 3164, 'live': 2622, 'compiled': 534, 'nseg': 24, 'ncomp': 3, 'hob1': 205.45, 'hob1_p95': 205.48, 'm2ck8': 185.98, 'm2ck8_p95': 186.0, 'm2ck12': 206.35, 'm2ck12_p95': 206.39}
{'suite': 'REAL-agree', 'id': 'e9b1fcd0a5aa7d34', 'domain': 'retail', 'T': 2697, 'state': 2613, 'live': 2605, 'compiled': 0, 'nseg': 26, 'ncomp': 0, 'hob1': 138.18, 'hob1_p95': 138.2, 'm2ck8': 96.62, 'm2ck8_p95': 96.63, 'm2ck12': 116.94, 'm2ck12_p95': 116.96}
{'suite': 'REAL-agree', 'id': 'fc6c738088deb650', 'domain': 'retail', 'T': 308, 'state': 224, 'live': 216, 'compiled': 0, 'nseg': 4, 'ncomp': 0, 'hob1': 22.56, 'hob1_p95': 22.57, 'm2ck8': 24.04, 'm2ck8_p95': 24.05, 'm2ck12': 26.51, 'm2ck12_p95': 26.52}
{'suite': 'REAL-agree', 'id': '917e86a5e7fa3d09', 'domain': 'banking_knowledge', 'T': 1841, 'state': 1716, 'live': 975, 'compiled': 733, 'nseg': 4, 'ncomp': 1, 'hob1': 96.92, 'hob1_p95': 96.93, 'm2ck8': 52.22, 'm2ck8_p95': 52.23, 'm2ck12': 60.01, 'm2ck12_p95': 60.03}
{'suite': 'LONG', 'id': '5edb613a95a1396d', 'domain': 'banking_knowledge', 'T': 4750, 'state': 4625, 'live': 1354, 'compiled': 3263, 'nseg': 35, 'ncomp': 8, 'hob1': 235.95, 'hob1_p95': 235.99, 'm2ck8': 73.9, 'm2ck8_p95': 73.91, 'm2ck12': 86.96, 'm2ck12_p95': 86.98}
{'suite': 'LONG', 'id': '21c565c679229036', 'domain': 'banking_knowledge', 'T': 4531, 'state': 4432, 'live': 4364, 'compiled': 60, 'nseg': 34, 'ncomp': 1, 'hob1': 228.02, 'hob1_p95': 228.05, 'm2ck8': 146.73, 'm2ck8_p95': 146.75, 'm2ck12': 177.83, 'm2ck12_p95': 177.86}
{'suite': 'LONG', 'id': '8e0d5f5a1a4c05fd', 'domain': 'banking_knowledge', 'T': 4776, 'state': 4624, 'live': 1322, 'compiled': 3294, 'nseg': 31, 'ncomp': 8, 'hob1': 236.05, 'hob1_p95': 236.11, 'm2ck8': 74.31, 'm2ck8_p95': 74.33, 'm2ck12': 87.15, 'm2ck12_p95': 87.17}
{'suite': 'LONG', 'id': '52abb61a30144283', 'domain': 'banking_knowledge', 'T': 5186, 'state': 5074, 'live': 2297, 'compiled': 2769, 'nseg': 33, 'ncomp': 12, 'hob1': 260.29, 'hob1_p95': 260.34, 'm2ck8': 94.46, 'm2ck8_p95': 94.49, 'm2ck12': 111.7, 'm2ck12_p95': 111.72}
{'suite': 'LONG', 'id': '084177587d70e18f', 'domain': 'banking_knowledge', 'T': 7480, 'state': 7387, 'live': 4701, 'compiled': 2678, 'nseg': 37, 'ncomp': 6, 'hob1': 370.37, 'hob1_p95': 371.48, 'm2ck8': 161.07, 'm2ck8_p95': 161.1, 'm2ck12': 195.18, 'm2ck12_p95': 195.23}
{'suite': 'LONG', 'id': '7108754d8cdc17e8', 'domain': 'banking_knowledge', 'T': 5279, 'state': 5154, 'live': 1442, 'compiled': 3704, 'nseg': 40, 'ncomp': 12, 'hob1': 264.43, 'hob1_p95': 264.48, 'm2ck8': 79.52, 'm2ck8_p95': 79.53, 'm2ck12': 93.21, 'm2ck12_p95': 93.22}
{'suite': 'LONG', 'id': '98834d7cf862d10d', 'domain': 'banking_knowledge', 'T': 4792, 'state': 4667, 'live': 1333, 'compiled': 3326, 'nseg': 35, 'ncomp': 11, 'hob1': 236.16, 'hob1_p95': 236.19, 'm2ck8': 75.13, 'm2ck8_p95': 75.14, 'm2ck12': 88.17, 'm2ck12_p95': 88.18}
{'suite': 'LONG', 'id': 'd885ab4b70124cea', 'domain': 'banking_knowledge', 'T': 5110, 'state': 4985, 'live': 1621, 'compiled': 3356, 'nseg': 29, 'ncomp': 7, 'hob1': 246.31, 'hob1_p95': 246.4, 'm2ck8': 79.11, 'm2ck8_p95': 79.13, 'm2ck12': 93.08, 'm2ck12_p95': 93.1}
{'suite': 'LONG', 'id': 'af96a1d5311b4c6f', 'domain': 'banking_knowledge', 'T': 4821, 'state': 4696, 'live': 889, 'compiled': 3799, 'nseg': 33, 'ncomp': 10, 'hob1': 236.57, 'hob1_p95': 236.6, 'm2ck8': 59.01, 'm2ck8_p95': 59.04, 'm2ck12': 67.44, 'm2ck12_p95': 67.46}
{'suite': 'LONG', 'id': 'abf90067645a55bf', 'domain': 'banking_knowledge', 'T': 6236, 'state': 6158, 'live': 3800, 'compiled': 2350, 'nseg': 40, 'ncomp': 7, 'hob1': 305.86, 'hob1_p95': 305.91, 'm2ck8': 133.63, 'm2ck8_p95': 133.66, 'm2ck12': 160.7, 'm2ck12_p95': 160.72}
{'suite': 'LONG', 'id': '4821d8378afcdb60', 'domain': 'banking_knowledge', 'T': 4759, 'state': 4607, 'live': 1482, 'compiled': 3117, 'nseg': 39, 'ncomp': 10, 'hob1': 236.02, 'hob1_p95': 236.04, 'm2ck8': 79.68, 'm2ck8_p95': 79.7, 'm2ck12': 93.41, 'm2ck12_p95': 93.42}
{'suite': 'LONG', 'id': '7c09cb489b7d1e3b', 'domain': 'banking_knowledge', 'T': 4556, 'state': 4463, 'live': 1711, 'compiled': 2744, 'nseg': 18, 'ncomp': 8, 'hob1': 228.54, 'hob1_p95': 228.57, 'm2ck8': 76.23, 'm2ck8_p95': 76.25, 'm2ck12': 90.25, 'm2ck12_p95': 90.27}
{'suite': 'LONG', 'id': 'c96b7b3e91229eed', 'domain': 'banking_knowledge', 'T': 4835, 'state': 4683, 'live': 1314, 'compiled': 3361, 'nseg': 39, 'ncomp': 10, 'hob1': 236.76, 'hob1_p95': 236.78, 'm2ck8': 76.05, 'm2ck8_p95': 76.06, 'm2ck12': 89.21, 'm2ck12_p95': 89.23}
{'suite': 'LONG', 'id': '41b91ba98aba6669', 'domain': 'banking_knowledge', 'T': 4150, 'state': 4058, 'live': 3976, 'compiled': 74, 'nseg': 29, 'ncomp': 2, 'hob1': 205.02, 'hob1_p95': 205.06, 'm2ck8': 137.18, 'm2ck8_p95': 137.21, 'm2ck12': 166.34, 'm2ck12_p95': 166.4}
{'suite': 'LONG', 'id': '50f424d4ec691758', 'domain': 'banking_knowledge', 'T': 4182, 'state': 4088, 'live': 3599, 'compiled': 481, 'nseg': 32, 'ncomp': 4, 'hob1': 205.5, 'hob1_p95': 205.56, 'm2ck8': 126.47, 'm2ck8_p95': 126.5, 'm2ck12': 152.7, 'm2ck12_p95': 152.73}
{'suite': 'LONG', 'id': 'a238c19e7ab13e5c', 'domain': 'banking_knowledge', 'T': 4270, 'state': 4068, 'live': 2013, 'compiled': 2047, 'nseg': 22, 'ncomp': 8, 'hob1': 209.45, 'hob1_p95': 209.51, 'm2ck8': 92.7, 'm2ck8_p95': 92.72, 'm2ck12': 108.51, 'm2ck12_p95': 108.53}
{'suite': 'LONG', 'id': 'f6dde4e35db778dc', 'domain': 'banking_knowledge', 'T': 7442, 'state': 7302, 'live': 5301, 'compiled': 1993, 'nseg': 47, 'ncomp': 7, 'hob1': 370.28, 'hob1_p95': 370.34, 'm2ck8': 185.4, 'm2ck8_p95': 185.46, 'm2ck12': 224.05, 'm2ck12_p95': 224.1}
{'suite': 'LONG', 'id': '1261a55042b4d715', 'domain': 'banking_knowledge', 'T': 4589, 'state': 4510, 'live': 314, 'compiled': 4188, 'nseg': 25, 'ncomp': 9, 'hob1': 228.65, 'hob1_p95': 228.68, 'm2ck8': 37.51, 'm2ck8_p95': 37.53, 'm2ck12': 42.27, 'm2ck12_p95': 42.28}
{'suite': 'LONG', 'id': 'a454ee084e3e4939', 'domain': 'banking_knowledge', 'T': 6515, 'state': 6422, 'live': 3779, 'compiled': 2635, 'nseg': 41, 'ncomp': 7, 'hob1': 324.9, 'hob1_p95': 324.96, 'm2ck8': 134.16, 'm2ck8_p95': 134.18, 'm2ck12': 161.28, 'm2ck12_p95': 161.41}
{'suite': 'LONG', 'id': '395b57a5068e9771', 'domain': 'banking_knowledge', 'T': 4244, 'state': 4145, 'live': 4063, 'compiled': 74, 'nseg': 29, 'ncomp': 2, 'hob1': 209.23, 'hob1_p95': 209.29, 'm2ck8': 138.18, 'm2ck8_p95': 138.2, 'm2ck12': 167.4, 'm2ck12_p95': 167.42}
{'suite': 'LONG', 'id': 'd37b7d16525e32fe', 'domain': 'banking_knowledge', 'T': 4271, 'state': 4146, 'live': 1154, 'compiled': 2984, 'nseg': 36, 'ncomp': 12, 'hob1': 209.37, 'hob1_p95': 209.42, 'm2ck8': 67.79, 'm2ck8_p95': 67.8, 'm2ck12': 77.82, 'm2ck12_p95': 77.84}
{'suite': 'LONG', 'id': '29efde059516882b', 'domain': 'banking_knowledge', 'T': 6376, 'state': 6264, 'live': 3104, 'compiled': 3152, 'nseg': 37, 'ncomp': 8, 'hob1': 310.62, 'hob1_p95': 310.71, 'm2ck8': 116.84, 'm2ck8_p95': 116.86, 'm2ck12': 139.65, 'm2ck12_p95': 139.68}
{'suite': 'LONG', 'id': '2148a81cbbc09a28', 'domain': 'banking_knowledge', 'T': 6626, 'state': 6521, 'live': 3666, 'compiled': 2847, 'nseg': 37, 'ncomp': 10, 'hob1': 329.62, 'hob1_p95': 329.69, 'm2ck8': 132.71, 'm2ck8_p95': 132.74, 'm2ck12': 159.28, 'm2ck12_p95': 159.33}
{'suite': 'LONG', 'id': '76397a2b3d9a3131', 'domain': 'banking_knowledge', 'T': 6283, 'state': 6190, 'live': 3497, 'compiled': 2685, 'nseg': 34, 'ncomp': 8, 'hob1': 309.78, 'hob1_p95': 309.84, 'm2ck8': 127.99, 'm2ck8_p95': 128.0, 'm2ck12': 153.65, 'm2ck12_p95': 153.66}
{'hob1': {'mean': 160.09047619047624, 'median': 143.195}, 'm2ck8': {'mean': 90.23107142857143, 'median': 81.06}, 'm2ck12': {'mean': 105.13761904761904, 'median': 97.345}, 'speedup_of_means_k8': 1.7742278092885864, 'banking_knowledge_k8': {'n': 59, 'hob1': 178.77559322033898, 'm2': 93.56338983050848}, 'retail_k8': {'n': 25, 'hob1': 115.99359999999999, 'm2': 82.3668}, 'speedup_of_means_k12': 1.5226754956089303, 'banking_knowledge_k12': {'n': 59, 'hob1': 178.77559322033898, 'm2': 107.83999999999997}, 'retail_k12': {'n': 25, 'hob1': 115.99359999999999, 'm2': 98.76}, 'tok_state': 2960.8333333333335, 'tok_live': 1899.5119047619048}
