Loading weights:   0%|          | 0/320 [00:00<?, ?it/s]Loading weights: 100%|██████████| 320/320 [00:00<00:00, 3818.84it/s]
{'suite': 'REAL-agree', 'id': '8f2e204ec0b44a2d', 'domain': 'banking_knowledge', 'T': 1982, 'state': 1857, 'live': 1466, 'compiled': 383, 'nseg': 15, 'ncomp': 2, 'hob1': 103.66, 'hob1_p95': 103.67, 'm2ck8': 65.24, 'm2ck8_p95': 65.25, 'm2ck12': 77.87, 'm2ck12_p95': 77.88}
{'suite': 'REAL-agree', 'id': '0a6095a3a4327811', 'domain': 'banking_knowledge', 'T': 1606, 'state': 1501, 'live': 512, 'compiled': 981, 'nseg': 9, 'ncomp': 5, 'hob1': 88.3, 'hob1_p95': 88.32, 'm2ck8': 31.93, 'm2ck8_p95': 31.93, 'm2ck12': 37.23, 'm2ck12_p95': 37.25}
{'suite': 'REAL-agree', 'id': '09404db06634f653', 'domain': 'banking_knowledge', 'T': 2610, 'state': 2408, 'live': 748, 'compiled': 1652, 'nseg': 15, 'ncomp': 5, 'hob1': 135.54, 'hob1_p95': 135.56, 'm2ck8': 45.57, 'm2ck8_p95': 45.58, 'm2ck12': 52.57, 'm2ck12_p95': 52.58}
{'suite': 'REAL-agree', 'id': '7a66d3a2d1378f46', 'domain': 'banking_knowledge', 'T': 1795, 'state': 1670, 'live': 679, 'compiled': 983, 'nseg': 11, 'ncomp': 5, 'hob1': 96.79, 'hob1_p95': 96.8, 'm2ck8': 43.34, 'm2ck8_p95': 43.36, 'm2ck12': 50.13, 'm2ck12_p95': 50.16}
{'suite': 'REAL-agree', 'id': 'c2610f88b79c7ab6', 'domain': 'retail', 'T': 2166, 'state': 2071, 'live': 2063, 'compiled': 0, 'nseg': 23, 'ncomp': 0, 'hob1': 108.51, 'hob1_p95': 108.53, 'm2ck8': 75.47, 'm2ck8_p95': 75.49, 'm2ck12': 91.71, 'm2ck12_p95': 91.73}
{'suite': 'REAL-agree', 'id': 'bd6649b124d7c14c', 'domain': 'retail', 'T': 3013, 'state': 2918, 'live': 2686, 'compiled': 224, 'nseg': 22, 'ncomp': 2, 'hob1': 147.94, 'hob1_p95': 147.97, 'm2ck8': 92.93, 'm2ck8_p95': 92.95, 'm2ck12': 113.2, 'm2ck12_p95': 113.24}
{'suite': 'REAL-agree', 'id': '14ddbad88b40e665', 'domain': 'retail', 'T': 3005, 'state': 2910, 'live': 2790, 'compiled': 112, 'nseg': 24, 'ncomp': 1, 'hob1': 147.65, 'hob1_p95': 147.67, 'm2ck8': 95.2, 'm2ck8_p95': 95.21, 'm2ck12': 115.76, 'm2ck12_p95': 115.78}
{'suite': 'REAL-agree', 'id': '9efdeba835f31314', 'domain': 'retail', 'T': 2425, 'state': 2341, 'live': 2333, 'compiled': 0, 'nseg': 24, 'ncomp': 0, 'hob1': 117.46, 'hob1_p95': 117.48, 'm2ck8': 81.69, 'm2ck8_p95': 81.72, 'm2ck12': 99.16, 'm2ck12_p95': 99.19}
{'suite': 'REAL-agree', 'id': 'fcd951fb7abd464c', 'domain': 'banking_knowledge', 'T': 3247, 'state': 2233, 'live': 1321, 'compiled': 904, 'nseg': 18, 'ncomp': 5, 'hob1': 165.93, 'hob1_p95': 165.96, 'm2ck8': 103.47, 'm2ck8_p95': 103.49, 'm2ck12': 115.73, 'm2ck12_p95': 115.75}
{'suite': 'REAL-agree', 'id': 'a4a4e0602988337b', 'domain': 'banking_knowledge', 'T': 1242, 'state': 1117, 'live': 1109, 'compiled': 0, 'nseg': 14, 'ncomp': 0, 'hob1': 61.5, 'hob1_p95': 61.51, 'm2ck8': 51.05, 'm2ck8_p95': 51.06, 'm2ck12': 59.76, 'm2ck12_p95': 59.78}
{'suite': 'REAL-agree', 'id': '9342c5bbb1282a13', 'domain': 'retail', 'T': 2344, 'state': 2249, 'live': 2241, 'compiled': 0, 'nseg': 28, 'ncomp': 0, 'hob1': 116.92, 'hob1_p95': 116.94, 'm2ck8': 79.87, 'm2ck8_p95': 79.88, 'm2ck12': 96.78, 'm2ck12_p95': 96.8}
{'suite': 'REAL-agree', 'id': '888616da73699dcd', 'domain': 'banking_knowledge', 'T': 1730, 'state': 1618, 'live': 1268, 'compiled': 342, 'nseg': 6, 'ncomp': 2, 'hob1': 92.54, 'hob1_p95': 92.57, 'm2ck8': 49.46, 'm2ck8_p95': 49.47, 'm2ck12': 58.41, 'm2ck12_p95': 58.41}
{'suite': 'REAL-agree', 'id': '411c4ea13b46c4a3', 'domain': 'retail', 'T': 3280, 'state': 3196, 'live': 3188, 'compiled': 0, 'nseg': 26, 'ncomp': 0, 'hob1': 166.4, 'hob1_p95': 166.46, 'm2ck8': 104.41, 'm2ck8_p95': 104.44, 'm2ck12': 126.83, 'm2ck12_p95': 126.85}
{'suite': 'REAL-agree', 'id': '20ea167c7e0d2a5a', 'domain': 'retail', 'T': 2734, 'state': 2639, 'live': 2631, 'compiled': 0, 'nseg': 25, 'ncomp': 0, 'hob1': 138.37, 'hob1_p95': 138.4, 'm2ck8': 91.73, 'm2ck8_p95': 91.74, 'm2ck12': 112.07, 'm2ck12_p95': 112.08}
{'suite': 'REAL-agree', 'id': 'e266911233236926', 'domain': 'banking_knowledge', 'T': 3769, 'state': 3657, 'live': 905, 'compiled': 2744, 'nseg': 16, 'ncomp': 8, 'hob1': 183.01, 'hob1_p95': 183.04, 'm2ck8': 45.98, 'm2ck8_p95': 45.99, 'm2ck12': 54.14, 'm2ck12_p95': 54.15}
{'suite': 'REAL-agree', 'id': '35b4bb1446b51598', 'domain': 'retail', 'T': 2608, 'state': 2513, 'live': 2505, 'compiled': 0, 'nseg': 21, 'ncomp': 0, 'hob1': 135.51, 'hob1_p95': 135.53, 'm2ck8': 85.3, 'm2ck8_p95': 85.32, 'm2ck12': 103.22, 'm2ck12_p95': 103.25}
{'suite': 'REAL-agree', 'id': '7d14ee9c174917b8', 'domain': 'banking_knowledge', 'T': 3418, 'state': 3216, 'live': 903, 'compiled': 2305, 'nseg': 21, 'ncomp': 10, 'hob1': 169.81, 'hob1_p95': 169.84, 'm2ck8': 53.62, 'm2ck8_p95': 53.62, 'm2ck12': 61.99, 'm2ck12_p95': 62.0}
{'suite': 'REAL-agree', 'id': 'e673445813f7a182', 'domain': 'banking_knowledge', 'T': 1179, 'state': 165, 'live': 157, 'compiled': 0, 'nseg': 5, 'ncomp': 0, 'hob1': 60.99, 'hob1_p95': 61.02, 'm2ck8': 62.54, 'm2ck8_p95': 62.56, 'm2ck12': 64.97, 'm2ck12_p95': 64.98}
{'suite': 'REAL-agree', 'id': 'dd0c2078c57c50a2', 'domain': 'banking_knowledge', 'T': 1700, 'state': 1575, 'live': 189, 'compiled': 1378, 'nseg': 8, 'ncomp': 3, 'hob1': 92.16, 'hob1_p95': 92.17, 'm2ck8': 26.76, 'm2ck8_p95': 26.77, 'm2ck12': 29.36, 'm2ck12_p95': 29.44}
{'suite': 'REAL-agree', 'id': '117489fbd3685294', 'domain': 'banking_knowledge', 'T': 1913, 'state': 1821, 'live': 1813, 'compiled': 0, 'nseg': 15, 'ncomp': 0, 'hob1': 97.48, 'hob1_p95': 97.53, 'm2ck8': 68.2, 'm2ck8_p95': 68.21, 'm2ck12': 82.5, 'm2ck12_p95': 82.51}
{'suite': 'REAL-agree', 'id': '20f1368911314326', 'domain': 'banking_knowledge', 'T': 3628, 'state': 3535, 'live': 783, 'compiled': 2744, 'nseg': 14, 'ncomp': 8, 'hob1': 178.52, 'hob1_p95': 178.54, 'm2ck8': 43.8, 'm2ck8_p95': 43.82, 'm2ck12': 51.28, 'm2ck12_p95': 51.3}
{'suite': 'REAL-agree', 'id': 'ac5a92ecc668ecf1', 'domain': 'banking_knowledge', 'T': 2129, 'state': 2036, 'live': 376, 'compiled': 1652, 'nseg': 10, 'ncomp': 5, 'hob1': 108.2, 'hob1_p95': 108.22, 'm2ck8': 28.34, 'm2ck8_p95': 28.36, 'm2ck12': 32.5, 'm2ck12_p95': 32.52}
{'suite': 'REAL-agree', 'id': 'b2ea663f0244a240', 'domain': 'banking_knowledge', 'T': 1834, 'state': 1741, 'live': 1062, 'compiled': 671, 'nseg': 7, 'ncomp': 2, 'hob1': 96.92, 'hob1_p95': 96.95, 'm2ck8': 45.82, 'm2ck8_p95': 45.83, 'm2ck12': 54.21, 'm2ck12_p95': 54.23}
{'suite': 'REAL-agree', 'id': 'e77e87b68000595c', 'domain': 'retail', 'T': 2266, 'state': 2160, 'live': 2152, 'compiled': 0, 'nseg': 23, 'ncomp': 0, 'hob1': 112.53, 'hob1_p95': 112.55, 'm2ck8': 76.04, 'm2ck8_p95': 76.06, 'm2ck12': 92.42, 'm2ck12_p95': 92.43}
{'suite': 'REAL-agree', 'id': '1ef585afeddb3cae', 'domain': 'banking_knowledge', 'T': 1941, 'state': 1829, 'live': 509, 'compiled': 1312, 'nseg': 7, 'ncomp': 3, 'hob1': 103.48, 'hob1_p95': 103.49, 'm2ck8': 30.94, 'm2ck8_p95': 30.95, 'm2ck12': 36.12, 'm2ck12_p95': 36.13}
{'suite': 'REAL-agree', 'id': '57027b27e5cfff2e', 'domain': 'retail', 'T': 875, 'state': 791, 'live': 783, 'compiled': 0, 'nseg': 11, 'ncomp': 0, 'hob1': 48.85, 'hob1_p95': 48.86, 'm2ck8': 38.88, 'm2ck8_p95': 38.9, 'm2ck12': 46.21, 'm2ck12_p95': 46.22}
{'suite': 'REAL-agree', 'id': 'f8d1f5dafd9563c8', 'domain': 'banking_knowledge', 'T': 2775, 'state': 1761, 'live': 1753, 'compiled': 0, 'nseg': 12, 'ncomp': 0, 'hob1': 138.85, 'hob1_p95': 138.86, 'm2ck8': 109.83, 'm2ck8_p95': 109.83, 'm2ck12': 123.59, 'm2ck12_p95': 123.61}
{'suite': 'REAL-agree', 'id': '5d9f22581a78cf82', 'domain': 'retail', 'T': 3117, 'state': 3022, 'live': 3014, 'compiled': 0, 'nseg': 30, 'ncomp': 0, 'hob1': 152.43, 'hob1_p95': 152.45, 'm2ck8': 100.91, 'm2ck8_p95': 100.94, 'm2ck12': 122.85, 'm2ck12_p95': 122.87}
{'suite': 'REAL-agree', 'id': '3e037a4ddc4d27c4', 'domain': 'retail', 'T': 2855, 'state': 2749, 'live': 2741, 'compiled': 0, 'nseg': 18, 'ncomp': 0, 'hob1': 143.1, 'hob1_p95': 143.12, 'm2ck8': 93.4, 'm2ck8_p95': 93.42, 'm2ck12': 113.68, 'm2ck12_p95': 113.69}
{'suite': 'REAL-agree', 'id': '2c3a177c771bbc79', 'domain': 'banking_knowledge', 'T': 2395, 'state': 1381, 'live': 995, 'compiled': 378, 'nseg': 8, 'ncomp': 2, 'hob1': 117.31, 'hob1_p95': 117.32, 'm2ck8': 87.16, 'm2ck8_p95': 87.18, 'm2ck12': 95.09, 'm2ck12_p95': 95.1}
{'suite': 'REAL-agree', 'id': 'ca5a92c401f61c18', 'domain': 'retail', 'T': 2878, 'state': 2783, 'live': 2729, 'compiled': 46, 'nseg': 33, 'ncomp': 1, 'hob1': 143.27, 'hob1_p95': 143.28, 'm2ck8': 95.36, 'm2ck8_p95': 95.37, 'm2ck12': 116.22, 'm2ck12_p95': 116.24}
{'suite': 'REAL-agree', 'id': '303c5935a518cb2b', 'domain': 'banking_knowledge', 'T': 2997, 'state': 1983, 'live': 1630, 'compiled': 345, 'nseg': 11, 'ncomp': 3, 'hob1': 147.54, 'hob1_p95': 147.56, 'm2ck8': 108.12, 'm2ck8_p95': 108.14, 'm2ck12': 121.35, 'm2ck12_p95': 121.37}
{'suite': 'REAL-agree', 'id': '92e35dbd8c4d4c23', 'domain': 'banking_knowledge', 'T': 1565, 'state': 1466, 'live': 1458, 'compiled': 0, 'nseg': 14, 'ncomp': 0, 'hob1': 87.95, 'hob1_p95': 87.96, 'm2ck8': 59.07, 'm2ck8_p95': 59.09, 'm2ck12': 71.63, 'm2ck12_p95': 71.64}
{'suite': 'REAL-agree', 'id': '5091539e7a2426af', 'domain': 'banking_knowledge', 'T': 2273, 'state': 1259, 'live': 896, 'compiled': 355, 'nseg': 13, 'ncomp': 3, 'hob1': 112.56, 'hob1_p95': 112.58, 'm2ck8': 85.69, 'm2ck8_p95': 85.7, 'm2ck12': 93.27, 'm2ck12_p95': 93.29}
{'suite': 'REAL-agree', 'id': 'b153de912f0ce02d', 'domain': 'banking_knowledge', 'T': 3798, 'state': 2784, 'live': 2776, 'compiled': 0, 'nseg': 21, 'ncomp': 0, 'hob1': 183.42, 'hob1_p95': 183.46, 'm2ck8': 139.87, 'm2ck8_p95': 139.89, 'm2ck12': 160.33, 'm2ck12_p95': 160.34}
{'suite': 'REAL-agree', 'id': 'd794ebbe8972e52f', 'domain': 'retail', 'T': 2516, 'state': 2421, 'live': 2278, 'compiled': 135, 'nseg': 17, 'ncomp': 1, 'hob1': 121.51, 'hob1_p95': 121.54, 'm2ck8': 79.76, 'm2ck8_p95': 79.77, 'm2ck12': 96.24, 'm2ck12_p95': 96.25}
{'suite': 'REAL-agree', 'id': '3af04ddb36801db9', 'domain': 'banking_knowledge', 'T': 1682, 'state': 1591, 'live': 1466, 'compiled': 117, 'nseg': 13, 'ncomp': 1, 'hob1': 92.11, 'hob1_p95': 92.13, 'm2ck8': 59.48, 'm2ck8_p95': 59.49, 'm2ck12': 72.01, 'm2ck12_p95': 72.03}
{'suite': 'REAL-agree', 'id': '05fbf3e77a096a89', 'domain': 'retail', 'T': 1285, 'state': 1201, 'live': 1193, 'compiled': 0, 'nseg': 18, 'ncomp': 0, 'hob1': 78.9, 'hob1_p95': 78.91, 'm2ck8': 48.83, 'm2ck8_p95': 48.85, 'm2ck12': 58.09, 'm2ck12_p95': 58.11}
{'suite': 'REAL-agree', 'id': 'ad73cfba50485dbb', 'domain': 'banking_knowledge', 'T': 1627, 'state': 1502, 'live': 215, 'compiled': 1279, 'nseg': 7, 'ncomp': 3, 'hob1': 88.42, 'hob1_p95': 88.42, 'm2ck8': 26.84, 'm2ck8_p95': 26.85, 'm2ck12': 29.42, 'm2ck12_p95': 29.43}
{'suite': 'REAL-agree', 'id': 'a1c9d7140a7feeb3', 'domain': 'banking_knowledge', 'T': 4896, 'state': 3882, 'live': 3313, 'compiled': 561, 'nseg': 25, 'ncomp': 3, 'hob1': 241.12, 'hob1_p95': 241.15, 'm2ck8': 157.87, 'm2ck8_p95': 157.89, 'm2ck12': 182.43, 'm2ck12_p95': 182.44}
{'suite': 'REAL-agree', 'id': 'd93702bffd21e932', 'domain': 'banking_knowledge', 'T': 2062, 'state': 1970, 'live': 1962, 'compiled': 0, 'nseg': 12, 'ncomp': 0, 'hob1': 107.54, 'hob1_p95': 107.57, 'm2ck8': 71.49, 'm2ck8_p95': 71.51, 'm2ck12': 86.76, 'm2ck12_p95': 86.77}
{'suite': 'REAL-agree', 'id': '52ef03d29758be03', 'domain': 'banking_knowledge', 'T': 1953, 'state': 1828, 'live': 214, 'compiled': 1606, 'nseg': 8, 'ncomp': 3, 'hob1': 103.51, 'hob1_p95': 103.53, 'm2ck8': 27.07, 'm2ck8_p95': 27.08, 'm2ck12': 29.71, 'm2ck12_p95': 29.73}
{'suite': 'REAL-agree', 'id': '9b5ee9eba3830afc', 'domain': 'banking_knowledge', 'T': 1879, 'state': 1780, 'live': 1772, 'compiled': 0, 'nseg': 14, 'ncomp': 0, 'hob1': 97.33, 'hob1_p95': 97.34, 'm2ck8': 65.6, 'm2ck8_p95': 65.61, 'm2ck12': 79.46, 'm2ck12_p95': 79.48}
{'suite': 'REAL-agree', 'id': '89bacb3efc4ed787', 'domain': 'retail', 'T': 2909, 'state': 2814, 'live': 2806, 'compiled': 0, 'nseg': 19, 'ncomp': 0, 'hob1': 143.64, 'hob1_p95': 143.67, 'm2ck8': 94.46, 'm2ck8_p95': 94.48, 'm2ck12': 114.82, 'm2ck12_p95': 114.84}
{'suite': 'REAL-agree', 'id': 'c0173bd0be2f0448', 'domain': 'retail', 'T': 1503, 'state': 1408, 'live': 1354, 'compiled': 46, 'nseg': 17, 'ncomp': 1, 'hob1': 83.82, 'hob1_p95': 83.83, 'm2ck8': 56.79, 'm2ck8_p95': 56.8, 'm2ck12': 69.06, 'm2ck12_p95': 69.08}
{'suite': 'REAL-agree', 'id': '52a14fc747a8da4b', 'domain': 'banking_knowledge', 'T': 3317, 'state': 2303, 'live': 2295, 'compiled': 0, 'nseg': 11, 'ncomp': 0, 'hob1': 166.5, 'hob1_p95': 166.54, 'm2ck8': 124.06, 'm2ck8_p95': 124.07, 'm2ck12': 140.39, 'm2ck12_p95': 140.41}
{'suite': 'REAL-agree', 'id': '381342054bcaaab7', 'domain': 'banking_knowledge', 'T': 1738, 'state': 1646, 'live': 1638, 'compiled': 0, 'nseg': 14, 'ncomp': 0, 'hob1': 92.58, 'hob1_p95': 92.59, 'm2ck8': 62.22, 'm2ck8_p95': 62.23, 'm2ck12': 75.55, 'm2ck12_p95': 75.56}
{'suite': 'REAL-agree', 'id': '52160d23298a21c0', 'domain': 'banking_knowledge', 'T': 1670, 'state': 1572, 'live': 1447, 'compiled': 117, 'nseg': 9, 'ncomp': 1, 'hob1': 92.06, 'hob1_p95': 92.07, 'm2ck8': 59.1, 'm2ck8_p95': 59.11, 'm2ck12': 71.48, 'm2ck12_p95': 71.49}
{'suite': 'REAL-agree', 'id': '95f8556387d700e9', 'domain': 'retail', 'T': 2738, 'state': 2643, 'live': 2635, 'compiled': 0, 'nseg': 29, 'ncomp': 0, 'hob1': 138.41, 'hob1_p95': 138.42, 'm2ck8': 92.02, 'm2ck8_p95': 92.04, 'm2ck12': 112.49, 'm2ck12_p95': 112.5}
{'suite': 'REAL-agree', 'id': 'd710e1dab19f00c4', 'domain': 'retail', 'T': 1043, 'state': 948, 'live': 940, 'compiled': 0, 'nseg': 14, 'ncomp': 0, 'hob1': 56.65, 'hob1_p95': 56.66, 'm2ck8': 41.87, 'm2ck8_p95': 41.88, 'm2ck12': 49.96, 'm2ck12_p95': 49.97}
{'suite': 'REAL-agree', 'id': 'd7989574ba718267', 'domain': 'retail', 'T': 2882, 'state': 2798, 'live': 2566, 'compiled': 224, 'nseg': 26, 'ncomp': 2, 'hob1': 143.48, 'hob1_p95': 143.49, 'm2ck8': 91.95, 'm2ck8_p95': 91.97, 'm2ck12': 112.2, 'm2ck12_p95': 112.22}
{'suite': 'REAL-agree', 'id': 'aee9472b8922dcfb', 'domain': 'banking_knowledge', 'T': 3367, 'state': 3255, 'live': 691, 'compiled': 2556, 'nseg': 16, 'ncomp': 10, 'hob1': 169.23, 'hob1_p95': 169.25, 'm2ck8': 41.46, 'm2ck8_p95': 41.48, 'm2ck12': 48.47, 'm2ck12_p95': 48.49}
{'suite': 'REAL-agree', 'id': 'c4f98cabbbc7591f', 'domain': 'retail', 'T': 3206, 'state': 3111, 'live': 3103, 'compiled': 0, 'nseg': 22, 'ncomp': 0, 'hob1': 165.63, 'hob1_p95': 165.64, 'm2ck8': 103.31, 'm2ck8_p95': 103.33, 'm2ck12': 125.47, 'm2ck12_p95': 125.49}
{'suite': 'REAL-agree', 'id': 'aec22b9743b93c11', 'domain': 'banking_knowledge', 'T': 2790, 'state': 1776, 'live': 1689, 'compiled': 79, 'nseg': 9, 'ncomp': 1, 'hob1': 138.87, 'hob1_p95': 138.88, 'm2ck8': 109.48, 'm2ck8_p95': 109.51, 'm2ck12': 123.12, 'm2ck12_p95': 123.14}
{'suite': 'REAL-agree', 'id': '03861576747afc1d', 'domain': 'retail', 'T': 229, 'state': 145, 'live': 137, 'compiled': 0, 'nseg': 4, 'ncomp': 0, 'hob1': 15.63, 'hob1_p95': 15.64, 'm2ck8': 19.16, 'm2ck8_p95': 19.16, 'm2ck12': 21.51, 'm2ck12_p95': 21.51}
{'suite': 'REAL-agree', 'id': '8ea92c112f0b6bf8', 'domain': 'retail', 'T': 2259, 'state': 2175, 'live': 2167, 'compiled': 0, 'nseg': 21, 'ncomp': 0, 'hob1': 112.5, 'hob1_p95': 112.51, 'm2ck8': 76.37, 'm2ck8_p95': 76.38, 'm2ck12': 92.66, 'm2ck12_p95': 92.67}
{'suite': 'REAL-agree', 'id': 'ecb17b21f2d2b3cb', 'domain': 'banking_knowledge', 'T': 4178, 'state': 3164, 'live': 2622, 'compiled': 534, 'nseg': 24, 'ncomp': 3, 'hob1': 205.45, 'hob1_p95': 205.49, 'm2ck8': 138.94, 'm2ck8_p95': 138.96, 'm2ck12': 159.29, 'm2ck12_p95': 159.31}
{'suite': 'REAL-agree', 'id': 'e9b1fcd0a5aa7d34', 'domain': 'retail', 'T': 2697, 'state': 2613, 'live': 2605, 'compiled': 0, 'nseg': 26, 'ncomp': 0, 'hob1': 138.25, 'hob1_p95': 138.27, 'm2ck8': 91.42, 'm2ck8_p95': 91.43, 'm2ck12': 111.72, 'm2ck12_p95': 111.74}
{'suite': 'REAL-agree', 'id': 'fc6c738088deb650', 'domain': 'retail', 'T': 308, 'state': 224, 'live': 216, 'compiled': 0, 'nseg': 4, 'ncomp': 0, 'hob1': 22.54, 'hob1_p95': 22.54, 'm2ck8': 19.74, 'm2ck8_p95': 19.75, 'm2ck12': 22.18, 'm2ck12_p95': 22.19}
{'suite': 'REAL-agree', 'id': '917e86a5e7fa3d09', 'domain': 'banking_knowledge', 'T': 1841, 'state': 1716, 'live': 975, 'compiled': 733, 'nseg': 4, 'ncomp': 1, 'hob1': 96.93, 'hob1_p95': 96.94, 'm2ck8': 47.18, 'm2ck8_p95': 47.19, 'm2ck12': 55.0, 'm2ck12_p95': 55.02}
{'suite': 'LONG', 'id': '5edb613a95a1396d', 'domain': 'banking_knowledge', 'T': 4750, 'state': 4625, 'live': 1354, 'compiled': 3263, 'nseg': 35, 'ncomp': 8, 'hob1': 235.99, 'hob1_p95': 236.03, 'm2ck8': 67.82, 'm2ck8_p95': 67.85, 'm2ck12': 80.86, 'm2ck12_p95': 80.87}
{'suite': 'LONG', 'id': '21c565c679229036', 'domain': 'banking_knowledge', 'T': 4531, 'state': 4432, 'live': 4364, 'compiled': 60, 'nseg': 34, 'ncomp': 1, 'hob1': 228.05, 'hob1_p95': 228.07, 'm2ck8': 140.4, 'm2ck8_p95': 140.43, 'm2ck12': 171.49, 'm2ck12_p95': 171.52}
{'suite': 'LONG', 'id': '8e0d5f5a1a4c05fd', 'domain': 'banking_knowledge', 'T': 4776, 'state': 4624, 'live': 1322, 'compiled': 3294, 'nseg': 31, 'ncomp': 8, 'hob1': 236.1, 'hob1_p95': 236.15, 'm2ck8': 67.74, 'm2ck8_p95': 67.75, 'm2ck12': 80.58, 'm2ck12_p95': 80.59}
{'suite': 'LONG', 'id': '52abb61a30144283', 'domain': 'banking_knowledge', 'T': 5186, 'state': 5074, 'live': 2297, 'compiled': 2769, 'nseg': 33, 'ncomp': 12, 'hob1': 260.26, 'hob1_p95': 260.29, 'm2ck8': 87.09, 'm2ck8_p95': 87.1, 'm2ck12': 104.32, 'm2ck12_p95': 104.33}
{'suite': 'LONG', 'id': '084177587d70e18f', 'domain': 'banking_knowledge', 'T': 7480, 'state': 7387, 'live': 4701, 'compiled': 2678, 'nseg': 37, 'ncomp': 6, 'hob1': 370.39, 'hob1_p95': 370.48, 'm2ck8': 153.6, 'm2ck8_p95': 153.64, 'm2ck12': 187.7, 'm2ck12_p95': 187.74}
{'suite': 'LONG', 'id': '7108754d8cdc17e8', 'domain': 'banking_knowledge', 'T': 5279, 'state': 5154, 'live': 1442, 'compiled': 3704, 'nseg': 40, 'ncomp': 12, 'hob1': 264.46, 'hob1_p95': 264.53, 'm2ck8': 73.24, 'm2ck8_p95': 73.25, 'm2ck12': 86.92, 'm2ck12_p95': 86.93}
{'suite': 'LONG', 'id': '98834d7cf862d10d', 'domain': 'banking_knowledge', 'T': 4792, 'state': 4667, 'live': 1333, 'compiled': 3326, 'nseg': 35, 'ncomp': 11, 'hob1': 236.12, 'hob1_p95': 236.18, 'm2ck8': 69.05, 'm2ck8_p95': 69.06, 'm2ck12': 82.07, 'm2ck12_p95': 82.09}
{'suite': 'LONG', 'id': 'd885ab4b70124cea', 'domain': 'banking_knowledge', 'T': 5110, 'state': 4985, 'live': 1621, 'compiled': 3356, 'nseg': 29, 'ncomp': 7, 'hob1': 246.27, 'hob1_p95': 246.36, 'm2ck8': 72.94, 'm2ck8_p95': 72.96, 'm2ck12': 86.91, 'm2ck12_p95': 86.93}
{'suite': 'LONG', 'id': 'af96a1d5311b4c6f', 'domain': 'banking_knowledge', 'T': 4821, 'state': 4696, 'live': 889, 'compiled': 3799, 'nseg': 33, 'ncomp': 10, 'hob1': 236.6, 'hob1_p95': 236.63, 'm2ck8': 52.9, 'm2ck8_p95': 52.91, 'm2ck12': 61.3, 'm2ck12_p95': 61.31}
{'suite': 'LONG', 'id': 'abf90067645a55bf', 'domain': 'banking_knowledge', 'T': 6236, 'state': 6158, 'live': 3800, 'compiled': 2350, 'nseg': 40, 'ncomp': 7, 'hob1': 305.83, 'hob1_p95': 305.86, 'm2ck8': 127.06, 'm2ck8_p95': 127.09, 'm2ck12': 154.09, 'm2ck12_p95': 154.1}
{'suite': 'LONG', 'id': '4821d8378afcdb60', 'domain': 'banking_knowledge', 'T': 4759, 'state': 4607, 'live': 1482, 'compiled': 3117, 'nseg': 39, 'ncomp': 10, 'hob1': 235.97, 'hob1_p95': 236.02, 'm2ck8': 73.12, 'm2ck8_p95': 73.14, 'm2ck12': 86.84, 'm2ck12_p95': 86.85}
{'suite': 'LONG', 'id': '7c09cb489b7d1e3b', 'domain': 'banking_knowledge', 'T': 4556, 'state': 4463, 'live': 1711, 'compiled': 2744, 'nseg': 18, 'ncomp': 8, 'hob1': 228.47, 'hob1_p95': 228.54, 'm2ck8': 70.0, 'm2ck8_p95': 70.01, 'm2ck12': 84.02, 'm2ck12_p95': 84.03}
{'suite': 'LONG', 'id': 'c96b7b3e91229eed', 'domain': 'banking_knowledge', 'T': 4835, 'state': 4683, 'live': 1314, 'compiled': 3361, 'nseg': 39, 'ncomp': 10, 'hob1': 236.64, 'hob1_p95': 236.67, 'm2ck8': 69.39, 'm2ck8_p95': 69.41, 'm2ck12': 82.56, 'm2ck12_p95': 82.57}
{'suite': 'LONG', 'id': '41b91ba98aba6669', 'domain': 'banking_knowledge', 'T': 4150, 'state': 4058, 'live': 3976, 'compiled': 74, 'nseg': 29, 'ncomp': 2, 'hob1': 204.99, 'hob1_p95': 205.02, 'm2ck8': 131.05, 'm2ck8_p95': 131.08, 'm2ck12': 160.21, 'm2ck12_p95': 160.26}
{'suite': 'LONG', 'id': '50f424d4ec691758', 'domain': 'banking_knowledge', 'T': 4182, 'state': 4088, 'live': 3599, 'compiled': 481, 'nseg': 32, 'ncomp': 4, 'hob1': 205.53, 'hob1_p95': 205.54, 'm2ck8': 120.41, 'm2ck8_p95': 120.45, 'm2ck12': 146.62, 'm2ck12_p95': 146.65}
{'suite': 'LONG', 'id': 'a238c19e7ab13e5c', 'domain': 'banking_knowledge', 'T': 4270, 'state': 4068, 'live': 2013, 'compiled': 2047, 'nseg': 22, 'ncomp': 8, 'hob1': 209.44, 'hob1_p95': 209.48, 'm2ck8': 83.47, 'm2ck8_p95': 83.48, 'm2ck12': 99.25, 'm2ck12_p95': 99.26}
{'suite': 'LONG', 'id': 'f6dde4e35db778dc', 'domain': 'banking_knowledge', 'T': 7442, 'state': 7302, 'live': 5301, 'compiled': 1993, 'nseg': 47, 'ncomp': 7, 'hob1': 370.39, 'hob1_p95': 370.43, 'm2ck8': 177.79, 'm2ck8_p95': 177.82, 'm2ck12': 216.42, 'm2ck12_p95': 216.48}
{'suite': 'LONG', 'id': '1261a55042b4d715', 'domain': 'banking_knowledge', 'T': 4589, 'state': 4510, 'live': 314, 'compiled': 4188, 'nseg': 25, 'ncomp': 9, 'hob1': 228.72, 'hob1_p95': 228.74, 'm2ck8': 31.63, 'm2ck8_p95': 31.64, 'm2ck12': 36.38, 'm2ck12_p95': 36.4}
{'suite': 'LONG', 'id': 'a454ee084e3e4939', 'domain': 'banking_knowledge', 'T': 6515, 'state': 6422, 'live': 3779, 'compiled': 2635, 'nseg': 41, 'ncomp': 7, 'hob1': 325.04, 'hob1_p95': 325.13, 'm2ck8': 127.1, 'm2ck8_p95': 127.14, 'm2ck12': 154.2, 'm2ck12_p95': 154.23}
{'suite': 'LONG', 'id': '395b57a5068e9771', 'domain': 'banking_knowledge', 'T': 4244, 'state': 4145, 'live': 4063, 'compiled': 74, 'nseg': 29, 'ncomp': 2, 'hob1': 209.31, 'hob1_p95': 209.34, 'm2ck8': 131.97, 'm2ck8_p95': 131.98, 'm2ck12': 161.19, 'm2ck12_p95': 161.22}
{'suite': 'LONG', 'id': 'd37b7d16525e32fe', 'domain': 'banking_knowledge', 'T': 4271, 'state': 4146, 'live': 1154, 'compiled': 2984, 'nseg': 36, 'ncomp': 12, 'hob1': 209.44, 'hob1_p95': 209.47, 'm2ck8': 61.94, 'm2ck8_p95': 61.95, 'm2ck12': 71.96, 'm2ck12_p95': 71.97}
{'suite': 'LONG', 'id': '29efde059516882b', 'domain': 'banking_knowledge', 'T': 6376, 'state': 6264, 'live': 3104, 'compiled': 3152, 'nseg': 37, 'ncomp': 8, 'hob1': 310.76, 'hob1_p95': 310.8, 'm2ck8': 109.0, 'm2ck8_p95': 109.02, 'm2ck12': 131.81, 'm2ck12_p95': 131.83}
{'suite': 'LONG', 'id': '2148a81cbbc09a28', 'domain': 'banking_knowledge', 'T': 6626, 'state': 6521, 'live': 3666, 'compiled': 2847, 'nseg': 37, 'ncomp': 10, 'hob1': 329.68, 'hob1_p95': 329.75, 'm2ck8': 124.87, 'm2ck8_p95': 124.9, 'm2ck12': 151.45, 'm2ck12_p95': 151.46}
{'suite': 'LONG', 'id': '76397a2b3d9a3131', 'domain': 'banking_knowledge', 'T': 6283, 'state': 6190, 'live': 3497, 'compiled': 2685, 'nseg': 34, 'ncomp': 8, 'hob1': 309.83, 'hob1_p95': 309.88, 'm2ck8': 120.98, 'm2ck8_p95': 121.0, 'm2ck12': 146.6, 'm2ck12_p95': 146.62}
{'hob1': {'mean': 160.09869047619046, 'median': 143.185}, 'm2ck8': {'mean': 79.14309523809523, 'median': 74.35499999999999}, 'm2ck12': {'mean': 94.04023809523811, 'median': 89.315}, 'speedup_of_means_k8': 2.0229015556511563, 'banking_knowledge_k8': {'n': 59, 'hob1': 178.7862711864407, 'm2': 80.0194915254237}, 'retail_k8': {'n': 25, 'hob1': 115.99599999999998, 'm2': 77.07480000000001}, 'speedup_of_means_k12': 1.7024487997792228, 'banking_knowledge_k12': {'n': 59, 'hob1': 178.7862711864407, 'm2': 94.28593220338983}, 'retail_k12': {'n': 25, 'hob1': 115.99599999999998, 'm2': 93.46039999999999}, 'tok_state': 2960.8333333333335, 'tok_live': 1899.5119047619048}
