pool 11355 dev 100 cf pairs 2217 v5 100449 cfg gran=const;iso=all;ro=1
Loading weights:   0%|          | 0/320 [00:00<?, ?it/s]Loading weights: 100%|██████████| 320/320 [00:00<00:00, 3898.81it/s]
trainable 37.3 M (new 0.0 M)
devref built 348
DEV {"upd": 0, "k": 8, "tok": 0, "hours": 0.0, "dev_n": 348, "dev_agree": 0.9195, "dev_agree_sd": 0.8476, "dev_n_sd": 105, "dev_tv": 0.0718}
DEV {"upd": 0, "k": 12, "tok": 0, "hours": 0.0, "dev_n": 348, "dev_agree": 0.9655, "dev_agree_sd": 0.9524, "dev_n_sd": 105, "dev_tv": 0.0401}
/home/ubuntu/work/m2/m2train.py:193: UserWarning: Converting a tensor with requires_grad=True to a scalar may lead to unexpected behavior.
Consider using tensor.detach() first. (Triggered internally at /__w/pytorch/pytorch/torch/csrc/autograd/generated/python_variable_methods.cpp:820.)
  loss = loss + a.w_hid * hd; lsum[f'hid{kk}'] += float(hd); lcnt[f'hid{kk}'] += 1
{"upd": 1, "t": 37, "tok": 44466, "tok_s": 1210, "mem": 7.5, "lr": 9.99992384585985e-06, "acc_cf": 0.5, "acc_v5": 0.75, "agree12_cf": 1.0, "agree12_real": 1.0, "agree12_v5": 1.0, "agree8_cf": 0.6667, "agree8_real": 0.75, "agree8_v5": 0.6667, "ce_cf": 0.6807, "ce_v5": 0.3472, "hid12": 0.0109, "hid8": 0.0303, "kl_cf": 0.01, "kl_real": 0.0257, "kl_v5": 0.0944}
{"upd": 10, "t": 280, "tok": 341164, "tok_s": 1220, "mem": 7.5, "lr": 5.4958126917213905e-05, "acc_cf": 0.7143, "acc_v5": 0.86, "agree12_cf": 0.7857, "agree12_real": 0.9213, "agree12_v5": 1.0, "agree8_cf": 0.7857, "agree8_real": 0.8378, "agree8_v5": 0.875, "ce_cf": 0.5636, "ce_v5": 0.3393, "hid12": 0.0076, "hid8": 0.0194, "kl_cf": 0.0793, "kl_real": 0.0548, "kl_v5": 0.0207}
{"upd": 20, "t": 555, "tok": 665996, "tok_s": 1199, "mem": 7.5, "lr": 0.00010468051240330683, "acc_cf": 0.9545, "acc_v5": 0.7541, "agree12_cf": 0.6364, "agree12_real": 0.9554, "agree12_v5": 0.9706, "agree8_cf": 0.7273, "agree8_real": 0.8696, "agree8_v5": 0.7778, "ce_cf": 0.2824, "ce_v5": 0.5213, "hid12": 0.0135, "hid8": 0.0237, "kl_cf": 0.1266, "kl_real": 0.0469, "kl_v5": 0.0406}
{"upd": 30, "t": 823, "tok": 990015, "tok_s": 1202, "mem": 7.5, "lr": 0.00015394034077260152, "acc_cf": 0.7727, "acc_v5": 0.7288, "agree12_cf": 0.8, "agree12_real": 0.9405, "agree12_v5": 0.9167, "agree8_cf": 0.75, "agree8_real": 0.9386, "agree8_v5": 0.8857, "ce_cf": 0.4695, "ce_v5": 0.575, "hid12": 0.0224, "hid8": 0.0261, "kl_cf": 0.1174, "kl_real": 0.0491, "kl_v5": 0.0388}
{"upd": 40, "t": 1109, "tok": 1345877, "tok_s": 1213, "mem": 7.5, "lr": 0.00019757403835218414, "acc_cf": 0.7727, "acc_v5": 0.8393, "agree12_cf": 0.5, "agree12_real": 0.951, "agree12_v5": 0.9444, "agree8_cf": 0.9167, "agree8_real": 0.8966, "agree8_v5": 1.0, "ce_cf": 0.5224, "ce_v5": 0.379, "hid12": 0.0203, "hid8": 0.0266, "kl_cf": 0.087, "kl_real": 0.0511, "kl_v5": 0.0268}
{"upd": 50, "t": 1380, "tok": 1654260, "tok_s": 1198, "mem": 7.5, "lr": 0.00019621905610839403, "acc_cf": 0.9286, "acc_v5": 0.7903, "agree12_cf": 0.7, "agree12_real": 0.8661, "agree12_v5": 0.8, "agree8_cf": 0.5, "agree8_real": 0.8989, "agree8_v5": 0.875, "ce_cf": 0.4256, "ce_v5": 0.4694, "hid12": 0.0261, "hid8": 0.0301, "kl_cf": 0.1723, "kl_real": 0.058, "kl_v5": 0.0735}
{"upd": 60, "t": 1667, "tok": 1999151, "tok_s": 1200, "mem": 7.5, "lr": 0.00019457233587073176, "acc_cf": 0.8824, "acc_v5": 0.78, "agree12_cf": 0.4737, "agree12_real": 0.8898, "agree12_v5": 0.8846, "agree8_cf": 0.6, "agree8_real": 0.8916, "agree8_v5": 0.7083, "ce_cf": 0.3005, "ce_v5": 0.5032, "hid12": 0.032, "hid8": 0.0371, "kl_cf": 0.3184, "kl_real": 0.0649, "kl_v5": 0.0549}
saved 65
DEV {"upd": 65, "k": 8, "tok": 2169050, "hours": 0.504, "dev_n": 348, "dev_agree": 0.9253, "dev_agree_sd": 0.8476, "dev_n_sd": 105, "dev_tv": 0.1058}
DEV {"upd": 65, "k": 12, "tok": 2169050, "hours": 0.504, "dev_n": 348, "dev_agree": 0.9368, "dev_agree_sd": 0.8476, "dev_n_sd": 105, "dev_tv": 0.0959}
{"upd": 70, "t": 1961, "tok": 2345400, "tok_s": 1196, "mem": 7.5, "lr": 0.00019263944961922467, "acc_cf": 0.7727, "acc_v5": 0.717, "agree12_cf": 0.7692, "agree12_real": 0.9712, "agree12_v5": 0.8182, "agree8_cf": 0.6667, "agree8_real": 0.883, "agree8_v5": 0.871, "ce_cf": 0.4243, "ce_v5": 0.6759, "hid12": 0.0338, "hid8": 0.0347, "kl_cf": 0.1504, "kl_real": 0.0795, "kl_v5": 0.1703}
{"upd": 80, "t": 2195, "tok": 2689714, "tok_s": 1225, "mem": 7.5, "lr": 0.0001904269376291071, "acc_cf": 0.9643, "acc_v5": 0.6981, "agree12_cf": 0.6154, "agree12_real": 0.9091, "agree12_v5": 0.875, "agree8_cf": 0.8667, "agree8_real": 0.8714, "agree8_v5": 0.7586, "ce_cf": 0.2391, "ce_v5": 0.6943, "hid12": 0.0399, "hid8": 0.041, "kl_cf": 0.2534, "kl_real": 0.0777, "kl_v5": 0.1432}
{"upd": 90, "t": 2407, "tok": 3034801, "tok_s": 1261, "mem": 7.5, "lr": 0.0001879422863405995, "acc_cf": 0.8462, "acc_v5": 0.7627, "agree12_cf": 0.8125, "agree12_real": 0.8824, "agree12_v5": 0.8621, "agree8_cf": 0.4, "agree8_real": 0.8942, "agree8_v5": 0.8333, "ce_cf": 0.355, "ce_v5": 0.5457, "hid12": 0.0334, "hid8": 0.0407, "kl_cf": 0.2743, "kl_real": 0.0683, "kl_v5": 0.115}
{"upd": 100, "t": 2552, "tok": 3355503, "tok_s": 1315, "mem": 7.5, "lr": 0.00018519390302716428, "acc_cf": 0.95, "acc_v5": 0.7167, "agree12_cf": 0.5714, "agree12_real": 0.8519, "agree12_v5": 0.875, "agree8_cf": 0.5385, "agree8_real": 0.8785, "agree8_v5": 0.8333, "ce_cf": 0.3392, "ce_v5": 0.6012, "hid12": 0.0341, "hid8": 0.0408, "kl_cf": 0.238, "kl_real": 0.067, "kl_v5": 0.128}
{"upd": 110, "t": 2702, "tok": 3681493, "tok_s": 1362, "mem": 7.5, "lr": 0.00018219108734795396, "acc_cf": 0.9167, "acc_v5": 0.9, "agree12_cf": 0.6667, "agree12_real": 0.9062, "agree12_v5": 0.9412, "agree8_cf": 0.6667, "agree8_real": 0.9167, "agree8_v5": 0.9615, "ce_cf": 0.4643, "ce_v5": 0.32, "hid12": 0.0257, "hid8": 0.0349, "kl_cf": 0.3178, "kl_real": 0.0396, "kl_v5": 0.0427}
{"upd": 120, "t": 2865, "tok": 4049307, "tok_s": 1413, "mem": 7.5, "lr": 0.00017894399988070803, "acc_cf": 0.9, "acc_v5": 0.8, "agree12_cf": 1.0, "agree12_real": 0.9364, "agree12_v5": 0.8462, "agree8_cf": 0.5714, "agree8_real": 0.8844, "agree8_v5": 0.875, "ce_cf": 0.3632, "ce_v5": 0.4264, "hid12": 0.0273, "hid8": 0.0312, "kl_cf": 0.2363, "kl_real": 0.0446, "kl_v5": 0.1235}
{"upd": 130, "t": 3030, "tok": 4411609, "tok_s": 1456, "mem": 7.5, "lr": 0.00017546362774157438, "acc_cf": 0.9286, "acc_v5": 0.766, "agree12_cf": 0.6842, "agree12_real": 0.9427, "agree12_v5": 0.7826, "agree8_cf": 0.5556, "agree8_real": 0.8442, "agree8_v5": 0.875, "ce_cf": 0.2606, "ce_v5": 0.4688, "hid12": 0.0323, "hid8": 0.0381, "kl_cf": 0.2679, "kl_real": 0.0574, "kl_v5": 0.0714}
{"upd": 140, "t": 3182, "tok": 4751420, "tok_s": 1493, "mem": 7.5, "lr": 0.00017176174740818605, "acc_cf": 0.8846, "acc_v5": 0.7885, "agree12_cf": 0.4545, "agree12_real": 0.8632, "agree12_v5": 0.8966, "agree8_cf": 0.6, "agree8_real": 0.8919, "agree8_v5": 0.7826, "ce_cf": 0.3453, "ce_v5": 0.5465, "hid12": 0.0344, "hid8": 0.0429, "kl_cf": 0.3146, "kl_real": 0.0602, "kl_v5": 0.1768}
{"upd": 150, "t": 3335, "tok": 5075722, "tok_s": 1522, "mem": 7.5, "lr": 0.00016785088487178854, "acc_cf": 0.9375, "acc_v5": 0.8525, "agree12_cf": 0.5, "agree12_real": 0.9576, "agree12_v5": 0.8621, "agree8_cf": 0.5, "agree8_real": 0.918, "agree8_v5": 0.8438, "ce_cf": 0.3006, "ce_v5": 0.4247, "hid12": 0.0269, "hid8": 0.0332, "kl_cf": 0.2145, "kl_real": 0.0542, "kl_v5": 0.0411}
{"upd": 160, "t": 3489, "tok": 5419458, "tok_s": 1553, "mem": 7.5, "lr": 0.00016374427325325077, "acc_cf": 0.9444, "acc_v5": 0.7222, "agree12_cf": 0.5294, "agree12_real": 0.8526, "agree12_v5": 0.8462, "agree8_cf": 0.7895, "agree8_real": 0.9455, "agree8_v5": 0.7857, "ce_cf": 0.2409, "ce_v5": 0.5336, "hid12": 0.0345, "hid8": 0.0425, "kl_cf": 0.4172, "kl_real": 0.0602, "kl_v5": 0.0859}
saved 169
DEV {"upd": 169, "k": 8, "tok": 5735560, "hours": 1.009, "dev_n": 348, "dev_agree": 0.9397, "dev_agree_sd": 0.8476, "dev_n_sd": 105, "dev_tv": 0.0866}
DEV {"upd": 169, "k": 12, "tok": 5735560, "hours": 1.009, "dev_n": 348, "dev_agree": 0.9483, "dev_agree_sd": 0.8762, "dev_n_sd": 105, "dev_tv": 0.0754}
{"upd": 170, "t": 3652, "tok": 5770553, "tok_s": 1580, "mem": 7.5, "lr": 0.00015945580802637253, "acc_cf": 1.0, "acc_v5": 0.86, "agree12_cf": 0.6, "agree12_real": 0.9466, "agree12_v5": 0.9545, "agree8_cf": 0.8333, "agree8_real": 0.9515, "agree8_v5": 1.0, "ce_cf": 0.1763, "ce_v5": 0.5061, "hid12": 0.03, "hid8": 0.0337, "kl_cf": 0.2563, "kl_real": 0.0327, "kl_v5": 0.0506}
{"upd": 180, "t": 3817, "tok": 6140998, "tok_s": 1609, "mem": 7.5, "lr": 0.000155, "acc_cf": 0.95, "acc_v5": 0.8448, "agree12_cf": 0.5833, "agree12_real": 0.9157, "agree12_v5": 0.8788, "agree8_cf": 0.625, "agree8_real": 0.9508, "agree8_v5": 1.0, "ce_cf": 0.2187, "ce_v5": 0.387, "hid12": 0.0314, "hid8": 0.0317, "kl_cf": 0.2748, "kl_real": 0.0446, "kl_v5": 0.088}
{"upd": 190, "t": 3966, "tok": 6458049, "tok_s": 1628, "mem": 7.5, "lr": 0.0001503919262180416, "acc_cf": 0.9, "acc_v5": 0.7719, "agree12_cf": 0.7273, "agree12_real": 0.8796, "agree12_v5": 0.8621, "agree8_cf": 0.6667, "agree8_real": 0.8125, "agree8_v5": 0.7143, "ce_cf": 0.328, "ce_v5": 0.5792, "hid12": 0.0295, "hid8": 0.0348, "kl_cf": 0.21, "kl_real": 0.0429, "kl_v5": 0.1155}
{"upd": 200, "t": 4118, "tok": 6789463, "tok_s": 1649, "mem": 7.5, "lr": 0.00014564717894352414, "acc_cf": 1.0, "acc_v5": 0.7931, "agree12_cf": 0.375, "agree12_real": 0.9255, "agree12_v5": 0.7857, "agree8_cf": 1.0, "agree8_real": 0.9298, "agree8_v5": 0.9, "ce_cf": 0.1387, "ce_v5": 0.5053, "hid12": 0.0299, "hid8": 0.0294, "kl_cf": 0.3467, "kl_real": 0.033, "kl_v5": 0.0594}
{"upd": 210, "t": 4265, "tok": 7102653, "tok_s": 1665, "mem": 7.5, "lr": 0.0001407818128993102, "acc_cf": 0.8929, "acc_v5": 0.7869, "agree12_cf": 0.6429, "agree12_real": 0.908, "agree12_v5": 0.8966, "agree8_cf": 0.5714, "agree8_real": 0.9512, "agree8_v5": 0.75, "ce_cf": 0.3386, "ce_v5": 0.3783, "hid12": 0.0284, "hid8": 0.0303, "kl_cf": 0.2645, "kl_real": 0.0379, "kl_v5": 0.079}
{"upd": 220, "t": 4412, "tok": 7431514, "tok_s": 1685, "mem": 7.5, "lr": 0.00013581229094399813, "acc_cf": 0.9474, "acc_v5": 0.7857, "agree12_cf": 0.7778, "agree12_real": 0.9265, "agree12_v5": 0.913, "agree8_cf": 0.6, "agree8_real": 0.9326, "agree8_v5": 0.8182, "ce_cf": 0.226, "ce_v5": 0.4613, "hid12": 0.0294, "hid8": 0.0345, "kl_cf": 0.2749, "kl_real": 0.0515, "kl_v5": 0.1042}
{"upd": 230, "t": 4574, "tok": 7789888, "tok_s": 1703, "mem": 7.5, "lr": 0.0001307554283668196, "acc_cf": 1.0, "acc_v5": 0.8333, "agree12_cf": 0.5556, "agree12_real": 0.9479, "agree12_v5": 0.8462, "agree8_cf": 0.7778, "agree8_real": 0.9391, "agree8_v5": 0.8929, "ce_cf": 0.1262, "ce_v5": 0.3934, "hid12": 0.0276, "hid8": 0.028, "kl_cf": 0.3353, "kl_real": 0.0375, "kl_v5": 0.0516}
{"upd": 240, "t": 4719, "tok": 8105882, "tok_s": 1718, "mem": 7.5, "lr": 0.00012562833599002375, "acc_cf": 0.9444, "acc_v5": 0.8596, "agree12_cf": 0.6, "agree12_real": 0.9364, "agree12_v5": 0.9286, "agree8_cf": 0.5, "agree8_real": 0.8172, "agree8_v5": 0.8621, "ce_cf": 0.2621, "ce_v5": 0.3761, "hid12": 0.0249, "hid8": 0.0315, "kl_cf": 0.3692, "kl_real": 0.0411, "kl_v5": 0.0848}
{"upd": 250, "t": 4871, "tok": 8424248, "tok_s": 1729, "mem": 7.5, "lr": 0.00012044836227127072, "acc_cf": 0.9444, "acc_v5": 0.8361, "agree12_cf": 1.0, "agree12_real": 0.9485, "agree12_v5": 0.96, "agree8_cf": 0.6364, "agree8_real": 0.9412, "agree8_v5": 0.8333, "ce_cf": 0.2462, "ce_v5": 0.398, "hid12": 0.0228, "hid8": 0.0304, "kl_cf": 0.27, "kl_real": 0.0452, "kl_v5": 0.0639}
{"upd": 260, "t": 5025, "tok": 8770129, "tok_s": 1745, "mem": 7.5, "lr": 0.00011523303460194284, "acc_cf": 0.9444, "acc_v5": 0.7222, "agree12_cf": 0.5, "agree12_real": 0.9038, "agree12_v5": 0.9231, "agree8_cf": 0.75, "agree8_real": 0.95, "agree8_v5": 0.7857, "ce_cf": 0.2791, "ce_v5": 0.5776, "hid12": 0.0245, "hid8": 0.0318, "kl_cf": 0.2369, "kl_real": 0.0386, "kl_v5": 0.078}
{"upd": 270, "t": 5197, "tok": 9163337, "tok_s": 1763, "mem": 7.5, "lr": 0.00011000000000000002, "acc_cf": 0.9615, "acc_v5": 0.8409, "agree12_cf": 0.8182, "agree12_real": 0.9254, "agree12_v5": 0.7931, "agree8_cf": 0.4667, "agree8_real": 0.9074, "agree8_v5": 0.9333, "ce_cf": 0.1752, "ce_v5": 0.4121, "hid12": 0.0236, "hid8": 0.0299, "kl_cf": 0.4366, "kl_real": 0.0285, "kl_v5": 0.1611}
{"upd": 280, "t": 5357, "tok": 9526105, "tok_s": 1778, "mem": 7.5, "lr": 0.0001047669653980572, "acc_cf": 0.9706, "acc_v5": 0.8542, "agree12_cf": 0.5, "agree12_real": 0.9213, "agree12_v5": 0.9286, "agree8_cf": 0.6818, "agree8_real": 0.8713, "agree8_v5": 0.95, "ce_cf": 0.148, "ce_v5": 0.3325, "hid12": 0.024, "hid8": 0.0303, "kl_cf": 0.3766, "kl_real": 0.0308, "kl_v5": 0.065}
saved 285
DEV {"upd": 285, "k": 8, "tok": 9707746, "hours": 1.511, "dev_n": 348, "dev_agree": 0.9368, "dev_agree_sd": 0.8381, "dev_n_sd": 105, "dev_tv": 0.0843}
DEV {"upd": 285, "k": 12, "tok": 9707746, "hours": 1.511, "dev_n": 348, "dev_agree": 0.9454, "dev_agree_sd": 0.8286, "dev_n_sd": 105, "dev_tv": 0.075}
{"upd": 290, "t": 5513, "tok": 9856150, "tok_s": 1788, "mem": 7.5, "lr": 9.955163772872926e-05, "acc_cf": 0.9643, "acc_v5": 0.8793, "agree12_cf": 0.7333, "agree12_real": 0.898, "agree12_v5": 0.9231, "agree8_cf": 0.5385, "agree8_real": 0.9753, "agree8_v5": 0.9375, "ce_cf": 0.1759, "ce_v5": 0.3544, "hid12": 0.0252, "hid8": 0.0295, "kl_cf": 0.3415, "kl_real": 0.0432, "kl_v5": 0.0437}
{"upd": 300, "t": 5677, "tok": 10230640, "tok_s": 1802, "mem": 7.5, "lr": 9.437166400997628e-05, "acc_cf": 0.95, "acc_v5": 0.8462, "agree12_cf": 0.3333, "agree12_real": 0.9153, "agree12_v5": 0.9231, "agree8_cf": 0.7143, "agree8_real": 0.9558, "agree8_v5": 0.8846, "ce_cf": 0.1981, "ce_v5": 0.3474, "hid12": 0.022, "hid8": 0.0277, "kl_cf": 0.3639, "kl_real": 0.0396, "kl_v5": 0.0834}
{"upd": 310, "t": 5835, "tok": 10565197, "tok_s": 1811, "mem": 7.5, "lr": 8.924457163318038e-05, "acc_cf": 1.0, "acc_v5": 0.8704, "agree12_cf": 0.75, "agree12_real": 0.9552, "agree12_v5": 0.9286, "agree8_cf": 0.75, "agree8_real": 0.9028, "agree8_v5": 0.8462, "ce_cf": 0.097, "ce_v5": 0.3231, "hid12": 0.0222, "hid8": 0.0302, "kl_cf": 0.3823, "kl_real": 0.0326, "kl_v5": 0.0638}
{"upd": 320, "t": 5979, "tok": 10879268, "tok_s": 1820, "mem": 7.5, "lr": 8.41877090560019e-05, "acc_cf": 0.9444, "acc_v5": 0.8475, "agree12_cf": 0.6, "agree12_real": 0.9277, "agree12_v5": 0.9444, "agree8_cf": 0.75, "agree8_real": 0.9541, "agree8_v5": 0.8696, "ce_cf": 0.2173, "ce_v5": 0.4623, "hid12": 0.0211, "hid8": 0.0254, "kl_cf": 0.353, "kl_real": 0.0374, "kl_v5": 0.0414}
{"upd": 330, "t": 6135, "tok": 11228121, "tok_s": 1830, "mem": 7.5, "lr": 7.921818710068983e-05, "acc_cf": 1.0, "acc_v5": 0.8491, "agree12_cf": 0.375, "agree12_real": 0.9438, "agree12_v5": 0.84, "agree8_cf": 0.625, "agree8_real": 0.9111, "agree8_v5": 0.7857, "ce_cf": 0.244, "ce_v5": 0.3619, "hid12": 0.0226, "hid8": 0.0263, "kl_cf": 0.2394, "kl_real": 0.0305, "kl_v5": 0.0668}
{"upd": 340, "t": 6285, "tok": 11550519, "tok_s": 1838, "mem": 7.5, "lr": 7.43528210564759e-05, "acc_cf": 1.0, "acc_v5": 0.8929, "agree12_cf": 0.6667, "agree12_real": 0.9206, "agree12_v5": 0.913, "agree8_cf": 0.6667, "agree8_real": 0.958, "agree8_v5": 0.8788, "ce_cf": 0.1831, "ce_v5": 0.3785, "hid12": 0.022, "hid8": 0.0264, "kl_cf": 0.311, "kl_real": 0.0302, "kl_v5": 0.0962}
{"upd": 350, "t": 6437, "tok": 11883152, "tok_s": 1846, "mem": 7.5, "lr": 6.960807378195842e-05, "acc_cf": 1.0, "acc_v5": 0.918, "agree12_cf": 0.5714, "agree12_real": 0.954, "agree12_v5": 0.9643, "agree8_cf": 0.7857, "agree8_real": 0.9167, "agree8_v5": 0.8788, "ce_cf": 0.1539, "ce_v5": 0.2795, "hid12": 0.0207, "hid8": 0.024, "kl_cf": 0.301, "kl_real": 0.0221, "kl_v5": 0.029}
{"upd": 360, "t": 6597, "tok": 12234866, "tok_s": 1855, "mem": 7.5, "lr": 6.500000000000002e-05, "acc_cf": 1.0, "acc_v5": 0.8571, "agree12_cf": 0.5294, "agree12_real": 0.9588, "agree12_v5": 0.9583, "agree8_cf": 0.7368, "agree8_real": 0.9433, "agree8_v5": 0.92, "ce_cf": 0.1152, "ce_v5": 0.3314, "hid12": 0.023, "hid8": 0.0269, "kl_cf": 0.43, "kl_real": 0.0305, "kl_v5": 0.0501}
{"upd": 370, "t": 6740, "tok": 12539115, "tok_s": 1860, "mem": 7.5, "lr": 6.054419197362746e-05, "acc_cf": 1.0, "acc_v5": 0.8197, "agree12_cf": 0.5385, "agree12_real": 0.9205, "agree12_v5": 1.0, "agree8_cf": 0.7143, "agree8_real": 0.9231, "agree8_v5": 0.8378, "ce_cf": 0.1389, "ce_v5": 0.4115, "hid12": 0.0198, "hid8": 0.0233, "kl_cf": 0.3865, "kl_real": 0.0353, "kl_v5": 0.0838}
{"upd": 380, "t": 6898, "tok": 12889822, "tok_s": 1869, "mem": 7.5, "lr": 5.625572674674927e-05, "acc_cf": 1.0, "acc_v5": 0.8596, "agree12_cf": 0.6667, "agree12_real": 0.8846, "agree12_v5": 0.871, "agree8_cf": 0.4, "agree8_real": 0.9057, "agree8_v5": 0.9615, "ce_cf": 0.1184, "ce_v5": 0.31, "hid12": 0.0209, "hid8": 0.0245, "kl_cf": 0.4175, "kl_real": 0.0319, "kl_v5": 0.0671}
{"upd": 390, "t": 7041, "tok": 13188852, "tok_s": 1873, "mem": 7.5, "lr": 5.214911512821145e-05, "acc_cf": 1.0, "acc_v5": 0.7903, "agree12_cf": 0.5455, "agree12_real": 0.9298, "agree12_v5": 0.871, "agree8_cf": 0.6667, "agree8_real": 0.9538, "agree8_v5": 0.8387, "ce_cf": 0.1571, "ce_v5": 0.408, "hid12": 0.0198, "hid8": 0.0238, "kl_cf": 0.3353, "kl_real": 0.0218, "kl_v5": 0.0584}
{"upd": 400, "t": 7196, "tok": 13542771, "tok_s": 1882, "mem": 7.5, "lr": 4.8238252591813996e-05, "acc_cf": 0.9688, "acc_v5": 0.8913, "agree12_cf": 0.5, "agree12_real": 0.9831, "agree12_v5": 1.0, "agree8_cf": 0.65, "agree8_real": 0.9634, "agree8_v5": 0.88, "ce_cf": 0.1506, "ce_v5": 0.3235, "hid12": 0.0199, "hid8": 0.0252, "kl_cf": 0.357, "kl_real": 0.0277, "kl_v5": 0.0322}
saved 404
DEV {"upd": 404, "k": 8, "tok": 13667975, "hours": 2.015, "dev_n": 348, "dev_agree": 0.9598, "dev_agree_sd": 0.8952, "dev_n_sd": 105, "dev_tv": 0.0646}
DEV {"upd": 404, "k": 12, "tok": 13667975, "hours": 2.015, "dev_n": 348, "dev_agree": 0.9684, "dev_agree_sd": 0.9143, "dev_n_sd": 105, "dev_tv": 0.0548}
{"upd": 410, "t": 7345, "tok": 13856989, "tok_s": 1887, "mem": 7.5, "lr": 4.453637225842562e-05, "acc_cf": 1.0, "acc_v5": 0.8475, "agree12_cf": 0.5, "agree12_real": 0.9467, "agree12_v5": 0.88, "agree8_cf": 0.8333, "agree8_real": 0.8986, "agree8_v5": 0.9118, "ce_cf": 0.1523, "ce_v5": 0.4045, "hid12": 0.0201, "hid8": 0.0224, "kl_cf": 0.3221, "kl_real": 0.0241, "kl_v5": 0.0547}
{"upd": 420, "t": 7500, "tok": 14199300, "tok_s": 1893, "mem": 7.5, "lr": 4.1056000119291995e-05, "acc_cf": 1.0, "acc_v5": 0.8772, "agree12_cf": 0.6667, "agree12_real": 0.9048, "agree12_v5": 0.931, "agree8_cf": 0.8462, "agree8_real": 0.9412, "agree8_v5": 0.8571, "ce_cf": 0.1213, "ce_v5": 0.3313, "hid12": 0.0176, "hid8": 0.0236, "kl_cf": 0.2992, "kl_real": 0.0238, "kl_v5": 0.0544}
{"upd": 430, "t": 7666, "tok": 14567880, "tok_s": 1900, "mem": 7.5, "lr": 3.780891265204606e-05, "acc_cf": 0.9375, "acc_v5": 0.902, "agree12_cf": 0.7143, "agree12_real": 0.9528, "agree12_v5": 0.9259, "agree8_cf": 0.7778, "agree8_real": 0.9583, "agree8_v5": 0.9167, "ce_cf": 0.1575, "ce_v5": 0.2947, "hid12": 0.0187, "hid8": 0.0253, "kl_cf": 0.4143, "kl_real": 0.0263, "kl_v5": 0.0356}
{"upd": 440, "t": 7822, "tok": 14901854, "tok_s": 1905, "mem": 7.5, "lr": 3.480609697283574e-05, "acc_cf": 1.0, "acc_v5": 0.8689, "agree12_cf": 0.5, "agree12_real": 0.9487, "agree12_v5": 0.9259, "agree8_cf": 0.75, "agree8_real": 0.9011, "agree8_v5": 0.9118, "ce_cf": 0.1576, "ce_v5": 0.3278, "hid12": 0.0179, "hid8": 0.0223, "kl_cf": 0.3029, "kl_real": 0.0283, "kl_v5": 0.0394}
{"upd": 450, "t": 7983, "tok": 15249938, "tok_s": 1910, "mem": 7.5, "lr": 3.205771365940052e-05, "acc_cf": 1.0, "acc_v5": 0.75, "agree12_cf": 0.6667, "agree12_real": 0.951, "agree12_v5": 0.75, "agree8_cf": 0.8462, "agree8_real": 0.9764, "agree8_v5": 0.875, "ce_cf": 0.0996, "ce_v5": 0.5234, "hid12": 0.0187, "hid8": 0.0222, "kl_cf": 0.3485, "kl_real": 0.0184, "kl_v5": 0.0669}
{"upd": 460, "t": 8136, "tok": 15584334, "tok_s": 1915, "mem": 7.5, "lr": 2.9573062370892908e-05, "acc_cf": 0.9545, "acc_v5": 0.8448, "agree12_cf": 0.75, "agree12_real": 0.9487, "agree12_v5": 1.0, "agree8_cf": 0.6, "agree8_real": 0.9579, "agree8_v5": 0.9032, "ce_cf": 0.1708, "ce_v5": 0.4515, "hid12": 0.0178, "hid8": 0.0199, "kl_cf": 0.2984, "kl_real": 0.018, "kl_v5": 0.0332}
{"upd": 470, "t": 8287, "tok": 15917068, "tok_s": 1921, "mem": 7.5, "lr": 2.736055038077535e-05, "acc_cf": 1.0, "acc_v5": 0.8909, "agree12_cf": 0.875, "agree12_real": 0.9438, "agree12_v5": 0.9643, "agree8_cf": 0.8, "agree8_real": 0.8806, "agree8_v5": 0.8889, "ce_cf": 0.1455, "ce_v5": 0.2878, "hid12": 0.0193, "hid8": 0.0222, "kl_cf": 0.226, "kl_real": 0.0207, "kl_v5": 0.033}
saved 470
DEV {"upd": 470, "k": 8, "tok": 15917068, "hours": 2.302, "dev_n": 348, "dev_agree": 0.9425, "dev_agree_sd": 0.9143, "dev_n_sd": 105, "dev_tv": 0.0562}
DEV {"upd": 470, "k": 12, "tok": 15917068, "hours": 2.302, "dev_n": 348, "dev_agree": 0.9684, "dev_agree_sd": 0.9524, "dev_n_sd": 105, "dev_tv": 0.0487}
max_hours reached
done 8289.933485031128
