pool 11355 dev 100 cf pairs 2217 v5 100449 cfg gran=nat;iso=all;comp=docfirst
Loading weights:   0%|          | 0/320 [00:00<?, ?it/s]Loading weights: 100%|██████████| 320/320 [00:00<00:00, 3858.19it/s]
trainable 37.3 M (new 0.0 M)
devref built 348
DEV {"upd": 0, "k": 8, "tok": 0, "hours": 0.0, "dev_n": 348, "dev_agree": 0.8908, "dev_agree_sd": 0.7524, "dev_n_sd": 105, "dev_tv": 0.1049}
DEV {"upd": 0, "k": 12, "tok": 0, "hours": 0.0, "dev_n": 348, "dev_agree": 0.8908, "dev_agree_sd": 0.8095, "dev_n_sd": 105, "dev_tv": 0.0904}
/home/ubuntu/work/m2/m2train.py:193: UserWarning: Converting a tensor with requires_grad=True to a scalar may lead to unexpected behavior.
Consider using tensor.detach() first. (Triggered internally at /__w/pytorch/pytorch/torch/csrc/autograd/generated/python_variable_methods.cpp:820.)
  loss = loss + a.w_hid * hd; lsum[f'hid{kk}'] += float(hd); lcnt[f'hid{kk}'] += 1
{"upd": 1, "t": 50, "tok": 44466, "tok_s": 882, "mem": 7.5, "lr": 9.999938315113422e-06, "acc_cf": 0.5, "acc_v5": 0.75, "agree12_cf": 1.0, "agree12_real": 0.9524, "agree12_v5": 1.0, "agree8_cf": 0.6667, "agree8_real": 0.5, "agree8_v5": 0.6667, "ce_cf": 0.9284, "ce_v5": 0.3505, "hid12": 0.0385, "hid8": 0.0474, "kl_cf": 0.0328, "kl_real": 0.0699, "kl_v5": 0.0979}
{"upd": 10, "t": 217, "tok": 341164, "tok_s": 1571, "mem": 7.5, "lr": 5.496608098517571e-05, "acc_cf": 0.6786, "acc_v5": 0.86, "agree12_cf": 0.6429, "agree12_real": 0.8652, "agree12_v5": 1.0, "agree8_cf": 0.8571, "agree8_real": 0.7568, "agree8_v5": 0.875, "ce_cf": 0.6222, "ce_v5": 0.338, "hid12": 0.0264, "hid8": 0.0317, "kl_cf": 0.101, "kl_real": 0.0819, "kl_v5": 0.02}
{"upd": 20, "t": 397, "tok": 665996, "tok_s": 1677, "mem": 7.5, "lr": 0.00010474115955615092, "acc_cf": 0.8636, "acc_v5": 0.7705, "agree12_cf": 0.7273, "agree12_real": 0.9018, "agree12_v5": 0.9412, "agree8_cf": 0.8182, "agree8_real": 0.8609, "agree8_v5": 0.7778, "ce_cf": 0.4569, "ce_v5": 0.5185, "hid12": 0.0231, "hid8": 0.0305, "kl_cf": 0.0491, "kl_real": 0.0651, "kl_v5": 0.0363}
{"upd": 30, "t": 623, "tok": 990015, "tok_s": 1589, "mem": 7.5, "lr": 0.00015414126175651086, "acc_cf": 0.7273, "acc_v5": 0.7288, "agree12_cf": 0.8, "agree12_real": 0.869, "agree12_v5": 0.9167, "agree8_cf": 0.6667, "agree8_real": 0.9474, "agree8_v5": 0.8857, "ce_cf": 0.5839, "ce_v5": 0.5878, "hid12": 0.029, "hid8": 0.0309, "kl_cf": 0.068, "kl_real": 0.0631, "kl_v5": 0.0404}
{"upd": 40, "t": 819, "tok": 1345877, "tok_s": 1644, "mem": 7.5, "lr": 0.00019803328406604252, "acc_cf": 0.6364, "acc_v5": 0.8393, "agree12_cf": 0.6, "agree12_real": 0.9804, "agree12_v5": 0.9167, "agree8_cf": 0.75, "agree8_real": 0.8621, "agree8_v5": 1.0, "ce_cf": 0.5699, "ce_v5": 0.3683, "hid12": 0.0273, "hid8": 0.0324, "kl_cf": 0.0798, "kl_real": 0.0557, "kl_v5": 0.024}
{"upd": 50, "t": 1086, "tok": 1654260, "tok_s": 1523, "mem": 7.5, "lr": 0.00019693332436601614, "acc_cf": 0.5714, "acc_v5": 0.7903, "agree12_cf": 0.5, "agree12_real": 0.8393, "agree12_v5": 0.8, "agree8_cf": 0.75, "agree8_real": 0.8539, "agree8_v5": 0.9062, "ce_cf": 0.575, "ce_v5": 0.4935, "hid12": 0.0358, "hid8": 0.0361, "kl_cf": 0.1769, "kl_real": 0.0927, "kl_v5": 0.0741}
{"upd": 60, "t": 1405, "tok": 1999151, "tok_s": 1423, "mem": 7.5, "lr": 0.00019559508646656385, "acc_cf": 0.6765, "acc_v5": 0.78, "agree12_cf": 0.6316, "agree12_real": 0.8346, "agree12_v5": 0.8846, "agree8_cf": 0.7333, "agree8_real": 0.8193, "agree8_v5": 0.7917, "ce_cf": 0.5257, "ce_v5": 0.5359, "hid12": 0.0396, "hid8": 0.0431, "kl_cf": 0.1112, "kl_real": 0.089, "kl_v5": 0.0718}
{"upd": 70, "t": 1728, "tok": 2345400, "tok_s": 1357, "mem": 7.5, "lr": 0.00019402223838474816, "acc_cf": 0.6818, "acc_v5": 0.7547, "agree12_cf": 0.6154, "agree12_real": 0.9327, "agree12_v5": 0.8182, "agree8_cf": 0.8889, "agree8_real": 0.8511, "agree8_v5": 0.871, "ce_cf": 0.5596, "ce_v5": 0.5735, "hid12": 0.0431, "hid8": 0.0423, "kl_cf": 0.069, "kl_real": 0.0788, "kl_v5": 0.1289}
saved 74
DEV {"upd": 74, "k": 8, "tok": 2473768, "hours": 0.502, "dev_n": 348, "dev_agree": 0.931, "dev_agree_sd": 0.781, "dev_n_sd": 105, "dev_tv": 0.0954}
DEV {"upd": 74, "k": 12, "tok": 2473768, "hours": 0.502, "dev_n": 348, "dev_agree": 0.9397, "dev_agree_sd": 0.8286, "dev_n_sd": 105, "dev_tv": 0.0891}
{"upd": 80, "t": 1915, "tok": 2689714, "tok_s": 1404, "mem": 7.5, "lr": 0.00019221909118783407, "acc_cf": 0.8571, "acc_v5": 0.7736, "agree12_cf": 0.6154, "agree12_real": 0.9205, "agree12_v5": 0.8333, "agree8_cf": 0.9333, "agree8_real": 0.8714, "agree8_v5": 0.8621, "ce_cf": 0.4039, "ce_v5": 0.5851, "hid12": 0.0422, "hid8": 0.0413, "kl_cf": 0.1696, "kl_real": 0.0806, "kl_v5": 0.1141}
{"upd": 90, "t": 2091, "tok": 3034801, "tok_s": 1451, "mem": 7.5, "lr": 0.0001901905871769531, "acc_cf": 0.8462, "acc_v5": 0.7797, "agree12_cf": 0.625, "agree12_real": 0.8941, "agree12_v5": 0.7586, "agree8_cf": 0.5, "agree8_real": 0.8654, "agree8_v5": 0.8333, "ce_cf": 0.266, "ce_v5": 0.5863, "hid12": 0.0427, "hid8": 0.0487, "kl_cf": 0.3577, "kl_real": 0.0885, "kl_v5": 0.1687}
{"upd": 100, "t": 2253, "tok": 3355503, "tok_s": 1489, "mem": 7.5, "lr": 0.0001879422863405995, "acc_cf": 0.85, "acc_v5": 0.7833, "agree12_cf": 0.5714, "agree12_real": 0.8395, "agree12_v5": 0.9167, "agree8_cf": 0.6923, "agree8_real": 0.8785, "agree8_v5": 0.8611, "ce_cf": 0.4848, "ce_v5": 0.4991, "hid12": 0.0458, "hid8": 0.0461, "kl_cf": 0.1548, "kl_real": 0.0893, "kl_v5": 0.0734}
{"upd": 110, "t": 2421, "tok": 3681493, "tok_s": 1521, "mem": 7.5, "lr": 0.00018548035111508817, "acc_cf": 0.75, "acc_v5": 0.9167, "agree12_cf": 0.6667, "agree12_real": 0.8854, "agree12_v5": 0.9412, "agree8_cf": 0.6667, "agree8_real": 0.9083, "agree8_v5": 0.8846, "ce_cf": 0.5024, "ce_v5": 0.2898, "hid12": 0.0334, "hid8": 0.039, "kl_cf": 0.1334, "kl_real": 0.0578, "kl_v5": 0.062}
{"upd": 120, "t": 2601, "tok": 4049307, "tok_s": 1557, "mem": 7.5, "lr": 0.00018281152949374527, "acc_cf": 0.8, "acc_v5": 0.84, "agree12_cf": 0.6667, "agree12_real": 0.9, "agree12_v5": 0.8846, "agree8_cf": 0.5714, "agree8_real": 0.8497, "agree8_v5": 0.8333, "ce_cf": 0.4408, "ce_v5": 0.3509, "hid12": 0.0312, "hid8": 0.037, "kl_cf": 0.1727, "kl_real": 0.0596, "kl_v5": 0.0933}
{"upd": 130, "t": 2783, "tok": 4411609, "tok_s": 1585, "mem": 7.5, "lr": 0.0001799431365311274, "acc_cf": 0.8214, "acc_v5": 0.7447, "agree12_cf": 0.7368, "agree12_real": 0.9427, "agree12_v5": 0.8261, "agree8_cf": 0.5556, "agree8_real": 0.8571, "agree8_v5": 0.7917, "ce_cf": 0.3581, "ce_v5": 0.4718, "hid12": 0.0381, "hid8": 0.0412, "kl_cf": 0.2075, "kl_real": 0.0553, "kl_v5": 0.1035}
{"upd": 140, "t": 2953, "tok": 4751420, "tok_s": 1609, "mem": 7.5, "lr": 0.0001768830342929655, "acc_cf": 0.6923, "acc_v5": 0.7885, "agree12_cf": 0.5455, "agree12_real": 0.8737, "agree12_v5": 0.8621, "agree8_cf": 0.7333, "agree8_real": 0.8649, "agree8_v5": 0.7826, "ce_cf": 0.5348, "ce_v5": 0.5635, "hid12": 0.0379, "hid8": 0.0434, "kl_cf": 0.1468, "kl_real": 0.0646, "kl_v5": 0.1649}
{"upd": 150, "t": 3123, "tok": 5075722, "tok_s": 1625, "mem": 7.5, "lr": 0.00017363961030678927, "acc_cf": 0.75, "acc_v5": 0.7705, "agree12_cf": 0.3333, "agree12_real": 0.9576, "agree12_v5": 0.7931, "agree8_cf": 0.3, "agree8_real": 0.9016, "agree8_v5": 0.8438, "ce_cf": 0.4491, "ce_v5": 0.4788, "hid12": 0.0313, "hid8": 0.0359, "kl_cf": 0.1607, "kl_real": 0.0729, "kl_v5": 0.0468}
{"upd": 160, "t": 3293, "tok": 5419458, "tok_s": 1646, "mem": 7.5, "lr": 0.00017022175457229725, "acc_cf": 0.8333, "acc_v5": 0.7407, "agree12_cf": 0.4706, "agree12_real": 0.9053, "agree12_v5": 0.9231, "agree8_cf": 0.8421, "agree8_real": 0.9182, "agree8_v5": 0.7857, "ce_cf": 0.473, "ce_v5": 0.5754, "hid12": 0.0354, "hid8": 0.0429, "kl_cf": 0.1398, "kl_real": 0.0511, "kl_v5": 0.0964}
{"upd": 170, "t": 3470, "tok": 5770553, "tok_s": 1663, "mem": 7.5, "lr": 0.0001666388351944854, "acc_cf": 0.8636, "acc_v5": 0.82, "agree12_cf": 0.7, "agree12_real": 0.9237, "agree12_v5": 0.9091, "agree8_cf": 0.8333, "agree8_real": 0.9223, "agree8_v5": 0.9286, "ce_cf": 0.4036, "ce_v5": 0.4802, "hid12": 0.0353, "hid8": 0.0357, "kl_cf": 0.1779, "kl_real": 0.0523, "kl_v5": 0.0621}
saved 178
DEV {"upd": 178, "k": 8, "tok": 6064149, "hours": 1.004, "dev_n": 348, "dev_agree": 0.931, "dev_agree_sd": 0.7905, "dev_n_sd": 105, "dev_tv": 0.0832}
DEV {"upd": 178, "k": 12, "tok": 6064149, "hours": 1.004, "dev_n": 348, "dev_agree": 0.931, "dev_agree_sd": 0.7905, "dev_n_sd": 105, "dev_tv": 0.0803}
{"upd": 180, "t": 3654, "tok": 6140998, "tok_s": 1681, "mem": 7.5, "lr": 0.0001629006727063226, "acc_cf": 0.7, "acc_v5": 0.7414, "agree12_cf": 0.3333, "agree12_real": 0.8916, "agree12_v5": 0.8182, "agree8_cf": 0.875, "agree8_real": 0.9426, "agree8_v5": 0.84, "ce_cf": 0.5297, "ce_v5": 0.4073, "hid12": 0.0353, "hid8": 0.0388, "kl_cf": 0.241, "kl_real": 0.0516, "kl_v5": 0.0944}
{"upd": 190, "t": 3820, "tok": 6458049, "tok_s": 1691, "mem": 7.5, "lr": 0.00015901751315135245, "acc_cf": 0.8, "acc_v5": 0.7544, "agree12_cf": 0.5455, "agree12_real": 0.9167, "agree12_v5": 0.7931, "agree8_cf": 0.8889, "agree8_real": 0.9062, "agree8_v5": 0.7857, "ce_cf": 0.4123, "ce_v5": 0.5795, "hid12": 0.0339, "hid8": 0.038, "kl_cf": 0.1865, "kl_real": 0.0398, "kl_v5": 0.1252}
{"upd": 200, "t": 3987, "tok": 6789463, "tok_s": 1703, "mem": 7.5, "lr": 0.000155, "acc_cf": 0.7857, "acc_v5": 0.8276, "agree12_cf": 0.625, "agree12_real": 0.9149, "agree12_v5": 0.75, "agree8_cf": 0.8333, "agree8_real": 0.9386, "agree8_v5": 0.9333, "ce_cf": 0.6538, "ce_v5": 0.5206, "hid12": 0.0349, "hid8": 0.0336, "kl_cf": 0.1194, "kl_real": 0.0395, "kl_v5": 0.0769}
{"upd": 210, "t": 4152, "tok": 7102653, "tok_s": 1711, "mem": 7.5, "lr": 0.00015085914497655923, "acc_cf": 0.8571, "acc_v5": 0.8033, "agree12_cf": 0.7857, "agree12_real": 0.8736, "agree12_v5": 0.8966, "agree8_cf": 0.6429, "agree8_real": 0.9146, "agree8_v5": 0.7812, "ce_cf": 0.3968, "ce_v5": 0.3604, "hid12": 0.0337, "hid8": 0.0345, "kl_cf": 0.1381, "kl_real": 0.0437, "kl_v5": 0.0551}
{"upd": 220, "t": 4315, "tok": 7431514, "tok_s": 1722, "mem": 7.5, "lr": 0.00014660629787682203, "acc_cf": 0.8158, "acc_v5": 0.7857, "agree12_cf": 0.6667, "agree12_real": 0.8971, "agree12_v5": 0.913, "agree8_cf": 0.55, "agree8_real": 0.9213, "agree8_v5": 0.8182, "ce_cf": 0.4192, "ce_v5": 0.4989, "hid12": 0.0389, "hid8": 0.0408, "kl_cf": 0.2068, "kl_real": 0.054, "kl_v5": 0.1344}
{"upd": 230, "t": 4494, "tok": 7789888, "tok_s": 1734, "mem": 7.5, "lr": 0.000142253115459077, "acc_cf": 0.9444, "acc_v5": 0.8148, "agree12_cf": 0.4444, "agree12_real": 0.9688, "agree12_v5": 0.8846, "agree8_cf": 0.7778, "agree8_real": 0.9217, "agree8_v5": 0.9286, "ce_cf": 0.2286, "ce_v5": 0.4731, "hid12": 0.0334, "hid8": 0.0321, "kl_cf": 0.2165, "kl_real": 0.0337, "kl_v5": 0.0649}
{"upd": 240, "t": 4656, "tok": 8105882, "tok_s": 1741, "mem": 7.5, "lr": 0.00013781152949374526, "acc_cf": 0.7222, "acc_v5": 0.807, "agree12_cf": 0.6, "agree12_real": 0.9273, "agree12_v5": 0.9286, "agree8_cf": 0.5, "agree8_real": 0.8172, "agree8_v5": 0.7931, "ce_cf": 0.5689, "ce_v5": 0.399, "hid12": 0.0318, "hid8": 0.037, "kl_cf": 0.1829, "kl_real": 0.0455, "kl_v5": 0.1032}
{"upd": 250, "t": 4824, "tok": 8424248, "tok_s": 1746, "mem": 7.5, "lr": 0.00013329371405922688, "acc_cf": 0.8333, "acc_v5": 0.8033, "agree12_cf": 0.8571, "agree12_real": 0.9485, "agree12_v5": 0.96, "agree8_cf": 0.7273, "agree8_real": 0.8908, "agree8_v5": 0.8056, "ce_cf": 0.4244, "ce_v5": 0.4122, "hid12": 0.0304, "hid8": 0.0351, "kl_cf": 0.1857, "kl_real": 0.0458, "kl_v5": 0.0855}
{"upd": 260, "t": 4995, "tok": 8770129, "tok_s": 1756, "mem": 7.5, "lr": 0.00012871205217359835, "acc_cf": 0.8333, "acc_v5": 0.7222, "agree12_cf": 0.6, "agree12_real": 0.9038, "agree12_v5": 0.9231, "agree8_cf": 0.625, "agree8_real": 0.95, "agree8_v5": 0.75, "ce_cf": 0.4924, "ce_v5": 0.5433, "hid12": 0.0302, "hid8": 0.0383, "kl_cf": 0.1842, "kl_real": 0.0414, "kl_v5": 0.0706}
{"upd": 270, "t": 5183, "tok": 9163337, "tok_s": 1768, "mem": 7.5, "lr": 0.00012407910185362078, "acc_cf": 0.7692, "acc_v5": 0.8409, "agree12_cf": 0.6364, "agree12_real": 0.9552, "agree12_v5": 0.7241, "agree8_cf": 0.4, "agree8_real": 0.8889, "agree8_v5": 0.9333, "ce_cf": 0.4692, "ce_v5": 0.5549, "hid12": 0.0306, "hid8": 0.0349, "kl_cf": 0.2173, "kl_real": 0.0334, "kl_v5": 0.3677}
{"upd": 280, "t": 5359, "tok": 9526105, "tok_s": 1778, "mem": 7.5, "lr": 0.00011940756169408881, "acc_cf": 0.7647, "acc_v5": 0.875, "agree12_cf": 0.5833, "agree12_real": 0.9134, "agree12_v5": 0.9286, "agree8_cf": 0.6818, "agree8_real": 0.901, "agree8_v5": 0.95, "ce_cf": 0.414, "ce_v5": 0.3018, "hid12": 0.0291, "hid8": 0.033, "kl_cf": 0.1775, "kl_real": 0.0409, "kl_v5": 0.0452}
saved 284
DEV {"upd": 284, "k": 8, "tok": 9660828, "hours": 1.508, "dev_n": 348, "dev_agree": 0.8879, "dev_agree_sd": 0.8381, "dev_n_sd": 105, "dev_tv": 0.0841}
DEV {"upd": 284, "k": 12, "tok": 9660828, "hours": 1.508, "dev_n": 348, "dev_agree": 0.9167, "dev_agree_sd": 0.8571, "dev_n_sd": 105, "dev_tv": 0.0753}
{"upd": 290, "t": 5533, "tok": 9856150, "tok_s": 1781, "mem": 7.5, "lr": 0.00011471023606186498, "acc_cf": 0.6786, "acc_v5": 0.8793, "agree12_cf": 0.6667, "agree12_real": 0.9082, "agree12_v5": 1.0, "agree8_cf": 0.6154, "agree8_real": 0.9383, "agree8_v5": 0.875, "ce_cf": 0.4008, "ce_v5": 0.3408, "hid12": 0.0298, "hid8": 0.0345, "kl_cf": 0.1713, "kl_real": 0.0485, "kl_v5": 0.0505}
{"upd": 300, "t": 5767, "tok": 10230640, "tok_s": 1774, "mem": 7.5, "lr": 0.00011000000000000002, "acc_cf": 0.8, "acc_v5": 0.8077, "agree12_cf": 0.3333, "agree12_real": 0.8983, "agree12_v5": 0.9231, "agree8_cf": 0.6429, "agree8_real": 0.9469, "agree8_v5": 0.7692, "ce_cf": 0.4325, "ce_v5": 0.3834, "hid12": 0.0288, "hid8": 0.0314, "kl_cf": 0.132, "kl_real": 0.0512, "kl_v5": 0.0779}
{"upd": 310, "t": 5940, "tok": 10565197, "tok_s": 1779, "mem": 7.5, "lr": 0.00010528976393813506, "acc_cf": 0.8929, "acc_v5": 0.8333, "agree12_cf": 0.75, "agree12_real": 0.9552, "agree12_v5": 0.8929, "agree8_cf": 0.8125, "agree8_real": 0.9028, "agree8_v5": 0.7692, "ce_cf": 0.3136, "ce_v5": 0.4402, "hid12": 0.0289, "hid8": 0.0385, "kl_cf": 0.1581, "kl_real": 0.0367, "kl_v5": 0.1615}
{"upd": 320, "t": 6102, "tok": 10879268, "tok_s": 1783, "mem": 7.5, "lr": 0.00010059243830591121, "acc_cf": 0.7222, "acc_v5": 0.8305, "agree12_cf": 0.7, "agree12_real": 0.8554, "agree12_v5": 0.9167, "agree8_cf": 0.625, "agree8_real": 0.9266, "agree8_v5": 0.9565, "ce_cf": 0.4837, "ce_v5": 0.5446, "hid12": 0.0262, "hid8": 0.0306, "kl_cf": 0.1673, "kl_real": 0.0465, "kl_v5": 0.0437}
{"upd": 330, "t": 6275, "tok": 11228121, "tok_s": 1789, "mem": 7.5, "lr": 9.592089814637921e-05, "acc_cf": 0.8333, "acc_v5": 0.7925, "agree12_cf": 0.25, "agree12_real": 0.9663, "agree12_v5": 0.8, "agree8_cf": 0.6875, "agree8_real": 0.9111, "agree8_v5": 0.7857, "ce_cf": 0.4136, "ce_v5": 0.4325, "hid12": 0.0264, "hid8": 0.0303, "kl_cf": 0.1596, "kl_real": 0.0387, "kl_v5": 0.0508}
{"upd": 340, "t": 6442, "tok": 11550519, "tok_s": 1793, "mem": 7.5, "lr": 9.128794782640168e-05, "acc_cf": 0.8333, "acc_v5": 0.875, "agree12_cf": 0.7778, "agree12_real": 0.9286, "agree12_v5": 0.913, "agree8_cf": 0.4444, "agree8_real": 0.9412, "agree8_v5": 0.9091, "ce_cf": 0.3742, "ce_v5": 0.3408, "hid12": 0.0272, "hid8": 0.0322, "kl_cf": 0.1692, "kl_real": 0.0437, "kl_v5": 0.101}
{"upd": 350, "t": 6611, "tok": 11883152, "tok_s": 1797, "mem": 7.5, "lr": 8.670628594077313e-05, "acc_cf": 0.7857, "acc_v5": 0.9344, "agree12_cf": 0.5714, "agree12_real": 0.9425, "agree12_v5": 0.9643, "agree8_cf": 0.7857, "agree8_real": 0.9167, "agree8_v5": 0.9091, "ce_cf": 0.4174, "ce_v5": 0.292, "hid12": 0.0268, "hid8": 0.0285, "kl_cf": 0.1703, "kl_real": 0.0332, "kl_v5": 0.0321}
{"upd": 360, "t": 6788, "tok": 12234866, "tok_s": 1802, "mem": 7.5, "lr": 8.218847050625476e-05, "acc_cf": 0.8056, "acc_v5": 0.8367, "agree12_cf": 0.3529, "agree12_real": 0.9691, "agree12_v5": 0.9167, "agree8_cf": 0.7368, "agree8_real": 0.9078, "agree8_v5": 0.84, "ce_cf": 0.3941, "ce_v5": 0.419, "hid12": 0.0321, "hid8": 0.0339, "kl_cf": 0.2082, "kl_real": 0.039, "kl_v5": 0.1168}
{"upd": 370, "t": 6947, "tok": 12539115, "tok_s": 1805, "mem": 7.5, "lr": 7.774688454092298e-05, "acc_cf": 0.8, "acc_v5": 0.8033, "agree12_cf": 0.6923, "agree12_real": 0.875, "agree12_v5": 1.0, "agree8_cf": 0.4286, "agree8_real": 0.9487, "agree8_v5": 0.8108, "ce_cf": 0.4042, "ce_v5": 0.4476, "hid12": 0.0254, "hid8": 0.0291, "kl_cf": 0.1748, "kl_real": 0.0443, "kl_v5": 0.0957}
{"upd": 380, "t": 7121, "tok": 12889822, "tok_s": 1810, "mem": 7.5, "lr": 7.3393702123178e-05, "acc_cf": 0.625, "acc_v5": 0.8947, "agree12_cf": 0.3333, "agree12_real": 0.8692, "agree12_v5": 0.871, "agree8_cf": 0.8, "agree8_real": 0.8962, "agree8_v5": 0.9615, "ce_cf": 0.455, "ce_v5": 0.3446, "hid12": 0.0266, "hid8": 0.0277, "kl_cf": 0.1752, "kl_real": 0.04, "kl_v5": 0.0739}
saved 387
DEV {"upd": 387, "k": 8, "tok": 13101598, "hours": 2.01, "dev_n": 348, "dev_agree": 0.9425, "dev_agree_sd": 0.8476, "dev_n_sd": 105, "dev_tv": 0.0683}
DEV {"upd": 387, "k": 12, "tok": 13101598, "hours": 2.01, "dev_n": 348, "dev_agree": 0.9425, "dev_agree_sd": 0.8476, "dev_n_sd": 105, "dev_tv": 0.0628}
{"upd": 390, "t": 7285, "tok": 13188852, "tok_s": 1811, "mem": 7.5, "lr": 6.91408550234408e-05, "acc_cf": 0.8, "acc_v5": 0.7903, "agree12_cf": 0.5455, "agree12_real": 0.9123, "agree12_v5": 0.9032, "agree8_cf": 0.8889, "agree8_real": 0.9308, "agree8_v5": 0.7742, "ce_cf": 0.3646, "ce_v5": 0.4534, "hid12": 0.0249, "hid8": 0.0279, "kl_cf": 0.2222, "kl_real": 0.0224, "kl_v5": 0.0653}
{"upd": 400, "t": 7455, "tok": 13542771, "tok_s": 1817, "mem": 7.5, "lr": 6.500000000000002e-05, "acc_cf": 0.875, "acc_v5": 0.8696, "agree12_cf": 0.5, "agree12_real": 0.9746, "agree12_v5": 1.0, "agree8_cf": 0.6, "agree8_real": 0.9512, "agree8_v5": 0.92, "ce_cf": 0.3227, "ce_v5": 0.3521, "hid12": 0.0254, "hid8": 0.0292, "kl_cf": 0.2063, "kl_real": 0.0295, "kl_v5": 0.032}
{"upd": 410, "t": 7619, "tok": 13856989, "tok_s": 1819, "mem": 7.5, "lr": 6.098248684864757e-05, "acc_cf": 0.9412, "acc_v5": 0.8475, "agree12_cf": 0.5909, "agree12_real": 0.8933, "agree12_v5": 0.96, "agree8_cf": 0.8333, "agree8_real": 0.8986, "agree8_v5": 0.9118, "ce_cf": 0.2185, "ce_v5": 0.4173, "hid12": 0.0255, "hid8": 0.0265, "kl_cf": 0.2988, "kl_real": 0.026, "kl_v5": 0.0523}
{"upd": 420, "t": 7792, "tok": 14199300, "tok_s": 1822, "mem": 7.5, "lr": 5.709932729367744e-05, "acc_cf": 0.7727, "acc_v5": 0.8246, "agree12_cf": 0.3333, "agree12_real": 0.9286, "agree12_v5": 0.9655, "agree8_cf": 0.6923, "agree8_real": 0.9059, "agree8_v5": 0.7857, "ce_cf": 0.4184, "ce_v5": 0.3582, "hid12": 0.0235, "hid8": 0.0274, "kl_cf": 0.183, "kl_real": 0.0329, "kl_v5": 0.0662}
{"upd": 430, "t": 7974, "tok": 14567880, "tok_s": 1827, "mem": 7.5, "lr": 5.336116480551465e-05, "acc_cf": 0.8125, "acc_v5": 0.8824, "agree12_cf": 0.7143, "agree12_real": 0.9528, "agree12_v5": 0.8519, "agree8_cf": 0.5556, "agree8_real": 0.95, "agree8_v5": 0.9583, "ce_cf": 0.4868, "ce_v5": 0.3533, "hid12": 0.024, "hid8": 0.029, "kl_cf": 0.1769, "kl_real": 0.0335, "kl_v5": 0.077}
{"upd": 440, "t": 8147, "tok": 14901854, "tok_s": 1829, "mem": 7.5, "lr": 4.977824542770279e-05, "acc_cf": 1.0, "acc_v5": 0.8525, "agree12_cf": 0.5, "agree12_real": 0.9402, "agree12_v5": 0.9259, "agree8_cf": 0.75, "agree8_real": 0.9231, "agree8_v5": 0.8824, "ce_cf": 0.1828, "ce_v5": 0.3377, "hid12": 0.0221, "hid8": 0.0247, "kl_cf": 0.2497, "kl_real": 0.0299, "kl_v5": 0.0495}
{"upd": 450, "t": 8326, "tok": 15249938, "tok_s": 1832, "mem": 7.5, "lr": 4.6360389693210735e-05, "acc_cf": 0.8571, "acc_v5": 0.7885, "agree12_cf": 0.6667, "agree12_real": 0.9118, "agree12_v5": 0.7, "agree8_cf": 0.8462, "agree8_real": 0.9606, "agree8_v5": 0.875, "ce_cf": 0.348, "ce_v5": 0.5047, "hid12": 0.0254, "hid8": 0.0254, "kl_cf": 0.2124, "kl_real": 0.0245, "kl_v5": 0.0854}
{"upd": 460, "t": 8495, "tok": 15584334, "tok_s": 1834, "mem": 7.5, "lr": 4.311696570703451e-05, "acc_cf": 0.9091, "acc_v5": 0.7759, "agree12_cf": 0.5833, "agree12_real": 0.9573, "agree12_v5": 1.0, "agree8_cf": 0.7, "agree8_real": 0.9684, "agree8_v5": 0.871, "ce_cf": 0.3621, "ce_v5": 0.4925, "hid12": 0.0226, "hid8": 0.0244, "kl_cf": 0.1845, "kl_real": 0.0218, "kl_v5": 0.0631}
{"upd": 470, "t": 8663, "tok": 15917068, "tok_s": 1837, "mem": 7.5, "lr": 4.005686346887262e-05, "acc_cf": 0.8462, "acc_v5": 0.8909, "agree12_cf": 0.6875, "agree12_real": 0.9213, "agree12_v5": 0.9643, "agree8_cf": 0.9, "agree8_real": 0.8657, "agree8_v5": 0.8889, "ce_cf": 0.3697, "ce_v5": 0.3463, "hid12": 0.0256, "hid8": 0.0266, "kl_cf": 0.1562, "kl_real": 0.0253, "kl_v5": 0.0701}
{"upd": 480, "t": 8826, "tok": 16239416, "tok_s": 1840, "mem": 7.5, "lr": 3.718847050625475e-05, "acc_cf": 0.8571, "acc_v5": 0.8852, "agree12_cf": 0.5, "agree12_real": 0.9138, "agree12_v5": 0.9333, "agree8_cf": 0.8182, "agree8_real": 0.9146, "agree8_v5": 0.9355, "ce_cf": 0.3385, "ce_v5": 0.2562, "hid12": 0.0248, "hid8": 0.0258, "kl_cf": 0.238, "kl_real": 0.023, "kl_v5": 0.0755}
{"upd": 490, "t": 8993, "tok": 16559562, "tok_s": 1841, "mem": 7.5, "lr": 3.4519648884911846e-05, "acc_cf": 0.9118, "acc_v5": 0.8, "agree12_cf": 0.6842, "agree12_real": 0.9367, "agree12_v5": 0.9143, "agree8_cf": 0.6667, "agree8_real": 0.9195, "agree8_v5": 0.84, "ce_cf": 0.3106, "ce_v5": 0.4251, "hid12": 0.0252, "hid8": 0.0273, "kl_cf": 0.2508, "kl_real": 0.0307, "kl_v5": 0.075}
saved 494
DEV {"upd": 494, "k": 8, "tok": 16677669, "hours": 2.515, "dev_n": 348, "dev_agree": 0.9511, "dev_agree_sd": 0.9333, "dev_n_sd": 105, "dev_tv": 0.0626}
DEV {"upd": 494, "k": 12, "tok": 16677669, "hours": 2.515, "dev_n": 348, "dev_agree": 0.9511, "dev_agree_sd": 0.9143, "dev_n_sd": 105, "dev_tv": 0.0566}
{"upd": 500, "t": 9158, "tok": 16875342, "tok_s": 1843, "mem": 7.5, "lr": 3.205771365940052e-05, "acc_cf": 0.9545, "acc_v5": 0.8525, "agree12_cf": 0.7778, "agree12_real": 0.955, "agree12_v5": 0.9062, "agree8_cf": 0.8462, "agree8_real": 0.875, "agree8_v5": 0.931, "ce_cf": 0.2954, "ce_v5": 0.3873, "hid12": 0.0198, "hid8": 0.0243, "kl_cf": 0.1517, "kl_real": 0.036, "kl_v5": 0.0578}
{"upd": 510, "t": 9340, "tok": 17242850, "tok_s": 1846, "mem": 7.5, "lr": 2.98094128230469e-05, "acc_cf": 0.9, "acc_v5": 0.8039, "agree12_cf": 0.875, "agree12_real": 0.9204, "agree12_v5": 0.96, "agree8_cf": 0.4167, "agree8_real": 0.9612, "agree8_v5": 0.9231, "ce_cf": 0.3248, "ce_v5": 0.383, "hid12": 0.023, "hid8": 0.0262, "kl_cf": 0.2055, "kl_real": 0.0249, "kl_v5": 0.0632}
saved 512
DEV {"upd": 512, "k": 8, "tok": 17300293, "hours": 2.603, "dev_n": 348, "dev_agree": 0.9569, "dev_agree_sd": 0.9143, "dev_n_sd": 105, "dev_tv": 0.058}
DEV {"upd": 512, "k": 12, "tok": 17300293, "hours": 2.603, "dev_n": 348, "dev_agree": 0.954, "dev_agree_sd": 0.9048, "dev_n_sd": 105, "dev_tv": 0.0524}
max_hours reached
done 9373.592419624329
