pool 11355 dev 100 cf pairs 2217 v5 100449 cfg gran=nat;iso=all;comp=docfirst
Loading weights:   0%|          | 0/320 [00:00<?, ?it/s]Loading weights: 100%|██████████| 320/320 [00:00<00:00, 3897.64it/s]
trainable 37.3 M (new 0.0 M)
resumed at update 512 tokens 17300293
devref loaded 348
/home/ubuntu/work/m2/m2train.py:193: UserWarning: Converting a tensor with requires_grad=True to a scalar may lead to unexpected behavior.
Consider using tensor.detach() first. (Triggered internally at /__w/pytorch/pytorch/torch/csrc/autograd/generated/python_variable_methods.cpp:820.)
  loss = loss + a.w_hid * hd; lsum[f'hid{kk}'] += float(hd); lcnt[f'hid{kk}'] += 1
{"upd": 513, "t": 9393, "tok": 17322535, "tok_s": 1844, "mem": 7.5, "lr": 7.539927341118002e-05, "acc_cf": 1.0, "acc_v5": 1.0, "agree12_cf": 1.0, "agree12_real": 0.8333, "agree12_v5": 1.0, "agree8_cf": 0.6667, "agree8_real": 1.0, "agree8_v5": 1.0, "ce_cf": 0.1702, "ce_v5": 0.1198, "hid12": 0.0295, "hid8": 0.026, "kl_cf": 0.2027, "kl_real": 0.0219, "kl_v5": 0.0084}
pool 11355 dev 100 cf pairs 2217 v5 100449 cfg gran=nat;iso=all;comp=docfirst
Loading weights:   0%|          | 0/320 [00:00<?, ?it/s]Loading weights: 100%|██████████| 320/320 [00:00<00:00, 4157.56it/s]
trainable 37.3 M (new 0.0 M)
resumed at update 512 tokens 17300293
devref loaded 348
/home/ubuntu/work/m2/m2train.py:193: UserWarning: Converting a tensor with requires_grad=True to a scalar may lead to unexpected behavior.
Consider using tensor.detach() first. (Triggered internally at /__w/pytorch/pytorch/torch/csrc/autograd/generated/python_variable_methods.cpp:820.)
  loss = loss + a.w_hid * hd; lsum[f'hid{kk}'] += float(hd); lcnt[f'hid{kk}'] += 1
{"upd": 513, "t": 9393, "tok": 17322535, "tok_s": 1844, "mem": 7.5, "lr": 7.539927341118002e-05, "acc_cf": 1.0, "acc_v5": 1.0, "agree12_cf": 1.0, "agree12_real": 0.8333, "agree12_v5": 1.0, "agree8_cf": 0.6667, "agree8_real": 1.0, "agree8_v5": 1.0, "ce_cf": 0.1702, "ce_v5": 0.1198, "hid12": 0.0295, "hid8": 0.026, "kl_cf": 0.2027, "kl_real": 0.0219, "kl_v5": 0.0084}
{"upd": 520, "t": 9604, "tok": 17551828, "tok_s": 1828, "mem": 7.5, "lr": 7.318382265457942e-05, "acc_cf": 0.9091, "acc_v5": 0.9167, "agree12_cf": 0.5714, "agree12_real": 0.9444, "agree12_v5": 0.8824, "agree8_cf": 0.625, "agree8_real": 0.9444, "agree8_v5": 1.0, "ce_cf": 0.2961, "ce_v5": 0.3208, "hid12": 0.0238, "hid8": 0.0243, "kl_cf": 0.2259, "kl_real": 0.0307, "kl_v5": 0.0382}
{"upd": 530, "t": 9919, "tok": 17901276, "tok_s": 1805, "mem": 7.5, "lr": 7.006521459197361e-05, "acc_cf": 0.875, "acc_v5": 0.8393, "agree12_cf": 0.6667, "agree12_real": 0.9444, "agree12_v5": 0.871, "agree8_cf": 0.6667, "agree8_real": 0.9438, "agree8_v5": 0.92, "ce_cf": 0.3136, "ce_v5": 0.3695, "hid12": 0.0222, "hid8": 0.0257, "kl_cf": 0.1984, "kl_real": 0.0283, "kl_v5": 0.0852}
{"upd": 540, "t": 10230, "tok": 18241162, "tok_s": 1783, "mem": 7.5, "lr": 6.700521633389633e-05, "acc_cf": 0.9167, "acc_v5": 0.8364, "agree12_cf": 0.5, "agree12_real": 0.958, "agree12_v5": 0.9032, "agree8_cf": 0.75, "agree8_real": 0.9018, "agree8_v5": 0.9167, "ce_cf": 0.2612, "ce_v5": 0.4466, "hid12": 0.0205, "hid8": 0.0266, "kl_cf": 0.206, "kl_real": 0.0245, "kl_v5": 0.0409}
{"upd": 550, "t": 10548, "tok": 18600706, "tok_s": 1763, "mem": 7.5, "lr": 6.400831884976006e-05, "acc_cf": 0.95, "acc_v5": 0.8913, "agree12_cf": 0.5, "agree12_real": 0.9652, "agree12_v5": 1.0, "agree8_cf": 0.5, "agree8_real": 0.9535, "agree8_v5": 0.8, "ce_cf": 0.2247, "ce_v5": 0.3659, "hid12": 0.0216, "hid8": 0.024, "kl_cf": 0.392, "kl_real": 0.0227, "kl_v5": 0.0652}
{"upd": 560, "t": 10872, "tok": 18945289, "tok_s": 1743, "mem": 7.5, "lr": 6.107892049989011e-05, "acc_cf": 0.9167, "acc_v5": 0.8814, "agree12_cf": 0.6667, "agree12_real": 0.9219, "agree12_v5": 0.9697, "agree8_cf": 0.6667, "agree8_real": 0.958, "agree8_v5": 0.9231, "ce_cf": 0.2715, "ce_v5": 0.2668, "hid12": 0.0203, "hid8": 0.0238, "kl_cf": 0.207, "kl_real": 0.03, "kl_v5": 0.0468}
{"upd": 570, "t": 11175, "tok": 19271721, "tok_s": 1724, "mem": 7.5, "lr": 5.822132058032416e-05, "acc_cf": 0.7727, "acc_v5": 0.807, "agree12_cf": 0.6667, "agree12_real": 0.9391, "agree12_v5": 0.9524, "agree8_cf": 0.6923, "agree8_real": 0.9872, "agree8_v5": 0.8333, "ce_cf": 0.4032, "ce_v5": 0.4433, "hid12": 0.0227, "hid8": 0.0255, "kl_cf": 0.2061, "kl_real": 0.0234, "kl_v5": 0.0615}
saved 570
DEV {"upd": 570, "k": 8, "tok": 19271721, "hours": 3.104, "dev_n": 348, "dev_agree": 0.9454, "dev_agree_sd": 0.8857, "dev_n_sd": 105, "dev_tv": 0.0686}
DEV {"upd": 570, "k": 12, "tok": 19271721, "hours": 3.104, "dev_n": 348, "dev_agree": 0.9569, "dev_agree_sd": 0.8952, "dev_n_sd": 105, "dev_tv": 0.0624}
{"upd": 580, "t": 11436, "tok": 19583729, "tok_s": 1713, "mem": 7.5, "lr": 5.543971301300261e-05, "acc_cf": 0.8571, "acc_v5": 0.8475, "agree12_cf": 1.0, "agree12_real": 0.8931, "agree12_v5": 0.8788, "agree8_cf": 0.625, "agree8_real": 0.9608, "agree8_v5": 0.8462, "ce_cf": 0.3191, "ce_v5": 0.4853, "hid12": 0.0202, "hid8": 0.0238, "kl_cf": 0.1815, "kl_real": 0.027, "kl_v5": 0.0677}
{"upd": 590, "t": 11634, "tok": 19916392, "tok_s": 1712, "mem": 7.5, "lr": 5.273818019060964e-05, "acc_cf": 0.8571, "acc_v5": 0.8182, "agree12_cf": 0.25, "agree12_real": 0.9423, "agree12_v5": 0.7931, "agree8_cf": 0.6667, "agree8_real": 0.9694, "agree8_v5": 0.9615, "ce_cf": 0.3355, "ce_v5": 0.4673, "hid12": 0.022, "hid8": 0.0217, "kl_cf": 0.3444, "kl_real": 0.0193, "kl_v5": 0.06}
{"upd": 600, "t": 11794, "tok": 20239709, "tok_s": 1716, "mem": 7.5, "lr": 5.012068698509913e-05, "acc_cf": 0.9167, "acc_v5": 0.8333, "agree12_cf": 0.9167, "agree12_real": 0.9595, "agree12_v5": 1.0, "agree8_cf": 0.5833, "agree8_real": 0.9167, "agree8_v5": 0.7778, "ce_cf": 0.282, "ce_v5": 0.3531, "hid12": 0.023, "hid8": 0.024, "kl_cf": 0.2546, "kl_real": 0.0254, "kl_v5": 0.0367}
{"upd": 610, "t": 11977, "tok": 20617791, "tok_s": 1721, "mem": 7.5, "lr": 4.759107492869826e-05, "acc_cf": 0.8824, "acc_v5": 0.8636, "agree12_cf": 0.7857, "agree12_real": 0.8611, "agree12_v5": 0.9583, "agree8_cf": 0.7, "agree8_real": 0.9506, "agree8_v5": 0.95, "ce_cf": 0.3072, "ce_v5": 0.3501, "hid12": 0.0219, "hid8": 0.0248, "kl_cf": 0.1703, "kl_real": 0.0362, "kl_v5": 0.0339}
{"upd": 620, "t": 12148, "tok": 20971164, "tok_s": 1726, "mem": 7.5, "lr": 4.515305657592918e-05, "acc_cf": 0.9333, "acc_v5": 0.8261, "agree12_cf": 0.8333, "agree12_real": 0.8902, "agree12_v5": 0.8421, "agree8_cf": 0.7778, "agree8_real": 0.9208, "agree8_v5": 0.8889, "ce_cf": 0.2475, "ce_v5": 0.4153, "hid12": 0.0203, "hid8": 0.0258, "kl_cf": 0.247, "kl_real": 0.0295, "kl_v5": 0.0712}
{"upd": 630, "t": 12330, "tok": 21334407, "tok_s": 1730, "mem": 7.5, "lr": 4.2810210054923364e-05, "acc_cf": 0.8214, "acc_v5": 0.8491, "agree12_cf": 0.7059, "agree12_real": 0.9528, "agree12_v5": 0.8065, "agree8_cf": 0.6364, "agree8_real": 0.9561, "agree8_v5": 0.9091, "ce_cf": 0.4026, "ce_v5": 0.4211, "hid12": 0.0227, "hid8": 0.0238, "kl_cf": 0.2073, "kl_real": 0.0211, "kl_v5": 0.0533}
{"upd": 640, "t": 12511, "tok": 21705253, "tok_s": 1735, "mem": 7.5, "lr": 4.0565973816025135e-05, "acc_cf": 0.8077, "acc_v5": 0.8542, "agree12_cf": 0.8125, "agree12_real": 0.9587, "agree12_v5": 0.9259, "agree8_cf": 0.7, "agree8_real": 0.9254, "agree8_v5": 0.9048, "ce_cf": 0.4591, "ce_v5": 0.3892, "hid12": 0.0206, "hid8": 0.0223, "kl_cf": 0.1401, "kl_real": 0.0248, "kl_v5": 0.031}
{"upd": 650, "t": 12681, "tok": 22031692, "tok_s": 1737, "mem": 7.5, "lr": 3.842364158539162e-05, "acc_cf": 0.9375, "acc_v5": 0.9016, "agree12_cf": 0.75, "agree12_real": 0.9216, "agree12_v5": 0.9583, "agree8_cf": 0.75, "agree8_real": 0.9565, "agree8_v5": 0.9459, "ce_cf": 0.276, "ce_v5": 0.2996, "hid12": 0.0207, "hid8": 0.0215, "kl_cf": 0.1916, "kl_real": 0.0254, "kl_v5": 0.0283}
{"upd": 660, "t": 12848, "tok": 22370071, "tok_s": 1741, "mem": 7.5, "lr": 3.638635753099542e-05, "acc_cf": 0.9375, "acc_v5": 0.7925, "agree12_cf": 0.8235, "agree12_real": 0.9663, "agree12_v5": 0.9, "agree8_cf": 0.7333, "agree8_real": 0.9375, "agree8_v5": 0.9394, "ce_cf": 0.343, "ce_v5": 0.5816, "hid12": 0.0193, "hid8": 0.0239, "kl_cf": 0.1154, "kl_real": 0.0268, "kl_v5": 0.035}
saved 668
DEV {"upd": 668, "k": 8, "tok": 22633310, "hours": 3.606, "dev_n": 348, "dev_agree": 0.9598, "dev_agree_sd": 0.8952, "dev_n_sd": 105, "dev_tv": 0.0514}
DEV {"upd": 668, "k": 12, "tok": 22633310, "hours": 3.606, "dev_n": 348, "dev_agree": 0.9655, "dev_agree_sd": 0.9048, "dev_n_sd": 105, "dev_tv": 0.0492}
{"upd": 670, "t": 13020, "tok": 22700187, "tok_s": 1744, "mem": 7.5, "lr": 3.445711164812451e-05, "acc_cf": 1.0, "acc_v5": 0.7963, "agree12_cf": 0.7273, "agree12_real": 0.977, "agree12_v5": 0.8667, "agree8_cf": 0.8, "agree8_real": 0.9048, "agree8_v5": 0.875, "ce_cf": 0.1852, "ce_v5": 0.4105, "hid12": 0.0205, "hid8": 0.0219, "kl_cf": 0.2174, "kl_real": 0.0285, "kl_v5": 0.0521}
{"upd": 680, "t": 13188, "tok": 23029220, "tok_s": 1746, "mem": 7.5, "lr": 3.263873537115192e-05, "acc_cf": 0.7917, "acc_v5": 0.7705, "agree12_cf": 0.6364, "agree12_real": 0.9048, "agree12_v5": 0.9091, "agree8_cf": 0.6154, "agree8_real": 1.0, "agree8_v5": 0.8929, "ce_cf": 0.4485, "ce_v5": 0.5513, "hid12": 0.0196, "hid8": 0.0241, "kl_cf": 0.1532, "kl_real": 0.0197, "kl_v5": 0.0745}
{"upd": 690, "t": 13357, "tok": 23350779, "tok_s": 1748, "mem": 7.5, "lr": 3.093389741801521e-05, "acc_cf": 0.8077, "acc_v5": 0.8125, "agree12_cf": 0.8, "agree12_real": 0.8718, "agree12_v5": 0.931, "agree8_cf": 0.8182, "agree8_real": 0.9434, "agree8_v5": 0.8857, "ce_cf": 0.36, "ce_v5": 0.431, "hid12": 0.0211, "hid8": 0.0222, "kl_cf": 0.1671, "kl_real": 0.0262, "kl_v5": 0.0313}
{"upd": 700, "t": 13535, "tok": 23707935, "tok_s": 1752, "mem": 7.5, "lr": 2.9345099873505012e-05, "acc_cf": 0.9091, "acc_v5": 0.8596, "agree12_cf": 0.6667, "agree12_real": 0.9384, "agree12_v5": 0.9062, "agree8_cf": 0.6, "agree8_real": 0.9462, "agree8_v5": 0.92, "ce_cf": 0.2466, "ce_v5": 0.4481, "hid12": 0.0214, "hid8": 0.0216, "kl_cf": 0.2327, "kl_real": 0.0266, "kl_v5": 0.0834}
{"upd": 710, "t": 13710, "tok": 24039863, "tok_s": 1753, "mem": 7.5, "lr": 2.7874674517110506e-05, "acc_cf": 0.9375, "acc_v5": 0.8947, "agree12_cf": 0.6, "agree12_real": 0.9265, "agree12_v5": 0.8571, "agree8_cf": 0.8182, "agree8_real": 0.9216, "agree8_v5": 0.931, "ce_cf": 0.2743, "ce_v5": 0.3112, "hid12": 0.019, "hid8": 0.0232, "kl_cf": 0.2883, "kl_real": 0.0252, "kl_v5": 0.0379}
{"upd": 720, "t": 13874, "tok": 24355266, "tok_s": 1755, "mem": 7.5, "lr": 2.6524779400811488e-05, "acc_cf": 0.7727, "acc_v5": 0.8413, "agree12_cf": 0.7692, "agree12_real": 0.957, "agree12_v5": 0.9062, "agree8_cf": 0.6667, "agree8_real": 0.913, "agree8_v5": 0.9032, "ce_cf": 0.4896, "ce_v5": 0.342, "hid12": 0.0191, "hid8": 0.022, "kl_cf": 0.1323, "kl_real": 0.0194, "kl_v5": 0.0356}
{"upd": 730, "t": 14038, "tok": 24666714, "tok_s": 1757, "mem": 7.5, "lr": 2.5297395681839465e-05, "acc_cf": 0.75, "acc_v5": 0.8644, "agree12_cf": 0.6667, "agree12_real": 0.945, "agree12_v5": 0.8889, "agree8_cf": 0.9, "agree8_real": 0.9468, "agree8_v5": 0.9375, "ce_cf": 0.5141, "ce_v5": 0.4156, "hid12": 0.0196, "hid8": 0.0225, "kl_cf": 0.086, "kl_real": 0.0289, "kl_v5": 0.0485}
{"upd": 740, "t": 14208, "tok": 25016854, "tok_s": 1761, "mem": 7.5, "lr": 2.4194324715056255e-05, "acc_cf": 0.8182, "acc_v5": 0.7843, "agree12_cf": 0.6667, "agree12_real": 0.9231, "agree12_v5": 1.0, "agree8_cf": 0.8, "agree8_real": 0.937, "agree8_v5": 0.8387, "ce_cf": 0.3833, "ce_v5": 0.4905, "hid12": 0.0195, "hid8": 0.0217, "kl_cf": 0.1229, "kl_real": 0.024, "kl_v5": 0.0309}
{"upd": 750, "t": 14374, "tok": 25333085, "tok_s": 1762, "mem": 7.5, "lr": 2.321718540921731e-05, "acc_cf": 0.875, "acc_v5": 0.8491, "agree12_cf": 0.5, "agree12_real": 0.931, "agree12_v5": 0.9062, "agree8_cf": 0.3333, "agree8_real": 0.9126, "agree8_v5": 0.9524, "ce_cf": 0.3035, "ce_v5": 0.3407, "hid12": 0.0198, "hid8": 0.0205, "kl_cf": 0.2943, "kl_real": 0.0191, "kl_v5": 0.0558}
{"upd": 760, "t": 14531, "tok": 25639000, "tok_s": 1764, "mem": 7.5, "lr": 2.2367411850999896e-05, "acc_cf": 0.8462, "acc_v5": 0.75, "agree12_cf": 0.8182, "agree12_real": 0.949, "agree12_v5": 0.9286, "agree8_cf": 0.6667, "agree8_real": 0.955, "agree8_v5": 0.875, "ce_cf": 0.3498, "ce_v5": 0.5714, "hid12": 0.019, "hid8": 0.0233, "kl_cf": 0.1615, "kl_real": 0.016, "kl_v5": 0.1281}
{"upd": 770, "t": 14706, "tok": 25972612, "tok_s": 1766, "mem": 7.5, "lr": 2.1646251200283057e-05, "acc_cf": 0.9, "acc_v5": 0.8793, "agree12_cf": 0.6154, "agree12_real": 0.9448, "agree12_v5": 0.871, "agree8_cf": 0.4286, "agree8_real": 0.9368, "agree8_v5": 0.9259, "ce_cf": 0.3366, "ce_v5": 0.3808, "hid12": 0.0207, "hid8": 0.02, "kl_cf": 0.2146, "kl_real": 0.0226, "kl_v5": 0.0341}
saved 773
DEV {"upd": 773, "k": 8, "tok": 26085234, "hours": 4.1, "dev_n": 348, "dev_agree": 0.954, "dev_agree_sd": 0.8857, "dev_n_sd": 105, "dev_tv": 0.0532}
DEV {"upd": 773, "k": 12, "tok": 26085234, "hours": 4.1, "dev_n": 348, "dev_agree": 0.9655, "dev_agree_sd": 0.9048, "dev_n_sd": 105, "dev_tv": 0.0512}
max_hours reached
done 14764.72398686409
