Loading weights:   0%|          | 0/320 [00:00<?, ?it/s]Loading weights: 100%|██████████| 320/320 [00:00<00:00, 4010.16it/s]
cfg {'Win_g': (4, 4), 'Win_a': (4, 4), 'Wo_g': (4, 4), 'Wo_a': (4, 4), 'Wgu': (4, 4), 'Wd': (4, 4)} aclip 0.9 R had w gptq
gptq calibration 128 seqs 247358 tokens
gptq layer 0 done 27 s
gptq layer 1 done 47 s
gptq layer 2 done 68 s
gptq layer 3 done 87 s
gptq layer 4 done 107 s
gptq layer 5 done 128 s
gptq layer 6 done 148 s
gptq layer 7 done 167 s
gptq layer 8 done 188 s
gptq layer 9 done 208 s
gptq layer 10 done 229 s
gptq layer 11 done 247 s
gptq layer 12 done 268 s
gptq layer 13 done 289 s
gptq layer 14 done 309 s
gptq layer 15 done 328 s
gptq layer 16 done 349 s
gptq layer 17 done 369 s
gptq layer 18 done 389 s
gptq layer 19 done 409 s
gptq layer 20 done 429 s
gptq layer 21 done 449 s
gptq layer 22 done 470 s
gptq layer 23 done 489 s
built 498 s
DEV {"name": "had_gptq_w4a4", "R": "had", "w": "gptq", "cfg": {"Win_g": [4, 4], "Win_a": [4, 4], "Wo_g": [4, 4], "Wo_a": [4, 4], "Wgu": [4, 4], "Wd": [4, 4]}, "aclip": 0.9, "ba_hp": true, "flips": 20, "n": 240, "flip_rate": 0.0833, "tv": 0.0907, "kl": 0.042, "s": 779}
saved q/had_gptq_w4a4.pt
