Loading weights:   0%|          | 0/320 [00:00<?, ?it/s]Loading weights: 100%|██████████| 320/320 [00:00<00:00, 3957.31it/s]
cfg {'Win_g': (4, 4), 'Win_a': (4, 4), 'Wo_g': (4, 4), 'Wo_a': (4, 4), 'Wgu': (4, 4), 'Wd': (4, 4)} aclip 1.0 R had w gptq
gptq calibration 128 seqs 247358 tokens
gptq layer 0 done 25 s
gptq layer 1 done 49 s
gptq layer 2 done 72 s
gptq layer 3 done 95 s
gptq layer 4 done 119 s
gptq layer 5 done 142 s
gptq layer 6 done 165 s
gptq layer 7 done 188 s
gptq layer 8 done 211 s
gptq layer 9 done 235 s
gptq layer 10 done 260 s
gptq layer 11 done 289 s
gptq layer 12 done 320 s
gptq layer 13 done 351 s
gptq layer 14 done 364 s
gptq layer 15 done 375 s
gptq layer 16 done 387 s
gptq layer 17 done 399 s
gptq layer 18 done 410 s
gptq layer 19 done 421 s
gptq layer 20 done 433 s
gptq layer 21 done 445 s
gptq layer 22 done 456 s
gptq layer 23 done 467 s
built 476 s
DEV {"name": "fp4_had_gptq_w4a4", "R": "had", "w": "gptq", "map": "", "kron": "", "fp4": true, "cfg": {"Win_g": [4, 4], "Win_a": [4, 4], "Wo_g": [4, 4], "Wo_a": [4, 4], "Wgu": [4, 4], "Wd": [4, 4]}, "aclip": 1.0, "ba_hp": true, "flips": 20, "n": 240, "flip_rate": 0.0833, "tv": 0.0723, "kl": 0.0268, "s": 656}
saved q/fp4_had_gptq_w4a4.pt
