Loading weights:   0%|          | 0/320 [00:00<?, ?it/s]Loading weights: 100%|██████████| 320/320 [00:00<00:00, 3753.33it/s]
cfg {'Win_g': (4, 4), 'Win_a': (4, 4), 'Wo_g': (4, 4), 'Wo_a': (4, 4), 'Wgu': (4, 4), 'Wd': (4, 4)} aclip 1.0 R none w gptq
gptq calibration 128 seqs 247358 tokens
gptq layer 0 done 24 s
gptq layer 1 done 45 s
gptq layer 2 done 67 s
gptq layer 3 done 88 s
gptq layer 4 done 110 s
gptq layer 5 done 132 s
gptq layer 6 done 154 s
gptq layer 7 done 168 s
gptq layer 8 done 179 s
gptq layer 9 done 190 s
gptq layer 10 done 201 s
gptq layer 11 done 212 s
gptq layer 12 done 223 s
gptq layer 13 done 234 s
gptq layer 14 done 245 s
gptq layer 15 done 256 s
gptq layer 16 done 267 s
gptq layer 17 done 278 s
gptq layer 18 done 289 s
gptq layer 19 done 300 s
gptq layer 20 done 311 s
gptq layer 21 done 322 s
gptq layer 22 done 333 s
gptq layer 23 done 344 s
built 353 s
DEV {"name": "fp4_norot_gptq_w4a4", "R": "none", "w": "gptq", "map": "", "kron": "", "fp4": true, "cfg": {"Win_g": [4, 4], "Win_a": [4, 4], "Wo_g": [4, 4], "Wo_a": [4, 4], "Wgu": [4, 4], "Wd": [4, 4]}, "aclip": 1.0, "ba_hp": true, "flips": 8, "n": 240, "flip_rate": 0.0333, "tv": 0.0582, "kl": 0.0185, "s": 442}
saved q/fp4_norot_gptq_w4a4.pt
