Loading weights:   0%|          | 0/320 [00:00<?, ?it/s]Loading weights: 100%|██████████| 320/320 [00:00<00:00, 3510.43it/s]
kron rot/kron_k1.pt 96 GEMMs
cfg {'Win_g': (4, 4), 'Win_a': (4, 4), 'Wo_g': (4, 4), 'Wo_a': (4, 4), 'Wgu': (4, 4), 'Wd': (4, 4)} aclip 0.9 R rot/R1_l1.pt w gptq
gptq calibration 128 seqs 247358 tokens
gptq layer 0 done 21 s
gptq layer 1 done 41 s
gptq layer 2 done 62 s
gptq layer 3 done 81 s
gptq layer 4 done 101 s
gptq layer 5 done 122 s
gptq layer 6 done 143 s
gptq layer 7 done 162 s
gptq layer 8 done 182 s
gptq layer 9 done 203 s
gptq layer 10 done 224 s
gptq layer 11 done 243 s
gptq layer 12 done 264 s
gptq layer 13 done 285 s
gptq layer 14 done 305 s
gptq layer 15 done 325 s
gptq layer 16 done 346 s
gptq layer 17 done 367 s
gptq layer 18 done 388 s
gptq layer 19 done 407 s
gptq layer 20 done 428 s
gptq layer 21 done 449 s
gptq layer 22 done 469 s
gptq layer 23 done 489 s
built 497 s
DEV {"name": "l1_kron_gptq_w4a4", "R": "rot/R1_l1.pt", "w": "gptq", "map": "", "kron": "rot/kron_k1.pt", "cfg": {"Win_g": [4, 4], "Win_a": [4, 4], "Wo_g": [4, 4], "Wo_a": [4, 4], "Wgu": [4, 4], "Wd": [4, 4]}, "aclip": 0.9, "ba_hp": true, "flips": 19, "n": 240, "flip_rate": 0.0792, "tv": 0.083, "kl": 0.0348, "s": 700}
saved q/l1_kron_gptq_w4a4.pt
