Loading weights:   0%|          | 0/320 [00:00<?, ?it/s]Loading weights: 100%|██████████| 320/320 [00:00<00:00, 3748.93it/s]
collected 96 GEMMs x 4096 tokens
/home/ubuntu/work/h5/h5kron.py:97: UserWarning: Converting a tensor with requires_grad=True to a scalar may lead to unexpected behavior.
Consider using tensor.detach() first. (Triggered internally at /__w/pytorch/pytorch/torch/csrc/autograd/generated/python_variable_methods.cpp:820.)
  Kout[(i, s)] = (P1.cpu(), P2.cpu()); clipA[(i, s)] = float(torch.sigmoid(ga))
{"i": 0, "s": "Win", "l0": 0.00735, "l1": 0.00711, "ca": 0.887, "cw": 0.943} 16 s
{"i": 0, "s": "Wo", "l0": 0.05679, "l1": 0.04161, "ca": 0.887, "cw": 0.943} 26 s
{"i": 0, "s": "Wgu", "l0": 0.07799, "l1": 0.07331, "ca": 0.886, "cw": 0.943} 45 s
{"i": 0, "s": "Wd", "l0": 0.03331, "l1": 0.02605, "ca": 0.887, "cw": 0.943} 62 s
{"i": 1, "s": "Win", "l0": 0.02039, "l1": 0.01927, "ca": 0.886, "cw": 0.943} 77 s
{"i": 1, "s": "Wo", "l0": 0.03334, "l1": 0.02783, "ca": 0.887, "cw": 0.943} 87 s
{"i": 1, "s": "Wgu", "l0": 0.05421, "l1": 0.05174, "ca": 0.886, "cw": 0.943} 106 s
{"i": 1, "s": "Wd", "l0": 0.03962, "l1": 0.03028, "ca": 0.887, "cw": 0.943} 124 s
{"i": 2, "s": "Win", "l0": 0.01591, "l1": 0.01488, "ca": 0.886, "cw": 0.943} 139 s
{"i": 2, "s": "Wo", "l0": 0.03923, "l1": 0.03232, "ca": 0.887, "cw": 0.943} 149 s
{"i": 2, "s": "Wgu", "l0": 0.04434, "l1": 0.04203, "ca": 0.886, "cw": 0.943} 167 s
{"i": 2, "s": "Wd", "l0": 0.026, "l1": 0.02047, "ca": 0.887, "cw": 0.943} 184 s
{"i": 3, "s": "Win", "l0": 0.00615, "l1": 0.00558, "ca": 0.886, "cw": 0.943} 197 s
{"i": 3, "s": "Wo", "l0": 0.07754, "l1": 0.06084, "ca": 0.887, "cw": 0.943} 207 s
{"i": 3, "s": "Wgu", "l0": 0.02699, "l1": 0.02532, "ca": 0.886, "cw": 0.943} 226 s
{"i": 3, "s": "Wd", "l0": 0.03806, "l1": 0.0308, "ca": 0.887, "cw": 0.943} 243 s
{"i": 4, "s": "Win", "l0": 0.0109, "l1": 0.0101, "ca": 0.886, "cw": 0.943} 258 s
{"i": 4, "s": "Wo", "l0": 0.05648, "l1": 0.04701, "ca": 0.887, "cw": 0.943} 263 s
{"i": 4, "s": "Wgu", "l0": 0.02497, "l1": 0.02367, "ca": 0.886, "cw": 0.943} 269 s
{"i": 4, "s": "Wd", "l0": 0.04015, "l1": 0.03112, "ca": 0.887, "cw": 0.943} 274 s
{"i": 5, "s": "Win", "l0": 0.0119, "l1": 0.01101, "ca": 0.886, "cw": 0.943} 279 s
{"i": 5, "s": "Wo", "l0": 0.06704, "l1": 0.05449, "ca": 0.887, "cw": 0.943} 281 s
{"i": 5, "s": "Wgu", "l0": 0.02648, "l1": 0.02492, "ca": 0.886, "cw": 0.943} 287 s
{"i": 5, "s": "Wd", "l0": 0.04002, "l1": 0.031, "ca": 0.887, "cw": 0.943} 292 s
{"i": 6, "s": "Win", "l0": 0.01297, "l1": 0.01197, "ca": 0.886, "cw": 0.943} 297 s
{"i": 6, "s": "Wo", "l0": 0.05742, "l1": 0.05181, "ca": 0.887, "cw": 0.943} 299 s
{"i": 6, "s": "Wgu", "l0": 0.02698, "l1": 0.02524, "ca": 0.886, "cw": 0.943} 305 s
{"i": 6, "s": "Wd", "l0": 0.0413, "l1": 0.03214, "ca": 0.887, "cw": 0.943} 310 s
{"i": 7, "s": "Win", "l0": 0.0092, "l1": 0.0084, "ca": 0.886, "cw": 0.943} 313 s
{"i": 7, "s": "Wo", "l0": 0.11166, "l1": 0.08823, "ca": 0.887, "cw": 0.943} 315 s
{"i": 7, "s": "Wgu", "l0": 0.02806, "l1": 0.02635, "ca": 0.886, "cw": 0.943} 321 s
{"i": 7, "s": "Wd", "l0": 0.04059, "l1": 0.03164, "ca": 0.887, "cw": 0.943} 327 s
{"i": 8, "s": "Win", "l0": 0.0095, "l1": 0.0087, "ca": 0.886, "cw": 0.943} 331 s
{"i": 8, "s": "Wo", "l0": 0.06465, "l1": 0.0531, "ca": 0.887, "cw": 0.943} 333 s
{"i": 8, "s": "Wgu", "l0": 0.02882, "l1": 0.02709, "ca": 0.886, "cw": 0.943} 339 s
{"i": 8, "s": "Wd", "l0": 0.04212, "l1": 0.03276, "ca": 0.887, "cw": 0.943} 344 s
{"i": 9, "s": "Win", "l0": 0.01393, "l1": 0.01287, "ca": 0.886, "cw": 0.943} 349 s
{"i": 9, "s": "Wo", "l0": 0.06618, "l1": 0.054, "ca": 0.887, "cw": 0.943} 351 s
{"i": 9, "s": "Wgu", "l0": 0.0316, "l1": 0.0299, "ca": 0.886, "cw": 0.943} 357 s
{"i": 9, "s": "Wd", "l0": 0.04326, "l1": 0.03349, "ca": 0.887, "cw": 0.943} 362 s
{"i": 10, "s": "Win", "l0": 0.01103, "l1": 0.0101, "ca": 0.886, "cw": 0.943} 367 s
{"i": 10, "s": "Wo", "l0": 0.06105, "l1": 0.04938, "ca": 0.887, "cw": 0.943} 369 s
{"i": 10, "s": "Wgu", "l0": 0.02828, "l1": 0.02643, "ca": 0.886, "cw": 0.943} 375 s
{"i": 10, "s": "Wd", "l0": 0.04192, "l1": 0.03263, "ca": 0.887, "cw": 0.943} 380 s
{"i": 11, "s": "Win", "l0": 0.01247, "l1": 0.01128, "ca": 0.886, "cw": 0.943} 383 s
{"i": 11, "s": "Wo", "l0": 0.12906, "l1": 0.10256, "ca": 0.887, "cw": 0.943} 386 s
{"i": 11, "s": "Wgu", "l0": 0.02667, "l1": 0.02508, "ca": 0.886, "cw": 0.943} 392 s
{"i": 11, "s": "Wd", "l0": 0.04264, "l1": 0.03305, "ca": 0.887, "cw": 0.943} 397 s
{"i": 12, "s": "Win", "l0": 0.01083, "l1": 0.00991, "ca": 0.886, "cw": 0.943} 401 s
{"i": 12, "s": "Wo", "l0": 0.07343, "l1": 0.06012, "ca": 0.887, "cw": 0.943} 403 s
{"i": 12, "s": "Wgu", "l0": 0.02409, "l1": 0.02243, "ca": 0.886, "cw": 0.943} 409 s
{"i": 12, "s": "Wd", "l0": 0.04661, "l1": 0.03612, "ca": 0.887, "cw": 0.943} 415 s
{"i": 13, "s": "Win", "l0": 0.01075, "l1": 0.00989, "ca": 0.886, "cw": 0.943} 419 s
{"i": 13, "s": "Wo", "l0": 0.05559, "l1": 0.04597, "ca": 0.887, "cw": 0.943} 421 s
{"i": 13, "s": "Wgu", "l0": 0.02205, "l1": 0.02045, "ca": 0.886, "cw": 0.943} 427 s
{"i": 13, "s": "Wd", "l0": 0.04823, "l1": 0.03732, "ca": 0.887, "cw": 0.943} 432 s
{"i": 14, "s": "Win", "l0": 0.00981, "l1": 0.00901, "ca": 0.886, "cw": 0.943} 437 s
{"i": 14, "s": "Wo", "l0": 0.04773, "l1": 0.03834, "ca": 0.887, "cw": 0.943} 439 s
{"i": 14, "s": "Wgu", "l0": 0.01748, "l1": 0.0162, "ca": 0.886, "cw": 0.943} 445 s
{"i": 14, "s": "Wd", "l0": 0.04208, "l1": 0.03919, "ca": 0.888, "cw": 0.943} 450 s
{"i": 15, "s": "Win", "l0": 0.01026, "l1": 0.00921, "ca": 0.886, "cw": 0.943} 454 s
{"i": 15, "s": "Wo", "l0": 0.04767, "l1": 0.04063, "ca": 0.887, "cw": 0.943} 456 s
{"i": 15, "s": "Wgu", "l0": 0.01566, "l1": 0.01453, "ca": 0.886, "cw": 0.943} 462 s
{"i": 15, "s": "Wd", "l0": 0.04928, "l1": 0.03827, "ca": 0.887, "cw": 0.943} 467 s
{"i": 16, "s": "Win", "l0": 0.00734, "l1": 0.00665, "ca": 0.886, "cw": 0.943} 471 s
{"i": 16, "s": "Wo", "l0": 0.0451, "l1": 0.03547, "ca": 0.887, "cw": 0.943} 474 s
{"i": 16, "s": "Wgu", "l0": 0.01456, "l1": 0.01355, "ca": 0.886, "cw": 0.943} 480 s
{"i": 16, "s": "Wd", "l0": 0.05112, "l1": 0.03908, "ca": 0.887, "cw": 0.943} 485 s
{"i": 17, "s": "Win", "l0": 0.00739, "l1": 0.00691, "ca": 0.886, "cw": 0.943} 489 s
{"i": 17, "s": "Wo", "l0": 0.03519, "l1": 0.02679, "ca": 0.887, "cw": 0.943} 491 s
{"i": 17, "s": "Wgu", "l0": 0.01263, "l1": 0.01186, "ca": 0.886, "cw": 0.943} 498 s
{"i": 17, "s": "Wd", "l0": 0.05391, "l1": 0.04089, "ca": 0.887, "cw": 0.943} 503 s
{"i": 18, "s": "Win", "l0": 0.00559, "l1": 0.00512, "ca": 0.886, "cw": 0.943} 507 s
{"i": 18, "s": "Wo", "l0": 0.03009, "l1": 0.02304, "ca": 0.887, "cw": 0.943} 509 s
{"i": 18, "s": "Wgu", "l0": 0.01151, "l1": 0.01059, "ca": 0.886, "cw": 0.943} 515 s
{"i": 18, "s": "Wd", "l0": 0.04525, "l1": 0.03494, "ca": 0.887, "cw": 0.943} 520 s
{"i": 19, "s": "Win", "l0": 0.00769, "l1": 0.00688, "ca": 0.886, "cw": 0.943} 524 s
{"i": 19, "s": "Wo", "l0": 0.1147, "l1": 0.07417, "ca": 0.888, "cw": 0.943} 526 s
{"i": 19, "s": "Wgu", "l0": 0.01177, "l1": 0.01104, "ca": 0.886, "cw": 0.943} 532 s
{"i": 19, "s": "Wd", "l0": 0.05926, "l1": 0.04412, "ca": 0.887, "cw": 0.943} 537 s
{"i": 20, "s": "Win", "l0": 0.00578, "l1": 0.00534, "ca": 0.886, "cw": 0.943} 542 s
{"i": 20, "s": "Wo", "l0": 0.02216, "l1": 0.0163, "ca": 0.887, "cw": 0.943} 544 s
{"i": 20, "s": "Wgu", "l0": 0.01345, "l1": 0.01254, "ca": 0.886, "cw": 0.943} 550 s
{"i": 20, "s": "Wd", "l0": 0.04927, "l1": 0.03665, "ca": 0.887, "cw": 0.943} 555 s
{"i": 21, "s": "Win", "l0": 0.00588, "l1": 0.00548, "ca": 0.886, "cw": 0.943} 559 s
{"i": 21, "s": "Wo", "l0": 0.0285, "l1": 0.0202, "ca": 0.887, "cw": 0.943} 562 s
{"i": 21, "s": "Wgu", "l0": 0.01191, "l1": 0.01132, "ca": 0.886, "cw": 0.943} 568 s
{"i": 21, "s": "Wd", "l0": 0.04523, "l1": 0.03145, "ca": 0.887, "cw": 0.943} 573 s
{"i": 22, "s": "Win", "l0": 0.00528, "l1": 0.00488, "ca": 0.886, "cw": 0.943} 577 s
{"i": 22, "s": "Wo", "l0": 0.04182, "l1": 0.0297, "ca": 0.887, "cw": 0.943} 579 s
{"i": 22, "s": "Wgu", "l0": 0.00778, "l1": 0.00722, "ca": 0.886, "cw": 0.943} 585 s
{"i": 22, "s": "Wd", "l0": 0.03114, "l1": 0.0203, "ca": 0.887, "cw": 0.943} 591 s
{"i": 23, "s": "Win", "l0": 0.00295, "l1": 0.00259, "ca": 0.886, "cw": 0.943} 594 s
{"i": 23, "s": "Wo", "l0": 0.05328, "l1": 0.03581, "ca": 0.887, "cw": 0.943} 596 s
{"i": 23, "s": "Wgu", "l0": 0.00345, "l1": 0.0032, "ca": 0.886, "cw": 0.943} 602 s
{"i": 23, "s": "Wd", "l0": 0.02973, "l1": 0.01554, "ca": 0.887, "cw": 0.943} 607 s
total local loss 3.2588 -> 2.6582 (18.4% lower)
