Loading weights:   0%|          | 0/320 [00:00<?, ?it/s]Loading weights: 100%|██████████| 320/320 [00:00<00:00, 3891.02it/s]
train 8310 lora params 13870080
step 0 dev {"flips": 6, "n": 120, "flip_rate": 0.05, "tv": 0.0878, "kl": 0.0372}
{"step": 1, "kl": 0.01616991189075634, "hid": 0.06653372012078762, "t": 9, "lr": 3.332762208292595e-05, "mem": 10.3}
{"step": 5, "kl": 0.024979487294331193, "hid": 0.06507194531150162, "t": 41, "lr": 9.957224306869053e-05, "mem": 10.4}
{"step": 10, "kl": 0.04509851443581283, "hid": 0.06221564766019583, "t": 109, "lr": 9.829629131445342e-05, "mem": 10.5}
{"step": 15, "kl": 0.02402295425417833, "hid": 0.064763337187469, "t": 194, "lr": 9.619397662556435e-05, "mem": 10.8}
{"step": 20, "kl": 0.0409253444056958, "hid": 0.06382726766169071, "t": 277, "lr": 9.330127018922194e-05, "mem": 10.8}
{"step": 25, "kl": 0.022687077848240735, "hid": 0.06426725424826145, "t": 369, "lr": 8.966766701456177e-05, "mem": 10.9}
{"step": 30, "kl": 0.03981492509774398, "hid": 0.062494579888880256, "t": 458, "lr": 8.535533905932738e-05, "mem": 10.9}
{"step": 35, "kl": 0.018169127072906122, "hid": 0.06500436458736658, "t": 536, "lr": 8.043807145043604e-05, "mem": 10.9}
{"step": 40, "kl": 0.03993371184915304, "hid": 0.06401963587850332, "t": 624, "lr": 7.500000000000001e-05, "mem": 10.9}
dev 40 {"flips": 7, "n": 120, "flip_rate": 0.0583, "tv": 0.0914, "kl": 0.0377}
{"step": 45, "kl": 0.040107693860772994, "hid": 0.06225113347172737, "t": 873, "lr": 6.91341716182545e-05, "mem": 10.9}
{"step": 50, "kl": 0.05117199246305972, "hid": 0.06434173602610826, "t": 968, "lr": 6.294095225512603e-05, "mem": 10.9}
{"step": 55, "kl": 0.026361780776642262, "hid": 0.06369996555149555, "t": 1053, "lr": 5.652630961100258e-05, "mem": 10.9}
{"step": 60, "kl": 0.03263471703976393, "hid": 0.06233545821160078, "t": 1137, "lr": 5.0000000000000016e-05, "mem": 10.9}
{"step": 65, "kl": 0.040656200726516545, "hid": 0.06305599212646484, "t": 1227, "lr": 4.347369038899744e-05, "mem": 10.9}
{"step": 70, "kl": 0.03919205963611603, "hid": 0.06468364894390106, "t": 1317, "lr": 3.705904774487397e-05, "mem": 10.9}
{"step": 75, "kl": 0.02298887544311583, "hid": 0.06231903452426195, "t": 1401, "lr": 3.086582838174551e-05, "mem": 10.9}
{"step": 80, "kl": 0.029598090349463747, "hid": 0.06397820748388768, "t": 1493, "lr": 2.500000000000001e-05, "mem": 10.9}
dev 80 {"flips": 11, "n": 120, "flip_rate": 0.0917, "tv": 0.0841, "kl": 0.0369}
