Loading weights:   0%|          | 0/320 [00:00<?, ?it/s]Loading weights: 100%|██████████| 320/320 [00:00<00:00, 3685.30it/s]
train requests 6823 dev 120
step 0 dev {"flips": 14, "n": 120, "flip_rate": 0.1167, "tv": 0.0904, "kl": 0.0462}
/home/ubuntu/work/h5/h5rot.py:75: UserWarning: Converting a tensor with requires_grad=True to a scalar may lead to unexpected behavior.
Consider using tensor.detach() first. (Triggered internally at /__w/pytorch/pytorch/torch/csrc/autograd/generated/python_variable_methods.cpp:820.)
  acc['kl'] += float(kl); acc['hid'] += float(hl); acc['n'] += 1
{"step": 1, "kl": 0.05509452149271965, "hid": 0.07896006107330322, "t": 8, "lr": 3.3055555555555553e-05, "orth_err": 8.344650268554688e-07, "dR": 0.0015, "mem": 7.5}
{"step": 5, "kl": 0.026389748003566638, "hid": 0.0804550377652049, "t": 53, "lr": 9.583333333333334e-05, "orth_err": 9.5367431640625e-07, "dR": 0.0106, "mem": 7.5}
{"step": 10, "kl": 0.03031093963654712, "hid": 0.07792132757604123, "t": 113, "lr": 9.166666666666667e-05, "orth_err": 4.76837158203125e-06, "dR": 0.022, "mem": 7.5}
{"step": 15, "kl": 0.04667905895039439, "hid": 0.07796671614050865, "t": 173, "lr": 8.75e-05, "orth_err": 4.76837158203125e-06, "dR": 0.0297, "mem": 7.7}
{"step": 20, "kl": 0.0247564262652304, "hid": 0.07892855107784272, "t": 229, "lr": 8.333333333333334e-05, "orth_err": 8.106231689453125e-06, "dR": 0.0355, "mem": 7.7}
dev 20 {"flips": 11, "n": 120, "flip_rate": 0.0917, "tv": 0.0887, "kl": 0.0419}
{"step": 25, "kl": 0.03979426454752684, "hid": 0.07950972318649292, "t": 423, "lr": 7.916666666666666e-05, "orth_err": 7.987022399902344e-06, "dR": 0.0397, "mem": 7.7}
{"step": 30, "kl": 0.02450143058085814, "hid": 0.07856106907129287, "t": 479, "lr": 7.500000000000001e-05, "orth_err": 7.510185241699219e-06, "dR": 0.0432, "mem": 7.7}
{"step": 35, "kl": 0.04868131666444242, "hid": 0.0784254740923643, "t": 541, "lr": 7.083333333333332e-05, "orth_err": 8.225440979003906e-06, "dR": 0.0458, "mem": 7.7}
{"step": 40, "kl": 0.06630522995183127, "hid": 0.07816958650946618, "t": 607, "lr": 6.666666666666668e-05, "orth_err": 7.212162017822266e-06, "dR": 0.0483, "mem": 7.7}
dev 40 {"flips": 10, "n": 120, "flip_rate": 0.0833, "tv": 0.0866, "kl": 0.0413}
{"step": 45, "kl": 0.03157922858372331, "hid": 0.0788407925516367, "t": 790, "lr": 6.25e-05, "orth_err": 7.510185241699219e-06, "dR": 0.0509, "mem": 7.7}
{"step": 50, "kl": 0.05344030255218968, "hid": 0.07925036065280437, "t": 826, "lr": 5.8333333333333326e-05, "orth_err": 6.9141387939453125e-06, "dR": 0.053, "mem": 7.7}
{"step": 55, "kl": 0.03778172852471471, "hid": 0.07846695259213447, "t": 889, "lr": 5.416666666666668e-05, "orth_err": 6.9141387939453125e-06, "dR": 0.0547, "mem": 7.7}
{"step": 60, "kl": 0.03900883025489747, "hid": 0.0767090491950512, "t": 953, "lr": 5e-05, "orth_err": 7.152557373046875e-06, "dR": 0.056, "mem": 7.7}
dev 60 {"flips": 15, "n": 120, "flip_rate": 0.125, "tv": 0.1021, "kl": 0.0527}
{"step": 65, "kl": 0.05283556787762791, "hid": 0.07550508938729764, "t": 1164, "lr": 4.583333333333334e-05, "orth_err": 6.9141387939453125e-06, "dR": 0.057, "mem": 7.7}
{"step": 70, "kl": 0.022800196381285786, "hid": 0.0785849779844284, "t": 1217, "lr": 4.1666666666666665e-05, "orth_err": 7.271766662597656e-06, "dR": 0.0579, "mem": 7.7}
