Loading weights:   0%|          | 0/320 [00:00<?, ?it/s]Loading weights: 100%|██████████| 320/320 [00:00<00:00, 3908.47it/s]
items 3227 done 0 mode q
100 3227 JB-all 9s
200 3227 JB-all 50s
300 3227 REAL-agree 111s
400 3227 REAL-agree 188s
500 3227 REAL-agree 264s
600 3227 REAL-agree 344s
700 3227 REAL-agree 428s
800 3227 REAL-agree 509s
900 3227 REAL-agree 598s
1000 3227 REAL-agree 702s
1100 3227 REAL-agree 786s
1200 3227 REAL-agree 863s
1300 3227 REAL-agree 956s
1400 3227 LONG 1143s
1500 3227 LONG 1349s
1600 3227 LONG 1525s
1700 3227 LONG 1693s
1800 3227 CF 1872s
1900 3227 CF 2077s
2000 3227 CF 2189s
2100 3227 CF 2291s
2200 3227 CF 2359s
2300 3227 CF 2396s
2400 3227 CF 2424s
2500 3227 CF 2447s
2600 3227 CF-probe 2511s
2700 3227 CF-probe 2599s
2800 3227 CF-probe 2683s
2900 3227 CF-probe 2762s
3000 3227 CF-probe 2838s
3100 3227 CF-probe 2911s
3200 3227 CF-probe 2968s
done 3227 2984
