Loading weights:   0%|          | 0/320 [00:00<?, ?it/s]Loading weights: 100%|██████████| 320/320 [00:00<00:00, 3976.68it/s]
items 3227 done 0 mode q
100 3227 JB-all 9s
200 3227 JB-all 50s
300 3227 REAL-agree 111s
400 3227 REAL-agree 188s
500 3227 REAL-agree 265s
600 3227 REAL-agree 345s
700 3227 REAL-agree 430s
800 3227 REAL-agree 512s
900 3227 REAL-agree 601s
1000 3227 REAL-agree 706s
1100 3227 REAL-agree 785s
1200 3227 REAL-agree 862s
1300 3227 REAL-agree 956s
1400 3227 LONG 1144s
1500 3227 LONG 1351s
1600 3227 LONG 1530s
1700 3227 LONG 1657s
1800 3227 CF 1830s
1900 3227 CF 2034s
2000 3227 CF 2145s
2100 3227 CF 2247s
2200 3227 CF 2315s
2300 3227 CF 2373s
2400 3227 CF 2434s
2500 3227 CF 2485s
2600 3227 CF-probe 2575s
2700 3227 CF-probe 2685s
2800 3227 CF-probe 2792s
2900 3227 CF-probe 2890s
3000 3227 CF-probe 2984s
3100 3227 CF-probe 3076s
3200 3227 CF-probe 3147s
done 3227 3167
