Loading weights:   0%|          | 0/320 [00:00<?, ?it/s]Loading weights: 100%|██████████| 320/320 [00:00<00:00, 3861.87it/s]
items 3227 done 0 mode ref
100 3227 JB-all 5s
200 3227 JB-all 26s
300 3227 REAL-agree 56s
400 3227 REAL-agree 93s
500 3227 REAL-agree 130s
600 3227 REAL-agree 186s
700 3227 REAL-agree 228s
800 3227 REAL-agree 268s
900 3227 REAL-agree 319s
1000 3227 REAL-agree 371s
1100 3227 REAL-agree 412s
1200 3227 REAL-agree 450s
1300 3227 REAL-agree 491s
1400 3227 LONG 545s
1500 3227 LONG 592s
1600 3227 LONG 632s
1700 3227 LONG 706s
1800 3227 CF 792s
1900 3227 CF 889s
2000 3227 CF 942s
2100 3227 CF 991s
2200 3227 CF 1024s
2300 3227 CF 1051s
2400 3227 CF 1080s
2500 3227 CF 1105s
2600 3227 CF-probe 1149s
2700 3227 CF-probe 1204s
2800 3227 CF-probe 1257s
2900 3227 CF-probe 1306s
3000 3227 CF-probe 1327s
3100 3227 CF-probe 1348s
3200 3227 CF-probe 1377s
done 3227 1387
