Loading weights:   0%|          | 0/320 [00:00<?, ?it/s]Loading weights: 100%|██████████| 320/320 [00:00<00:00, 3586.88it/s]
items 3227 done 0 mode q
100 3227 JB-all 10s
200 3227 JB-all 53s
300 3227 REAL-agree 115s
400 3227 REAL-agree 193s
500 3227 REAL-agree 271s
600 3227 REAL-agree 353s
700 3227 REAL-agree 439s
800 3227 REAL-agree 524s
900 3227 REAL-agree 619s
1000 3227 REAL-agree 698s
1100 3227 REAL-agree 739s
1200 3227 REAL-agree 776s
1300 3227 REAL-agree 821s
1400 3227 LONG 1000s
1500 3227 LONG 1219s
1600 3227 LONG 1408s
1700 3227 LONG 1588s
1800 3227 CF 1779s
1900 3227 CF 2000s
2000 3227 CF 2119s
2100 3227 CF 2229s
2200 3227 CF 2302s
2300 3227 CF 2365s
2400 3227 CF 2430s
2500 3227 CF 2484s
2600 3227 CF-probe 2581s
2700 3227 CF-probe 2699s
2800 3227 CF-probe 2813s
2900 3227 CF-probe 2919s
3000 3227 CF-probe 3019s
3100 3227 CF-probe 3117s
3200 3227 CF-probe 3192s
done 3227 3213
