Loading weights:   0%|          | 0/320 [00:00<?, ?it/s]Loading weights: 100%|██████████| 320/320 [00:00<00:00, 3900.19it/s]
items 3227 done 0 mode q
100 3227 JB-all 9s
200 3227 JB-all 50s
300 3227 REAL-agree 111s
400 3227 REAL-agree 187s
500 3227 REAL-agree 263s
600 3227 REAL-agree 342s
700 3227 REAL-agree 426s
800 3227 REAL-agree 507s
900 3227 REAL-agree 552s
1000 3227 REAL-agree 606s
1100 3227 REAL-agree 687s
1200 3227 REAL-agree 760s
1300 3227 REAL-agree 850s
1400 3227 LONG 1029s
1500 3227 LONG 1233s
1600 3227 LONG 1331s
1700 3227 LONG 1407s
1800 3227 CF 1488s
1900 3227 CF 1581s
2000 3227 CF 1631s
2100 3227 CF 1677s
2200 3227 CF 1708s
2300 3227 CF 1735s
2400 3227 CF 1763s
2500 3227 CF 1786s
2600 3227 CF-probe 1827s
2700 3227 CF-probe 1879s
2800 3227 CF-probe 1941s
2900 3227 CF-probe 2017s
3000 3227 CF-probe 2085s
3100 3227 CF-probe 2151s
3200 3227 CF-probe 2202s
done 3227 2217
