Loading weights:   0%|          | 0/320 [00:00<?, ?it/s]Loading weights: 100%|██████████| 320/320 [00:00<00:00, 4062.99it/s]
items 3227 done 0 mode q
100 3227 JB-all 9s
200 3227 JB-all 50s
300 3227 REAL-agree 111s
400 3227 REAL-agree 187s
500 3227 REAL-agree 263s
600 3227 REAL-agree 343s
700 3227 REAL-agree 428s
800 3227 REAL-agree 508s
900 3227 REAL-agree 596s
1000 3227 REAL-agree 700s
1100 3227 REAL-agree 783s
1200 3227 REAL-agree 859s
1300 3227 REAL-agree 952s
1400 3227 LONG 1138s
1500 3227 LONG 1343s
1600 3227 LONG 1513s
1700 3227 LONG 1605s
1800 3227 CF 1777s
1900 3227 CF 1975s
2000 3227 CF 2082s
2100 3227 CF 2186s
2200 3227 CF 2251s
2300 3227 CF 2278s
2400 3227 CF 2306s
2500 3227 CF 2329s
2600 3227 CF-probe 2370s
2700 3227 CF-probe 2440s
2800 3227 CF-probe 2545s
2900 3227 CF-probe 2643s
3000 3227 CF-probe 2736s
3100 3227 CF-probe 2827s
3200 3227 CF-probe 2897s
done 3227 2917
