Loading weights:   0%|          | 0/320 [00:00<?, ?it/s]Loading weights: 100%|██████████| 320/320 [00:00<00:00, 3674.18it/s]
100 2421 8s
200 2421 30s
300 2421 65s
400 2421 125s
500 2421 178s
600 2421 220s
700 2421 261s
800 2421 325s
900 2421 409s
1000 2421 506s
1100 2421 609s
1200 2421 661s
1300 2421 713s
1400 2421 746s
1500 2421 777s
1600 2421 807s
1700 2421 833s
1800 2421 880s
1900 2421 935s
2000 2421 987s
2100 2421 1037s
2200 2421 1084s
2300 2421 1130s
2400 2421 1165s
done 2421 1173s
EVDONE
