Loading weights:   0%|          | 0/320 [00:00<?, ?it/s]Loading weights: 100%|██████████| 320/320 [00:00<00:00, 3747.41it/s]
100 2421 10s
200 2421 37s
300 2421 81s
400 2421 157s
500 2421 223s
600 2421 274s
700 2421 325s
800 2421 385s
900 2421 514s
1000 2421 632s
1100 2421 757s
1200 2421 823s
1300 2421 885s
1400 2421 925s
1500 2421 963s
1600 2421 1001s
1700 2421 1032s
1800 2421 1090s
1900 2421 1159s
2000 2421 1224s
2100 2421 1285s
2200 2421 1344s
2300 2421 1399s
2400 2421 1442s
done 2421 1452s
EVDONE
