Loading weights:   0%|          | 0/320 [00:00<?, ?it/s]Loading weights: 100%|██████████| 320/320 [00:00<00:00, 3880.49it/s]
100 2421 9s
200 2421 35s
300 2421 79s
400 2421 156s
500 2421 224s
600 2421 269s
700 2421 303s
800 2421 363s
900 2421 492s
1000 2421 609s
1100 2421 734s
1200 2421 798s
1300 2421 859s
1400 2421 900s
1500 2421 936s
1600 2421 973s
1700 2421 1005s
1800 2421 1062s
1900 2421 1128s
2000 2421 1192s
2100 2421 1252s
2200 2421 1309s
2300 2421 1364s
2400 2421 1404s
done 2421 1414s
EVDONE
