Loading weights:   0%|          | 0/320 [00:00<?, ?it/s]Loading weights: 100%|██████████| 320/320 [00:00<00:00, 3694.21it/s]
100 2421 10s
200 2421 36s
300 2421 81s
400 2421 155s
500 2421 219s
600 2421 269s
700 2421 322s
800 2421 383s
900 2421 513s
1000 2421 629s
1100 2421 757s
1200 2421 821s
1300 2421 884s
1400 2421 925s
1500 2421 963s
1600 2421 1000s
1700 2421 1031s
1800 2421 1090s
1900 2421 1156s
2000 2421 1221s
2100 2421 1282s
2200 2421 1340s
2300 2421 1395s
2400 2421 1438s
done 2421 1448s
EVDONE
