pool 12747 cf pairs 2440 v5 12557
Loading weights:   0%|          | 0/320 [00:00<?, ?it/s]Loading weights: 100%|██████████| 320/320 [00:00<00:00, 4072.41it/s]
/home/ubuntu/work/h7/train_h7.py:166: UserWarning: Converting a tensor with requires_grad=True to a scalar may lead to unexpected behavior.
Consider using tensor.detach() first. (Triggered internally at /__w/pytorch/pytorch/torch/csrc/autograd/generated/python_variable_methods.cpp:820.)
  lsum['kl_' + kind] += float(kl); lcnt['kl_' + kind] += 1
{"upd": 1, "t": 6, "mem": 7.5, "lr": 9.999990130399206e-06, "kl_real": 0.1909, "agree_real": 0.0, "T": 2763.0, "ce_cf": 0.6931, "acc_cf": 0.5, "kl_cf": 0.0024, "agree_cf": 1.0}
{"upd": 10, "t": 75, "mem": 7.5, "lr": 5.499457191600242e-05, "kl_real": 0.4692, "agree_real": 0.5522, "T": 2985.7838, "ce_cf": 0.6933, "acc_cf": 0.5, "kl_cf": 0.097, "agree_cf": 0.7, "ce_v5": 1.5773, "acc_v5": 0.5, "kl_v5": 0.9352, "agree_v5": 0.5}
{"upd": 20, "t": 133, "mem": 7.5, "lr": 0.00010495855372217104, "kl_real": 0.4471, "agree_real": 0.6346, "T": 3124.9286, "ce_cf": 0.7341, "acc_cf": 0.5, "kl_cf": 0.0929, "agree_cf": 0.8333, "ce_v5": 2.4271, "acc_v5": 0.0, "kl_v5": 1.929, "agree_v5": 0.0}
{"upd": 30, "t": 231, "mem": 7.5, "lr": 0.00014986680416890832, "kl_real": 0.5501, "agree_real": 0.6897, "T": 2499.4091, "ce_cf": 0.7121, "acc_cf": 0.5, "kl_cf": 0.144, "agree_cf": 0.5714, "ce_v5": 0.8695, "acc_v5": 1.0, "kl_v5": 1.1761, "agree_v5": 0.0}
{"upd": 40, "t": 340, "mem": 7.5, "lr": 0.00014976326799934155, "ce_cf": 0.7317, "acc_cf": 0.5, "kl_cf": 0.1392, "agree_cf": 0.7143, "T": 2846.2683, "ce_v5": 1.4146, "acc_v5": 0.2, "kl_v5": 0.8605, "agree_v5": 0.2, "kl_real": 0.411, "agree_real": 0.6296}
{"upd": 50, "t": 442, "mem": 7.5, "lr": 0.00014963022793735843, "ce_cf": 0.7016, "acc_cf": 0.375, "kl_cf": 0.0835, "agree_cf": 0.4375, "T": 2858.878, "kl_real": 0.6348, "agree_real": 0.6154, "ce_v5": 0.6363, "acc_v5": 0.75, "kl_v5": 0.1543, "agree_v5": 1.0}
pool 12747 cf pairs 2440 v5 12557
Loading weights:   0%|          | 0/320 [00:00<?, ?it/s]Loading weights: 100%|██████████| 320/320 [00:00<00:00, 3840.76it/s]
resumed at update 50
/home/ubuntu/work/h7/train_h7.py:166: UserWarning: Converting a tensor with requires_grad=True to a scalar may lead to unexpected behavior.
Consider using tensor.detach() first. (Triggered internally at /__w/pytorch/pytorch/torch/csrc/autograd/generated/python_variable_methods.cpp:820.)
  lsum['kl_' + kind] += float(kl); lcnt['kl_' + kind] += 1
{"upd": 51, "t": 9, "mem": 7.5, "lr": 0.00014921568155344407, "kl_real": 1.2636, "agree_real": 0.0, "T": 2212.25, "ce_cf": 0.6477, "acc_cf": 0.5, "kl_cf": 0.0592, "agree_cf": 0.5}
{"upd": 60, "t": 111, "mem": 7.5, "lr": 0.00014891524723040749, "ce_v5": 2.2724, "acc_v5": 0.25, "kl_v5": 2.1385, "agree_v5": 0.25, "T": 2994.4054, "kl_real": 0.2636, "agree_real": 0.7869, "ce_cf": 0.7053, "acc_cf": 0.5, "kl_cf": 0.1306, "agree_cf": 0.5}
{"upd": 70, "t": 222, "mem": 7.5, "lr": 0.00014852496304953186, "kl_real": 0.3678, "agree_real": 0.7907, "T": 2959.725, "ce_cf": 0.6817, "acc_cf": 0.5, "kl_cf": 0.1009, "agree_cf": 0.5714, "ce_v5": 1.7615, "acc_v5": 0.0, "kl_v5": 1.3385, "agree_v5": 0.0}
{"upd": 80, "t": 328, "mem": 7.5, "lr": 0.00014807557758476854, "kl_real": 0.3099, "agree_real": 0.8077, "T": 2710.0238, "ce_v5": 1.1251, "acc_v5": 0.5714, "kl_v5": 0.2378, "agree_v5": 0.4286, "ce_cf": 0.7138, "acc_cf": 0.6667, "kl_cf": 0.1264, "agree_cf": 0.4167}
{"upd": 90, "t": 432, "mem": 7.5, "lr": 0.00014756749309697008, "kl_real": 0.3708, "agree_real": 0.6962, "T": 2770.6341, "ce_cf": 0.7235, "acc_cf": 0.5, "kl_cf": 0.0732, "agree_cf": 0.625, "ce_v5": 0.8223, "acc_v5": 0.6667, "kl_v5": 0.1009, "agree_v5": 0.6667}
{"upd": 100, "t": 524, "mem": 7.5, "lr": 0.00014700116439056449, "kl_real": 0.449, "agree_real": 0.7632, "T": 2399.4146, "ce_cf": 0.7155, "acc_cf": 0.5625, "kl_cf": 0.0787, "agree_cf": 0.75, "ce_v5": 2.005, "acc_v5": 0.2, "kl_v5": 1.4025, "agree_v5": 0.4}
{"upd": 110, "t": 628, "mem": 7.5, "lr": 0.00014637709840644356, "kl_real": 0.2303, "agree_real": 0.8354, "T": 2763.45, "ce_v5": 0.6012, "acc_v5": 0.6667, "kl_v5": 0.0951, "agree_v5": 0.6667, "ce_cf": 0.7294, "acc_cf": 0.5, "kl_cf": 0.1144, "agree_cf": 0.75}
{"upd": 120, "t": 736, "mem": 7.5, "lr": 0.00014569585376818226, "kl_real": 0.2905, "agree_real": 0.7656, "T": 2891.0, "ce_cf": 0.7036, "acc_cf": 0.4286, "kl_cf": 0.1112, "agree_cf": 0.5714, "ce_v5": 0.7229, "acc_v5": 0.0, "kl_v5": 0.4681, "agree_v5": 0.0}
{"upd": 130, "t": 813, "mem": 7.5, "lr": 0.00014495804028199477, "kl_real": 0.2484, "agree_real": 0.7722, "T": 2984.9268, "ce_cf": 0.6994, "acc_cf": 0.4286, "kl_cf": 0.1148, "agree_cf": 0.5, "ce_v5": 2.0551, "acc_v5": 0.0, "kl_v5": 1.8351, "agree_v5": 0.0}
{"upd": 140, "t": 870, "mem": 7.5, "lr": 0.00014416431839087555, "kl_real": 0.3301, "agree_real": 0.7429, "T": 3284.95, "ce_cf": 0.7055, "acc_cf": 0.4, "kl_cf": 0.0311, "agree_cf": 0.8, "ce_v5": 0.6844, "acc_v5": 0.6667, "kl_v5": 0.256, "agree_v5": 0.6667}
{"upd": 150, "t": 918, "mem": 7.5, "lr": 0.00014331539858341327, "kl_real": 0.3858, "agree_real": 0.7258, "T": 2521.8571, "ce_v5": 1.6889, "acc_v5": 0.3, "kl_v5": 1.1203, "agree_v5": 0.3, "ce_cf": 0.6912, "acc_cf": 0.5, "kl_cf": 0.0505, "agree_cf": 1.0}
{"upd": 160, "t": 962, "mem": 7.5, "lr": 0.0001424120407578074, "kl_real": 0.4143, "agree_real": 0.75, "T": 2108.6667, "ce_cf": 0.6946, "acc_cf": 0.5, "kl_cf": 0.0839, "agree_cf": 0.8333, "ce_v5": 2.1171, "acc_v5": 0.3333, "kl_v5": 1.9225, "agree_v5": 0.3333}
{"upd": 170, "t": 1008, "mem": 7.5, "lr": 0.00014145505354165624, "ce_cf": 0.7112, "acc_cf": 0.5714, "kl_cf": 0.0528, "agree_cf": 0.7857, "T": 2558.35, "kl_real": 0.1881, "agree_real": 0.8462, "ce_v5": 1.6723, "acc_v5": 0.5, "kl_v5": 1.2244, "agree_v5": 0.375}
{"upd": 180, "t": 1052, "mem": 7.5, "lr": 0.00014044529356812595, "ce_cf": 0.6907, "acc_cf": 0.5714, "kl_cf": 0.1081, "agree_cf": 0.6429, "T": 2396.85, "ce_v5": 1.2692, "acc_v5": 0.6667, "kl_v5": 1.0005, "agree_v5": 0.5, "kl_real": 0.1994, "agree_real": 0.8125}
{"upd": 190, "t": 1103, "mem": 7.5, "lr": 0.00013938366470914765, "ce_cf": 0.6981, "acc_cf": 0.5, "kl_cf": 0.117, "agree_cf": 0.5714, "T": 2998.875, "kl_real": 0.4917, "agree_real": 0.6667, "ce_v5": 2.528, "acc_v5": 0.0, "kl_v5": 2.528, "agree_v5": 0.0}
{"upd": 200, "t": 1158, "mem": 7.5, "lr": 0.00013827111726632965, "kl_real": 0.3408, "agree_real": 0.8065, "T": 3217.65, "ce_cf": 0.7592, "acc_cf": 0.4286, "kl_cf": 0.1087, "agree_cf": 0.6429, "ce_v5": 0.1078, "acc_v5": 1.0, "kl_v5": 0.0204, "agree_v5": 1.0}
{"upd": 210, "t": 1215, "mem": 7.5, "lr": 0.00013710864712030893, "kl_real": 0.2181, "agree_real": 0.8846, "T": 3039.5, "ce_cf": 0.6518, "acc_cf": 0.7143, "kl_cf": 0.0668, "agree_cf": 0.6429, "ce_v5": 0.498, "acc_v5": 1.0, "kl_v5": 0.2881, "agree_v5": 1.0}
{"upd": 220, "t": 1258, "mem": 7.5, "lr": 0.00013589729483930304, "kl_real": 0.313, "agree_real": 0.6792, "T": 2341.4878, "ce_cf": 0.7001, "acc_cf": 0.5, "kl_cf": 0.1036, "agree_cf": 0.8333, "ce_v5": 2.0241, "acc_v5": 0.3333, "kl_v5": 1.8562, "agree_v5": 0.3333}
{"upd": 230, "t": 1310, "mem": 7.5, "lr": 0.00013463814474766047, "kl_real": 0.2679, "agree_real": 0.7671, "T": 2926.85, "ce_cf": 0.8729, "acc_cf": 0.5, "kl_cf": 0.1024, "agree_cf": 0.9, "ce_v5": 1.8719, "acc_v5": 0.6, "kl_v5": 1.7285, "agree_v5": 0.6}
{"upd": 240, "t": 1359, "mem": 7.5, "lr": 0.00013333232395524374, "kl_real": 0.3453, "agree_real": 0.6949, "T": 2639.4146, "ce_v5": 1.3313, "acc_v5": 0.4, "kl_v5": 0.7916, "agree_v5": 0.4, "ce_cf": 0.6964, "acc_cf": 0.5, "kl_cf": 0.1241, "agree_cf": 0.5833}
{"upd": 250, "t": 1414, "mem": 7.5, "lr": 0.00013198100134851327, "kl_real": 0.297, "agree_real": 0.7143, "T": 3038.4651, "ce_cf": 0.6925, "acc_cf": 0.5833, "kl_cf": 0.0876, "agree_cf": 0.75}
{"upd": 260, "t": 1466, "mem": 7.5, "lr": 0.00013058538654421575, "kl_real": 0.1899, "agree_real": 0.7576, "T": 2820.1905, "ce_cf": 0.6602, "acc_cf": 0.625, "kl_cf": 0.0546, "agree_cf": 0.75, "ce_v5": 1.3134, "acc_v5": 0.5, "kl_v5": 0.5731, "agree_v5": 0.0}
{"upd": 270, "t": 1515, "mem": 7.5, "lr": 0.00012914672880661335, "kl_real": 0.1725, "agree_real": 0.806, "T": 2750.439, "ce_cf": 0.7289, "acc_cf": 0.5, "kl_cf": 0.0811, "agree_cf": 0.8, "ce_v5": 0.9483, "acc_v5": 0.3333, "kl_v5": 0.2715, "agree_v5": 0.3333}
{"upd": 280, "t": 1563, "mem": 7.5, "lr": 0.00012766631592922293, "kl_real": 0.2983, "agree_real": 0.7763, "T": 2689.6341, "ce_v5": 2.6926, "acc_v5": 0.0, "kl_v5": 2.6814, "agree_v5": 0.0, "ce_cf": 0.7074, "acc_cf": 0.5, "kl_cf": 0.0893, "agree_cf": 0.8}
{"upd": 290, "t": 1612, "mem": 7.5, "lr": 0.00012614547308206645, "kl_real": 0.3488, "agree_real": 0.7077, "T": 2752.15, "ce_v5": 1.7969, "acc_v5": 0.0, "kl_v5": 1.3368, "agree_v5": 0.0, "ce_cf": 0.7022, "acc_cf": 0.4167, "kl_cf": 0.072, "agree_cf": 0.8333}
{"upd": 300, "t": 1667, "mem": 7.5, "lr": 0.0001245855616254645, "kl_real": 0.2946, "agree_real": 0.7581, "T": 3141.2927, "ce_v5": 0.6285, "acc_v5": 0.3333, "kl_v5": 0.3544, "agree_v5": 0.3333, "ce_cf": 0.6699, "acc_cf": 0.5, "kl_cf": 0.0552, "agree_cf": 0.6667}
saved 300
{"upd": 310, "t": 1718, "mem": 7.5, "lr": 0.00012298797789143416, "kl_real": 0.3357, "agree_real": 0.8, "T": 2686.0238, "ce_v5": 0.9581, "acc_v5": 0.4286, "kl_v5": 0.4726, "agree_v5": 0.4286, "ce_cf": 0.732, "acc_cf": 0.625, "kl_cf": 0.2248, "agree_cf": 0.5}
{"upd": 320, "t": 1821, "mem": 7.5, "lr": 0.00012135415193378296, "kl_real": 0.3687, "agree_real": 0.7429, "T": 3005.65, "ce_v5": 1.6033, "acc_v5": 0.5, "kl_v5": 0.7674, "agree_v5": 0.75, "ce_cf": 0.6931, "acc_cf": 0.4167, "kl_cf": 0.1024, "agree_cf": 0.9167}
{"upd": 330, "t": 1926, "mem": 7.5, "lr": 0.00011968554624801692, "kl_real": 0.2186, "agree_real": 0.7609, "T": 2512.6829, "ce_cf": 0.6833, "acc_cf": 0.5, "kl_cf": 0.1019, "agree_cf": 1.0, "ce_v5": 1.6412, "acc_v5": 0.375, "kl_v5": 1.3273, "agree_v5": 0.5}
