pool 12747 cf pairs 2440 v5 12557
Loading weights:   0%|          | 0/320 [00:00<?, ?it/s]Loading weights: 100%|██████████| 320/320 [00:00<00:00, 3611.25it/s]
resumed at update 900
/home/ubuntu/work/h7/train_h7.py:182: UserWarning: Converting a tensor with requires_grad=True to a scalar may lead to unexpected behavior.
Consider using tensor.detach() first. (Triggered internally at /__w/pytorch/pytorch/torch/csrc/autograd/generated/python_variable_methods.cpp:820.)
  lsum['kl_' + kind] += float(kl); lcnt['kl_' + kind] += 1
{"upd": 901, "t": 10, "mem": 7.5, "lr": 7.076860270224011e-05, "kl_real": 0.0232, "agree_real": 0.9091, "T": 2391.0, "hid": 0.1499}
{"upd": 910, "t": 104, "mem": 7.5, "lr": 6.91408550234408e-05, "hid": 0.1155, "ce_cf": 0.162, "acc_cf": 1.0, "kl_cf": 0.3612, "agree_cf": 0.6667, "T": 2603.6842, "kl_real": 0.1171, "agree_real": 0.8281, "ce_v5": 0.5587, "acc_v5": 0.75, "kl_v5": 0.1986, "agree_v5": 0.75}
{"upd": 920, "t": 237, "mem": 7.5, "lr": 6.735182037743013e-05, "kl_real": 0.1376, "agree_real": 0.8571, "T": 3387.3333, "hid": 0.1366, "ce_v5": 0.3254, "acc_v5": 1.0, "kl_v5": 0.027, "agree_v5": 1.0, "ce_cf": 0.1342, "acc_cf": 1.0, "kl_cf": 0.4174, "agree_cf": 0.6667}
{"upd": 930, "t": 337, "mem": 7.5, "lr": 6.55842603742088e-05, "kl_real": 0.0703, "agree_real": 0.9231, "T": 2512.1905, "hid": 0.1194, "ce_v5": 0.4708, "acc_v5": 1.0, "kl_v5": 0.1385, "agree_v5": 0.75, "ce_cf": 0.2644, "acc_cf": 0.9286, "kl_cf": 0.3597, "agree_cf": 0.5714}
{"upd": 940, "t": 435, "mem": 7.5, "lr": 6.383906503346846e-05, "kl_real": 0.1144, "agree_real": 0.8378, "T": 2503.9512, "hid": 0.1558, "ce_v5": 0.5093, "acc_v5": 0.875, "kl_v5": 0.1348, "agree_v5": 0.75, "ce_cf": 0.2555, "acc_cf": 0.8333, "kl_cf": 0.2544, "agree_cf": 0.5833}
{"upd": 950, "t": 553, "mem": 7.5, "lr": 6.211711311361972e-05, "kl_real": 0.1756, "agree_real": 0.7538, "T": 3027.0, "hid": 0.1184, "ce_v5": 0.6363, "acc_v5": 0.5, "kl_v5": 0.4477, "agree_v5": 0.5, "ce_cf": 0.2363, "acc_cf": 0.9286, "kl_cf": 0.2453, "agree_cf": 0.6429}
{"upd": 960, "t": 678, "mem": 7.5, "lr": 6.0419271669310785e-05, "ce_cf": 0.23, "acc_cf": 0.95, "kl_cf": 0.301, "agree_cf": 0.75, "T": 3079.3721, "hid": 0.1035, "kl_real": 0.1391, "agree_real": 0.7458, "ce_v5": 0.0656, "acc_v5": 1.0, "kl_v5": 0.0005, "agree_v5": 1.0}
{"upd": 970, "t": 787, "mem": 7.5, "lr": 5.874639561483932e-05, "hid": 0.1193, "ce_cf": 0.2292, "acc_cf": 1.0, "kl_cf": 0.2593, "agree_cf": 0.6111, "T": 2738.8095, "kl_real": 0.1585, "agree_real": 0.8085, "ce_v5": 0.3924, "acc_v5": 0.6667, "kl_v5": 0.2477, "agree_v5": 0.6667}
{"upd": 980, "t": 893, "mem": 7.5, "lr": 5.709932729367744e-05, "kl_real": 0.1086, "agree_real": 0.8868, "T": 2706.5366, "hid": 0.1227, "ce_cf": 0.1478, "acc_cf": 1.0, "kl_cf": 0.2746, "agree_cf": 0.7143, "ce_v5": 0.5317, "acc_v5": 0.6, "kl_v5": 0.3431, "agree_v5": 0.6}
{"upd": 990, "t": 992, "mem": 7.5, "lr": 5.5478896054326224e-05, "ce_cf": 0.3709, "acc_cf": 0.8333, "kl_cf": 0.2314, "agree_cf": 0.6667, "T": 3119.075, "kl_real": 0.1404, "agree_real": 0.8806, "ce_v5": 0.3938, "acc_v5": 0.6667, "kl_v5": 0.2106, "agree_v5": 0.6667, "hid": 0.1329}
{"upd": 1000, "t": 1047, "mem": 7.5, "lr": 5.3885917832713996e-05, "kl_real": 0.039, "agree_real": 0.9683, "T": 3050.8293, "ce_v5": 0.8833, "acc_v5": 0.5, "kl_v5": 0.4189, "agree_v5": 0.5, "hid": 0.1186, "ce_cf": 0.397, "acc_cf": 0.7143, "kl_cf": 0.3532, "agree_cf": 0.3571}
saved 1000
{"upd": 1010, "t": 1097, "mem": 7.5, "lr": 5.232119474134783e-05, "ce_cf": 0.4561, "acc_cf": 0.7778, "kl_cf": 0.1218, "agree_cf": 0.7222, "T": 2634.0952, "hid": 0.117, "kl_real": 0.1822, "agree_real": 0.825, "ce_v5": 0.0777, "acc_v5": 1.0, "kl_v5": 0.0775, "agree_v5": 1.0}
{"upd": 1020, "t": 1150, "mem": 7.5, "lr": 5.078551466542587e-05, "hid": 0.1381, "kl_real": 0.1318, "agree_real": 0.8605, "T": 2725.5227, "ce_cf": 0.4109, "acc_cf": 0.8182, "kl_cf": 0.1841, "agree_cf": 0.5909, "ce_v5": 0.5332, "acc_v5": 1.0, "kl_v5": 0.0782, "agree_v5": 1.0}
{"upd": 1030, "t": 1206, "mem": 7.5, "lr": 4.927965086611331e-05, "hid": 0.1214, "kl_real": 0.0946, "agree_real": 0.901, "T": 3171.3, "ce_v5": 0.2568, "acc_v5": 0.6667, "kl_v5": 0.136, "agree_v5": 0.6667, "ce_cf": 0.3379, "acc_cf": 0.75, "kl_cf": 0.1202, "agree_cf": 1.0}
{"upd": 1040, "t": 1263, "mem": 7.5, "lr": 4.7804361591182186e-05, "hid": 0.1428, "kl_real": 0.0946, "agree_real": 0.9231, "T": 3226.1463, "ce_v5": 0.5099, "acc_v5": 0.6667, "kl_v5": 0.1549, "agree_v5": 0.6667, "ce_cf": 0.2831, "acc_cf": 0.8, "kl_cf": 0.1695, "agree_cf": 0.7}
{"upd": 1050, "t": 1318, "mem": 7.5, "lr": 4.6360389693210735e-05, "hid": 0.157, "kl_real": 0.0824, "agree_real": 0.8367, "T": 3014.0732, "ce_v5": 0.4291, "acc_v5": 1.0, "kl_v5": 0.079, "agree_v5": 0.8571, "ce_cf": 0.2322, "acc_cf": 0.8333, "kl_cf": 0.3833, "agree_cf": 0.5833}
{"upd": 1060, "t": 1372, "mem": 7.5, "lr": 4.494846225553477e-05, "hid": 0.1174, "kl_real": 0.0783, "agree_real": 0.8793, "T": 2817.7907, "ce_cf": 0.2772, "acc_cf": 0.9, "kl_cf": 0.2688, "agree_cf": 0.65, "ce_v5": 0.6308, "acc_v5": 1.0, "kl_v5": 0.3132, "agree_v5": 1.0}
{"upd": 1070, "t": 1426, "mem": 7.5, "lr": 4.3569290226139354e-05, "kl_real": 0.1427, "agree_real": 0.878, "T": 2846.5814, "hid": 0.1305, "ce_v5": 0.3141, "acc_v5": 1.0, "kl_v5": 0.0322, "agree_v5": 1.0, "ce_cf": 0.1599, "acc_cf": 0.9286, "kl_cf": 0.3297, "agree_cf": 0.7143}
{"upd": 1080, "t": 1477, "mem": 7.5, "lr": 4.222356805967502e-05, "ce_cf": 0.3415, "acc_cf": 0.8333, "kl_cf": 0.2958, "agree_cf": 0.5, "T": 2771.0238, "hid": 0.1382, "kl_real": 0.1801, "agree_real": 0.75, "ce_v5": 0.2398, "acc_v5": 1.0, "kl_v5": 0.0145, "agree_v5": 1.0}
{"upd": 1090, "t": 1523, "mem": 7.5, "lr": 4.0911973367779e-05, "hid": 0.1407, "kl_real": 0.1286, "agree_real": 0.898, "T": 2368.881, "ce_cf": 0.1964, "acc_cf": 0.9286, "kl_cf": 0.2046, "agree_cf": 0.7143, "ce_v5": 1.1122, "acc_v5": 0.2, "kl_v5": 0.4457, "agree_v5": 0.4}
{"upd": 1100, "t": 1575, "mem": 7.5, "lr": 3.963516657787732e-05, "ce_cf": 0.1186, "acc_cf": 1.0, "kl_cf": 0.3835, "agree_cf": 0.5, "T": 2882.075, "kl_real": 0.1449, "agree_real": 0.85, "hid": 0.1398, "ce_v5": 0.5091, "acc_v5": 1.0, "kl_v5": 0.0234, "agree_v5": 0.75}
saved 1100
{"upd": 1110, "t": 1633, "mem": 7.5, "lr": 3.839379060063972e-05, "hid": 0.1339, "kl_real": 0.1345, "agree_real": 0.869, "T": 3370.975, "ce_cf": 0.1069, "acc_cf": 1.0, "kl_cf": 0.2784, "agree_cf": 0.75, "ce_v5": 0.0001, "acc_v5": 1.0, "kl_v5": 0.0001, "agree_v5": 1.0}
{"upd": 1120, "t": 1678, "mem": 7.5, "lr": 3.718847050625475e-05, "hid": 0.1169, "kl_real": 0.1676, "agree_real": 0.7857, "T": 2395.8049, "ce_cf": 0.1069, "acc_cf": 1.0, "kl_cf": 0.2916, "agree_cf": 0.7143, "ce_v5": 0.9912, "acc_v5": 0.5, "kl_v5": 0.323, "agree_v5": 0.6667}
{"upd": 1130, "t": 1727, "mem": 7.5, "lr": 3.601981320968812e-05, "ce_cf": 0.2359, "acc_cf": 0.8333, "kl_cf": 0.4002, "agree_cf": 0.5, "T": 2666.561, "hid": 0.1141, "kl_real": 0.1636, "agree_real": 0.8727, "ce_v5": 0.5651, "acc_v5": 0.75, "kl_v5": 0.2087, "agree_v5": 0.75}
{"upd": 1140, "t": 1784, "mem": 7.5, "lr": 3.4888407165082766e-05, "kl_real": 0.0736, "agree_real": 0.9136, "T": 3269.3, "ce_cf": 0.1317, "acc_cf": 1.0, "kl_cf": 0.3225, "agree_cf": 0.625, "hid": 0.1406, "ce_v5": 0.5458, "acc_v5": 0.75, "kl_v5": 0.0936, "agree_v5": 0.75}
{"upd": 1150, "t": 1836, "mem": 7.5, "lr": 3.3794822069454436e-05, "hid": 0.1167, "ce_v5": 0.2279, "acc_v5": 1.0, "kl_v5": 0.0483, "agree_v5": 1.0, "T": 2888.425, "ce_cf": 0.1564, "acc_cf": 1.0, "kl_cf": 0.287, "agree_cf": 0.75, "kl_real": 0.0871, "agree_real": 0.9091}
{"upd": 1160, "t": 1890, "mem": 7.5, "lr": 3.2739608575832055e-05, "hid": 0.1012, "kl_real": 0.0643, "agree_real": 0.8226, "T": 2933.5952, "ce_cf": 0.1874, "acc_cf": 0.95, "kl_cf": 0.3492, "agree_cf": 0.6, "ce_v5": 0.2641, "acc_v5": 1.0, "kl_v5": 0.104, "agree_v5": 1.0}
{"upd": 1170, "t": 1942, "mem": 7.5, "lr": 3.1723298015987425e-05, "kl_real": 0.0778, "agree_real": 0.9464, "T": 2682.4048, "hid": 0.1247, "ce_v5": 0.3673, "acc_v5": 1.0, "kl_v5": 0.108, "agree_v5": 0.75, "ce_cf": 0.1235, "acc_cf": 1.0, "kl_cf": 0.3901, "agree_cf": 0.5625}
{"upd": 1180, "t": 1995, "mem": 7.5, "lr": 3.074640213289358e-05, "hid": 0.1091, "ce_v5": 0.5771, "acc_v5": 0.6, "kl_v5": 0.3618, "agree_v5": 0.6, "T": 2921.439, "kl_real": 0.0915, "agree_real": 0.8955, "ce_cf": 0.0952, "acc_cf": 1.0, "kl_cf": 0.4135, "agree_cf": 0.7143}
{"upd": 1190, "t": 2051, "mem": 7.5, "lr": 2.98094128230469e-05, "hid": 0.1141, "kl_real": 0.0666, "agree_real": 0.8861, "T": 3012.2619, "ce_cf": 0.2486, "acc_cf": 1.0, "kl_cf": 0.275, "agree_cf": 0.625, "ce_v5": 0.3097, "acc_v5": 0.6667, "kl_v5": 0.1597, "agree_v5": 0.6667}
{"upd": 1200, "t": 2108, "mem": 7.5, "lr": 2.891280188878229e-05, "hid": 0.1139, "ce_cf": 0.1096, "acc_cf": 1.0, "kl_cf": 0.3675, "agree_cf": 0.6667, "T": 3206.7857, "kl_real": 0.0872, "agree_real": 0.9259, "ce_v5": 0.7648, "acc_v5": 0.5, "kl_v5": 0.0397, "agree_v5": 0.5}
saved 1200
{"upd": 1210, "t": 2160, "mem": 7.5, "lr": 2.8057020800706575e-05, "kl_real": 0.1341, "agree_real": 0.9298, "T": 2799.2195, "hid": 0.1287, "ce_v5": 0.4905, "acc_v5": 0.5, "kl_v5": 0.3665, "agree_v5": 0.5, "ce_cf": 0.2096, "acc_cf": 1.0, "kl_cf": 0.3275, "agree_cf": 0.5}
{"upd": 1220, "t": 2213, "mem": 7.5, "lr": 2.7242500470369453e-05, "hid": 0.0922, "ce_v5": 0.3732, "acc_v5": 0.6, "kl_v5": 0.1228, "agree_v5": 0.6, "T": 2824.2381, "kl_real": 0.0896, "agree_real": 0.8814, "ce_cf": 0.1568, "acc_cf": 1.0, "kl_cf": 0.2933, "agree_cf": 0.625}
{"upd": 1230, "t": 2259, "mem": 7.5, "lr": 2.646965103328651e-05, "hid": 0.1169, "ce_cf": 0.1482, "acc_cf": 1.0, "kl_cf": 0.3841, "agree_cf": 0.5, "T": 2404.6667, "kl_real": 0.0845, "agree_real": 0.8272, "ce_v5": 0.3839, "acc_v5": 0.6667, "kl_v5": 0.2346, "agree_v5": 0.6667}
{"upd": 1240, "t": 2314, "mem": 7.5, "lr": 2.5738861642423657e-05, "hid": 0.125, "ce_cf": 0.3004, "acc_cf": 0.9375, "kl_cf": 0.1781, "agree_cf": 0.6875, "T": 3135.7805, "kl_real": 0.1135, "agree_real": 0.7812, "ce_v5": 0.1311, "acc_v5": 1.0, "kl_v5": 0.0018, "agree_v5": 1.0}
{"upd": 1250, "t": 2368, "mem": 7.5, "lr": 2.505050027224692e-05, "hid": 0.1228, "ce_v5": 0.6407, "acc_v5": 0.6667, "kl_v5": 0.029, "agree_v5": 0.6667, "T": 2892.3256, "kl_real": 0.1367, "agree_real": 0.8382, "ce_cf": 0.1609, "acc_cf": 1.0, "kl_cf": 0.409, "agree_cf": 0.5}
{"upd": 1260, "t": 2423, "mem": 7.5, "lr": 2.4404913533436186e-05, "hid": 0.1164, "kl_real": 0.093, "agree_real": 0.8333, "T": 2854.3023, "ce_cf": 0.1524, "acc_cf": 1.0, "kl_cf": 0.2364, "agree_cf": 0.7857, "ce_v5": 0.9419, "acc_v5": 0.5, "kl_v5": 0.1331, "agree_v5": 0.5}
{"upd": 1270, "t": 2472, "mem": 7.5, "lr": 2.380242649835626e-05, "kl_real": 0.1553, "agree_real": 0.8491, "T": 2624.1707, "hid": 0.1388, "ce_v5": 0.7263, "acc_v5": 0.375, "kl_v5": 0.2821, "agree_v5": 0.5, "ce_cf": 0.1628, "acc_cf": 1.0, "kl_cf": 0.3269, "agree_cf": 0.6667}
{"upd": 1280, "t": 2523, "mem": 7.5, "lr": 2.3243342537373212e-05, "ce_cf": 0.167, "acc_cf": 0.9444, "kl_cf": 0.3511, "agree_cf": 0.6667, "T": 2786.8537, "hid": 0.1216, "kl_real": 0.0478, "agree_real": 0.8923, "ce_v5": 1.6325, "acc_v5": 0.5, "kl_v5": 1.051, "agree_v5": 0.5}
{"upd": 1290, "t": 2573, "mem": 7.5, "lr": 2.2727943166098184e-05, "hid": 0.1258, "kl_real": 0.0617, "agree_real": 0.8841, "T": 2754.3902, "ce_cf": 0.1616, "acc_cf": 1.0, "kl_cf": 0.4481, "agree_cf": 0.5833, "ce_v5": 0.9548, "acc_v5": 0.6667, "kl_v5": 0.6797, "agree_v5": 0.6667}
{"upd": 1300, "t": 2616, "mem": 7.5, "lr": 2.2256487903635874e-05, "hid": 0.1211, "kl_real": 0.108, "agree_real": 0.9057, "T": 2249.7805, "ce_v5": 0.6444, "acc_v5": 0.6667, "kl_v5": 0.2504, "agree_v5": 0.8333, "ce_cf": 0.0807, "acc_cf": 1.0, "kl_cf": 0.1518, "agree_cf": 0.875}
saved 1300
{"upd": 1310, "t": 2673, "mem": 7.5, "lr": 2.182921414190881e-05, "hid": 0.1113, "kl_real": 0.072, "agree_real": 0.9123, "T": 2988.6744, "ce_cf": 0.1299, "acc_cf": 1.0, "kl_cf": 0.4644, "agree_cf": 0.45, "ce_v5": 0.9806, "acc_v5": 1.0, "kl_v5": 0.0626, "agree_v5": 1.0}
