pool 12747 cf pairs 2440 v5 12557
Loading weights:   0%|          | 0/320 [00:00<?, ?it/s]Loading weights: 100%|██████████| 320/320 [00:00<00:00, 3831.16it/s]
/home/ubuntu/work/h7/train_h7.py:166: UserWarning: Converting a tensor with requires_grad=True to a scalar may lead to unexpected behavior.
Consider using tensor.detach() first. (Triggered internally at /__w/pytorch/pytorch/torch/csrc/autograd/generated/python_variable_methods.cpp:820.)
  lsum['kl_' + kind] += float(kl); lcnt['kl_' + kind] += 1
{"upd": 1, "t": 12, "mem": 7.5, "lr": 1.3333296779280075e-05, "kl_real": 0.2058, "agree_real": 0.5, "T": 2763.0, "ce_cf": 0.6973, "acc_cf": 0.5, "kl_cf": 0.001, "agree_cf": 1.0}
{"upd": 10, "t": 115, "mem": 7.5, "lr": 7.33132306249635e-05, "kl_real": 0.5172, "agree_real": 0.4478, "T": 2985.7838, "ce_cf": 0.6979, "acc_cf": 0.6, "kl_cf": 0.0785, "agree_cf": 0.4, "ce_v5": 1.029, "acc_v5": 1.0, "kl_v5": 0.4513, "agree_v5": 0.75}
{"upd": 20, "t": 236, "mem": 7.5, "lr": 0.00013984653516636893, "kl_real": 0.4687, "agree_real": 0.5769, "T": 3124.9286, "ce_cf": 0.9438, "acc_cf": 0.4444, "kl_cf": 0.1591, "agree_cf": 0.7778, "ce_v5": 2.1855, "acc_v5": 0.0, "kl_v5": 1.6707, "agree_v5": 0.0}
{"upd": 30, "t": 339, "mem": 7.5, "lr": 0.0001995069705831446, "kl_real": 0.54, "agree_real": 0.4483, "T": 2499.4091, "ce_cf": 0.7779, "acc_cf": 0.5357, "kl_cf": 0.2065, "agree_cf": 0.3214, "ce_v5": 0.7654, "acc_v5": 1.0, "kl_v5": 0.5981, "agree_v5": 0.0}
{"upd": 40, "t": 451, "mem": 7.5, "lr": 0.00019912412618674135, "ce_cf": 0.6648, "acc_cf": 0.5714, "kl_cf": 0.0736, "agree_cf": 0.7857, "T": 2846.2683, "ce_v5": 1.2357, "acc_v5": 0.4, "kl_v5": 0.7698, "agree_v5": 0.6, "kl_real": 0.4906, "agree_real": 0.5}
{"upd": 50, "t": 561, "mem": 7.5, "lr": 0.00019863269777109873, "ce_cf": 0.6451, "acc_cf": 0.5625, "kl_cf": 0.0965, "agree_cf": 0.5, "T": 2858.878, "kl_real": 0.7264, "agree_real": 0.5897, "ce_v5": 1.2468, "acc_v5": 0.5, "kl_v5": 0.2963, "agree_v5": 0.75}
{"upd": 60, "t": 673, "mem": 7.5, "lr": 0.00019803328406604252, "kl_real": 0.2972, "agree_real": 0.6667, "T": 2918.0976, "ce_cf": 0.7498, "acc_cf": 0.625, "kl_cf": 0.1674, "agree_cf": 0.625, "ce_v5": 0.9812, "acc_v5": 0.75, "kl_v5": 0.8455, "agree_v5": 0.75}
{"upd": 70, "t": 783, "mem": 7.5, "lr": 0.00019732661536483968, "kl_real": 0.3374, "agree_real": 0.6977, "T": 2959.725, "ce_cf": 0.6356, "acc_cf": 0.5714, "kl_cf": 0.2112, "agree_cf": 0.6429, "ce_v5": 0.6684, "acc_v5": 0.75, "kl_v5": 0.3291, "agree_v5": 0.75}
{"upd": 80, "t": 891, "mem": 7.5, "lr": 0.0001965135526344487, "kl_real": 0.3525, "agree_real": 0.7115, "T": 2710.0238, "ce_v5": 0.9723, "acc_v5": 0.7143, "kl_v5": 0.2319, "agree_v5": 0.5714, "ce_cf": 0.6957, "acc_cf": 0.5, "kl_cf": 0.1539, "agree_cf": 0.4167}
{"upd": 90, "t": 999, "mem": 7.5, "lr": 0.00019559508646656385, "kl_real": 0.3694, "agree_real": 0.6835, "T": 2770.6341, "ce_cf": 0.6401, "acc_cf": 0.5, "kl_cf": 0.1122, "agree_cf": 0.375, "ce_v5": 0.7215, "acc_v5": 0.6667, "kl_v5": 0.076, "agree_v5": 1.0}
{"upd": 100, "t": 1093, "mem": 7.5, "lr": 0.00019457233587073176, "kl_real": 0.4849, "agree_real": 0.7368, "T": 2399.4146, "ce_cf": 0.6478, "acc_cf": 0.625, "kl_cf": 0.1056, "agree_cf": 0.5625, "ce_v5": 1.092, "acc_v5": 0.6, "kl_v5": 0.6831, "agree_v5": 0.4}
{"upd": 110, "t": 1164, "mem": 7.5, "lr": 0.00019344654691101087, "kl_real": 0.2805, "agree_real": 0.7468, "T": 2763.45, "ce_v5": 0.5884, "acc_v5": 0.6667, "kl_v5": 0.1334, "agree_v5": 0.6667, "ce_cf": 0.552, "acc_cf": 0.75, "kl_cf": 0.058, "agree_cf": 0.8333}
{"upd": 120, "t": 1214, "mem": 7.5, "lr": 0.00019221909118783407, "kl_real": 0.3861, "agree_real": 0.7188, "T": 2891.0, "ce_cf": 0.6527, "acc_cf": 0.5714, "kl_cf": 0.1278, "agree_cf": 0.5714, "ce_v5": 0.7368, "acc_v5": 0.0, "kl_v5": 0.4801, "agree_v5": 0.0}
{"upd": 130, "t": 1268, "mem": 7.5, "lr": 0.00019089146416692506, "kl_real": 0.2934, "agree_real": 0.7215, "T": 2984.9268, "ce_cf": 0.8148, "acc_cf": 0.7143, "kl_cf": 0.4032, "agree_cf": 0.6429, "ce_v5": 0.4174, "acc_v5": 1.0, "kl_v5": 0.2188, "agree_v5": 1.0}
{"upd": 140, "t": 1325, "mem": 7.5, "lr": 0.00018946528335730346, "kl_real": 0.3607, "agree_real": 0.7571, "T": 3284.95, "ce_cf": 0.6585, "acc_cf": 0.5, "kl_cf": 0.0536, "agree_cf": 0.5, "ce_v5": 0.6538, "acc_v5": 0.6667, "kl_v5": 0.2441, "agree_v5": 0.6667}
{"upd": 150, "t": 1374, "mem": 7.5, "lr": 0.0001879422863405995, "kl_real": 0.4075, "agree_real": 0.6452, "T": 2521.8571, "ce_v5": 1.0487, "acc_v5": 0.4, "kl_v5": 0.624, "agree_v5": 0.3, "ce_cf": 0.6695, "acc_cf": 0.75, "kl_cf": 0.0734, "agree_cf": 0.25}
pool 12747 cf pairs 2440 v5 12557
Loading weights:   0%|          | 0/320 [00:00<?, ?it/s]Loading weights: 100%|██████████| 320/320 [00:00<00:00, 4187.89it/s]
resumed at update 150
/home/ubuntu/work/h7/train_h7.py:182: UserWarning: Converting a tensor with requires_grad=True to a scalar may lead to unexpected behavior.
Consider using tensor.detach() first. (Triggered internally at /__w/pytorch/pytorch/torch/csrc/autograd/generated/python_variable_methods.cpp:820.)
  lsum['kl_' + kind] += float(kl); lcnt['kl_' + kind] += 1
{"upd": 151, "t": 3, "mem": 7.5, "lr": 0.00018778473217583342, "kl_real": 0.0372, "agree_real": 1.0, "T": 1016.25, "hid": 0.8568, "ce_cf": 0.8419, "acc_cf": 0.5, "kl_cf": 0.0271, "agree_cf": 1.0}
{"upd": 160, "t": 42, "mem": 7.5, "lr": 0.00018632432865407834, "hid": 0.6123, "kl_real": 0.3103, "agree_real": 0.7381, "T": 2223.6579, "ce_cf": 0.689, "acc_cf": 0.5625, "kl_cf": 0.0392, "agree_cf": 0.875, "ce_v5": 0.7739, "acc_v5": 0.6667, "kl_v5": 0.5872, "agree_v5": 0.6667}
{"upd": 170, "t": 88, "mem": 7.5, "lr": 0.00018461338152995376, "ce_cf": 0.7535, "acc_cf": 0.4286, "kl_cf": 0.105, "agree_cf": 0.3571, "T": 2558.35, "hid": 0.4318, "kl_real": 0.2221, "agree_real": 0.7885, "ce_v5": 0.4579, "acc_v5": 0.75, "kl_v5": 0.0998, "agree_v5": 0.875}
{"upd": 180, "t": 132, "mem": 7.5, "lr": 0.00018281152949374527, "ce_cf": 0.7288, "acc_cf": 0.7143, "kl_cf": 0.1342, "agree_cf": 0.5, "T": 2396.85, "ce_v5": 0.4561, "acc_v5": 0.6667, "kl_v5": 0.1812, "agree_v5": 0.8333, "kl_real": 0.1731, "agree_real": 0.7656, "hid": 0.31}
{"upd": 190, "t": 184, "mem": 7.5, "lr": 0.00018092096782460496, "ce_cf": 0.5613, "acc_cf": 0.7143, "kl_cf": 0.2104, "agree_cf": 0.5, "T": 2998.875, "hid": 0.2818, "kl_real": 0.4759, "agree_real": 0.6471, "ce_v5": 1.6467, "acc_v5": 1.0, "kl_v5": 1.6467, "agree_v5": 1.0}
{"upd": 200, "t": 239, "mem": 7.5, "lr": 0.00017894399988070803, "kl_real": 0.3173, "agree_real": 0.7258, "T": 3217.65, "hid": 0.2736, "ce_cf": 0.7361, "acc_cf": 0.5, "kl_cf": 0.0924, "agree_cf": 0.7143, "ce_v5": 0.2271, "acc_v5": 1.0, "kl_v5": 0.0039, "agree_v5": 1.0}
{"upd": 210, "t": 296, "mem": 7.5, "lr": 0.0001768830342929655, "kl_real": 0.1696, "agree_real": 0.8333, "T": 3039.5, "hid": 0.2432, "ce_cf": 0.4874, "acc_cf": 0.7857, "kl_cf": 0.1117, "agree_cf": 0.5714, "ce_v5": 0.7697, "acc_v5": 0.0, "kl_v5": 0.5223, "agree_v5": 0.0}
{"upd": 220, "t": 339, "mem": 7.5, "lr": 0.0001747405820304786, "hid": 0.2504, "kl_real": 0.2713, "agree_real": 0.6981, "T": 2341.4878, "ce_cf": 1.0722, "acc_cf": 0.6667, "kl_cf": 0.9678, "agree_cf": 0.5556, "ce_v5": 0.266, "acc_v5": 1.0, "kl_v5": 0.1395, "agree_v5": 1.0}
{"upd": 230, "t": 392, "mem": 7.5, "lr": 0.00017251925334130976, "hid": 0.2492, "kl_real": 0.2266, "agree_real": 0.7808, "T": 2926.85, "ce_cf": 0.4246, "acc_cf": 0.8, "kl_cf": 0.1487, "agree_cf": 0.8, "ce_v5": 0.4893, "acc_v5": 0.8, "kl_v5": 0.3661, "agree_v5": 0.8}
{"upd": 240, "t": 441, "mem": 7.5, "lr": 0.00017022175457229725, "hid": 0.2328, "kl_real": 0.3429, "agree_real": 0.678, "T": 2639.4146, "ce_v5": 0.857, "acc_v5": 0.6, "kl_v5": 0.4604, "agree_v5": 0.6, "ce_cf": 0.4682, "acc_cf": 0.8333, "kl_cf": 0.3011, "agree_cf": 0.5833}
{"upd": 250, "t": 497, "mem": 7.5, "lr": 0.00016785088487178854, "kl_real": 0.3079, "agree_real": 0.6964, "T": 3038.4651, "ce_cf": 0.5144, "acc_cf": 0.75, "kl_cf": 0.157, "agree_cf": 0.5833, "hid": 0.234}
{"upd": 260, "t": 550, "mem": 7.5, "lr": 0.00016540953277930924, "hid": 0.2149, "kl_real": 0.1817, "agree_real": 0.697, "T": 2820.1905, "ce_cf": 0.7176, "acc_cf": 0.625, "kl_cf": 0.1062, "agree_cf": 0.625, "ce_v5": 0.9555, "acc_v5": 0.0, "kl_v5": 0.2421, "agree_v5": 0.5}
{"upd": 270, "t": 600, "mem": 7.5, "lr": 0.0001629006727063226, "hid": 0.2148, "kl_real": 0.2034, "agree_real": 0.791, "T": 2750.439, "ce_cf": 0.505, "acc_cf": 0.7, "kl_cf": 0.2259, "agree_cf": 0.6, "ce_v5": 1.1929, "acc_v5": 0.3333, "kl_v5": 0.5544, "agree_v5": 0.3333}
{"upd": 280, "t": 648, "mem": 7.5, "lr": 0.00016032736131236722, "hid": 0.2084, "kl_real": 0.2868, "agree_real": 0.7368, "T": 2689.6341, "ce_v5": 3.3996, "acc_v5": 0.0, "kl_v5": 3.3846, "agree_v5": 0.0, "ce_cf": 0.6845, "acc_cf": 0.5, "kl_cf": 0.0677, "agree_cf": 1.0}
{"upd": 290, "t": 698, "mem": 7.5, "lr": 0.00015769273378098847, "hid": 0.2064, "kl_real": 0.2692, "agree_real": 0.7692, "T": 2752.15, "ce_v5": 0.9865, "acc_v5": 0.6, "kl_v5": 0.5381, "agree_v5": 0.6, "ce_cf": 0.7136, "acc_cf": 0.4167, "kl_cf": 0.058, "agree_cf": 0.6667}
{"upd": 300, "t": 754, "mem": 7.5, "lr": 0.000155, "kl_real": 0.2336, "agree_real": 0.7742, "T": 3141.2927, "hid": 0.1909, "ce_v5": 0.4308, "acc_v5": 0.6667, "kl_v5": 0.2056, "agree_v5": 0.6667, "ce_cf": 0.5687, "acc_cf": 0.6111, "kl_cf": 0.1047, "agree_cf": 0.5556}
saved 300
{"upd": 310, "t": 816, "mem": 7.5, "lr": 0.00015225244065073017, "kl_real": 0.3527, "agree_real": 0.6769, "T": 2686.0238, "hid": 0.1972, "ce_v5": 0.9509, "acc_v5": 0.7143, "kl_v5": 0.1963, "agree_v5": 0.7143, "ce_cf": 0.2348, "acc_cf": 0.875, "kl_cf": 0.2875, "agree_cf": 0.5}
{"upd": 320, "t": 925, "mem": 7.5, "lr": 0.00014945340321101698, "hid": 0.2214, "kl_real": 0.2561, "agree_real": 0.7857, "T": 3005.65, "ce_v5": 1.413, "acc_v5": 0.5, "kl_v5": 0.8177, "agree_v5": 0.5, "ce_cf": 0.3449, "acc_cf": 0.75, "kl_cf": 0.3834, "agree_cf": 0.5833}
{"upd": 330, "t": 1024, "mem": 7.5, "lr": 0.00014660629787682203, "hid": 0.181, "kl_real": 0.1873, "agree_real": 0.7717, "T": 2512.6829, "ce_cf": 0.2754, "acc_cf": 1.0, "kl_cf": 0.2716, "agree_cf": 0.5, "ce_v5": 0.7091, "acc_v5": 0.875, "kl_v5": 0.4771, "agree_v5": 0.75}
{"upd": 340, "t": 1131, "mem": 7.5, "lr": 0.0001437145934074321, "hid": 0.2029, "kl_real": 0.1917, "agree_real": 0.7885, "T": 2743.5, "ce_cf": 0.5655, "acc_cf": 0.6667, "kl_cf": 0.1753, "agree_cf": 0.5556, "ce_v5": 0.9572, "acc_v5": 0.5, "kl_v5": 0.1661, "agree_v5": 0.5}
{"upd": 350, "t": 1239, "mem": 7.5, "lr": 0.0001407818128993102, "hid": 0.1903, "ce_cf": 0.5739, "acc_cf": 0.7, "kl_cf": 0.1426, "agree_cf": 0.4, "T": 2704.8837, "kl_real": 0.1672, "agree_real": 0.7903, "ce_v5": 0.4008, "acc_v5": 0.6667, "kl_v5": 0.1827, "agree_v5": 0.6667}
{"upd": 360, "t": 1346, "mem": 7.5, "lr": 0.00013781152949374526, "kl_real": 0.1986, "agree_real": 0.75, "T": 2730.2381, "hid": 0.2017, "ce_cf": 0.5169, "acc_cf": 0.75, "kl_cf": 0.1667, "agree_cf": 0.55, "ce_v5": 0.164, "acc_v5": 1.0, "kl_v5": 0.3337, "agree_v5": 0.5}
{"upd": 370, "t": 1462, "mem": 7.5, "lr": 0.0001348073620235299, "hid": 0.1745, "kl_real": 0.2389, "agree_real": 0.8, "T": 2955.8049, "ce_v5": 0.0083, "acc_v5": 1.0, "kl_v5": 0.0077, "agree_v5": 1.0, "ce_cf": 0.4131, "acc_cf": 0.75, "kl_cf": 0.1115, "agree_cf": 0.75}
{"upd": 380, "t": 1591, "mem": 7.5, "lr": 0.00013177297060397008, "hid": 0.16, "ce_cf": 0.4589, "acc_cf": 0.7222, "kl_cf": 0.1407, "agree_cf": 0.5556, "T": 3209.0465, "kl_real": 0.1646, "agree_real": 0.8254, "ce_v5": 0.0159, "acc_v5": 1.0, "kl_v5": 0.0159, "agree_v5": 1.0}
{"upd": 390, "t": 1709, "mem": 7.5, "lr": 0.00012871205217359835, "hid": 0.179, "kl_real": 0.2184, "agree_real": 0.7564, "T": 2994.7381, "ce_cf": 0.241, "acc_cf": 0.9375, "kl_cf": 0.2536, "agree_cf": 0.6875, "ce_v5": 0.4287, "acc_v5": 1.0, "kl_v5": 0.1635, "agree_v5": 1.0}
{"upd": 400, "t": 1817, "mem": 7.5, "lr": 0.00012562833599002375, "kl_real": 0.2774, "agree_real": 0.7347, "T": 2872.2927, "hid": 0.1852, "ce_cf": 0.5902, "acc_cf": 0.5, "kl_cf": 0.1233, "agree_cf": 0.7, "ce_v5": 1.6174, "acc_v5": 0.0, "kl_v5": 0.4569, "agree_v5": 0.0}
{"upd": 410, "t": 1914, "mem": 7.5, "lr": 0.0001225255790864059, "kl_real": 0.1539, "agree_real": 0.8333, "T": 2543.275, "hid": 0.1482, "ce_v5": 0.4878, "acc_v5": 0.8, "kl_v5": 0.2097, "agree_v5": 0.8, "ce_cf": 0.4583, "acc_cf": 0.7, "kl_cf": 0.1271, "agree_cf": 0.7}
{"upd": 420, "t": 2026, "mem": 7.5, "lr": 0.00011940756169408881, "hid": 0.1582, "kl_real": 0.0985, "agree_real": 0.9263, "T": 2888.8293, "ce_cf": 0.4531, "acc_cf": 0.75, "kl_cf": 0.1446, "agree_cf": 0.75, "ce_v5": 0.49, "acc_v5": 0.75, "kl_v5": 0.1572, "agree_v5": 0.75}
{"upd": 430, "t": 2135, "mem": 7.5, "lr": 0.00011627808263697128, "kl_real": 0.233, "agree_real": 0.7143, "T": 2822.9268, "hid": 0.1709, "ce_v5": 0.4245, "acc_v5": 1.0, "kl_v5": 0.2419, "agree_v5": 0.8, "ce_cf": 0.4421, "acc_cf": 0.75, "kl_cf": 0.2137, "agree_cf": 0.5625}
{"upd": 440, "t": 2242, "mem": 7.5, "lr": 0.00011314095470322512, "hid": 0.1684, "kl_real": 0.1818, "agree_real": 0.7534, "T": 2783.4048, "ce_cf": 0.4041, "acc_cf": 0.75, "kl_cf": 0.2727, "agree_cf": 0.5833, "ce_v5": 0.6381, "acc_v5": 0.75, "kl_v5": 0.3575, "agree_v5": 0.75}
{"upd": 450, "t": 2297, "mem": 7.5, "lr": 0.00011000000000000002, "hid": 0.1704, "kl_real": 0.2159, "agree_real": 0.8036, "T": 2887.3721, "ce_cf": 0.5311, "acc_cf": 0.6429, "kl_cf": 0.1918, "agree_cf": 0.5714, "ce_v5": 0.9069, "acc_v5": 0.6, "kl_v5": 0.1577, "agree_v5": 1.0}
{"upd": 460, "t": 2343, "mem": 7.5, "lr": 0.00010685904529677494, "hid": 0.1494, "kl_real": 0.2036, "agree_real": 0.8235, "T": 2475.0, "ce_cf": 0.4009, "acc_cf": 0.7778, "kl_cf": 0.1507, "agree_cf": 0.5556, "ce_v5": 1.7339, "acc_v5": 0.0, "kl_v5": 0.2045, "agree_v5": 0.0}
{"upd": 470, "t": 2402, "mem": 7.5, "lr": 0.00010372191736302873, "hid": 0.1275, "kl_real": 0.2279, "agree_real": 0.7895, "T": 2922.0476, "ce_cf": 0.44, "acc_cf": 0.6875, "kl_cf": 0.221, "agree_cf": 0.625, "ce_v5": 0.6246, "acc_v5": 0.5, "kl_v5": 0.2539, "agree_v5": 0.5}
{"upd": 480, "t": 2461, "mem": 7.5, "lr": 0.00010059243830591121, "kl_real": 0.1988, "agree_real": 0.75, "T": 3044.1429, "ce_cf": 0.3679, "acc_cf": 0.8333, "kl_cf": 0.1927, "agree_cf": 0.75, "hid": 0.1684, "ce_v5": 1.211, "acc_v5": 0.5, "kl_v5": 0.7314, "agree_v5": 0.5}
{"upd": 490, "t": 2514, "mem": 7.5, "lr": 9.747442091359414e-05, "hid": 0.1862, "ce_cf": 0.5863, "acc_cf": 0.6667, "kl_cf": 0.1118, "agree_cf": 0.75, "T": 2924.561, "kl_real": 0.1535, "agree_real": 0.7313, "ce_v5": 0.6094, "acc_v5": 0.6667, "kl_v5": 0.4381, "agree_v5": 0.6667}
{"upd": 500, "t": 2572, "mem": 7.5, "lr": 9.437166400997628e-05, "ce_cf": 0.4226, "acc_cf": 0.8125, "kl_cf": 0.1353, "agree_cf": 0.6875, "T": 3212.9268, "hid": 0.1591, "kl_real": 0.2822, "agree_real": 0.6622, "ce_v5": 0.8193, "acc_v5": 0.0, "kl_v5": 0.4525, "agree_v5": 0.0}
{"upd": 510, "t": 2623, "mem": 7.5, "lr": 9.128794782640168e-05, "hid": 0.1511, "kl_real": 0.2063, "agree_real": 0.9024, "T": 2691.4286, "ce_cf": 0.4299, "acc_cf": 0.8889, "kl_cf": 0.1638, "agree_cf": 0.6667, "ce_v5": 0.7802, "acc_v5": 0.5, "kl_v5": 0.3422, "agree_v5": 0.25}
{"upd": 520, "t": 2689, "mem": 7.5, "lr": 8.822702939602992e-05, "hid": 0.1585, "ce_cf": 0.4576, "acc_cf": 0.7083, "kl_cf": 0.2198, "agree_cf": 0.5, "T": 3311.7826, "kl_real": 0.1742, "agree_real": 0.7031, "ce_v5": 0.0781, "acc_v5": 1.0, "kl_v5": 0.0344, "agree_v5": 1.0}
{"upd": 530, "t": 2735, "mem": 7.5, "lr": 8.519263797647008e-05, "hid": 0.1791, "kl_real": 0.3877, "agree_real": 0.7027, "T": 2465.5, "ce_cf": 0.5823, "acc_cf": 0.6667, "kl_cf": 0.1674, "agree_cf": 0.6111, "ce_v5": 0.5836, "acc_v5": 0.8, "kl_v5": 0.2763, "agree_v5": 0.8}
{"upd": 540, "t": 2788, "mem": 7.5, "lr": 8.218847050625476e-05, "hid": 0.1466, "kl_real": 0.1636, "agree_real": 0.806, "T": 2812.2381, "ce_cf": 0.3723, "acc_cf": 0.6667, "kl_cf": 0.1443, "agree_cf": 0.7222, "ce_v5": 0.401, "acc_v5": 1.0, "kl_v5": 0.0889, "agree_v5": 1.0}
{"upd": 550, "t": 2836, "mem": 7.5, "lr": 7.921818710068983e-05, "hid": 0.1632, "kl_real": 0.1461, "agree_real": 0.8868, "T": 2425.6512, "ce_cf": 0.2811, "acc_cf": 0.8571, "kl_cf": 0.2436, "agree_cf": 0.5714, "ce_v5": 0.5359, "acc_v5": 0.875, "kl_v5": 0.0656, "agree_v5": 0.875}
{"upd": 560, "t": 2883, "mem": 7.5, "lr": 7.628540659256792e-05, "kl_real": 0.1162, "agree_real": 0.8302, "T": 2367.0238, "hid": 0.1539, "ce_v5": 1.3165, "acc_v5": 0.6, "kl_v5": 0.724, "agree_v5": 0.8, "ce_cf": 0.4248, "acc_cf": 0.75, "kl_cf": 0.1486, "agree_cf": 0.65}
{"upd": 570, "t": 2932, "mem": 7.5, "lr": 7.3393702123178e-05, "kl_real": 0.1843, "agree_real": 0.8478, "T": 2566.6512, "ce_v5": 0.6669, "acc_v5": 0.6667, "kl_v5": 0.3903, "agree_v5": 0.6667, "hid": 0.1491, "ce_cf": 0.47, "acc_cf": 0.8125, "kl_cf": 0.1607, "agree_cf": 0.6875}
{"upd": 580, "t": 2985, "mem": 7.5, "lr": 7.054659678898303e-05, "hid": 0.1368, "kl_real": 0.1819, "agree_real": 0.7193, "T": 2847.1707, "ce_cf": 0.535, "acc_cf": 0.5, "kl_cf": 0.2188, "agree_cf": 0.375, "ce_v5": 0.8069, "acc_v5": 0.625, "kl_v5": 0.3196, "agree_v5": 0.75}
{"upd": 590, "t": 3036, "mem": 7.5, "lr": 6.774755934926986e-05, "hid": 0.1462, "ce_cf": 0.407, "acc_cf": 0.85, "kl_cf": 0.1866, "agree_cf": 0.6, "T": 2695.1818, "kl_real": 0.1918, "agree_real": 0.7297, "ce_v5": 0.1446, "acc_v5": 1.0, "kl_v5": 0.0061, "agree_v5": 1.0}
{"upd": 600, "t": 3093, "mem": 7.5, "lr": 6.500000000000002e-05, "hid": 0.143, "kl_real": 0.1768, "agree_real": 0.8, "T": 3023.0, "ce_cf": 0.2262, "acc_cf": 1.0, "kl_cf": 0.2608, "agree_cf": 0.5714, "ce_v5": 0.4704, "acc_v5": 0.5, "kl_v5": 0.0262, "agree_v5": 0.5}
saved 600
{"upd": 610, "t": 3145, "mem": 7.5, "lr": 6.230726621901157e-05, "hid": 0.1386, "kl_real": 0.118, "agree_real": 0.8519, "T": 2757.0714, "ce_cf": 0.1497, "acc_cf": 0.95, "kl_cf": 0.44, "agree_cf": 0.8, "ce_v5": 0.9305, "acc_v5": 0.5, "kl_v5": 0.1841, "agree_v5": 0.5}
{"upd": 620, "t": 3260, "mem": 7.5, "lr": 5.96726386876328e-05, "hid": 0.1572, "ce_cf": 0.2923, "acc_cf": 0.8889, "kl_cf": 0.1823, "agree_cf": 0.6111, "T": 3007.2273, "kl_real": 0.2508, "agree_real": 0.7037}
{"upd": 630, "t": 3382, "mem": 7.5, "lr": 5.709932729367744e-05, "ce_cf": 0.1766, "acc_cf": 1.0, "kl_cf": 0.178, "agree_cf": 0.75, "T": 3204.5366, "hid": 0.1463, "kl_real": 0.1756, "agree_real": 0.8378, "ce_v5": 0.6858, "acc_v5": 1.0, "kl_v5": 0.2448, "agree_v5": 1.0}
{"upd": 640, "t": 3489, "mem": 7.5, "lr": 5.459046722069076e-05, "hid": 0.1334, "kl_real": 0.1808, "agree_real": 0.8116, "T": 2586.0227, "ce_cf": 0.2185, "acc_cf": 1.0, "kl_cf": 0.2477, "agree_cf": 0.6667, "ce_v5": 1.5202, "acc_v5": 0.5714, "kl_v5": 0.9899, "agree_v5": 0.5714}
{"upd": 650, "t": 3612, "mem": 7.5, "lr": 5.214911512821145e-05, "hid": 0.1328, "kl_real": 0.1408, "agree_real": 0.85, "T": 3167.9048, "ce_v5": 0.0016, "acc_v5": 1.0, "kl_v5": 0.0071, "agree_v5": 1.0, "ce_cf": 0.1434, "acc_cf": 1.0, "kl_cf": 0.231, "agree_cf": 0.75}
{"upd": 660, "t": 3733, "mem": 7.5, "lr": 4.977824542770279e-05, "hid": 0.1346, "kl_real": 0.0939, "agree_real": 0.8868, "T": 2924.5455, "ce_cf": 0.4097, "acc_cf": 0.8125, "kl_cf": 0.3119, "agree_cf": 0.5, "ce_v5": 0.6004, "acc_v5": 0.6, "kl_v5": 0.2669, "agree_v5": 0.8}
{"upd": 670, "t": 3827, "mem": 7.5, "lr": 4.748074665869024e-05, "hid": 0.1308, "kl_real": 0.0968, "agree_real": 0.8393, "T": 2423.8, "ce_cf": 0.3484, "acc_cf": 0.8125, "kl_cf": 0.273, "agree_cf": 0.625, "ce_v5": 0.2204, "acc_v5": 1.0, "kl_v5": 0.1246, "agree_v5": 1.0}
{"upd": 680, "t": 3933, "mem": 7.5, "lr": 4.5259417969521415e-05, "kl_real": 0.1681, "agree_real": 0.7959, "T": 2667.2381, "hid": 0.1609, "ce_v5": 0.7607, "acc_v5": 0.6, "kl_v5": 0.3635, "agree_v5": 0.8, "ce_cf": 0.3244, "acc_cf": 0.9375, "kl_cf": 0.2737, "agree_cf": 0.5625}
{"upd": 690, "t": 4038, "mem": 7.5, "lr": 4.311696570703451e-05, "hid": 0.1426, "ce_cf": 0.1811, "acc_cf": 1.0, "kl_cf": 0.2259, "agree_cf": 0.7143, "T": 2772.075, "kl_real": 0.1311, "agree_real": 0.8305, "ce_v5": 0.1173, "acc_v5": 1.0, "kl_v5": 0.0264, "agree_v5": 1.0}
{"upd": 700, "t": 4149, "mem": 7.5, "lr": 4.1056000119291995e-05, "ce_v5": 0.002, "acc_v5": 1.0, "kl_v5": 0.0021, "agree_v5": 1.0, "T": 2723.25, "kl_real": 0.0927, "agree_real": 0.8415, "hid": 0.1226, "ce_cf": 0.2433, "acc_cf": 0.9375, "kl_cf": 0.235, "agree_cf": 0.75}
{"upd": 710, "t": 4256, "mem": 7.5, "lr": 3.9079032175395035e-05, "hid": 0.1367, "kl_real": 0.1125, "agree_real": 0.86, "T": 2785.2195, "ce_cf": 0.5359, "acc_cf": 0.7857, "kl_cf": 0.4439, "agree_cf": 0.5714, "ce_v5": 1.8599, "acc_v5": 0.75, "kl_v5": 1.7484, "agree_v5": 0.75}
{"upd": 720, "t": 4387, "mem": 7.5, "lr": 3.718847050625475e-05, "ce_cf": 0.3023, "acc_cf": 0.875, "kl_cf": 0.2695, "agree_cf": 0.5, "T": 3361.8333, "kl_real": 0.1166, "agree_real": 0.8916, "hid": 0.1413}
{"upd": 730, "t": 4496, "mem": 7.5, "lr": 3.538661847004626e-05, "kl_real": 0.2486, "agree_real": 0.8125, "T": 2818.8537, "hid": 0.1543, "ce_v5": 0.0053, "acc_v5": 1.0, "kl_v5": 0.0044, "agree_v5": 1.0, "ce_cf": 0.2018, "acc_cf": 0.9, "kl_cf": 0.2553, "agree_cf": 0.75}
{"upd": 740, "t": 4601, "mem": 7.5, "lr": 3.367567134592167e-05, "hid": 0.1458, "kl_real": 0.122, "agree_real": 0.8222, "T": 2834.6429, "ce_cf": 0.32, "acc_cf": 0.875, "kl_cf": 0.3438, "agree_cf": 0.6875, "ce_v5": 1.5502, "acc_v5": 0.5, "kl_v5": 1.3609, "agree_v5": 0.5}
{"upd": 750, "t": 4654, "mem": 7.5, "lr": 3.205771365940052e-05, "hid": 0.1352, "kl_real": 0.0846, "agree_real": 0.8689, "T": 2969.0488, "ce_cf": 0.2753, "acc_cf": 0.9167, "kl_cf": 0.3798, "agree_cf": 0.5833, "ce_v5": 1.0361, "acc_v5": 0.5, "kl_v5": 0.714, "agree_v5": 0.5}
{"upd": 760, "t": 4709, "mem": 7.5, "lr": 3.053471664269658e-05, "hid": 0.1269, "kl_real": 0.1558, "agree_real": 0.8056, "T": 3039.7073, "ce_cf": 0.367, "acc_cf": 0.7778, "kl_cf": 0.2761, "agree_cf": 0.6111, "ce_v5": 0.7927, "acc_v5": 0.5, "kl_v5": 0.2265, "agree_v5": 0.0}
{"upd": 770, "t": 4764, "mem": 7.5, "lr": 2.910853583307499e-05, "hid": 0.1284, "kl_real": 0.0961, "agree_real": 0.8625, "T": 3042.0488, "ce_v5": 1.3543, "acc_v5": 0.75, "kl_v5": 0.1634, "agree_v5": 1.0, "ce_cf": 0.5714, "acc_cf": 0.5833, "kl_cf": 0.0982, "agree_cf": 0.5833}
{"upd": 780, "t": 4819, "mem": 7.5, "lr": 2.778090881216592e-05, "hid": 0.1259, "ce_cf": 0.1608, "acc_cf": 1.0, "kl_cf": 0.1985, "agree_cf": 0.7778, "T": 3069.5714, "kl_real": 0.1726, "agree_real": 0.8364, "ce_v5": 1.2802, "acc_v5": 0.5, "kl_v5": 0.1923, "agree_v5": 0.5}
{"upd": 790, "t": 4869, "mem": 7.5, "lr": 2.6553453088989143e-05, "hid": 0.1059, "ce_cf": 0.2554, "acc_cf": 0.9375, "kl_cf": 0.2908, "agree_cf": 0.625, "T": 2503.1951, "kl_real": 0.1301, "agree_real": 0.9268, "ce_v5": 0.6831, "acc_v5": 1.0, "kl_v5": 0.1985, "agree_v5": 1.0}
{"upd": 800, "t": 4926, "mem": 7.5, "lr": 2.542766412926825e-05, "kl_real": 0.064, "agree_real": 0.8947, "T": 2979.2727, "hid": 0.1336, "ce_cf": 0.3533, "acc_cf": 0.8182, "kl_cf": 0.2678, "agree_cf": 0.7273}
{"upd": 810, "t": 4982, "mem": 7.5, "lr": 2.4404913533436186e-05, "hid": 0.1316, "kl_real": 0.1065, "agree_real": 0.8696, "T": 3061.7381, "ce_v5": 0.8826, "acc_v5": 1.0, "kl_v5": 0.274, "agree_v5": 1.0, "ce_cf": 0.2362, "acc_cf": 0.8571, "kl_cf": 0.2659, "agree_cf": 0.7857}
{"upd": 820, "t": 5036, "mem": 7.5, "lr": 2.34864473655513e-05, "hid": 0.1226, "ce_v5": 0.2636, "acc_v5": 1.0, "kl_v5": 0.0568, "agree_v5": 1.0, "T": 2924.1707, "kl_real": 0.1203, "agree_real": 0.8169, "ce_cf": 0.2535, "acc_cf": 1.0, "kl_cf": 0.246, "agree_cf": 0.6667}
{"upd": 830, "t": 5089, "mem": 7.5, "lr": 2.267338463516032e-05, "hid": 0.1578, "ce_cf": 0.1787, "acc_cf": 0.9286, "kl_cf": 0.2912, "agree_cf": 0.7143, "T": 3025.55, "kl_real": 0.1268, "agree_real": 0.8644, "ce_v5": 0.6598, "acc_v5": 0.5, "kl_v5": 0.3098, "agree_v5": 0.5}
{"upd": 840, "t": 5135, "mem": 7.5, "lr": 2.196671593395749e-05, "kl_real": 0.0908, "agree_real": 0.8333, "T": 2488.8537, "hid": 0.1417, "ce_v5": 0.7045, "acc_v5": 0.6667, "kl_v5": 0.1215, "agree_v5": 0.8333, "ce_cf": 0.0823, "acc_cf": 1.0, "kl_cf": 0.5373, "agree_cf": 0.6667}
{"upd": 850, "t": 5190, "mem": 7.5, "lr": 2.1367302228901282e-05, "hid": 0.1052, "kl_real": 0.0576, "agree_real": 0.8824, "T": 2843.7907, "ce_cf": 0.2459, "acc_cf": 0.875, "kl_cf": 0.2311, "agree_cf": 0.8125, "ce_v5": 0.6542, "acc_v5": 0.6667, "kl_v5": 0.0832, "agree_v5": 1.0}
{"upd": 860, "t": 5239, "mem": 7.5, "lr": 2.087587381325867e-05, "hid": 0.1335, "kl_real": 0.0961, "agree_real": 0.8611, "T": 2530.2558, "ce_cf": 0.3535, "acc_cf": 0.95, "kl_cf": 0.1979, "agree_cf": 0.55, "ce_v5": 0.7505, "acc_v5": 0.4, "kl_v5": 0.1071, "agree_v5": 0.4}
{"upd": 870, "t": 5289, "mem": 7.5, "lr": 2.0493029416855404e-05, "ce_v5": 1.1928, "acc_v5": 0.0, "kl_v5": 0.4476, "agree_v5": 0.5, "T": 2863.75, "ce_cf": 0.1768, "acc_cf": 1.0, "kl_cf": 0.3657, "agree_cf": 0.5, "kl_real": 0.0745, "agree_real": 0.825, "hid": 0.1383}
{"upd": 880, "t": 5339, "mem": 7.5, "lr": 2.0219235476615824e-05, "ce_cf": 0.3405, "acc_cf": 0.75, "kl_cf": 0.1369, "agree_cf": 0.75, "T": 2730.6585, "hid": 0.1504, "kl_real": 0.1104, "agree_real": 0.8571, "ce_v5": 0.8843, "acc_v5": 0.6, "kl_v5": 0.6757, "agree_v5": 0.6}
{"upd": 890, "t": 5389, "mem": 7.5, "lr": 2.0054825568281382e-05, "hid": 0.1273, "kl_real": 0.1043, "agree_real": 0.8431, "T": 2912.425, "ce_cf": 0.2917, "acc_cf": 0.85, "kl_cf": 0.2116, "agree_cf": 0.85, "ce_v5": 1.0386, "acc_v5": 0.0, "kl_v5": 0.5428, "agree_v5": 0.0}
{"upd": 900, "t": 5441, "mem": 7.5, "lr": 2e-05, "kl_real": 0.1233, "agree_real": 0.8533, "T": 2851.1951, "hid": 0.1215, "ce_cf": 0.1795, "acc_cf": 1.0, "kl_cf": 0.326, "agree_cf": 0.5833, "ce_v5": 0.6884, "acc_v5": 0.75, "kl_v5": 0.2974, "agree_v5": 1.0}
saved 900
done 5441.9303596019745
TRAINDONE
