Loading weights:   0%|          | 0/320 [00:00<?, ?it/s]Loading weights: 100%|██████████| 320/320 [00:00<00:00, 4281.60it/s]
bf16 400 84s
bf16 800 123s
bf16 1200 186s
done bf16 1456 219s
w8 400 566s
w8 800 616s
w8 1200 671s
w8 1600 775s
w8 2000 883s
w8 2400 928s
w8 2800 987s
w8 3200 1064s
done w8 3227 1067s
w4g128 400 31s
w4g128 800 80s
w4g128 1200 135s
w4g128 1600 240s
w4g128 2000 345s
w4g128 2400 394s
w4g128 2800 450s
w4g128 3200 504s
done w4g128 3227 507s
w4g64 400 30s
w4g64 800 80s
w4g64 1200 135s
w4g64 1600 240s
w4g64 2000 346s
w4g64 2400 391s
w4g64 2800 447s
w4g64 3200 501s
done w4g64 3227 504s
w3g128 400 30s
w3g128 800 80s
w3g128 1200 135s
w3g128 1600 240s
w3g128 2000 346s
w3g128 2400 391s
w3g128 2800 446s
w3g128 3200 501s
done w3g128 3227 504s
w4g128rtn 400 31s
w4g128rtn 800 80s
w4g128rtn 1200 135s
