Loading weights:   0%|          | 0/320 [00:00<?, ?it/s]Loading weights: 100%|██████████| 320/320 [00:00<00:00, 3351.25it/s]
mode qag rev [0, 1, 2, 4, 5, 6, 8, 9, 10] attn_nc True
loaded mntp.pt
ft rows 8960 steps 280 tokens 4601852
/home/ubuntu/work/j2/j2train.py:160: UserWarning: Converting a tensor with requires_grad=True to a scalar may lead to unexpected behavior.
Consider using tensor.detach() first. (Triggered internally at /__w/pytorch/pytorch/torch/csrc/autograd/generated/python_variable_methods.cpp:820.)
  acc['ce_' + r['src']] += float(ce); cnt['ce_' + r['src']] += 1
{"phase": "ft", "step": 10, "t": 84, "tok_s": 1731, "lr": 9.968561049466214e-05, "mem": 7.5, "ce_v5": 0.4902, "acc_v5": 0.8617, "kl_v5": 0.0856, "agree_v5": 0.8735, "ce_syn": 0.6338, "acc_syn": 0.8158, "kl_syn": 0.2341, "agree_syn": 0.9211, "kl_real": 0.2185, "agree_real": 0.8276, "gam": 0.0349, "lam": 0.1741}
{"phase": "ft", "step": 20, "t": 280, "tok_s": 1468, "lr": 9.874639560909117e-05, "mem": 7.5, "ce_v5": 0.367, "acc_v5": 0.8774, "kl_v5": 0.0505, "agree_v5": 0.9245, "ce_syn": 0.286, "acc_syn": 0.8966, "kl_syn": 0.0403, "agree_syn": 0.9655, "kl_real": 0.2189, "agree_real": 0.8987, "gam": 0.0351, "lam": 0.1736}
{"phase": "ft", "step": 30, "t": 324, "tok_s": 1433, "lr": 9.719416651541839e-05, "mem": 7.5, "ce_v5": 0.3273, "acc_v5": 0.8893, "kl_v5": 0.0338, "agree_v5": 0.9544, "ce_syn": 0.4618, "acc_syn": 0.75, "kl_syn": 0.191, "agree_syn": 0.75, "kl_real": 0.0004, "agree_real": 1.0, "gam": 0.0354, "lam": 0.1734}
{"phase": "ft", "step": 40, "t": 449, "tok_s": 1406, "lr": 9.504844339512095e-05, "mem": 7.5, "ce_syn": 0.6833, "acc_syn": 0.7333, "kl_syn": 0.1691, "agree_syn": 0.8333, "ce_v5": 0.3247, "acc_v5": 0.892, "kl_v5": 0.0302, "agree_v5": 0.936, "kl_real": 0.161, "agree_real": 0.825, "gam": 0.0356, "lam": 0.1728}
{"phase": "ft", "step": 50, "t": 547, "tok_s": 1392, "lr": 9.233620996141421e-05, "mem": 7.5, "kl_real": 0.0592, "agree_real": 0.9286, "ce_syn": 0.3799, "acc_syn": 0.8235, "kl_syn": 0.0611, "agree_syn": 0.8235, "ce_v5": 0.2637, "acc_v5": 0.9031, "kl_v5": 0.0373, "agree_v5": 0.9612, "gam": 0.0358, "lam": 0.1729}
{"phase": "ft", "step": 60, "t": 671, "tok_s": 1380, "lr": 8.90915741234015e-05, "mem": 7.5, "ce_syn": 0.323, "acc_syn": 0.913, "kl_syn": 0.0399, "agree_syn": 0.9565, "kl_real": 0.1418, "agree_real": 0.8235, "ce_v5": 0.3318, "acc_v5": 0.8707, "kl_v5": 0.0321, "agree_v5": 0.9506, "gam": 0.036, "lam": 0.1732}
{"phase": "ft", "step": 70, "t": 787, "tok_s": 1373, "lr": 8.535533905932738e-05, "mem": 7.5, "ce_v5": 0.402, "acc_v5": 0.8313, "kl_v5": 0.0504, "agree_v5": 0.93, "ce_syn": 0.2657, "acc_syn": 0.9211, "kl_syn": 0.044, "agree_syn": 0.9474, "kl_real": 0.0748, "agree_real": 0.8205, "gam": 0.0361, "lam": 0.1736}
{"phase": "ft", "step": 80, "t": 929, "tok_s": 1368, "lr": 8.117449009293668e-05, "mem": 7.5, "ce_v5": 0.4235, "acc_v5": 0.8252, "kl_v5": 0.032, "agree_v5": 0.9553, "ce_syn": 0.2455, "acc_syn": 0.9444, "kl_syn": 0.0285, "agree_syn": 1.0, "kl_real": 0.0998, "agree_real": 0.8947, "gam": 0.0362, "lam": 0.1731}
{"phase": "ft", "step": 90, "t": 1037, "tok_s": 1362, "lr": 7.660160382576683e-05, "mem": 7.5, "ce_v5": 0.3085, "acc_v5": 0.8688, "kl_v5": 0.0241, "agree_v5": 0.9539, "kl_real": 0.1834, "agree_real": 0.6667, "ce_syn": 0.2934, "acc_syn": 0.8, "kl_syn": 0.0894, "agree_syn": 0.8, "gam": 0.0364, "lam": 0.1727}
{"phase": "ft", "step": 100, "t": 1244, "tok_s": 1361, "lr": 7.169418695587791e-05, "mem": 7.5, "ce_v5": 0.4609, "acc_v5": 0.8308, "kl_v5": 0.0296, "agree_v5": 0.9231, "ce_syn": 0.2344, "acc_syn": 0.9464, "kl_syn": 0.0362, "agree_syn": 0.9821, "kl_real": 0.0918, "agree_real": 0.8696, "gam": 0.0365, "lam": 0.1726}
{"phase": "ft", "step": 110, "t": 1294, "tok_s": 1356, "lr": 6.651395309775837e-05, "mem": 7.5, "ce_v5": 0.345, "acc_v5": 0.8763, "kl_v5": 0.0268, "agree_v5": 0.9365, "ce_syn": 0.4961, "acc_syn": 0.8, "kl_syn": 0.077, "agree_syn": 0.8, "kl_real": 0.0453, "agree_real": 1.0, "gam": 0.0366, "lam": 0.1726}
{"phase": "ft", "step": 120, "t": 1450, "tok_s": 1354, "lr": 6.112604669781572e-05, "mem": 7.5, "ce_syn": 0.4721, "acc_syn": 0.7576, "kl_syn": 0.0749, "agree_syn": 0.8788, "kl_real": 0.074, "agree_real": 0.8654, "ce_v5": 0.3864, "acc_v5": 0.8468, "kl_v5": 0.0301, "agree_v5": 0.966, "gam": 0.0368, "lam": 0.1729}
{"phase": "ft", "step": 130, "t": 1550, "tok_s": 1352, "lr": 5.559822380516539e-05, "mem": 7.5, "ce_v5": 0.342, "acc_v5": 0.8949, "kl_v5": 0.0256, "agree_v5": 0.9377, "ce_syn": 0.3523, "acc_syn": 0.8649, "kl_syn": 0.0279, "agree_syn": 0.9459, "kl_real": 0.0243, "agree_real": 0.8846, "gam": 0.0369, "lam": 0.1732}
{"phase": "ft", "step": 140, "t": 1653, "tok_s": 1349, "lr": 5e-05, "mem": 7.5, "ce_v5": 0.336, "acc_v5": 0.8785, "kl_v5": 0.0375, "agree_v5": 0.9757, "kl_real": 0.0538, "agree_real": 0.9375, "gam": 0.0369, "lam": 0.1734}
{"phase": "ft", "step": 150, "t": 1732, "tok_s": 1348, "lr": 4.4401776194834613e-05, "mem": 7.5, "ce_v5": 0.3469, "acc_v5": 0.8618, "kl_v5": 0.0205, "agree_v5": 0.96, "ce_syn": 0.2597, "acc_syn": 0.9231, "kl_syn": 0.0135, "agree_syn": 0.9231, "kl_real": 0.0274, "agree_real": 1.0, "gam": 0.0369, "lam": 0.1737}
{"phase": "ft", "step": 160, "t": 1927, "tok_s": 1348, "lr": 3.887395330218429e-05, "mem": 7.5, "ce_syn": 0.3709, "acc_syn": 0.8537, "kl_syn": 0.0441, "agree_syn": 0.9024, "kl_real": 0.0335, "agree_real": 0.9306, "ce_v5": 0.3031, "acc_v5": 0.9324, "kl_v5": 0.0298, "agree_v5": 0.9807, "gam": 0.0369, "lam": 0.1738}
{"phase": "ft", "step": 170, "t": 2069, "tok_s": 1363, "lr": 3.3486046902241664e-05, "mem": 7.5, "ce_v5": 0.2875, "acc_v5": 0.9023, "kl_v5": 0.0162, "agree_v5": 0.9442, "ce_syn": 0.328, "acc_syn": 0.8667, "kl_syn": 0.0267, "agree_syn": 0.9556, "kl_real": 0.018, "agree_real": 0.9333, "gam": 0.0369, "lam": 0.1738}
{"phase": "ft", "step": 180, "t": 2148, "tok_s": 1360, "lr": 2.8305813044122097e-05, "mem": 7.5, "ce_v5": 0.3883, "acc_v5": 0.8706, "kl_v5": 0.0346, "agree_v5": 0.9336, "ce_syn": 0.2816, "acc_syn": 0.9231, "kl_syn": 0.0585, "agree_syn": 0.9231, "kl_real": 0.0233, "agree_real": 1.0, "gam": 0.0369, "lam": 0.1739}
{"phase": "ft", "step": 190, "t": 2281, "tok_s": 1357, "lr": 2.3398396174233178e-05, "mem": 7.5, "ce_v5": 0.3671, "acc_v5": 0.8765, "kl_v5": 0.0282, "agree_v5": 0.9323, "ce_syn": 0.1839, "acc_syn": 0.9677, "kl_syn": 0.0584, "agree_syn": 0.9355, "kl_real": 0.0378, "agree_real": 0.8947, "gam": 0.0369, "lam": 0.174}
{"phase": "ft", "step": 200, "t": 2357, "tok_s": 1355, "lr": 1.8825509907063327e-05, "mem": 7.5, "ce_v5": 0.2463, "acc_v5": 0.8989, "kl_v5": 0.0231, "agree_v5": 0.9531, "ce_syn": 0.2626, "acc_syn": 0.9091, "kl_syn": 0.0313, "agree_syn": 0.9394, "kl_real": 0.0039, "agree_real": 1.0, "gam": 0.0369, "lam": 0.1741}
{"phase": "ft", "step": 210, "t": 2510, "tok_s": 1352, "lr": 1.4644660940672627e-05, "mem": 7.5, "kl_real": 0.0265, "agree_real": 0.9286, "ce_v5": 0.4389, "acc_v5": 0.8186, "kl_v5": 0.0248, "agree_v5": 0.9367, "ce_syn": 0.269, "acc_syn": 0.8519, "kl_syn": 0.0251, "agree_syn": 0.9259, "gam": 0.0369, "lam": 0.174}
{"phase": "ft", "step": 220, "t": 2694, "tok_s": 1351, "lr": 1.090842587659851e-05, "mem": 7.5, "ce_v5": 0.3179, "acc_v5": 0.8704, "kl_v5": 0.0247, "agree_v5": 0.9306, "ce_syn": 0.1517, "acc_syn": 0.9762, "kl_syn": 0.0309, "agree_syn": 0.9762, "kl_real": 0.0176, "agree_real": 0.9194, "gam": 0.0369, "lam": 0.1739}
{"phase": "ft", "step": 230, "t": 2778, "tok_s": 1349, "lr": 7.663790038585793e-06, "mem": 7.5, "ce_v5": 0.2746, "acc_v5": 0.9051, "kl_v5": 0.0268, "agree_v5": 0.9599, "ce_syn": 0.2251, "acc_syn": 0.9118, "kl_syn": 0.0314, "agree_syn": 0.9412, "kl_real": 0.0108, "agree_real": 1.0, "gam": 0.0369, "lam": 0.1739}
{"phase": "ft", "step": 240, "t": 2925, "tok_s": 1348, "lr": 4.951556604879048e-06, "mem": 7.5, "ce_v5": 0.2859, "acc_v5": 0.8828, "kl_v5": 0.0223, "agree_v5": 0.9727, "kl_real": 0.0256, "agree_real": 0.875, "ce_syn": 0.5031, "acc_syn": 0.875, "kl_syn": 0.0776, "agree_syn": 0.875, "gam": 0.0369, "lam": 0.1739}
{"phase": "ft", "step": 250, "t": 3074, "tok_s": 1349, "lr": 2.8058334845816213e-06, "mem": 7.5, "ce_v5": 0.2848, "acc_v5": 0.9156, "kl_v5": 0.0182, "agree_v5": 0.9789, "kl_real": 0.0224, "agree_real": 0.9298, "ce_syn": 0.2299, "acc_syn": 0.9231, "kl_syn": 0.0273, "agree_syn": 0.9615, "gam": 0.0369, "lam": 0.1739}
{"phase": "ft", "step": 260, "t": 3202, "tok_s": 1349, "lr": 1.2536043909088191e-06, "mem": 7.5, "ce_v5": 0.3415, "acc_v5": 0.8706, "kl_v5": 0.0297, "agree_v5": 0.9765, "ce_syn": 0.1231, "acc_syn": 1.0, "kl_syn": 0.0602, "agree_syn": 0.9655, "kl_real": 0.0135, "agree_real": 0.9722, "gam": 0.0369, "lam": 0.1739}
{"phase": "ft", "step": 270, "t": 3277, "tok_s": 1349, "lr": 3.143895053378698e-07, "mem": 7.5, "ce_v5": 0.2776, "acc_v5": 0.8968, "kl_v5": 0.0201, "agree_v5": 0.9466, "ce_syn": 0.3728, "acc_syn": 0.913, "kl_syn": 0.0182, "agree_syn": 1.0, "kl_real": 0.0054, "agree_real": 1.0, "gam": 0.0369, "lam": 0.1739}
{"phase": "ft", "step": 280, "t": 3408, "tok_s": 1350, "lr": 0.0, "mem": 7.5, "ce_v5": 0.2872, "acc_v5": 0.9145, "kl_v5": 0.0194, "agree_v5": 0.9915, "ce_syn": 0.2964, "acc_syn": 0.825, "kl_syn": 0.0338, "agree_syn": 0.95, "kl_real": 0.0092, "agree_real": 0.9783, "gam": 0.0369, "lam": 0.1739}
done 3409.416598558426
