Loading weights:   0%|          | 0/320 [00:00<?, ?it/s]Loading weights: 100%|██████████| 320/320 [00:00<00:00, 3310.00it/s]
mode qa rev [0, 1, 2, 4, 5, 6, 8, 9, 10, 12, 13, 14, 16, 17, 18, 20, 21, 22] attn_nc True
loaded mntp.pt
ft rows 8960 steps 280 tokens 4601852
/home/ubuntu/work/j2/j2train.py:160: UserWarning: Converting a tensor with requires_grad=True to a scalar may lead to unexpected behavior.
Consider using tensor.detach() first. (Triggered internally at /__w/pytorch/pytorch/torch/csrc/autograd/generated/python_variable_methods.cpp:820.)
  acc['ce_' + r['src']] += float(ce); cnt['ce_' + r['src']] += 1
{"phase": "ft", "step": 10, "t": 89, "tok_s": 1624, "lr": 9.968561049466214e-05, "mem": 7.5, "ce_v5": 0.4965, "acc_v5": 0.8617, "kl_v5": 0.0899, "agree_v5": 0.8775, "ce_syn": 0.674, "acc_syn": 0.7632, "kl_syn": 0.2706, "agree_syn": 0.8684, "kl_real": 0.238, "agree_real": 0.8276, "gam": 0.0407, "lam": 0.174}
{"phase": "ft", "step": 20, "t": 295, "tok_s": 1394, "lr": 9.874639560909117e-05, "mem": 7.5, "ce_v5": 0.3656, "acc_v5": 0.8868, "kl_v5": 0.0509, "agree_v5": 0.934, "ce_syn": 0.2909, "acc_syn": 0.931, "kl_syn": 0.0409, "agree_syn": 1.0, "kl_real": 0.2184, "agree_real": 0.8861, "gam": 0.0408, "lam": 0.1735}
{"phase": "ft", "step": 30, "t": 340, "tok_s": 1366, "lr": 9.719416651541839e-05, "mem": 7.5, "ce_v5": 0.3258, "acc_v5": 0.886, "kl_v5": 0.0338, "agree_v5": 0.9511, "ce_syn": 0.3055, "acc_syn": 0.9167, "kl_syn": 0.0728, "agree_syn": 0.9167, "kl_real": 0.0008, "agree_real": 1.0, "gam": 0.0409, "lam": 0.1733}
{"phase": "ft", "step": 40, "t": 471, "tok_s": 1341, "lr": 9.504844339512095e-05, "mem": 7.5, "ce_syn": 0.699, "acc_syn": 0.7333, "kl_syn": 0.174, "agree_syn": 0.8333, "ce_v5": 0.3266, "acc_v5": 0.884, "kl_v5": 0.0296, "agree_v5": 0.936, "kl_real": 0.0651, "agree_real": 0.9, "gam": 0.041, "lam": 0.1727}
{"phase": "ft", "step": 50, "t": 573, "tok_s": 1329, "lr": 9.233620996141421e-05, "mem": 7.5, "kl_real": 0.0832, "agree_real": 0.8929, "ce_syn": 0.3718, "acc_syn": 0.8235, "kl_syn": 0.0577, "agree_syn": 0.8235, "ce_v5": 0.268, "acc_v5": 0.907, "kl_v5": 0.0344, "agree_v5": 0.9651, "gam": 0.0411, "lam": 0.1728}
{"phase": "ft", "step": 60, "t": 703, "tok_s": 1317, "lr": 8.90915741234015e-05, "mem": 7.5, "ce_syn": 0.3466, "acc_syn": 0.913, "kl_syn": 0.0559, "agree_syn": 0.9565, "kl_real": 0.1712, "agree_real": 0.7353, "ce_v5": 0.3324, "acc_v5": 0.8745, "kl_v5": 0.0326, "agree_v5": 0.9506, "gam": 0.0412, "lam": 0.1728}
{"phase": "ft", "step": 70, "t": 825, "tok_s": 1310, "lr": 8.535533905932738e-05, "mem": 7.5, "ce_v5": 0.3949, "acc_v5": 0.8395, "kl_v5": 0.0492, "agree_v5": 0.9383, "ce_syn": 0.258, "acc_syn": 0.9474, "kl_syn": 0.0397, "agree_syn": 0.9737, "kl_real": 0.0677, "agree_real": 0.8205, "gam": 0.0413, "lam": 0.1731}
{"phase": "ft", "step": 80, "t": 973, "tok_s": 1305, "lr": 8.117449009293668e-05, "mem": 7.5, "ce_v5": 0.4163, "acc_v5": 0.8374, "kl_v5": 0.0328, "agree_v5": 0.9512, "ce_syn": 0.2602, "acc_syn": 0.9444, "kl_syn": 0.0307, "agree_syn": 1.0, "kl_real": 0.0885, "agree_real": 0.8947, "gam": 0.0415, "lam": 0.1727}
{"phase": "ft", "step": 90, "t": 1086, "tok_s": 1300, "lr": 7.660160382576683e-05, "mem": 7.5, "ce_v5": 0.3039, "acc_v5": 0.8794, "kl_v5": 0.023, "agree_v5": 0.9574, "kl_real": 0.2546, "agree_real": 0.697, "ce_syn": 0.3519, "acc_syn": 0.8, "kl_syn": 0.1486, "agree_syn": 0.8, "gam": 0.0416, "lam": 0.1722}
{"phase": "ft", "step": 100, "t": 1303, "tok_s": 1299, "lr": 7.169418695587791e-05, "mem": 7.5, "ce_v5": 0.4628, "acc_v5": 0.8256, "kl_v5": 0.032, "agree_v5": 0.9179, "ce_syn": 0.2382, "acc_syn": 0.9286, "kl_syn": 0.0366, "agree_syn": 1.0, "kl_real": 0.063, "agree_real": 0.913, "gam": 0.0416, "lam": 0.172}
{"phase": "ft", "step": 110, "t": 1355, "tok_s": 1295, "lr": 6.651395309775837e-05, "mem": 7.5, "ce_v5": 0.3473, "acc_v5": 0.8796, "kl_v5": 0.0271, "agree_v5": 0.9431, "ce_syn": 0.4914, "acc_syn": 0.8, "kl_syn": 0.0772, "agree_syn": 0.8, "kl_real": 0.037, "agree_real": 1.0, "gam": 0.0417, "lam": 0.172}
{"phase": "ft", "step": 120, "t": 1519, "tok_s": 1294, "lr": 6.112604669781572e-05, "mem": 7.5, "ce_syn": 0.4663, "acc_syn": 0.7576, "kl_syn": 0.0649, "agree_syn": 0.8182, "kl_real": 0.0795, "agree_real": 0.8462, "ce_v5": 0.388, "acc_v5": 0.8511, "kl_v5": 0.0298, "agree_v5": 0.9532, "gam": 0.0418, "lam": 0.1723}
{"phase": "ft", "step": 130, "t": 1622, "tok_s": 1292, "lr": 5.559822380516539e-05, "mem": 7.5, "ce_v5": 0.3434, "acc_v5": 0.8911, "kl_v5": 0.027, "agree_v5": 0.9416, "ce_syn": 0.3522, "acc_syn": 0.8649, "kl_syn": 0.0235, "agree_syn": 0.9459, "kl_real": 0.0259, "agree_real": 0.8846, "gam": 0.0418, "lam": 0.1727}
{"phase": "ft", "step": 140, "t": 1713, "tok_s": 1302, "lr": 5e-05, "mem": 7.5, "ce_v5": 0.3374, "acc_v5": 0.8785, "kl_v5": 0.0399, "agree_v5": 0.9757, "kl_real": 0.0708, "agree_real": 0.875, "gam": 0.0418, "lam": 0.173}
{"phase": "ft", "step": 150, "t": 1749, "tok_s": 1334, "lr": 4.4401776194834613e-05, "mem": 7.5, "ce_v5": 0.3573, "acc_v5": 0.8618, "kl_v5": 0.0198, "agree_v5": 0.9382, "ce_syn": 0.2676, "acc_syn": 0.9231, "kl_syn": 0.0126, "agree_syn": 0.9231, "kl_real": 0.023, "agree_real": 1.0, "gam": 0.0419, "lam": 0.1733}
{"phase": "ft", "step": 160, "t": 1840, "tok_s": 1412, "lr": 3.887395330218429e-05, "mem": 7.5, "ce_syn": 0.3883, "acc_syn": 0.8293, "kl_syn": 0.0403, "agree_syn": 0.9268, "kl_real": 0.0328, "agree_real": 0.9444, "ce_v5": 0.304, "acc_v5": 0.9227, "kl_v5": 0.0281, "agree_v5": 0.9903, "gam": 0.0418, "lam": 0.1733}
{"phase": "ft", "step": 170, "t": 1917, "tok_s": 1472, "lr": 3.3486046902241664e-05, "mem": 7.5, "ce_v5": 0.288, "acc_v5": 0.9163, "kl_v5": 0.0162, "agree_v5": 0.9488, "ce_syn": 0.3299, "acc_syn": 0.8889, "kl_syn": 0.025, "agree_syn": 0.9778, "kl_real": 0.0218, "agree_real": 0.9333, "gam": 0.0419, "lam": 0.1734}
{"phase": "ft", "step": 180, "t": 1951, "tok_s": 1497, "lr": 2.8305813044122097e-05, "mem": 7.5, "ce_v5": 0.3878, "acc_v5": 0.8741, "kl_v5": 0.0351, "agree_v5": 0.9301, "ce_syn": 0.2917, "acc_syn": 0.9231, "kl_syn": 0.0648, "agree_syn": 0.9231, "kl_real": 0.0241, "agree_real": 1.0, "gam": 0.0419, "lam": 0.1733}
{"phase": "ft", "step": 190, "t": 2012, "tok_s": 1538, "lr": 2.3398396174233178e-05, "mem": 7.5, "ce_v5": 0.367, "acc_v5": 0.8685, "kl_v5": 0.0298, "agree_v5": 0.9323, "ce_syn": 0.1648, "acc_syn": 0.9677, "kl_syn": 0.0504, "agree_syn": 0.9355, "kl_real": 0.0416, "agree_real": 0.9211, "gam": 0.0419, "lam": 0.1735}
{"phase": "ft", "step": 200, "t": 2046, "tok_s": 1561, "lr": 1.8825509907063327e-05, "mem": 7.5, "ce_v5": 0.2465, "acc_v5": 0.8953, "kl_v5": 0.021, "agree_v5": 0.9458, "ce_syn": 0.2779, "acc_syn": 0.9091, "kl_syn": 0.0355, "agree_syn": 0.9394, "kl_real": 0.0041, "agree_real": 1.0, "gam": 0.0418, "lam": 0.1736}
{"phase": "ft", "step": 210, "t": 2116, "tok_s": 1604, "lr": 1.4644660940672627e-05, "mem": 7.5, "kl_real": 0.0243, "agree_real": 0.9464, "ce_v5": 0.4427, "acc_v5": 0.8143, "kl_v5": 0.0236, "agree_v5": 0.9451, "ce_syn": 0.2896, "acc_syn": 0.8519, "kl_syn": 0.0233, "agree_syn": 1.0, "gam": 0.0418, "lam": 0.1735}
{"phase": "ft", "step": 220, "t": 2201, "tok_s": 1654, "lr": 1.090842587659851e-05, "mem": 7.5, "ce_v5": 0.3167, "acc_v5": 0.875, "kl_v5": 0.0238, "agree_v5": 0.9352, "ce_syn": 0.1484, "acc_syn": 0.9762, "kl_syn": 0.0307, "agree_syn": 0.9762, "kl_real": 0.0163, "agree_real": 0.9355, "gam": 0.0418, "lam": 0.1734}
{"phase": "ft", "step": 230, "t": 2238, "tok_s": 1675, "lr": 7.663790038585793e-06, "mem": 7.5, "ce_v5": 0.2749, "acc_v5": 0.9088, "kl_v5": 0.0288, "agree_v5": 0.9672, "ce_syn": 0.2238, "acc_syn": 0.9118, "kl_syn": 0.0338, "agree_syn": 0.9412, "kl_real": 0.0104, "agree_real": 1.0, "gam": 0.0418, "lam": 0.1733}
{"phase": "ft", "step": 240, "t": 2305, "tok_s": 1710, "lr": 4.951556604879048e-06, "mem": 7.5, "ce_v5": 0.2862, "acc_v5": 0.8828, "kl_v5": 0.0224, "agree_v5": 0.9727, "kl_real": 0.0238, "agree_real": 0.8929, "ce_syn": 0.5015, "acc_syn": 0.875, "kl_syn": 0.0762, "agree_syn": 0.875, "gam": 0.0418, "lam": 0.1733}
{"phase": "ft", "step": 250, "t": 2375, "tok_s": 1746, "lr": 2.8058334845816213e-06, "mem": 7.5, "ce_v5": 0.284, "acc_v5": 0.9114, "kl_v5": 0.0177, "agree_v5": 0.9747, "kl_real": 0.0207, "agree_real": 0.9298, "ce_syn": 0.2413, "acc_syn": 0.9231, "kl_syn": 0.0283, "agree_syn": 0.9615, "gam": 0.0418, "lam": 0.1733}
{"phase": "ft", "step": 260, "t": 2436, "tok_s": 1774, "lr": 1.2536043909088191e-06, "mem": 7.5, "ce_v5": 0.3442, "acc_v5": 0.8706, "kl_v5": 0.0289, "agree_v5": 0.9765, "ce_syn": 0.1226, "acc_syn": 1.0, "kl_syn": 0.0647, "agree_syn": 0.9655, "kl_real": 0.0128, "agree_real": 0.9722, "gam": 0.0418, "lam": 0.1733}
{"phase": "ft", "step": 270, "t": 2470, "tok_s": 1789, "lr": 3.143895053378698e-07, "mem": 7.5, "ce_v5": 0.2791, "acc_v5": 0.8932, "kl_v5": 0.0204, "agree_v5": 0.9359, "ce_syn": 0.3713, "acc_syn": 0.913, "kl_syn": 0.0181, "agree_syn": 1.0, "kl_real": 0.0042, "agree_real": 1.0, "gam": 0.0418, "lam": 0.1733}
{"phase": "ft", "step": 280, "t": 2533, "tok_s": 1817, "lr": 0.0, "mem": 7.5, "ce_v5": 0.2913, "acc_v5": 0.906, "kl_v5": 0.0191, "agree_v5": 0.9829, "ce_syn": 0.2966, "acc_syn": 0.85, "kl_syn": 0.0293, "agree_syn": 0.975, "kl_real": 0.0107, "agree_real": 0.9783, "gam": 0.0418, "lam": 0.1733}
done 2534.073688030243
