Loading weights:   0%|          | 0/320 [00:00<?, ?it/s]Loading weights: 100%|██████████| 320/320 [00:00<00:00, 3758.21it/s]
mode qag rev [0, 1, 2, 4, 5, 6, 8, 9, 10, 12, 13, 14, 16, 17, 18, 20, 21, 22] attn_nc True
loaded mntp.pt
ft rows 8960 steps 280 tokens 4601852
/home/ubuntu/work/j2/j2train.py:149: UserWarning: Converting a tensor with requires_grad=True to a scalar may lead to unexpected behavior.
Consider using tensor.detach() first. (Triggered internally at /__w/pytorch/pytorch/torch/csrc/autograd/generated/python_variable_methods.cpp:820.)
  acc['ce_' + r['src']] += float(ce); cnt['ce_' + r['src']] += 1
{"phase": "ft", "step": 10, "t": 65, "tok_s": 2218, "lr": 9.968561049466214e-05, "mem": 7.5, "ce_v5": 0.4975, "acc_v5": 0.8617, "kl_v5": 0.0899, "agree_v5": 0.8775, "ce_syn": 0.6567, "acc_syn": 0.7895, "kl_syn": 0.2628, "agree_syn": 0.8947, "kl_real": 0.2368, "agree_real": 0.8276, "gam": 0.0407, "lam": 0.174}
{"phase": "ft", "step": 20, "t": 197, "tok_s": 2081, "lr": 9.874639560909117e-05, "mem": 7.5, "ce_v5": 0.367, "acc_v5": 0.8726, "kl_v5": 0.051, "agree_v5": 0.9292, "ce_syn": 0.2816, "acc_syn": 0.931, "kl_syn": 0.0392, "agree_syn": 1.0, "kl_real": 0.2539, "agree_real": 0.8608, "gam": 0.0408, "lam": 0.1738}
{"phase": "ft", "step": 30, "t": 238, "tok_s": 1953, "lr": 9.719416651541839e-05, "mem": 7.5, "ce_v5": 0.3263, "acc_v5": 0.8893, "kl_v5": 0.034, "agree_v5": 0.9544, "ce_syn": 0.3287, "acc_syn": 0.9167, "kl_syn": 0.0969, "agree_syn": 0.9167, "kl_real": 0.0002, "agree_real": 1.0, "gam": 0.0409, "lam": 0.1737}
{"phase": "ft", "step": 40, "t": 296, "tok_s": 2134, "lr": 9.504844339512095e-05, "mem": 7.5, "ce_syn": 0.6992, "acc_syn": 0.7333, "kl_syn": 0.1816, "agree_syn": 0.8333, "ce_v5": 0.3298, "acc_v5": 0.896, "kl_v5": 0.0267, "agree_v5": 0.936, "kl_real": 0.4213, "agree_real": 0.8, "gam": 0.041, "lam": 0.1733}
{"phase": "ft", "step": 50, "t": 341, "tok_s": 2231, "lr": 9.233620996141421e-05, "mem": 7.5, "kl_real": 0.0814, "agree_real": 0.9286, "ce_syn": 0.3934, "acc_syn": 0.8529, "kl_syn": 0.0656, "agree_syn": 0.8529, "ce_v5": 0.2609, "acc_v5": 0.9031, "kl_v5": 0.0412, "agree_v5": 0.9612, "gam": 0.0411, "lam": 0.1734}
{"phase": "ft", "step": 60, "t": 399, "tok_s": 2322, "lr": 8.90915741234015e-05, "mem": 7.5, "ce_syn": 0.3402, "acc_syn": 0.913, "kl_syn": 0.0503, "agree_syn": 0.9565, "kl_real": 0.1297, "agree_real": 0.8824, "ce_v5": 0.3318, "acc_v5": 0.8821, "kl_v5": 0.0295, "agree_v5": 0.9506, "gam": 0.0412, "lam": 0.1734}
{"phase": "ft", "step": 70, "t": 454, "tok_s": 2381, "lr": 8.535533905932738e-05, "mem": 7.5, "ce_v5": 0.3999, "acc_v5": 0.8272, "kl_v5": 0.0498, "agree_v5": 0.9259, "ce_syn": 0.2444, "acc_syn": 0.9211, "kl_syn": 0.0406, "agree_syn": 0.9474, "kl_real": 0.063, "agree_real": 0.7949, "gam": 0.0413, "lam": 0.1739}
{"phase": "ft", "step": 80, "t": 520, "tok_s": 2444, "lr": 8.117449009293668e-05, "mem": 7.5, "ce_v5": 0.428, "acc_v5": 0.8333, "kl_v5": 0.0401, "agree_v5": 0.9512, "ce_syn": 0.2236, "acc_syn": 0.9444, "kl_syn": 0.0234, "agree_syn": 1.0, "kl_real": 0.0538, "agree_real": 0.8947, "gam": 0.0415, "lam": 0.1735}
{"phase": "ft", "step": 90, "t": 571, "tok_s": 2473, "lr": 7.660160382576683e-05, "mem": 7.5, "ce_v5": 0.3073, "acc_v5": 0.8759, "kl_v5": 0.0246, "agree_v5": 0.9539, "kl_real": 0.2097, "agree_real": 0.5758, "ce_syn": 0.3198, "acc_syn": 0.8, "kl_syn": 0.1213, "agree_syn": 0.8, "gam": 0.0416, "lam": 0.1731}
{"phase": "ft", "step": 100, "t": 667, "tok_s": 2538, "lr": 7.169418695587791e-05, "mem": 7.5, "ce_v5": 0.4613, "acc_v5": 0.8256, "kl_v5": 0.0269, "agree_v5": 0.9179, "ce_syn": 0.2355, "acc_syn": 0.9464, "kl_syn": 0.0412, "agree_syn": 0.9821, "kl_real": 0.0789, "agree_real": 0.8261, "gam": 0.0416, "lam": 0.1729}
{"phase": "ft", "step": 110, "t": 690, "tok_s": 2543, "lr": 6.651395309775837e-05, "mem": 7.5, "ce_v5": 0.3444, "acc_v5": 0.8763, "kl_v5": 0.0272, "agree_v5": 0.9465, "ce_syn": 0.4699, "acc_syn": 0.8667, "kl_syn": 0.071, "agree_syn": 0.8667, "kl_real": 0.0782, "agree_real": 1.0, "gam": 0.0417, "lam": 0.1729}
{"phase": "ft", "step": 120, "t": 762, "tok_s": 2577, "lr": 6.112604669781572e-05, "mem": 7.5, "ce_syn": 0.4744, "acc_syn": 0.7273, "kl_syn": 0.0642, "agree_syn": 0.8485, "kl_real": 0.091, "agree_real": 0.8846, "ce_v5": 0.3858, "acc_v5": 0.8553, "kl_v5": 0.0298, "agree_v5": 0.9574, "gam": 0.0418, "lam": 0.1732}
{"phase": "ft", "step": 130, "t": 809, "tok_s": 2590, "lr": 5.559822380516539e-05, "mem": 7.5, "ce_v5": 0.3424, "acc_v5": 0.8911, "kl_v5": 0.0276, "agree_v5": 0.9416, "ce_syn": 0.3498, "acc_syn": 0.8649, "kl_syn": 0.0259, "agree_syn": 0.9459, "kl_real": 0.0186, "agree_real": 0.9615, "gam": 0.0418, "lam": 0.1735}
{"phase": "ft", "step": 140, "t": 857, "tok_s": 2602, "lr": 5e-05, "mem": 7.5, "ce_v5": 0.3351, "acc_v5": 0.8785, "kl_v5": 0.0405, "agree_v5": 0.9757, "kl_real": 0.0562, "agree_real": 0.875, "gam": 0.0418, "lam": 0.1738}
{"phase": "ft", "step": 150, "t": 894, "tok_s": 2611, "lr": 4.4401776194834613e-05, "mem": 7.5, "ce_v5": 0.3537, "acc_v5": 0.8655, "kl_v5": 0.0179, "agree_v5": 0.9491, "ce_syn": 0.2622, "acc_syn": 0.9231, "kl_syn": 0.0113, "agree_syn": 0.9231, "kl_real": 0.0178, "agree_real": 1.0, "gam": 0.0419, "lam": 0.1741}
{"phase": "ft", "step": 160, "t": 985, "tok_s": 2637, "lr": 3.887395330218429e-05, "mem": 7.5, "ce_syn": 0.3724, "acc_syn": 0.8293, "kl_syn": 0.0408, "agree_syn": 0.9268, "kl_real": 0.043, "agree_real": 0.9583, "ce_v5": 0.3014, "acc_v5": 0.9275, "kl_v5": 0.0306, "agree_v5": 0.9855, "gam": 0.0418, "lam": 0.1742}
{"phase": "ft", "step": 170, "t": 1062, "tok_s": 2655, "lr": 3.3486046902241664e-05, "mem": 7.5, "ce_v5": 0.2862, "acc_v5": 0.907, "kl_v5": 0.017, "agree_v5": 0.9488, "ce_syn": 0.3432, "acc_syn": 0.8444, "kl_syn": 0.0301, "agree_syn": 0.9333, "kl_real": 0.0292, "agree_real": 0.9167, "gam": 0.0419, "lam": 0.1744}
{"phase": "ft", "step": 180, "t": 1097, "tok_s": 2661, "lr": 2.8305813044122097e-05, "mem": 7.5, "ce_v5": 0.3845, "acc_v5": 0.8776, "kl_v5": 0.0328, "agree_v5": 0.9336, "ce_syn": 0.2786, "acc_syn": 0.9231, "kl_syn": 0.0655, "agree_syn": 0.9231, "kl_real": 0.0187, "agree_real": 1.0, "gam": 0.0419, "lam": 0.1744}
{"phase": "ft", "step": 190, "t": 1158, "tok_s": 2672, "lr": 2.3398396174233178e-05, "mem": 7.5, "ce_v5": 0.3663, "acc_v5": 0.8685, "kl_v5": 0.0291, "agree_v5": 0.9323, "ce_syn": 0.1674, "acc_syn": 0.9677, "kl_syn": 0.0552, "agree_syn": 0.9355, "kl_real": 0.0383, "agree_real": 0.9211, "gam": 0.0419, "lam": 0.1745}
{"phase": "ft", "step": 200, "t": 1193, "tok_s": 2678, "lr": 1.8825509907063327e-05, "mem": 7.5, "ce_v5": 0.2479, "acc_v5": 0.8989, "kl_v5": 0.0219, "agree_v5": 0.9495, "ce_syn": 0.2689, "acc_syn": 0.9091, "kl_syn": 0.0297, "agree_syn": 0.9394, "kl_real": 0.0046, "agree_real": 1.0, "gam": 0.0418, "lam": 0.1746}
{"phase": "ft", "step": 210, "t": 1263, "tok_s": 2687, "lr": 1.4644660940672627e-05, "mem": 7.5, "kl_real": 0.0249, "agree_real": 0.9286, "ce_v5": 0.4389, "acc_v5": 0.8101, "kl_v5": 0.0242, "agree_v5": 0.9409, "ce_syn": 0.2851, "acc_syn": 0.8519, "kl_syn": 0.0232, "agree_syn": 1.0, "gam": 0.0418, "lam": 0.1745}
{"phase": "ft", "step": 220, "t": 1348, "tok_s": 2701, "lr": 1.090842587659851e-05, "mem": 7.5, "ce_v5": 0.3171, "acc_v5": 0.875, "kl_v5": 0.0251, "agree_v5": 0.9352, "ce_syn": 0.159, "acc_syn": 0.9762, "kl_syn": 0.0281, "agree_syn": 0.9762, "kl_real": 0.0172, "agree_real": 0.9355, "gam": 0.0418, "lam": 0.1744}
{"phase": "ft", "step": 230, "t": 1386, "tok_s": 2705, "lr": 7.663790038585793e-06, "mem": 7.5, "ce_v5": 0.2743, "acc_v5": 0.9088, "kl_v5": 0.029, "agree_v5": 0.9708, "ce_syn": 0.2297, "acc_syn": 0.9118, "kl_syn": 0.0321, "agree_syn": 0.9412, "kl_real": 0.01, "agree_real": 1.0, "gam": 0.0418, "lam": 0.1743}
{"phase": "ft", "step": 240, "t": 1453, "tok_s": 2713, "lr": 4.951556604879048e-06, "mem": 7.5, "ce_v5": 0.286, "acc_v5": 0.8789, "kl_v5": 0.0213, "agree_v5": 0.9766, "kl_real": 0.0227, "agree_real": 0.8571, "ce_syn": 0.4323, "acc_syn": 0.875, "kl_syn": 0.0524, "agree_syn": 0.875, "gam": 0.0418, "lam": 0.1743}
{"phase": "ft", "step": 250, "t": 1523, "tok_s": 2721, "lr": 2.8058334845816213e-06, "mem": 7.5, "ce_v5": 0.2849, "acc_v5": 0.9114, "kl_v5": 0.0181, "agree_v5": 0.9747, "kl_real": 0.0221, "agree_real": 0.9474, "ce_syn": 0.2305, "acc_syn": 0.9231, "kl_syn": 0.0303, "agree_syn": 0.9615, "gam": 0.0418, "lam": 0.1743}
{"phase": "ft", "step": 260, "t": 1585, "tok_s": 2726, "lr": 1.2536043909088191e-06, "mem": 7.5, "ce_v5": 0.3423, "acc_v5": 0.8706, "kl_v5": 0.0306, "agree_v5": 0.9765, "ce_syn": 0.1346, "acc_syn": 1.0, "kl_syn": 0.0543, "agree_syn": 0.9655, "kl_real": 0.0119, "agree_real": 0.9444, "gam": 0.0418, "lam": 0.1743}
{"phase": "ft", "step": 270, "t": 1620, "tok_s": 2729, "lr": 3.143895053378698e-07, "mem": 7.5, "ce_v5": 0.2798, "acc_v5": 0.8968, "kl_v5": 0.0217, "agree_v5": 0.9502, "ce_syn": 0.3623, "acc_syn": 0.913, "kl_syn": 0.0159, "agree_syn": 1.0, "kl_real": 0.005, "agree_real": 1.0, "gam": 0.0418, "lam": 0.1743}
{"phase": "ft", "step": 280, "t": 1683, "tok_s": 2734, "lr": 0.0, "mem": 7.5, "ce_v5": 0.288, "acc_v5": 0.906, "kl_v5": 0.0193, "agree_v5": 0.9786, "ce_syn": 0.3016, "acc_syn": 0.825, "kl_syn": 0.0325, "agree_syn": 0.95, "kl_real": 0.0087, "agree_real": 0.9348, "gam": 0.0418, "lam": 0.1743}
done 1683.8786299228668
