Loading weights:   0%|          | 0/320 [00:00<?, ?it/s]Loading weights: 100%|██████████| 320/320 [00:00<00:00, 3728.20it/s]
mode causal rev [] attn_nc False
ft rows 8960 steps 280 tokens 4601852
/home/ubuntu/work/j2/j2train.py:149: UserWarning: Converting a tensor with requires_grad=True to a scalar may lead to unexpected behavior.
Consider using tensor.detach() first. (Triggered internally at /__w/pytorch/pytorch/torch/csrc/autograd/generated/python_variable_methods.cpp:820.)
  acc['ce_' + r['src']] += float(ce); cnt['ce_' + r['src']] += 1
{"phase": "ft", "step": 10, "t": 74, "tok_s": 1948, "lr": 9.968561049466214e-05, "mem": 7.5, "ce_v5": 0.3426, "acc_v5": 0.8854, "kl_v5": 0.0192, "agree_v5": 0.9763, "ce_syn": 0.3639, "acc_syn": 0.8684, "kl_syn": 0.0118, "agree_syn": 1.0, "kl_real": 0.0103, "agree_real": 1.0}
{"phase": "ft", "step": 20, "t": 252, "tok_s": 1629, "lr": 9.874639560909117e-05, "mem": 7.5, "ce_v5": 0.3743, "acc_v5": 0.8726, "kl_v5": 0.0338, "agree_v5": 0.9151, "ce_syn": 0.2514, "acc_syn": 0.931, "kl_syn": 0.0168, "agree_syn": 1.0, "kl_real": 0.1631, "agree_real": 0.8987}
{"phase": "ft", "step": 30, "t": 292, "tok_s": 1586, "lr": 9.719416651541839e-05, "mem": 7.5, "ce_v5": 0.3061, "acc_v5": 0.8893, "kl_v5": 0.0313, "agree_v5": 0.9479, "ce_syn": 0.2474, "acc_syn": 0.9167, "kl_syn": 0.0494, "agree_syn": 0.9167, "kl_real": 0.0002, "agree_real": 1.0}
{"phase": "ft", "step": 40, "t": 406, "tok_s": 1553, "lr": 9.504844339512095e-05, "mem": 7.5, "ce_syn": 0.4929, "acc_syn": 0.8333, "kl_syn": 0.0772, "agree_syn": 0.9, "ce_v5": 0.3304, "acc_v5": 0.872, "kl_v5": 0.0312, "agree_v5": 0.94, "kl_real": 0.0457, "agree_real": 0.925}
{"phase": "ft", "step": 50, "t": 491, "tok_s": 1553, "lr": 9.233620996141421e-05, "mem": 7.5, "kl_real": 0.0378, "agree_real": 0.9286, "ce_syn": 0.2952, "acc_syn": 0.8529, "kl_syn": 0.0248, "agree_syn": 0.9118, "ce_v5": 0.2694, "acc_v5": 0.9147, "kl_v5": 0.0214, "agree_v5": 0.9729}
{"phase": "ft", "step": 60, "t": 603, "tok_s": 1535, "lr": 8.90915741234015e-05, "mem": 7.5, "ce_syn": 0.3041, "acc_syn": 0.9565, "kl_syn": 0.0494, "agree_syn": 1.0, "kl_real": 0.0912, "agree_real": 0.8824, "ce_v5": 0.3292, "acc_v5": 0.8821, "kl_v5": 0.0314, "agree_v5": 0.981}
{"phase": "ft", "step": 70, "t": 709, "tok_s": 1523, "lr": 8.535533905932738e-05, "mem": 7.5, "ce_v5": 0.3656, "acc_v5": 0.8436, "kl_v5": 0.0512, "agree_v5": 0.9465, "ce_syn": 0.1945, "acc_syn": 0.9737, "kl_syn": 0.0296, "agree_syn": 0.9474, "kl_real": 0.0424, "agree_real": 0.8462}
{"phase": "ft", "step": 80, "t": 839, "tok_s": 1515, "lr": 8.117449009293668e-05, "mem": 7.5, "ce_v5": 0.3865, "acc_v5": 0.8537, "kl_v5": 0.0201, "agree_v5": 0.9553, "ce_syn": 0.2276, "acc_syn": 0.9444, "kl_syn": 0.0199, "agree_syn": 1.0, "kl_real": 0.0966, "agree_real": 0.7895}
{"phase": "ft", "step": 90, "t": 937, "tok_s": 1507, "lr": 7.660160382576683e-05, "mem": 7.5, "ce_v5": 0.3114, "acc_v5": 0.883, "kl_v5": 0.0301, "agree_v5": 0.9716, "kl_real": 0.1128, "agree_real": 0.8182, "ce_syn": 0.1783, "acc_syn": 1.0, "kl_syn": 0.0055, "agree_syn": 1.0}
{"phase": "ft", "step": 100, "t": 1125, "tok_s": 1505, "lr": 7.169418695587791e-05, "mem": 7.5, "ce_v5": 0.4595, "acc_v5": 0.8359, "kl_v5": 0.0175, "agree_v5": 0.9436, "ce_syn": 0.2197, "acc_syn": 0.9643, "kl_syn": 0.0356, "agree_syn": 0.9643, "kl_real": 0.0366, "agree_real": 0.8986}
{"phase": "ft", "step": 110, "t": 1165, "tok_s": 1507, "lr": 6.651395309775837e-05, "mem": 7.5, "ce_v5": 0.3581, "acc_v5": 0.8796, "kl_v5": 0.0202, "agree_v5": 0.9532, "ce_syn": 0.4639, "acc_syn": 0.8667, "kl_syn": 0.0458, "agree_syn": 0.9333, "kl_real": 0.0191, "agree_real": 1.0}
{"phase": "ft", "step": 120, "t": 1306, "tok_s": 1504, "lr": 6.112604669781572e-05, "mem": 7.5, "ce_syn": 0.4006, "acc_syn": 0.8182, "kl_syn": 0.0317, "agree_syn": 0.9394, "kl_real": 0.0365, "agree_real": 0.9615, "ce_v5": 0.3956, "acc_v5": 0.8426, "kl_v5": 0.0259, "agree_v5": 0.9617}
{"phase": "ft", "step": 130, "t": 1397, "tok_s": 1500, "lr": 5.559822380516539e-05, "mem": 7.5, "ce_v5": 0.3327, "acc_v5": 0.8949, "kl_v5": 0.0236, "agree_v5": 0.9494, "ce_syn": 0.368, "acc_syn": 0.8919, "kl_syn": 0.0231, "agree_syn": 0.973, "kl_real": 0.0103, "agree_real": 1.0}
{"phase": "ft", "step": 140, "t": 1490, "tok_s": 1496, "lr": 5e-05, "mem": 7.5, "ce_v5": 0.3277, "acc_v5": 0.8785, "kl_v5": 0.0278, "agree_v5": 0.9826, "kl_real": 0.0322, "agree_real": 0.9062}
{"phase": "ft", "step": 150, "t": 1564, "tok_s": 1493, "lr": 4.4401776194834613e-05, "mem": 7.5, "ce_v5": 0.3425, "acc_v5": 0.8618, "kl_v5": 0.0175, "agree_v5": 0.9564, "ce_syn": 0.2126, "acc_syn": 0.9615, "kl_syn": 0.0212, "agree_syn": 0.9615, "kl_real": 0.004, "agree_real": 1.0}
{"phase": "ft", "step": 160, "t": 1735, "tok_s": 1497, "lr": 3.887395330218429e-05, "mem": 7.5, "ce_syn": 0.3226, "acc_syn": 0.8537, "kl_syn": 0.0476, "agree_syn": 0.9756, "kl_real": 0.0236, "agree_real": 0.9583, "ce_v5": 0.3053, "acc_v5": 0.913, "kl_v5": 0.0216, "agree_v5": 0.9807}
{"phase": "ft", "step": 170, "t": 1885, "tok_s": 1496, "lr": 3.3486046902241664e-05, "mem": 7.5, "ce_v5": 0.2873, "acc_v5": 0.907, "kl_v5": 0.0117, "agree_v5": 0.9628, "ce_syn": 0.3314, "acc_syn": 0.8444, "kl_syn": 0.0167, "agree_syn": 0.9778, "kl_real": 0.0155, "agree_real": 0.95}
{"phase": "ft", "step": 180, "t": 1950, "tok_s": 1498, "lr": 2.8305813044122097e-05, "mem": 7.5, "ce_v5": 0.3703, "acc_v5": 0.8776, "kl_v5": 0.0285, "agree_v5": 0.9476, "ce_syn": 0.1666, "acc_syn": 1.0, "kl_syn": 0.0206, "agree_syn": 1.0, "kl_real": 0.0054, "agree_real": 1.0}
{"phase": "ft", "step": 190, "t": 2029, "tok_s": 1526, "lr": 2.3398396174233178e-05, "mem": 7.5, "ce_v5": 0.3752, "acc_v5": 0.8606, "kl_v5": 0.0254, "agree_v5": 0.9243, "ce_syn": 0.1714, "acc_syn": 0.9677, "kl_syn": 0.0297, "agree_syn": 0.9355, "kl_real": 0.0129, "agree_real": 1.0}
{"phase": "ft", "step": 200, "t": 2097, "tok_s": 1523, "lr": 1.8825509907063327e-05, "mem": 7.5, "ce_v5": 0.2442, "acc_v5": 0.9097, "kl_v5": 0.0162, "agree_v5": 0.9639, "ce_syn": 0.2629, "acc_syn": 0.9091, "kl_syn": 0.0218, "agree_syn": 1.0, "kl_real": 0.0026, "agree_real": 1.0}
{"phase": "ft", "step": 210, "t": 2233, "tok_s": 1520, "lr": 1.4644660940672627e-05, "mem": 7.5, "kl_real": 0.0096, "agree_real": 0.9643, "ce_v5": 0.4338, "acc_v5": 0.8186, "kl_v5": 0.0227, "agree_v5": 0.9451, "ce_syn": 0.3311, "acc_syn": 0.8148, "kl_syn": 0.0253, "agree_syn": 0.963}
{"phase": "ft", "step": 220, "t": 2325, "tok_s": 1566, "lr": 1.090842587659851e-05, "mem": 7.5, "ce_v5": 0.3152, "acc_v5": 0.8611, "kl_v5": 0.0221, "agree_v5": 0.9444, "ce_syn": 0.1565, "acc_syn": 0.9762, "kl_syn": 0.0195, "agree_syn": 0.9762, "kl_real": 0.0075, "agree_real": 0.9194}
{"phase": "ft", "step": 230, "t": 2359, "tok_s": 1589, "lr": 7.663790038585793e-06, "mem": 7.5, "ce_v5": 0.268, "acc_v5": 0.9015, "kl_v5": 0.024, "agree_v5": 0.9818, "ce_syn": 0.2218, "acc_syn": 0.9118, "kl_syn": 0.0301, "agree_syn": 1.0, "kl_real": 0.0021, "agree_real": 1.0}
{"phase": "ft", "step": 240, "t": 2417, "tok_s": 1631, "lr": 4.951556604879048e-06, "mem": 7.5, "ce_v5": 0.2892, "acc_v5": 0.8789, "kl_v5": 0.0223, "agree_v5": 0.9727, "kl_real": 0.0128, "agree_real": 0.9107, "ce_syn": 0.3789, "acc_syn": 0.875, "kl_syn": 0.054, "agree_syn": 0.875}
{"phase": "ft", "step": 250, "t": 2478, "tok_s": 1673, "lr": 2.8058334845816213e-06, "mem": 7.5, "ce_v5": 0.2792, "acc_v5": 0.9283, "kl_v5": 0.0179, "agree_v5": 0.9578, "kl_real": 0.0076, "agree_real": 0.9474, "ce_syn": 0.2463, "acc_syn": 0.9231, "kl_syn": 0.0211, "agree_syn": 0.9615}
{"phase": "ft", "step": 260, "t": 2531, "tok_s": 1707, "lr": 1.2536043909088191e-06, "mem": 7.5, "ce_v5": 0.3275, "acc_v5": 0.8784, "kl_v5": 0.0243, "agree_v5": 0.9804, "ce_syn": 0.1109, "acc_syn": 1.0, "kl_syn": 0.0243, "agree_syn": 0.9655, "kl_real": 0.0087, "agree_real": 0.9167}
{"phase": "ft", "step": 270, "t": 2561, "tok_s": 1726, "lr": 3.143895053378698e-07, "mem": 7.5, "ce_v5": 0.2735, "acc_v5": 0.9039, "kl_v5": 0.019, "agree_v5": 0.9609, "ce_syn": 0.2957, "acc_syn": 0.8696, "kl_syn": 0.0217, "agree_syn": 0.9565, "kl_real": 0.0007, "agree_real": 1.0}
{"phase": "ft", "step": 280, "t": 2615, "tok_s": 1760, "lr": 0.0, "mem": 7.5, "ce_v5": 0.2839, "acc_v5": 0.9145, "kl_v5": 0.0174, "agree_v5": 0.9915, "ce_syn": 0.308, "acc_syn": 0.875, "kl_syn": 0.0302, "agree_syn": 0.95, "kl_real": 0.0058, "agree_real": 0.9783}
done 2616.3012676239014
