Loading weights:   0%|          | 0/320 [00:00<?, ?it/s]Loading weights: 100%|██████████| 320/320 [00:00<00:00, 3773.19it/s]
mode qag rev [0, 1, 2, 4, 5, 6, 8, 9, 10, 12, 13, 14, 16, 17, 18, 20, 21, 22] attn_nc True
/home/ubuntu/work/j2/j2train.py:86: UserWarning: Converting a tensor with requires_grad=True to a scalar may lead to unexpected behavior.
Consider using tensor.detach() first. (Triggered internally at /__w/pytorch/pytorch/torch/csrc/autograd/generated/python_variable_methods.cpp:820.)
  acc['loss'] += float(loss); acc['n'] += 1
[W1006 16:47:30.947768808 CUDACachingAllocator.cpp:3934] memory allocation failed with OOM on device 0 while trying to allocate 610271232 bytes (free: 165806080, total: 23684841472).
{"phase": "mntp", "step": 10, "loss": 7.065, "t": 32, "gam": {"0": 0.0073, "13": 0.0107, "18": 0.0107, "22": 0.0103, "8": 0.0092}, "lam": {"11": 0.008, "15": 0.004, "19": -0.006, "23": -0.001, "3": 0.01, "7": 0.005}, "mem": 12.5}
{"phase": "mntp", "step": 20, "loss": 3.4843, "t": 61, "gam": {"0": 0.0137, "13": 0.0202, "18": 0.0218, "22": 0.0218, "8": 0.0167}, "lam": {"11": 0.022, "15": 0.017, "19": 0.004, "23": 0.009, "3": 0.027, "7": 0.015}, "mem": 12.5}
{"phase": "mntp", "step": 30, "loss": 2.4649, "t": 91, "gam": {"0": 0.0171, "13": 0.0249, "18": 0.0264, "22": 0.0267, "8": 0.02}, "lam": {"11": 0.036, "15": 0.037, "19": 0.019, "23": 0.023, "3": 0.046, "7": 0.022}, "mem": 12.6}
{"phase": "mntp", "step": 40, "loss": 2.149, "t": 120, "gam": {"0": 0.0201, "13": 0.0292, "18": 0.0297, "22": 0.0302, "8": 0.0228}, "lam": {"11": 0.05, "15": 0.059, "19": 0.033, "23": 0.037, "3": 0.065, "7": 0.032}, "mem": 12.7}
{"phase": "mntp", "step": 50, "loss": 2.09, "t": 149, "gam": {"0": 0.0228, "13": 0.0332, "18": 0.0323, "22": 0.0324, "8": 0.0255}, "lam": {"11": 0.065, "15": 0.08, "19": 0.047, "23": 0.051, "3": 0.084, "7": 0.04}, "mem": 12.7}
[W1006 16:50:13.406903163 CUDACachingAllocator.cpp:3934] memory allocation failed with OOM on device 0 while trying to allocate 687865856 bytes (free: 639041536, total: 23684841472).
{"phase": "mntp", "step": 60, "loss": 1.9069, "t": 179, "gam": {"0": 0.0249, "13": 0.0371, "18": 0.0342, "22": 0.0339, "8": 0.0277}, "lam": {"11": 0.08, "15": 0.1, "19": 0.061, "23": 0.063, "3": 0.102, "7": 0.05}, "mem": 12.7}
{"phase": "mntp", "step": 70, "loss": 1.8579, "t": 208, "gam": {"0": 0.0264, "13": 0.0406, "18": 0.0358, "22": 0.0353, "8": 0.0295}, "lam": {"11": 0.095, "15": 0.119, "19": 0.073, "23": 0.075, "3": 0.117, "7": 0.06}, "mem": 12.7}
{"phase": "mntp", "step": 80, "loss": 1.6773, "t": 238, "gam": {"0": 0.0275, "13": 0.044, "18": 0.0373, "22": 0.0364, "8": 0.0307}, "lam": {"11": 0.11, "15": 0.136, "19": 0.086, "23": 0.085, "3": 0.131, "7": 0.07}, "mem": 12.7}
{"phase": "mntp", "step": 90, "loss": 1.5156, "t": 267, "gam": {"0": 0.0283, "13": 0.0465, "18": 0.0384, "22": 0.0372, "8": 0.0317}, "lam": {"11": 0.125, "15": 0.152, "19": 0.098, "23": 0.095, "3": 0.142, "7": 0.079}, "mem": 12.7}
{"phase": "mntp", "step": 100, "loss": 1.4911, "t": 297, "gam": {"0": 0.0289, "13": 0.0484, "18": 0.0393, "22": 0.0379, "8": 0.0325}, "lam": {"11": 0.138, "15": 0.166, "19": 0.11, "23": 0.103, "3": 0.153, "7": 0.087}, "mem": 12.7}
{"phase": "mntp", "step": 110, "loss": 1.3867, "t": 326, "gam": {"0": 0.0293, "13": 0.05, "18": 0.04, "22": 0.0385, "8": 0.0332}, "lam": {"11": 0.149, "15": 0.177, "19": 0.12, "23": 0.111, "3": 0.161, "7": 0.094}, "mem": 12.7}
{"phase": "mntp", "step": 120, "loss": 1.3895, "t": 355, "gam": {"0": 0.0298, "13": 0.0512, "18": 0.0405, "22": 0.0389, "8": 0.0338}, "lam": {"11": 0.159, "15": 0.187, "19": 0.13, "23": 0.117, "3": 0.168, "7": 0.1}, "mem": 12.7}
{"phase": "mntp", "step": 130, "loss": 1.3526, "t": 385, "gam": {"0": 0.0301, "13": 0.0521, "18": 0.0409, "22": 0.0394, "8": 0.0343}, "lam": {"11": 0.167, "15": 0.196, "19": 0.138, "23": 0.123, "3": 0.174, "7": 0.105}, "mem": 12.7}
{"phase": "mntp", "step": 140, "loss": 1.3458, "t": 414, "gam": {"0": 0.0304, "13": 0.0529, "18": 0.0413, "22": 0.0398, "8": 0.0347}, "lam": {"11": 0.173, "15": 0.203, "19": 0.144, "23": 0.128, "3": 0.179, "7": 0.11}, "mem": 12.7}
{"phase": "mntp", "step": 150, "loss": 1.3101, "t": 443, "gam": {"0": 0.0306, "13": 0.0534, "18": 0.0416, "22": 0.0401, "8": 0.035}, "lam": {"11": 0.178, "15": 0.208, "19": 0.149, "23": 0.132, "3": 0.184, "7": 0.113}, "mem": 12.7}
{"phase": "mntp", "step": 160, "loss": 1.3146, "t": 473, "gam": {"0": 0.0308, "13": 0.0538, "18": 0.0417, "22": 0.0403, "8": 0.0351}, "lam": {"11": 0.183, "15": 0.213, "19": 0.154, "23": 0.135, "3": 0.187, "7": 0.116}, "mem": 12.7}
{"phase": "mntp", "step": 170, "loss": 1.2503, "t": 502, "gam": {"0": 0.0309, "13": 0.0541, "18": 0.0418, "22": 0.0405, "8": 0.0353}, "lam": {"11": 0.186, "15": 0.216, "19": 0.157, "23": 0.138, "3": 0.189, "7": 0.119}, "mem": 12.7}
{"phase": "mntp", "step": 180, "loss": 1.2481, "t": 532, "gam": {"0": 0.031, "13": 0.0543, "18": 0.042, "22": 0.0405, "8": 0.0354}, "lam": {"11": 0.189, "15": 0.219, "19": 0.16, "23": 0.14, "3": 0.192, "7": 0.121}, "mem": 12.7}
{"phase": "mntp", "step": 190, "loss": 1.2444, "t": 561, "gam": {"0": 0.031, "13": 0.0545, "18": 0.0421, "22": 0.0406, "8": 0.0355}, "lam": {"11": 0.191, "15": 0.222, "19": 0.163, "23": 0.141, "3": 0.194, "7": 0.122}, "mem": 12.7}
{"phase": "mntp", "step": 200, "loss": 1.1717, "t": 590, "gam": {"0": 0.0311, "13": 0.0547, "18": 0.0421, "22": 0.0406, "8": 0.0355}, "lam": {"11": 0.193, "15": 0.224, "19": 0.165, "23": 0.143, "3": 0.196, "7": 0.123}, "mem": 12.7}
ft rows 16000 steps 500 tokens 10966295
{"phase": "ft", "step": 10, "t": 151, "tok_s": 1145, "lr": 7.326098004236996e-05, "mem": 12.7, "ce_v5": 0.5813, "acc_v5": 0.8381, "kl_v5": 0.1301, "agree_v5": 0.8623, "kl_real": 1.1338, "agree_real": 0.7045, "ce_syn": 0.601, "acc_syn": 0.7586, "kl_syn": 0.1953, "agree_syn": 0.8621, "gam": 0.0407, "lam": 0.1741}
{"phase": "ft", "step": 20, "t": 332, "tok_s": 1675, "lr": 9.96057350657239e-05, "mem": 12.7, "ce_v5": 0.3614, "acc_v5": 0.8916, "kl_v5": 0.0697, "agree_v5": 0.931, "kl_real": 0.4966, "agree_real": 0.7692, "ce_syn": 0.3404, "acc_syn": 0.9231, "kl_syn": 0.0575, "agree_syn": 0.9615, "gam": 0.0407, "lam": 0.1736}
{"phase": "ft", "step": 30, "t": 354, "tok_s": 1741, "lr": 9.911436253643445e-05, "mem": 12.7, "ce_v5": 0.3259, "acc_v5": 0.8829, "kl_v5": 0.0337, "agree_v5": 0.9632, "ce_syn": 0.3235, "acc_syn": 0.9333, "kl_syn": 0.1013, "agree_syn": 0.8667, "kl_real": 0.0483, "agree_real": 1.0, "gam": 0.0407, "lam": 0.1733}
{"phase": "ft", "step": 40, "t": 439, "tok_s": 1950, "lr": 9.842915805643155e-05, "mem": 12.7, "ce_syn": 0.3615, "acc_syn": 0.8718, "kl_syn": 0.1125, "agree_syn": 0.9487, "kl_real": 0.1099, "agree_real": 0.902, "ce_v5": 0.2937, "acc_v5": 0.9087, "kl_v5": 0.0328, "agree_v5": 0.9478, "gam": 0.0409, "lam": 0.1733}
