pool 12747 aug pairs 4000 v5 12557
Loading weights:   0%|          | 0/320 [00:00<?, ?it/s]Loading weights: 100%|██████████| 320/320 [00:00<00:00, 3875.89it/s]
/home/ubuntu/work/j7/train_j7.py:185: UserWarning: Converting a tensor with requires_grad=True to a scalar may lead to unexpected behavior.
Consider using tensor.detach() first. (Triggered internally at /__w/pytorch/pytorch/torch/csrc/autograd/generated/python_variable_methods.cpp:820.)
  lsum['hid'] += float(hl); lcnt['hid'] += 1
{"upd": 1, "t": 6, "mem": 11.7, "lr": 1.5384401860617774e-05, "hid": 0.329, "kl_real": 0.9087, "agree_real": 0.1429, "T": 1180.5, "Torig": 2714.5, "ce_v5": 2.0792, "acc_v5": 0.0, "tacc_v5": 1.0, "kl_v5": 1.9035, "agree_v5": 0.0}
{"upd": 10, "t": 44, "mem": 14.8, "lr": 8.449800616906911e-05, "hid": 0.2909, "kl_real": 0.3101, "agree_real": 0.7544, "T": 1142.1806, "Torig": 2341.4028, "ce_v5": 0.5172, "acc_v5": 0.8, "tacc_v5": 1.0, "kl_v5": 0.3071, "agree_v5": 0.8}
{"upd": 20, "t": 86, "mem": 14.8, "lr": 9.94459753267812e-05, "hid": 0.2482, "ce_v5": 0.6691, "acc_v5": 0.7222, "tacc_v5": 0.8889, "kl_v5": 0.0801, "agree_v5": 0.8333, "T": 1167.8375, "Torig": 2307.625, "kl_real": 0.245, "agree_real": 0.7258}
{"upd": 30, "t": 133, "mem": 14.8, "lr": 9.875664641789545e-05, "hid": 0.2207, "kl_real": 0.2029, "agree_real": 0.7031, "T": 1157.65, "Torig": 2285.3625, "ce_v5": 0.4523, "acc_v5": 0.9375, "tacc_v5": 0.875, "kl_v5": 0.0081, "agree_v5": 0.9375}
{"upd": 40, "t": 170, "mem": 14.8, "lr": 9.779754323328192e-05, "hid": 0.2276, "ce_v5": 0.7796, "acc_v5": 0.8, "tacc_v5": 0.8, "kl_v5": 0.0125, "agree_v5": 1.0, "T": 962.6125, "Torig": 2057.7125, "kl_real": 0.1259, "agree_real": 0.8923}
{"upd": 50, "t": 212, "mem": 14.8, "lr": 9.657457896300791e-05, "hid": 0.2059, "kl_real": 0.1781, "agree_real": 0.8033, "T": 1094.0625, "Torig": 2264.325, "ce_v5": 0.5173, "acc_v5": 0.7895, "tacc_v5": 0.8947, "kl_v5": 0.1144, "agree_v5": 0.8947}
{"upd": 60, "t": 270, "mem": 14.8, "lr": 9.509529358847655e-05, "hid": 0.1984, "kl_real": 0.256, "agree_real": 0.7576, "T": 1141.9375, "Torig": 2313.775, "ce_v5": 0.4848, "acc_v5": 0.7857, "tacc_v5": 0.7857, "kl_v5": 0.0083, "agree_v5": 1.0}
{"upd": 70, "t": 315, "mem": 14.8, "lr": 9.336880739593416e-05, "hid": 0.1851, "ce_v5": 0.2732, "acc_v5": 0.8462, "tacc_v5": 0.8462, "kl_v5": 0.0218, "agree_v5": 1.0, "T": 1249.3875, "Torig": 2400.3625, "kl_real": 0.1727, "agree_real": 0.806}
{"upd": 80, "t": 371, "mem": 14.8, "lr": 9.140576474687264e-05, "hid": 0.1887, "kl_real": 0.0719, "agree_real": 0.95, "T": 1007.0, "Torig": 2137.9875, "ce_v5": 0.1688, "acc_v5": 0.95, "tacc_v5": 1.0, "kl_v5": 0.0055, "agree_v5": 0.95}
{"upd": 90, "t": 414, "mem": 14.8, "lr": 8.921826845200139e-05, "hid": 0.1697, "kl_real": 0.1415, "agree_real": 0.8125, "T": 1194.075, "Torig": 2342.4125, "ce_v5": 0.3715, "acc_v5": 0.875, "tacc_v5": 0.9375, "kl_v5": 0.0183, "agree_v5": 0.9375}
{"upd": 100, "t": 458, "mem": 14.8, "lr": 8.681980515339464e-05, "hid": 0.193, "kl_real": 0.1134, "agree_real": 0.875, "T": 1201.5875, "Torig": 2459.5625, "ce_v5": 0.3912, "acc_v5": 0.875, "tacc_v5": 0.875, "kl_v5": 0.004, "agree_v5": 1.0}
saved 100
{"upd": 110, "t": 515, "mem": 14.8, "lr": 8.422516217485826e-05, "hid": 0.1672, "ce_v5": 0.5673, "acc_v5": 0.8947, "tacc_v5": 0.8947, "kl_v5": 0.0154, "agree_v5": 1.0, "T": 1031.6375, "Torig": 2144.1, "kl_real": 0.0933, "agree_real": 0.8033}
{"upd": 120, "t": 557, "mem": 14.8, "lr": 8.14503363531613e-05, "hid": 0.1337, "kl_real": 0.0929, "agree_real": 0.8448, "T": 1124.7125, "Torig": 2157.075, "ce_v5": 0.3523, "acc_v5": 0.8182, "tacc_v5": 0.8182, "kl_v5": 0.0115, "agree_v5": 0.9091}
{"upd": 130, "t": 611, "mem": 14.8, "lr": 7.85124354122177e-05, "hid": 0.1573, "kl_real": 0.155, "agree_real": 0.8197, "T": 981.075, "Torig": 2052.875, "ce_v5": 0.328, "acc_v5": 0.8947, "tacc_v5": 0.8947, "kl_v5": 0.0048, "agree_v5": 0.8947}
{"upd": 140, "t": 655, "mem": 14.9, "lr": 7.542957248827961e-05, "hid": 0.1499, "ce_v5": 0.2512, "acc_v5": 0.9231, "tacc_v5": 0.9231, "kl_v5": 0.004, "agree_v5": 1.0, "T": 1219.9125, "Torig": 2374.7125, "kl_real": 0.1017, "agree_real": 0.8955}
{"upd": 150, "t": 694, "mem": 14.9, "lr": 7.222075445642904e-05, "hid": 0.1343, "kl_real": 0.1202, "agree_real": 0.8772, "T": 982.65, "Torig": 2042.25, "ce_v5": 0.4365, "acc_v5": 0.8261, "tacc_v5": 0.8261, "kl_v5": 0.0165, "agree_v5": 1.0}
{"upd": 160, "t": 755, "mem": 14.9, "lr": 6.890576474687263e-05, "hid": 0.147, "kl_real": 0.0933, "agree_real": 0.8696, "T": 1233.3125, "Torig": 2434.9125, "ce_v5": 0.4096, "acc_v5": 0.6364, "tacc_v5": 1.0, "kl_v5": 0.0913, "agree_v5": 0.6364}
{"upd": 170, "t": 794, "mem": 14.9, "lr": 6.550504137351576e-05, "hid": 0.1352, "kl_real": 0.104, "agree_real": 0.8475, "T": 998.375, "Torig": 2051.775, "ce_v5": 0.3472, "acc_v5": 0.8095, "tacc_v5": 0.8095, "kl_v5": 0.0088, "agree_v5": 0.9048}
{"upd": 180, "t": 853, "mem": 14.9, "lr": 6.203955092681039e-05, "hid": 0.1386, "kl_real": 0.1257, "agree_real": 0.8529, "T": 1165.1875, "Torig": 2313.6, "ce_v5": 0.4104, "acc_v5": 0.8333, "tacc_v5": 0.9167, "kl_v5": 0.0221, "agree_v5": 0.9167}
{"upd": 190, "t": 903, "mem": 14.9, "lr": 5.8530659307753036e-05, "hid": 0.1413, "kl_real": 0.1151, "agree_real": 0.8451, "T": 1381.375, "Torig": 2696.025, "ce_v5": 0.3712, "acc_v5": 0.7778, "tacc_v5": 1.0, "kl_v5": 0.1413, "agree_v5": 0.7778}
{"upd": 200, "t": 947, "mem": 14.9, "lr": 5.500000000000001e-05, "hid": 0.1327, "kl_real": 0.0912, "agree_real": 0.8939, "T": 1195.4625, "Torig": 2423.1375, "ce_v5": 0.1512, "acc_v5": 1.0, "tacc_v5": 1.0, "kl_v5": 0.0085, "agree_v5": 1.0}
saved 200
{"upd": 210, "t": 1008, "mem": 14.9, "lr": 5.1469340692246995e-05, "hid": 0.1274, "ce_v5": 0.5065, "acc_v5": 0.8125, "tacc_v5": 0.8125, "kl_v5": 0.0065, "agree_v5": 1.0, "T": 1221.075, "Torig": 2368.3, "kl_real": 0.0572, "agree_real": 0.9375}
{"upd": 220, "t": 1049, "mem": 14.9, "lr": 4.7960449073189606e-05, "hid": 0.1097, "kl_real": 0.0852, "agree_real": 0.8852, "T": 1151.925, "Torig": 2156.0375, "ce_v5": 0.5225, "acc_v5": 0.7895, "tacc_v5": 0.8421, "kl_v5": 0.0226, "agree_v5": 0.8421}
{"upd": 230, "t": 1106, "mem": 14.9, "lr": 4.4494958626484276e-05, "hid": 0.1202, "ce_v5": 0.4414, "acc_v5": 0.75, "tacc_v5": 0.8125, "kl_v5": 0.0637, "agree_v5": 0.9375, "T": 1125.6375, "Torig": 2232.1875, "kl_real": 0.0689, "agree_real": 0.8438}
{"upd": 240, "t": 1151, "mem": 14.9, "lr": 4.109423525312738e-05, "hid": 0.1309, "ce_v5": 0.3598, "acc_v5": 0.8, "tacc_v5": 0.8667, "kl_v5": 0.0147, "agree_v5": 0.9333, "T": 1185.9375, "Torig": 2469.4375, "kl_real": 0.078, "agree_real": 0.8615}
{"upd": 250, "t": 1193, "mem": 14.9, "lr": 3.777924554357096e-05, "hid": 0.1292, "kl_real": 0.0315, "agree_real": 0.9394, "T": 1152.2625, "Torig": 2369.8, "ce_v5": 0.4009, "acc_v5": 0.7857, "tacc_v5": 0.7143, "kl_v5": 0.0034, "agree_v5": 0.9286}
{"upd": 260, "t": 1253, "mem": 14.9, "lr": 3.45704275117204e-05, "hid": 0.1358, "kl_real": 0.0905, "agree_real": 0.9178, "T": 1178.9625, "Torig": 2431.525, "ce_v5": 0.1863, "acc_v5": 0.8571, "tacc_v5": 1.0, "kl_v5": 0.1434, "agree_v5": 0.8571}
{"upd": 270, "t": 1290, "mem": 14.9, "lr": 3.1487564587782306e-05, "hid": 0.1044, "kl_real": 0.0743, "agree_real": 0.875, "T": 966.125, "Torig": 1887.2375, "ce_v5": 0.4679, "acc_v5": 0.875, "tacc_v5": 0.875, "kl_v5": 0.0069, "agree_v5": 1.0}
{"upd": 280, "t": 1350, "mem": 14.9, "lr": 2.854966364683872e-05, "hid": 0.1165, "kl_real": 0.0413, "agree_real": 0.9231, "T": 1222.475, "Torig": 2375.075, "ce_v5": 0.311, "acc_v5": 0.8667, "tacc_v5": 0.9333, "kl_v5": 0.0026, "agree_v5": 0.9333}
{"upd": 290, "t": 1394, "mem": 14.9, "lr": 2.577483782514174e-05, "hid": 0.1286, "kl_real": 0.0799, "agree_real": 0.8841, "T": 1216.775, "Torig": 2458.1375, "ce_v5": 0.4289, "acc_v5": 0.8182, "tacc_v5": 0.8182, "kl_v5": 0.0213, "agree_v5": 0.9091}
{"upd": 300, "t": 1438, "mem": 14.9, "lr": 2.3180194846605367e-05, "hid": 0.1215, "kl_real": 0.0881, "agree_real": 0.9559, "T": 1177.4125, "Torig": 2388.9125, "ce_v5": 0.4024, "acc_v5": 0.8333, "tacc_v5": 0.8333, "kl_v5": 0.0405, "agree_v5": 0.8333}
saved 300
{"upd": 310, "t": 1495, "mem": 14.9, "lr": 2.0781731547998614e-05, "hid": 0.1205, "ce_v5": 0.2834, "acc_v5": 0.9333, "tacc_v5": 0.8667, "kl_v5": 0.0059, "agree_v5": 0.9333, "T": 1100.225, "Torig": 2266.175, "kl_real": 0.0524, "agree_real": 0.9385}
{"upd": 320, "t": 1537, "mem": 15.0, "lr": 1.8594235253127375e-05, "hid": 0.1205, "kl_real": 0.0418, "agree_real": 0.8657, "T": 1125.7875, "Torig": 2307.625, "ce_v5": 0.3627, "acc_v5": 0.8462, "tacc_v5": 0.7692, "kl_v5": 0.0118, "agree_v5": 0.9231}
{"upd": 330, "t": 1593, "mem": 15.0, "lr": 1.6631192604065855e-05, "hid": 0.109, "kl_real": 0.0764, "agree_real": 0.918, "T": 1068.9375, "Torig": 2029.5625, "ce_v5": 0.2442, "acc_v5": 1.0, "tacc_v5": 0.9474, "kl_v5": 0.007, "agree_v5": 0.9474}
{"upd": 340, "t": 1632, "mem": 15.0, "lr": 1.490470641152345e-05, "hid": 0.1189, "kl_real": 0.0666, "agree_real": 0.9091, "T": 1045.575, "Torig": 2214.6875, "ce_v5": 0.5497, "acc_v5": 0.7143, "tacc_v5": 0.6429, "kl_v5": 0.0088, "agree_v5": 0.9286}
{"upd": 350, "t": 1672, "mem": 15.0, "lr": 1.3425421036992098e-05, "hid": 0.1124, "kl_real": 0.0262, "agree_real": 0.9, "T": 1013.1, "Torig": 2134.625, "ce_v5": 0.2794, "acc_v5": 0.95, "tacc_v5": 0.95, "kl_v5": 0.0139, "agree_v5": 1.0}
{"upd": 360, "t": 1731, "mem": 15.0, "lr": 1.2202456766718093e-05, "hid": 0.0981, "kl_real": 0.0811, "agree_real": 0.8305, "T": 1156.7625, "Torig": 2199.0875, "ce_v5": 0.3098, "acc_v5": 0.9524, "tacc_v5": 0.8571, "kl_v5": 0.009, "agree_v5": 0.9048}
{"upd": 370, "t": 1774, "mem": 15.0, "lr": 1.1243353582104556e-05, "hid": 0.1183, "kl_real": 0.0626, "agree_real": 0.9032, "T": 1097.9625, "Torig": 2350.625, "ce_v5": 0.3552, "acc_v5": 0.9444, "tacc_v5": 0.9444, "kl_v5": 0.0062, "agree_v5": 1.0}
{"upd": 380, "t": 1831, "mem": 15.0, "lr": 1.0554024673218807e-05, "hid": 0.1131, "kl_real": 0.0479, "agree_real": 0.9692, "T": 1076.55, "Torig": 2222.8875, "ce_v5": 0.1786, "acc_v5": 0.9333, "tacc_v5": 0.9333, "kl_v5": 0.003, "agree_v5": 1.0}
{"upd": 390, "t": 1873, "mem": 15.0, "lr": 1.0138719982009242e-05, "hid": 0.1088, "kl_real": 0.0328, "agree_real": 0.95, "T": 1106.1875, "Torig": 2221.25, "ce_v5": 0.2939, "acc_v5": 0.85, "tacc_v5": 0.95, "kl_v5": 0.0158, "agree_v5": 0.9}
{"upd": 400, "t": 1918, "mem": 15.0, "lr": 1e-05, "hid": 0.1098, "kl_real": 0.0604, "agree_real": 0.8529, "T": 1245.4, "Torig": 2420.025, "ce_v5": 0.5149, "acc_v5": 0.75, "tacc_v5": 0.8333, "kl_v5": 0.0175, "agree_v5": 0.9167}
saved 400
done 1934.6755831241608
