pool 12747 aug pairs 4000 v5 12557
Loading weights:   0%|          | 0/320 [00:00<?, ?it/s]Loading weights: 100%|██████████| 320/320 [00:00<00:00, 3786.38it/s]
init from ck_T/s400.pt
/home/ubuntu/work/j7/train_j7.py:185: UserWarning: Converting a tensor with requires_grad=True to a scalar may lead to unexpected behavior.
Consider using tensor.detach() first. (Triggered internally at /__w/pytorch/pytorch/torch/csrc/autograd/generated/python_variable_methods.cpp:820.)
  lsum['hid'] += float(hl); lcnt['hid'] += 1
{"upd": 1, "t": 5, "mem": 12.6, "lr": 8.69561276562089e-06, "hid": 0.1415, "ce_v5": 0.5977, "acc_v5": 1.0, "tacc_v5": 1.0, "kl_v5": 0.005, "agree_v5": 1.0, "T": 1069.875, "Torig": 2375.25, "kl_real": 0.0326, "agree_real": 1.0}
{"upd": 10, "t": 38, "mem": 14.6, "lr": 4.780441599730221e-05, "hid": 0.154, "kl_real": 0.0841, "agree_real": 0.8793, "T": 876.4722, "Torig": 2384.6111, "ce_v5": 0.7345, "acc_v5": 0.8571, "tacc_v5": 0.9286, "kl_v5": 0.0359, "agree_v5": 0.9286}
{"upd": 20, "t": 79, "mem": 14.6, "lr": 9.113894381850005e-05, "hid": 0.1517, "kl_real": 0.0413, "agree_real": 0.9091, "T": 1005.9625, "Torig": 2635.875, "ce_v5": 0.4674, "acc_v5": 0.7857, "tacc_v5": 0.7857, "kl_v5": 0.0121, "agree_v5": 1.0}
{"upd": 30, "t": 113, "mem": 14.6, "lr": 9.959273927955706e-05, "hid": 0.1365, "ce_v5": 0.4354, "acc_v5": 0.7826, "tacc_v5": 0.8261, "kl_v5": 0.0597, "agree_v5": 0.9565, "T": 720.675, "Torig": 1794.0875, "kl_real": 0.07, "agree_real": 0.8947}
{"upd": 40, "t": 148, "mem": 14.6, "lr": 9.927683148693833e-05, "hid": 0.1385, "kl_real": 0.1025, "agree_real": 0.7857, "T": 796.75, "Torig": 2127.225, "ce_v5": 0.5081, "acc_v5": 0.75, "tacc_v5": 0.8333, "kl_v5": 0.0154, "agree_v5": 0.875}
{"upd": 50, "t": 185, "mem": 14.8, "lr": 9.887175604818206e-05, "hid": 0.1434, "ce_v5": 0.5091, "acc_v5": 0.7778, "tacc_v5": 0.7778, "kl_v5": 0.0153, "agree_v5": 1.0, "T": 928.35, "Torig": 2283.3875, "kl_real": 0.0782, "agree_real": 0.9032}
{"upd": 60, "t": 240, "mem": 14.9, "lr": 9.83783287313134e-05, "hid": 0.1606, "kl_real": 0.1279, "agree_real": 0.8116, "T": 974.625, "Torig": 2483.075, "ce_v5": 0.6611, "acc_v5": 0.8182, "tacc_v5": 0.9091, "kl_v5": 0.5281, "agree_v5": 0.9091}
{"upd": 70, "t": 279, "mem": 14.9, "lr": 9.779754323328192e-05, "hid": 0.1631, "kl_real": 0.0904, "agree_real": 0.8767, "T": 984.1, "Torig": 2543.9625, "ce_v5": 0.4478, "acc_v5": 0.7143, "tacc_v5": 0.7143, "kl_v5": 0.0385, "agree_v5": 1.0}
{"upd": 80, "t": 334, "mem": 14.9, "lr": 9.713056917878818e-05, "hid": 0.1552, "kl_real": 0.0828, "agree_real": 0.8696, "T": 944.05, "Torig": 2392.1875, "ce_v5": 0.8509, "acc_v5": 0.9091, "tacc_v5": 0.8182, "kl_v5": 0.0108, "agree_v5": 0.9091}
{"upd": 90, "t": 369, "mem": 14.9, "lr": 9.637874976481529e-05, "hid": 0.1497, "kl_real": 0.0645, "agree_real": 0.9242, "T": 835.7875, "Torig": 2220.9375, "ce_v5": 0.2433, "acc_v5": 0.9286, "tacc_v5": 1.0, "kl_v5": 0.0155, "agree_v5": 0.9286}
{"upd": 100, "t": 409, "mem": 14.9, "lr": 9.554359905560886e-05, "hid": 0.1508, "kl_real": 0.154, "agree_real": 0.8261, "T": 1035.025, "Torig": 2569.025, "ce_v5": 0.254, "acc_v5": 0.9091, "tacc_v5": 0.8182, "kl_v5": 0.0798, "agree_v5": 0.7273}
{"upd": 110, "t": 462, "mem": 14.9, "lr": 9.462679893355322e-05, "hid": 0.1351, "ce_v5": 0.1369, "acc_v5": 0.9375, "tacc_v5": 0.9375, "kl_v5": 0.003, "agree_v5": 1.0, "T": 918.725, "Torig": 2161.2, "kl_real": 0.0913, "agree_real": 0.8438}
{"upd": 120, "t": 497, "mem": 14.9, "lr": 9.363019571208397e-05, "hid": 0.1359, "kl_real": 0.0891, "agree_real": 0.8689, "T": 852.45, "Torig": 2119.7, "ce_v5": 0.3558, "acc_v5": 0.8947, "tacc_v5": 0.8421, "kl_v5": 0.0208, "agree_v5": 0.9474}
{"upd": 130, "t": 550, "mem": 14.9, "lr": 9.255579641745862e-05, "hid": 0.1441, "kl_real": 0.1058, "agree_real": 0.8209, "T": 908.975, "Torig": 2338.725, "ce_v5": 0.4365, "acc_v5": 0.9231, "tacc_v5": 0.9231, "kl_v5": 0.0079, "agree_v5": 1.0}
{"upd": 140, "t": 588, "mem": 15.0, "lr": 9.140576474687264e-05, "hid": 0.1477, "kl_real": 0.1188, "agree_real": 0.8116, "T": 940.975, "Torig": 2380.5625, "ce_v5": 0.2791, "acc_v5": 1.0, "tacc_v5": 0.8182, "kl_v5": 0.0475, "agree_v5": 0.8182}
{"upd": 150, "t": 624, "mem": 15.0, "lr": 9.018241671106134e-05, "hid": 0.1355, "kl_real": 0.0727, "agree_real": 0.9231, "T": 896.7125, "Torig": 2247.025, "ce_v5": 0.2634, "acc_v5": 0.8667, "tacc_v5": 0.9333, "kl_v5": 0.1199, "agree_v5": 0.8}
{"upd": 160, "t": 678, "mem": 15.0, "lr": 8.88882159701625e-05, "hid": 0.1419, "kl_real": 0.0934, "agree_real": 0.8955, "T": 925.4875, "Torig": 2372.275, "ce_v5": 0.2235, "acc_v5": 0.9231, "tacc_v5": 0.9231, "kl_v5": 0.0145, "agree_v5": 1.0}
{"upd": 170, "t": 713, "mem": 15.0, "lr": 8.752576887223263e-05, "hid": 0.1413, "ce_v5": 0.7404, "acc_v5": 0.6667, "tacc_v5": 0.7333, "kl_v5": 0.0625, "agree_v5": 0.9333, "T": 845.975, "Torig": 2236.6875, "kl_real": 0.0931, "agree_real": 0.8308}
{"upd": 180, "t": 764, "mem": 15.0, "lr": 8.609781920440891e-05, "hid": 0.131, "kl_real": 0.0531, "agree_real": 0.9524, "T": 833.325, "Torig": 2134.35, "ce_v5": 0.3051, "acc_v5": 0.9412, "tacc_v5": 0.8235, "kl_v5": 0.0416, "agree_v5": 0.8824}
{"upd": 190, "t": 801, "mem": 15.0, "lr": 8.460724266728707e-05, "hid": 0.13, "kl_real": 0.0624, "agree_real": 0.8889, "T": 877.875, "Torig": 2252.75, "ce_v5": 0.4785, "acc_v5": 0.7059, "tacc_v5": 0.7059, "kl_v5": 0.0926, "agree_v5": 0.8824}
{"upd": 200, "t": 838, "mem": 15.0, "lr": 8.305704108364301e-05, "hid": 0.1357, "kl_real": 0.0576, "agree_real": 0.8636, "T": 943.1375, "Torig": 2352.4625, "ce_v5": 0.1458, "acc_v5": 1.0, "tacc_v5": 1.0, "kl_v5": 0.014, "agree_v5": 1.0}
{"upd": 210, "t": 892, "mem": 15.0, "lr": 8.14503363531613e-05, "hid": 0.1288, "ce_v5": 0.2854, "acc_v5": 0.9375, "tacc_v5": 0.9375, "kl_v5": 0.0232, "agree_v5": 0.875, "T": 914.475, "Torig": 2363.9, "kl_real": 0.069, "agree_real": 0.8906}
{"upd": 220, "t": 930, "mem": 15.0, "lr": 7.979036416534463e-05, "hid": 0.1334, "kl_real": 0.1518, "agree_real": 0.8438, "T": 950.525, "Torig": 2452.825, "ce_v5": 0.368, "acc_v5": 0.875, "tacc_v5": 0.875, "kl_v5": 0.0171, "agree_v5": 1.0}
{"upd": 230, "t": 983, "mem": 15.0, "lr": 7.808046748326579e-05, "hid": 0.1263, "kl_real": 0.0358, "agree_real": 0.8852, "T": 855.45, "Torig": 2201.825, "ce_v5": 0.3538, "acc_v5": 0.9474, "tacc_v5": 0.9474, "kl_v5": 0.0254, "agree_v5": 1.0}
{"upd": 240, "t": 1016, "mem": 15.0, "lr": 7.632408981128494e-05, "hid": 0.128, "ce_v5": 0.6413, "acc_v5": 0.75, "tacc_v5": 0.875, "kl_v5": 0.0916, "agree_v5": 0.875, "T": 821.35, "Torig": 2031.6875, "kl_real": 0.0764, "agree_real": 0.9219}
{"upd": 250, "t": 1053, "mem": 15.0, "lr": 7.452476826029011e-05, "hid": 0.1218, "ce_v5": 0.5738, "acc_v5": 0.7619, "tacc_v5": 0.8095, "kl_v5": 0.0348, "agree_v5": 0.9524, "T": 890.575, "Torig": 2163.125, "kl_real": 0.0528, "agree_real": 0.9492}
{"upd": 260, "t": 1108, "mem": 15.0, "lr": 7.268612642442657e-05, "hid": 0.1308, "kl_real": 0.0594, "agree_real": 0.9104, "T": 967.225, "Torig": 2448.2375, "ce_v5": 0.4304, "acc_v5": 0.7692, "tacc_v5": 0.7692, "kl_v5": 0.0123, "agree_v5": 0.8462}
{"upd": 270, "t": 1144, "mem": 15.0, "lr": 7.081186708366043e-05, "hid": 0.1079, "kl_real": 0.0806, "agree_real": 0.8909, "T": 877.3125, "Torig": 2024.85, "ce_v5": 0.5178, "acc_v5": 0.88, "tacc_v5": 0.92, "kl_v5": 0.0622, "agree_v5": 0.92}
{"upd": 280, "t": 1198, "mem": 15.0, "lr": 6.890576474687263e-05, "hid": 0.1276, "kl_real": 0.0469, "agree_real": 0.9231, "T": 932.1875, "Torig": 2349.4625, "ce_v5": 0.0903, "acc_v5": 1.0, "tacc_v5": 1.0, "kl_v5": 0.0099, "agree_v5": 1.0}
{"upd": 290, "t": 1231, "mem": 15.0, "lr": 6.697165805050038e-05, "hid": 0.1285, "kl_real": 0.0528, "agree_real": 0.9077, "T": 775.7625, "Torig": 2025.475, "ce_v5": 0.4099, "acc_v5": 0.8667, "tacc_v5": 0.8, "kl_v5": 0.0186, "agree_v5": 0.9333}
{"upd": 300, "t": 1266, "mem": 15.0, "lr": 6.501344202803414e-05, "hid": 0.1188, "kl_real": 0.0606, "agree_real": 0.918, "T": 856.8125, "Torig": 2125.025, "ce_v5": 0.5486, "acc_v5": 0.8421, "tacc_v5": 0.7895, "kl_v5": 0.0142, "agree_v5": 0.9474}
{"upd": 310, "t": 1317, "mem": 15.0, "lr": 6.303506026593865e-05, "hid": 0.1211, "kl_real": 0.0511, "agree_real": 0.8525, "T": 815.925, "Torig": 2109.2, "ce_v5": 0.2488, "acc_v5": 0.9474, "tacc_v5": 1.0, "kl_v5": 0.0081, "agree_v5": 0.9474}
{"upd": 320, "t": 1356, "mem": 15.0, "lr": 6.10404969617945e-05, "hid": 0.1333, "kl_real": 0.0541, "agree_real": 0.9296, "T": 965.2375, "Torig": 2448.7125, "ce_v5": 0.315, "acc_v5": 0.8889, "tacc_v5": 0.8889, "kl_v5": 0.0024, "agree_v5": 1.0}
{"upd": 330, "t": 1407, "mem": 15.0, "lr": 5.903376890065452e-05, "hid": 0.121, "ce_v5": 0.8959, "acc_v5": 0.7222, "tacc_v5": 0.7222, "kl_v5": 0.2105, "agree_v5": 0.8333, "T": 837.625, "Torig": 2165.2875, "kl_real": 0.0647, "agree_real": 0.9032}
{"upd": 340, "t": 1441, "mem": 15.0, "lr": 5.7018917365773184e-05, "hid": 0.1229, "kl_real": 0.0528, "agree_real": 0.8906, "T": 795.9125, "Torig": 2058.6875, "ce_v5": 0.3292, "acc_v5": 0.9375, "tacc_v5": 0.9375, "kl_v5": 0.006, "agree_v5": 1.0}
{"upd": 350, "t": 1477, "mem": 15.0, "lr": 5.500000000000001e-05, "hid": 0.1171, "kl_real": 0.0583, "agree_real": 0.9344, "T": 885.6875, "Torig": 2282.875, "ce_v5": 0.3849, "acc_v5": 0.9474, "tacc_v5": 0.9474, "kl_v5": 0.0163, "agree_v5": 0.9474}
saved 350
{"upd": 360, "t": 1530, "mem": 15.0, "lr": 5.2981082634226854e-05, "hid": 0.1297, "kl_real": 0.0376, "agree_real": 0.9265, "T": 887.4375, "Torig": 2315.925, "ce_v5": 0.4491, "acc_v5": 0.8333, "tacc_v5": 0.8333, "kl_v5": 0.003, "agree_v5": 0.9167}
{"upd": 370, "t": 1564, "mem": 15.0, "lr": 5.09662310993455e-05, "hid": 0.114, "kl_real": 0.1049, "agree_real": 0.871, "T": 810.925, "Torig": 2052.7625, "ce_v5": 0.362, "acc_v5": 0.8889, "tacc_v5": 0.8889, "kl_v5": 0.0131, "agree_v5": 0.8889}
{"upd": 380, "t": 1622, "mem": 15.0, "lr": 4.895950303820552e-05, "hid": 0.1257, "kl_real": 0.0608, "agree_real": 0.8824, "T": 1014.9625, "Torig": 2663.6125, "ce_v5": 0.2508, "acc_v5": 0.9167, "tacc_v5": 0.9167, "kl_v5": 0.0223, "agree_v5": 0.9167}
{"upd": 390, "t": 1657, "mem": 15.0, "lr": 4.696493973406135e-05, "hid": 0.1215, "kl_real": 0.0476, "agree_real": 0.9206, "T": 843.6125, "Torig": 2270.025, "ce_v5": 0.2091, "acc_v5": 0.8824, "tacc_v5": 0.9412, "kl_v5": 0.0404, "agree_v5": 0.9412}
{"upd": 400, "t": 1695, "mem": 15.0, "lr": 4.498655797196586e-05, "hid": 0.1225, "kl_real": 0.037, "agree_real": 0.9385, "T": 882.8, "Torig": 2392.8875, "ce_v5": 0.3307, "acc_v5": 0.9333, "tacc_v5": 0.9333, "kl_v5": 0.0143, "agree_v5": 0.9333}
{"upd": 410, "t": 1747, "mem": 15.0, "lr": 4.302834194949963e-05, "hid": 0.1069, "kl_real": 0.0836, "agree_real": 0.9, "T": 885.8125, "Torig": 2214.125, "ce_v5": 0.8905, "acc_v5": 0.5, "tacc_v5": 0.65, "kl_v5": 0.0563, "agree_v5": 0.7}
{"upd": 420, "t": 1785, "mem": 15.0, "lr": 4.109423525312738e-05, "hid": 0.1132, "kl_real": 0.0887, "agree_real": 0.9375, "T": 939.95, "Torig": 2319.675, "ce_v5": 0.4455, "acc_v5": 0.75, "tacc_v5": 0.8125, "kl_v5": 0.0123, "agree_v5": 0.8125}
{"upd": 430, "t": 1841, "mem": 15.0, "lr": 3.918813291633958e-05, "hid": 0.121, "kl_real": 0.0606, "agree_real": 0.942, "T": 987.1, "Torig": 2603.3125, "ce_v5": 0.4462, "acc_v5": 0.7273, "tacc_v5": 0.7273, "kl_v5": 0.0372, "agree_v5": 0.9091}
{"upd": 440, "t": 1880, "mem": 15.0, "lr": 3.7313873575573445e-05, "hid": 0.1168, "kl_real": 0.089, "agree_real": 0.9403, "T": 948.5125, "Torig": 2368.675, "ce_v5": 0.3182, "acc_v5": 0.9231, "tacc_v5": 0.8462, "kl_v5": 0.0179, "agree_v5": 0.9231}
{"upd": 450, "t": 1920, "mem": 15.0, "lr": 3.547523173970989e-05, "hid": 0.1233, "kl_real": 0.0696, "agree_real": 0.9286, "T": 1021.4625, "Torig": 2593.7375, "ce_v5": 0.3727, "acc_v5": 0.9, "tacc_v5": 0.8, "kl_v5": 0.0131, "agree_v5": 0.7}
{"upd": 460, "t": 1971, "mem": 15.0, "lr": 3.3675910188715066e-05, "hid": 0.1132, "ce_v5": 0.3472, "acc_v5": 0.8125, "tacc_v5": 0.875, "kl_v5": 0.0096, "agree_v5": 0.9375, "T": 850.1625, "Torig": 2172.3125, "kl_real": 0.0536, "agree_real": 0.8906}
{"upd": 470, "t": 2010, "mem": 15.0, "lr": 3.191953251673423e-05, "hid": 0.1184, "kl_real": 0.0493, "agree_real": 0.9143, "T": 1005.9375, "Torig": 2507.5, "ce_v5": 0.5136, "acc_v5": 0.9, "tacc_v5": 0.8, "kl_v5": 0.0318, "agree_v5": 0.9}
{"upd": 480, "t": 2061, "mem": 15.0, "lr": 3.0209635834655392e-05, "hid": 0.1117, "kl_real": 0.0897, "agree_real": 0.873, "T": 820.8875, "Torig": 2141.375, "ce_v5": 0.4329, "acc_v5": 0.8235, "tacc_v5": 0.8235, "kl_v5": 0.0158, "agree_v5": 1.0}
{"upd": 490, "t": 2095, "mem": 15.0, "lr": 2.854966364683872e-05, "hid": 0.1113, "kl_real": 0.0551, "agree_real": 0.8413, "T": 805.3125, "Torig": 1981.3375, "ce_v5": 0.35, "acc_v5": 0.9412, "tacc_v5": 0.9412, "kl_v5": 0.004, "agree_v5": 1.0}
{"upd": 500, "t": 2132, "mem": 15.0, "lr": 2.6942958916356998e-05, "hid": 0.1098, "kl_real": 0.0212, "agree_real": 0.9206, "T": 922.0625, "Torig": 2270.95, "ce_v5": 0.4096, "acc_v5": 0.8235, "tacc_v5": 0.8235, "kl_v5": 0.0055, "agree_v5": 1.0}
{"upd": 510, "t": 2181, "mem": 15.0, "lr": 2.5392757332712937e-05, "hid": 0.1117, "ce_v5": 0.2831, "acc_v5": 0.9444, "tacc_v5": 1.0, "kl_v5": 0.0375, "agree_v5": 0.9444, "T": 752.7, "Torig": 1961.2125, "kl_real": 0.0364, "agree_real": 0.9516}
{"upd": 520, "t": 2216, "mem": 15.0, "lr": 2.3902180795591093e-05, "hid": 0.1052, "kl_real": 0.0444, "agree_real": 0.8852, "T": 861.5625, "Torig": 2099.4375, "ce_v5": 0.1735, "acc_v5": 1.0, "tacc_v5": 1.0, "kl_v5": 0.0048, "agree_v5": 1.0}
