=== dp_only 17:13:40
=== a_r1000 17:38:10
=== end a_r1000 17:53:27 rc 0
=== a_r4000 17:53:27
=== end a_r4000 18:08:27 rc 0
=== a_r12000 18:08:27
=== end a_r12000 18:26:55 rc 0
=== b_r1000 18:26:55
=== end b_r1000 18:42:10 rc 0
=== b_r4000 18:42:10
=== end b_r4000 18:57:12 rc 0
=== b_r12000 18:57:12
=== end b_r12000 19:15:33 rc 0
=== c_final 19:28:29
=== end c_final 19:47:58 rc 0
=== c_r16000 19:47:58
=== d_r1000 20:18:53
=== end d_r1000 20:31:48 rc 0
=== d_r4000 20:31:48
=== end d_r4000 20:45:02 rc 0
=== e_r1000 20:45:02
=== end e_r1000 20:58:19 rc 0
=== e_r4000 20:58:19
=== end e_r4000 21:11:31 rc 0
=== e_r12000 21:27:32
=== end e_r12000 21:45:20 rc 0
=== bf_r4000 21:45:20
=== end bf_r4000 21:58:33 rc 0
=== bf_r1000 21:58:33
=== end bf_r1000 22:11:26 rc 0
=== b2_r4000 22:11:26
=== end b2_r4000 22:20:37 rc 0
=== a2_r4000 22:20:37
=== end a2_r4000 22:26:59 rc 0
ALL EVALS DONE
=== a2_r1000 22:36:02
=== end a2_r1000 22:49:14 rc 0
=== b2_r1000 22:49:14
=== end b2_r1000 23:02:09 rc 0
=== b3_r4000 23:02:09
=== end b3_r4000 23:11:59 rc 0
=== a3_r4000 23:11:59
=== end a3_r4000 23:18:22 rc 0
ALL EVALS DONE
