Loading weights:   0%|          | 0/320 [00:00<?, ?it/s]Loading weights: 100%|██████████| 320/320 [00:00<00:00, 4126.92it/s]
100 2190 90s mism 0
200 2190 161s mism 0
300 2190 198s mism 0
400 2190 222s mism 0
500 2190 247s mism 0
600 2190 331s mism 0
700 2190 491s mism 0
800 2190 550s mism 0
900 2190 607s mism 0
1000 2190 633s mism 0
1100 2190 660s mism 0
1200 2190 677s mism 0
1300 2190 695s mism 0
1400 2190 711s mism 0
1500 2190 729s mism 0
1600 2190 758s mism 0
1700 2190 790s mism 0
1800 2190 819s mism 0
1900 2190 847s mism 0
2000 2190 873s mism 0
2100 2190 895s mism 0
done 2190 912s mism 0
