Loading weights:   0%|          | 0/320 [00:00<?, ?it/s]Loading weights: 100%|██████████| 320/320 [00:00<00:00, 4129.09it/s]
100 2421 9s mism 0
200 2421 23s mism 0
300 2421 92s mism 0
400 2421 186s mism 0
500 2421 217s mism 0
600 2421 252s mism 0
700 2421 276s mism 0
800 2421 313s mism 0
900 2421 489s mism 0
1000 2421 581s mism 0
1100 2421 644s mism 0
1200 2421 678s mism 0
1300 2421 707s mism 0
1400 2421 727s mism 0
1500 2421 746s mism 0
1600 2421 763s mism 0
1700 2421 778s mism 0
1800 2421 805s mism 0
1900 2421 839s mism 0
2000 2421 871s mism 0
2100 2421 899s mism 0
2200 2421 925s mism 0
2300 2421 951s mism 0
2400 2421 970s mism 0
done 2421 974s mism 0
