Loading weights:   0%|          | 0/320 [00:00<?, ?it/s]Loading weights: 100%|██████████| 320/320 [00:00<00:00, 3876.35it/s]
100 2190 105s mism 0
200 2190 188s mism 0
300 2190 232s mism 0
400 2190 259s mism 0
500 2190 293s mism 0
600 2190 413s mism 0
700 2190 778s mism 0
800 2190 930s mism 0
900 2190 1051s mism 0
1000 2190 1112s mism 0
1100 2190 1181s mism 0
1200 2190 1219s mism 0
1300 2190 1262s mism 0
1400 2190 1299s mism 0
1500 2190 1341s mism 0
1600 2190 1412s mism 0
1700 2190 1452s mism 0
1800 2190 1501s mism 0
1900 2190 1551s mism 0
2000 2190 1597s mism 0
2100 2190 1655s mism 0
done 2190 1689s mism 0
