0.Win K 2048 n8/n4/n0 256 1536 256 mix D/base_unc 0.2386 D/base_c 0.2605 {'pca': 0.2729, 'sens': 0.7298, 'joint': 0.4656, 'jointc': 0.2767, 'mix': 0.2386} 1s
0.Wo K 2048 n8/n4/n0 320 1408 320 jointc D/base_unc 0.0540 D/base_c 0.1836 {'pca': 0.0577, 'sens': 0.2707, 'joint': 0.1135, 'jointc': 0.054, 'mix': 0.0624} 2s
0.Wgu K 2048 n8/n4/n0 320 1408 320 pca D/base_unc 0.0918 D/base_c 0.2479 {'pca': 0.0918, 'sens': 0.341, 'joint': 0.1857, 'jointc': 0.0943, 'mix': 0.1205} 2s
0.Wd K 6144 n8/n4/n0 1216 3712 1216 mix D/base_unc 0.1791 D/base_c 0.1829 {'pca': 0.3052, 'sens': 0.8193, 'joint': 0.3355, 'jointc': 0.2388, 'mix': 0.1791} 11s
1.Win K 2048 n8/n4/n0 256 1536 256 mix D/base_unc 0.1801 D/base_c 0.3289 {'pca': 0.2015, 'sens': 0.4677, 'joint': 0.275, 'jointc': 0.1814, 'mix': 0.1801} 12s
1.Wo K 2048 n8/n4/n0 256 1536 256 mix D/base_unc 0.2640 D/base_c 0.3000 {'pca': 0.3629, 'sens': 0.6833, 'joint': 0.3929, 'jointc': 0.3034, 'mix': 0.264} 13s
1.Wgu K 2048 n8/n4/n0 192 1664 192 jointc D/base_unc 0.2235 D/base_c 0.4655 {'pca': 0.228, 'sens': 0.4801, 'joint': 0.2983, 'jointc': 0.2235, 'mix': 0.228} 13s
1.Wd K 6144 n8/n4/n0 960 4224 960 mix D/base_unc 0.2775 D/base_c 0.2833 {'pca': 0.54, 'sens': 0.7658, 'joint': 0.3656, 'jointc': 0.3773, 'mix': 0.2775} 23s
2.Win K 2048 n8/n4/n0 256 1536 256 mix D/base_unc 0.2304 D/base_c 0.3820 {'pca': 0.3266, 'sens': 0.4941, 'joint': 0.3072, 'jointc': 0.2652, 'mix': 0.2304} 23s
2.Wo K 2048 n8/n4/n0 256 1536 256 mix D/base_unc 0.1053 D/base_c 0.2738 {'pca': 0.1528, 'sens': 0.2851, 'joint': 0.1559, 'jointc': 0.1244, 'mix': 0.1053} 24s
2.Wgu K 2048 n8/n4/n0 128 1792 128 mix D/base_unc 0.2112 D/base_c 0.5227 {'pca': 0.2271, 'sens': 0.404, 'joint': 0.268, 'jointc': 0.2183, 'mix': 0.2112} 25s
2.Wd K 6144 n8/n4/n0 960 4224 960 mix D/base_unc 0.2613 D/base_c 0.2757 {'pca': 0.5005, 'sens': 0.7569, 'joint': 0.3487, 'jointc': 0.3555, 'mix': 0.2613} 34s
3.Win K 2048 n8/n4/n0 256 1536 256 mix D/base_unc 0.2056 D/base_c 0.3506 {'pca': 0.3322, 'sens': 0.4348, 'joint': 0.2763, 'jointc': 0.2524, 'mix': 0.2056} 35s
3.Wo K 2048 n8/n4/n0 320 1408 320 mix D/base_unc 0.1269 D/base_c 0.2025 {'pca': 0.1405, 'sens': 0.5078, 'joint': 0.2481, 'jointc': 0.1297, 'mix': 0.1269} 35s
3.Wgu K 2048 n8/n4/n0 128 1792 128 mix D/base_unc 0.2962 D/base_c 0.5549 {'pca': 0.3306, 'sens': 0.5338, 'joint': 0.3748, 'jointc': 0.314, 'mix': 0.2962} 36s
3.Wd K 6144 n8/n4/n0 960 4224 960 mix D/base_unc 0.2533 D/base_c 0.2621 {'pca': 0.4798, 'sens': 0.7704, 'joint': 0.3465, 'jointc': 0.3454, 'mix': 0.2533} 46s
4.Win K 2048 n8/n4/n0 192 1664 192 mix D/base_unc 0.2519 D/base_c 0.4175 {'pca': 0.3325, 'sens': 0.5277, 'joint': 0.3291, 'jointc': 0.2803, 'mix': 0.2519} 46s
4.Wo K 2048 n8/n4/n0 256 1536 256 mix D/base_unc 0.2198 D/base_c 0.2879 {'pca': 0.3124, 'sens': 0.5914, 'joint': 0.3216, 'jointc': 0.26, 'mix': 0.2198} 47s
4.Wgu K 2048 n8/n4/n0 128 1792 128 mix D/base_unc 0.3087 D/base_c 0.5519 {'pca': 0.332, 'sens': 0.5594, 'joint': 0.3882, 'jointc': 0.3206, 'mix': 0.3087} 48s
4.Wd K 6144 n8/n4/n0 960 4224 960 mix D/base_unc 0.2478 D/base_c 0.2570 {'pca': 0.469, 'sens': 0.7663, 'joint': 0.3391, 'jointc': 0.3373, 'mix': 0.2478} 57s
5.Win K 2048 n8/n4/n0 256 1536 256 mix D/base_unc 0.2506 D/base_c 0.4048 {'pca': 0.324, 'sens': 0.5422, 'joint': 0.3347, 'jointc': 0.2755, 'mix': 0.2506} 58s
5.Wo K 2048 n8/n4/n0 256 1536 256 mix D/base_unc 0.1880 D/base_c 0.2749 {'pca': 0.2747, 'sens': 0.5278, 'joint': 0.2691, 'jointc': 0.2233, 'mix': 0.188} 58s
5.Wgu K 2048 n8/n4/n0 192 1664 192 mix D/base_unc 0.2934 D/base_c 0.5185 {'pca': 0.3188, 'sens': 0.5659, 'joint': 0.3784, 'jointc': 0.3074, 'mix': 0.2934} 59s
5.Wd K 6144 n8/n4/n0 960 4224 960 mix D/base_unc 0.2277 D/base_c 0.2373 {'pca': 0.4561, 'sens': 0.7146, 'joint': 0.312, 'jointc': 0.3182, 'mix': 0.2277} 68s
6.Win K 2048 n8/n4/n0 256 1536 256 mix D/base_unc 0.1991 D/base_c 0.3352 {'pca': 0.2841, 'sens': 0.4643, 'joint': 0.2705, 'jointc': 0.2309, 'mix': 0.1991} 69s
6.Wo K 2048 n8/n4/n0 256 1536 256 mix D/base_unc 0.1987 D/base_c 0.2568 {'pca': 0.3216, 'sens': 0.5398, 'joint': 0.285, 'jointc': 0.249, 'mix': 0.1987} 70s
6.Wgu K 2048 n8/n4/n0 192 1664 192 mix D/base_unc 0.2719 D/base_c 0.4800 {'pca': 0.322, 'sens': 0.5665, 'joint': 0.3577, 'jointc': 0.2936, 'mix': 0.2719} 70s
6.Wd K 6144 n8/n4/n0 896 4352 896 mix D/base_unc 0.2050 D/base_c 0.2192 {'pca': 0.4549, 'sens': 0.6217, 'joint': 0.2727, 'jointc': 0.2978, 'mix': 0.205} 80s
7.Win K 2048 n8/n4/n0 320 1408 320 mix D/base_unc 0.1401 D/base_c 0.2398 {'pca': 0.2473, 'sens': 0.3616, 'joint': 0.1986, 'jointc': 0.1813, 'mix': 0.1401} 81s
7.Wo K 2048 n8/n4/n0 320 1408 320 mix D/base_unc 0.1238 D/base_c 0.1642 {'pca': 0.2387, 'sens': 0.5074, 'joint': 0.1953, 'jointc': 0.1648, 'mix': 0.1238} 81s
7.Wgu K 2048 n8/n4/n0 192 1664 192 mix D/base_unc 0.3240 D/base_c 0.5432 {'pca': 0.3625, 'sens': 0.5964, 'joint': 0.4075, 'jointc': 0.3464, 'mix': 0.324} 82s
7.Wd K 6144 n8/n4/n0 832 4480 832 mix D/base_unc 0.2692 D/base_c 0.2790 {'pca': 0.5793, 'sens': 0.7005, 'joint': 0.3315, 'jointc': 0.3755, 'mix': 0.2692} 91s
8.Win K 2048 n8/n4/n0 256 1536 256 mix D/base_unc 0.2501 D/base_c 0.4097 {'pca': 0.3371, 'sens': 0.5227, 'joint': 0.3307, 'jointc': 0.2872, 'mix': 0.2501} 92s
8.Wo K 2048 n8/n4/n0 256 1536 256 mix D/base_unc 0.2500 D/base_c 0.3012 {'pca': 0.4506, 'sens': 0.6158, 'joint': 0.33, 'jointc': 0.3284, 'mix': 0.25} 93s
8.Wgu K 2048 n8/n4/n0 192 1664 192 mix D/base_unc 0.3303 D/base_c 0.5226 {'pca': 0.3929, 'sens': 0.6321, 'joint': 0.4165, 'jointc': 0.3621, 'mix': 0.3303} 93s
8.Wd K 6144 n8/n4/n0 768 4608 768 mix D/base_unc 0.2615 D/base_c 0.2712 {'pca': 0.626, 'sens': 0.622, 'joint': 0.3069, 'jointc': 0.374, 'mix': 0.2615} 103s
9.Win K 2048 n8/n4/n0 256 1536 256 mix D/base_unc 0.2498 D/base_c 0.3827 {'pca': 0.3775, 'sens': 0.5234, 'joint': 0.325, 'jointc': 0.3006, 'mix': 0.2498} 104s
9.Wo K 2048 n8/n4/n0 256 1536 256 mix D/base_unc 0.2028 D/base_c 0.2534 {'pca': 0.426, 'sens': 0.5094, 'joint': 0.2676, 'jointc': 0.284, 'mix': 0.2028} 105s
9.Wgu K 2048 n8/n4/n0 192 1664 192 mix D/base_unc 0.3017 D/base_c 0.4684 {'pca': 0.4001, 'sens': 0.6096, 'joint': 0.3867, 'jointc': 0.343, 'mix': 0.3017} 105s
9.Wd K 6144 n8/n4/n0 640 4864 640 mix D/base_unc 0.2381 D/base_c 0.2470 {'pca': 0.6476, 'sens': 0.5153, 'joint': 0.2672, 'jointc': 0.3504, 'mix': 0.2381} 115s
10.Win K 2048 n8/n4/n0 256 1536 256 mix D/base_unc 0.2393 D/base_c 0.3738 {'pca': 0.4003, 'sens': 0.4895, 'joint': 0.3042, 'jointc': 0.2944, 'mix': 0.2393} 116s
10.Wo K 2048 n8/n4/n0 256 1536 256 mix D/base_unc 0.1766 D/base_c 0.2363 {'pca': 0.4684, 'sens': 0.407, 'joint': 0.2223, 'jointc': 0.281, 'mix': 0.1766} 117s
10.Wgu K 2048 n8/n4/n0 192 1664 192 mix D/base_unc 0.2380 D/base_c 0.3705 {'pca': 0.4139, 'sens': 0.4652, 'joint': 0.2988, 'jointc': 0.2972, 'mix': 0.238} 117s
10.Wd K 6144 n8/n4/n0 576 4992 576 mix D/base_unc 0.1916 D/base_c 0.2009 {'pca': 0.6229, 'sens': 0.38, 'joint': 0.2072, 'jointc': 0.2991, 'mix': 0.1916} 127s
11.Win K 2048 n8/n4/n0 256 1536 256 mix D/base_unc 0.1477 D/base_c 0.2193 {'pca': 0.3642, 'sens': 0.3204, 'joint': 0.1811, 'jointc': 0.2195, 'mix': 0.1477} 128s
11.Wo K 2048 n8/n4/n0 256 1536 256 mix D/base_unc 0.1000 D/base_c 0.1269 {'pca': 0.2607, 'sens': 0.3697, 'joint': 0.1352, 'jointc': 0.1541, 'mix': 0.1} 129s
11.Wgu K 2048 n8/n4/n0 192 1664 192 mix D/base_unc 0.2806 D/base_c 0.4124 {'pca': 0.4603, 'sens': 0.5299, 'joint': 0.3362, 'jointc': 0.3352, 'mix': 0.2806} 129s
11.Wd K 6144 n8/n4/n0 576 4992 576 mix D/base_unc 0.1993 D/base_c 0.2107 {'pca': 0.6113, 'sens': 0.3805, 'joint': 0.2146, 'jointc': 0.2985, 'mix': 0.1993} 139s
12.Win K 2048 n8/n4/n0 192 1664 192 mix D/base_unc 0.2263 D/base_c 0.3209 {'pca': 0.4547, 'sens': 0.443, 'joint': 0.2735, 'jointc': 0.2924, 'mix': 0.2263} 140s
12.Wo K 2048 n8/n4/n0 256 1536 256 mix D/base_unc 0.1127 D/base_c 0.1507 {'pca': 0.2996, 'sens': 0.3186, 'joint': 0.1362, 'jointc': 0.1626, 'mix': 0.1127} 140s
12.Wgu K 2048 n8/n4/n0 192 1664 192 mix D/base_unc 0.2664 D/base_c 0.3830 {'pca': 0.4566, 'sens': 0.5102, 'joint': 0.3193, 'jointc': 0.3241, 'mix': 0.2664} 141s
12.Wd K 6144 n8/n4/n0 576 4992 576 mix D/base_unc 0.1776 D/base_c 0.1866 {'pca': 0.5944, 'sens': 0.3241, 'joint': 0.1896, 'jointc': 0.2737, 'mix': 0.1776} 151s
13.Win K 2048 n8/n4/n0 192 1664 192 mix D/base_unc 0.1683 D/base_c 0.2358 {'pca': 0.4284, 'sens': 0.3295, 'joint': 0.195, 'jointc': 0.2378, 'mix': 0.1683} 152s
13.Wo K 2048 n8/n4/n0 192 1664 192 mix D/base_unc 0.2093 D/base_c 0.2654 {'pca': 0.4714, 'sens': 0.4582, 'joint': 0.2616, 'jointc': 0.2932, 'mix': 0.2093} 152s
13.Wgu K 2048 n8/n4/n0 128 1792 128 mix D/base_unc 0.3256 D/base_c 0.4592 {'pca': 0.4684, 'sens': 0.6099, 'joint': 0.3969, 'jointc': 0.3734, 'mix': 0.3256} 153s
13.Wd K 6144 n8/n4/n0 704 4736 704 mix D/base_unc 0.2011 D/base_c 0.2140 {'pca': 0.5541, 'sens': 0.4805, 'joint': 0.2348, 'jointc': 0.3071, 'mix': 0.2011} 163s
14.Win K 2048 n8/n4/n0 192 1664 192 mix D/base_unc 0.2323 D/base_c 0.3258 {'pca': 0.4611, 'sens': 0.4685, 'joint': 0.2898, 'jointc': 0.305, 'mix': 0.2323} 163s
14.Wo K 2048 n8/n4/n0 256 1536 256 mix D/base_unc 0.1228 D/base_c 0.1806 {'pca': 0.2805, 'sens': 0.3371, 'joint': 0.169, 'jointc': 0.176, 'mix': 0.1228} 164s
14.Wgu K 2048 n8/n4/n0 192 1664 192 mix D/base_unc 0.2284 D/base_c 0.3429 {'pca': 0.4192, 'sens': 0.4418, 'joint': 0.2871, 'jointc': 0.2917, 'mix': 0.2284} 165s
14.Wd K 6144 n8/n4/n0 768 4608 768 mix D/base_unc 0.1199 D/base_c 0.1338 {'pca': 0.347, 'sens': 0.3565, 'joint': 0.1732, 'jointc': 0.2098, 'mix': 0.1199} 174s
15.Win K 2048 n8/n4/n0 192 1664 192 mix D/base_unc 0.1291 D/base_c 0.1846 {'pca': 0.358, 'sens': 0.2776, 'joint': 0.1544, 'jointc': 0.2059, 'mix': 0.1291} 175s
15.Wo K 2048 n8/n4/n0 320 1408 320 mix D/base_unc 0.1044 D/base_c 0.1833 {'pca': 0.1886, 'sens': 0.4133, 'joint': 0.1838, 'jointc': 0.14, 'mix': 0.1044} 176s
15.Wgu K 2048 n8/n4/n0 192 1664 192 mix D/base_unc 0.2802 D/base_c 0.4338 {'pca': 0.4265, 'sens': 0.5371, 'joint': 0.3483, 'jointc': 0.3316, 'mix': 0.2802} 176s
15.Wd K 6144 n8/n4/n0 896 4352 896 mix D/base_unc 0.1328 D/base_c 0.1510 {'pca': 0.347, 'sens': 0.4739, 'joint': 0.1959, 'jointc': 0.2182, 'mix': 0.1328} 186s
16.Win K 2048 n8/n4/n0 256 1536 256 mix D/base_unc 0.1640 D/base_c 0.2497 {'pca': 0.3777, 'sens': 0.3722, 'joint': 0.2122, 'jointc': 0.2339, 'mix': 0.164} 187s
16.Wo K 2048 n8/n4/n0 256 1536 256 mix D/base_unc 0.0986 D/base_c 0.1604 {'pca': 0.1736, 'sens': 0.3545, 'joint': 0.17, 'jointc': 0.1315, 'mix': 0.0986} 187s
16.Wgu K 2048 n8/n4/n0 192 1664 192 mix D/base_unc 0.2045 D/base_c 0.3560 {'pca': 0.3195, 'sens': 0.44, 'joint': 0.2728, 'jointc': 0.248, 'mix': 0.2045} 188s
16.Wd K 6144 n8/n4/n0 960 4224 960 mix D/base_unc 0.1072 D/base_c 0.1278 {'pca': 0.2783, 'sens': 0.4302, 'joint': 0.1702, 'jointc': 0.1819, 'mix': 0.1072} 197s
17.Win K 2048 n8/n4/n0 256 1536 256 mix D/base_unc 0.1185 D/base_c 0.2065 {'pca': 0.2894, 'sens': 0.2956, 'joint': 0.1579, 'jointc': 0.1758, 'mix': 0.1185} 198s
17.Wo K 2048 n8/n4/n0 320 1408 320 mix D/base_unc 0.0650 D/base_c 0.1194 {'pca': 0.1044, 'sens': 0.3111, 'joint': 0.1383, 'jointc': 0.0822, 'mix': 0.065} 199s
17.Wgu K 2048 n8/n4/n0 192 1664 192 mix D/base_unc 0.1581 D/base_c 0.3188 {'pca': 0.2606, 'sens': 0.3621, 'joint': 0.2137, 'jointc': 0.1959, 'mix': 0.1581} 199s
17.Wd K 6144 n8/n4/n0 1088 3968 1088 mix D/base_unc 0.0824 D/base_c 0.1045 {'pca': 0.2192, 'sens': 0.37, 'joint': 0.1426, 'jointc': 0.1452, 'mix': 0.0824} 208s
18.Win K 2048 n8/n4/n0 256 1536 256 mix D/base_unc 0.1226 D/base_c 0.2417 {'pca': 0.2421, 'sens': 0.3187, 'joint': 0.1721, 'jointc': 0.1637, 'mix': 0.1226} 209s
18.Wo K 2048 n8/n4/n0 320 1408 320 mix D/base_unc 0.0628 D/base_c 0.1068 {'pca': 0.1168, 'sens': 0.2877, 'joint': 0.1189, 'jointc': 0.0861, 'mix': 0.0628} 210s
18.Wgu K 2048 n8/n4/n0 192 1664 192 mix D/base_unc 0.1107 D/base_c 0.2457 {'pca': 0.2152, 'sens': 0.2666, 'joint': 0.1485, 'jointc': 0.151, 'mix': 0.1107} 210s
18.Wd K 6144 n8/n4/n0 1152 3840 1152 mix D/base_unc 0.0531 D/base_c 0.0669 {'pca': 0.1413, 'sens': 0.32, 'joint': 0.1095, 'jointc': 0.0964, 'mix': 0.0531} 219s
19.Win K 2048 n8/n4/n0 256 1536 256 mix D/base_unc 0.0556 D/base_c 0.1197 {'pca': 0.1588, 'sens': 0.1534, 'joint': 0.0639, 'jointc': 0.0848, 'mix': 0.0556} 220s
19.Wo K 2048 n8/n4/n0 320 1408 320 mix D/base_unc 0.0176 D/base_c 0.0891 {'pca': 0.0334, 'sens': 0.0973, 'joint': 0.034, 'jointc': 0.0235, 'mix': 0.0176} 221s
19.Wgu K 2048 n8/n4/n0 192 1664 192 mix D/base_unc 0.1015 D/base_c 0.2587 {'pca': 0.1949, 'sens': 0.2408, 'joint': 0.1393, 'jointc': 0.141, 'mix': 0.1015} 221s
19.Wd K 6144 n8/n4/n0 1216 3712 1216 mix D/base_unc 0.0344 D/base_c 0.0649 {'pca': 0.0973, 'sens': 0.2058, 'joint': 0.0718, 'jointc': 0.0651, 'mix': 0.0344} 230s
20.Win K 2048 n8/n4/n0 256 1536 256 mix D/base_unc 0.0649 D/base_c 0.1594 {'pca': 0.1768, 'sens': 0.1768, 'joint': 0.0865, 'jointc': 0.1022, 'mix': 0.0649} 231s
20.Wo K 2048 n8/n4/n0 384 1280 384 mix D/base_unc 0.0313 D/base_c 0.0696 {'pca': 0.0601, 'sens': 0.188, 'joint': 0.0742, 'jointc': 0.044, 'mix': 0.0313} 232s
20.Wgu K 2048 n8/n4/n0 256 1536 256 mix D/base_unc 0.0714 D/base_c 0.2194 {'pca': 0.1502, 'sens': 0.1811, 'joint': 0.1014, 'jointc': 0.1041, 'mix': 0.0714} 232s
20.Wd K 6144 n8/n4/n0 1280 3584 1280 mix D/base_unc 0.0359 D/base_c 0.0497 {'pca': 0.1008, 'sens': 0.2406, 'joint': 0.0788, 'jointc': 0.0684, 'mix': 0.0359} 241s
21.Win K 2048 n8/n4/n0 256 1536 256 mix D/base_unc 0.0459 D/base_c 0.1335 {'pca': 0.1386, 'sens': 0.1293, 'joint': 0.061, 'jointc': 0.0789, 'mix': 0.0459} 242s
21.Wo K 2048 n8/n4/n0 448 1152 448 mix D/base_unc 0.0201 D/base_c 0.0496 {'pca': 0.0319, 'sens': 0.163, 'joint': 0.0603, 'jointc': 0.026, 'mix': 0.0201} 243s
21.Wgu K 2048 n8/n4/n0 256 1536 256 mix D/base_unc 0.0631 D/base_c 0.2137 {'pca': 0.1313, 'sens': 0.1662, 'joint': 0.0938, 'jointc': 0.0907, 'mix': 0.0631} 243s
21.Wd K 6144 n8/n4/n0 1344 3456 1344 mix D/base_unc 0.0198 D/base_c 0.0385 {'pca': 0.0505, 'sens': 0.155, 'joint': 0.0472, 'jointc': 0.0356, 'mix': 0.0198} 252s
22.Win K 2048 n8/n4/n0 256 1536 256 mix D/base_unc 0.0404 D/base_c 0.1319 {'pca': 0.1257, 'sens': 0.1189, 'joint': 0.056, 'jointc': 0.0694, 'mix': 0.0404} 253s
22.Wo K 2048 n8/n4/n0 512 1024 512 mix D/base_unc 0.0083 D/base_c 0.0266 {'pca': 0.0126, 'sens': 0.0813, 'joint': 0.0232, 'jointc': 0.0113, 'mix': 0.0083} 253s
22.Wgu K 2048 n8/n4/n0 256 1536 256 mix D/base_unc 0.0305 D/base_c 0.1115 {'pca': 0.0949, 'sens': 0.0825, 'joint': 0.0413, 'jointc': 0.0578, 'mix': 0.0305} 254s
22.Wd K 6144 n8/n4/n0 1856 2432 1856 mix D/base_unc 0.0054 D/base_c 0.0193 {'pca': 0.009, 'sens': 0.0617, 'joint': 0.0173, 'jointc': 0.0087, 'mix': 0.0054} 262s
23.Win K 2048 n8/n4/n0 256 1536 256 mix D/base_unc 0.0314 D/base_c 0.0919 {'pca': 0.0886, 'sens': 0.1001, 'joint': 0.0404, 'jointc': 0.0503, 'mix': 0.0314} 263s
done
