0.Win K 2048 n8/n4/n0 0 2048 0 ident D/base_unc 0.9159 D/base_c 1.0000 {'ident': 0.9159} 1s
0.Wo K 2048 n8/n4/n0 128 1792 128 ident D/base_unc 0.1590 D/base_c 0.5401 {'ident': 0.159} 1s
0.Wgu K 2048 n8/n4/n0 0 2048 0 ident D/base_unc 0.3703 D/base_c 1.0000 {'ident': 0.3703} 2s
0.Wd K 6144 n8/n4/n0 64 6016 64 ident D/base_unc 0.9379 D/base_c 0.9577 {'ident': 0.9379} 5s
1.Win K 2048 n8/n4/n0 0 2048 0 ident D/base_unc 0.5475 D/base_c 1.0000 {'ident': 0.5475} 6s
1.Wo K 2048 n8/n4/n0 64 1920 64 ident D/base_unc 0.6539 D/base_c 0.7429 {'ident': 0.6539} 6s
1.Wgu K 2048 n8/n4/n0 0 2048 0 ident D/base_unc 0.4801 D/base_c 1.0000 {'ident': 0.4801} 7s
1.Wd K 6144 n8/n4/n0 0 6144 0 ident D/base_unc 0.9796 D/base_c 1.0000 {'ident': 0.9796} 12s
2.Win K 2048 n8/n4/n0 0 2048 0 ident D/base_unc 0.6030 D/base_c 1.0000 {'ident': 0.603} 13s
2.Wo K 2048 n8/n4/n0 128 1792 128 ident D/base_unc 0.2754 D/base_c 0.7158 {'ident': 0.2754} 13s
2.Wgu K 2048 n8/n4/n0 0 2048 0 ident D/base_unc 0.4040 D/base_c 1.0000 {'ident': 0.404} 13s
2.Wd K 6144 n8/n4/n0 64 6016 64 ident D/base_unc 0.9330 D/base_c 0.9845 {'ident': 0.933} 17s
3.Win K 2048 n8/n4/n0 0 2048 0 ident D/base_unc 0.5865 D/base_c 1.0000 {'ident': 0.5865} 17s
3.Wo K 2048 n8/n4/n0 256 1536 256 ident D/base_unc 0.3747 D/base_c 0.5980 {'ident': 0.3747} 18s
3.Wgu K 2048 n8/n4/n0 0 2048 0 ident D/base_unc 0.5338 D/base_c 1.0000 {'ident': 0.5338} 18s
3.Wd K 6144 n8/n4/n0 0 6144 0 ident D/base_unc 0.9666 D/base_c 1.0000 {'ident': 0.9666} 24s
4.Win K 2048 n8/n4/n0 0 2048 0 ident D/base_unc 0.6035 D/base_c 1.0000 {'ident': 0.6035} 24s
4.Wo K 2048 n8/n4/n0 128 1792 128 ident D/base_unc 0.5533 D/base_c 0.7246 {'ident': 0.5533} 24s
4.Wgu K 2048 n8/n4/n0 0 2048 0 ident D/base_unc 0.5594 D/base_c 1.0000 {'ident': 0.5594} 25s
4.Wd K 6144 n8/n4/n0 0 6144 0 ident D/base_unc 0.9640 D/base_c 1.0000 {'ident': 0.964} 30s
5.Win K 2048 n8/n4/n0 0 2048 0 ident D/base_unc 0.6189 D/base_c 1.0000 {'ident': 0.6189} 31s
5.Wo K 2048 n8/n4/n0 128 1792 128 ident D/base_unc 0.4911 D/base_c 0.7178 {'ident': 0.4911} 31s
5.Wgu K 2048 n8/n4/n0 0 2048 0 ident D/base_unc 0.5659 D/base_c 1.0000 {'ident': 0.5659} 32s
5.Wd K 6144 n8/n4/n0 0 6144 0 ident D/base_unc 0.9594 D/base_c 1.0000 {'ident': 0.9594} 37s
6.Win K 2048 n8/n4/n0 0 2048 0 ident D/base_unc 0.5939 D/base_c 1.0000 {'ident': 0.5939} 38s
6.Wo K 2048 n8/n4/n0 128 1792 128 ident D/base_unc 0.5590 D/base_c 0.7225 {'ident': 0.559} 38s
6.Wgu K 2048 n8/n4/n0 0 2048 0 ident D/base_unc 0.5665 D/base_c 1.0000 {'ident': 0.5665} 38s
6.Wd K 6144 n8/n4/n0 64 6016 64 ident D/base_unc 0.9317 D/base_c 0.9966 {'ident': 0.9317} 42s
7.Win K 2048 n8/n4/n0 0 2048 0 ident D/base_unc 0.5840 D/base_c 1.0000 {'ident': 0.584} 43s
7.Wo K 2048 n8/n4/n0 64 1920 64 ident D/base_unc 0.6639 D/base_c 0.8810 {'ident': 0.6639} 43s
7.Wgu K 2048 n8/n4/n0 0 2048 0 ident D/base_unc 0.5964 D/base_c 1.0000 {'ident': 0.5964} 43s
7.Wd K 6144 n8/n4/n0 0 6144 0 ident D/base_unc 0.9647 D/base_c 1.0000 {'ident': 0.9647} 49s
8.Win K 2048 n8/n4/n0 0 2048 0 ident D/base_unc 0.6104 D/base_c 1.0000 {'ident': 0.6104} 49s
8.Wo K 2048 n8/n4/n0 64 1920 64 ident D/base_unc 0.6792 D/base_c 0.8183 {'ident': 0.6792} 50s
8.Wgu K 2048 n8/n4/n0 0 2048 0 ident D/base_unc 0.6321 D/base_c 1.0000 {'ident': 0.6321} 50s
8.Wd K 6144 n8/n4/n0 0 6144 0 ident D/base_unc 0.9642 D/base_c 1.0000 {'ident': 0.9642} 56s
9.Win K 2048 n8/n4/n0 0 2048 0 ident D/base_unc 0.6527 D/base_c 1.0000 {'ident': 0.6527} 56s
9.Wo K 2048 n8/n4/n0 64 1920 64 ident D/base_unc 0.6515 D/base_c 0.8144 {'ident': 0.6515} 56s
9.Wgu K 2048 n8/n4/n0 0 2048 0 ident D/base_unc 0.6441 D/base_c 1.0000 {'ident': 0.6441} 57s
9.Wd K 6144 n8/n4/n0 0 6144 0 ident D/base_unc 0.9639 D/base_c 1.0000 {'ident': 0.9639} 62s
10.Win K 2048 n8/n4/n0 0 2048 0 ident D/base_unc 0.6402 D/base_c 1.0000 {'ident': 0.6402} 63s
10.Wo K 2048 n8/n4/n0 64 1920 64 ident D/base_unc 0.6754 D/base_c 0.9038 {'ident': 0.6754} 63s
10.Wgu K 2048 n8/n4/n0 0 2048 0 ident D/base_unc 0.6425 D/base_c 1.0000 {'ident': 0.6425} 64s
10.Wd K 6144 n8/n4/n0 64 6016 64 ident D/base_unc 0.9084 D/base_c 0.9526 {'ident': 0.9084} 67s
11.Win K 2048 n8/n4/n0 0 2048 0 ident D/base_unc 0.6737 D/base_c 1.0000 {'ident': 0.6737} 68s
11.Wo K 2048 n8/n4/n0 64 1920 64 ident D/base_unc 0.7031 D/base_c 0.8919 {'ident': 0.7031} 68s
11.Wgu K 2048 n8/n4/n0 0 2048 0 ident D/base_unc 0.6803 D/base_c 1.0000 {'ident': 0.6803} 69s
11.Wd K 6144 n8/n4/n0 64 6016 64 ident D/base_unc 0.9092 D/base_c 0.9615 {'ident': 0.9092} 73s
12.Win K 2048 n8/n4/n0 0 2048 0 ident D/base_unc 0.7053 D/base_c 1.0000 {'ident': 0.7053} 73s
12.Wo K 2048 n8/n4/n0 192 1664 192 ident D/base_unc 0.4693 D/base_c 0.6273 {'ident': 0.4693} 73s
12.Wgu K 2048 n8/n4/n0 0 2048 0 ident D/base_unc 0.6954 D/base_c 1.0000 {'ident': 0.6954} 74s
12.Wd K 6144 n8/n4/n0 64 6016 64 ident D/base_unc 0.8810 D/base_c 0.9252 {'ident': 0.881} 77s
13.Win K 2048 n8/n4/n0 0 2048 0 ident D/base_unc 0.7137 D/base_c 1.0000 {'ident': 0.7137} 78s
13.Wo K 2048 n8/n4/n0 64 1920 64 ident D/base_unc 0.6790 D/base_c 0.8609 {'ident': 0.679} 78s
13.Wgu K 2048 n8/n4/n0 0 2048 0 ident D/base_unc 0.7090 D/base_c 1.0000 {'ident': 0.709} 79s
13.Wd K 6144 n8/n4/n0 64 6016 64 ident D/base_unc 0.9141 D/base_c 0.9728 {'ident': 0.9141} 82s
14.Win K 2048 n8/n4/n0 0 2048 0 ident D/base_unc 0.7131 D/base_c 1.0000 {'ident': 0.7131} 83s
14.Wo K 2048 n8/n4/n0 192 1664 192 ident D/base_unc 0.4616 D/base_c 0.6789 {'ident': 0.4616} 83s
14.Wgu K 2048 n8/n4/n0 0 2048 0 ident D/base_unc 0.6661 D/base_c 1.0000 {'ident': 0.6661} 84s
14.Wd K 6144 n8/n4/n0 192 5760 192 ident D/base_unc 0.6562 D/base_c 0.7323 {'ident': 0.6562} 87s
15.Win K 2048 n8/n4/n0 0 2048 0 ident D/base_unc 0.6994 D/base_c 1.0000 {'ident': 0.6994} 87s
15.Wo K 2048 n8/n4/n0 64 1920 64 ident D/base_unc 0.4861 D/base_c 0.8540 {'ident': 0.4861} 88s
15.Wgu K 2048 n8/n4/n0 0 2048 0 ident D/base_unc 0.6460 D/base_c 1.0000 {'ident': 0.646} 88s
15.Wd K 6144 n8/n4/n0 128 5888 128 ident D/base_unc 0.7746 D/base_c 0.8806 {'ident': 0.7746} 92s
16.Win K 2048 n8/n4/n0 0 2048 0 ident D/base_unc 0.6569 D/base_c 1.0000 {'ident': 0.6569} 92s
16.Wo K 2048 n8/n4/n0 192 1664 192 ident D/base_unc 0.3607 D/base_c 0.5864 {'ident': 0.3607} 93s
16.Wgu K 2048 n8/n4/n0 0 2048 0 ident D/base_unc 0.5744 D/base_c 1.0000 {'ident': 0.5744} 93s
16.Wd K 6144 n8/n4/n0 128 5888 128 ident D/base_unc 0.7520 D/base_c 0.8964 {'ident': 0.752} 97s
17.Win K 2048 n8/n4/n0 0 2048 0 ident D/base_unc 0.5741 D/base_c 1.0000 {'ident': 0.5741} 97s
17.Wo K 2048 n8/n4/n0 256 1536 256 ident D/base_unc 0.2379 D/base_c 0.4369 {'ident': 0.2379} 98s
17.Wgu K 2048 n8/n4/n0 0 2048 0 ident D/base_unc 0.4958 D/base_c 1.0000 {'ident': 0.4958} 98s
17.Wd K 6144 n8/n4/n0 64 6016 64 ident D/base_unc 0.6945 D/base_c 0.8811 {'ident': 0.6945} 102s
18.Win K 2048 n8/n4/n0 0 2048 0 ident D/base_unc 0.5072 D/base_c 1.0000 {'ident': 0.5072} 102s
18.Wo K 2048 n8/n4/n0 256 1536 256 ident D/base_unc 0.2796 D/base_c 0.4753 {'ident': 0.2796} 102s
18.Wgu K 2048 n8/n4/n0 0 2048 0 ident D/base_unc 0.4505 D/base_c 1.0000 {'ident': 0.4505} 103s
18.Wd K 6144 n8/n4/n0 128 5888 128 ident D/base_unc 0.5421 D/base_c 0.6830 {'ident': 0.5421} 107s
19.Win K 2048 n8/n4/n0 64 1920 64 ident D/base_unc 0.4203 D/base_c 0.9048 {'ident': 0.4203} 107s
19.Wo K 2048 n8/n4/n0 64 1920 64 ident D/base_unc 0.0968 D/base_c 0.4909 {'ident': 0.0968} 107s
19.Wgu K 2048 n8/n4/n0 0 2048 0 ident D/base_unc 0.3922 D/base_c 1.0000 {'ident': 0.3922} 108s
19.Wd K 6144 n8/n4/n0 128 5888 128 ident D/base_unc 0.4065 D/base_c 0.7662 {'ident': 0.4065} 112s
20.Win K 2048 n8/n4/n0 0 2048 0 ident D/base_unc 0.4075 D/base_c 1.0000 {'ident': 0.4075} 112s
20.Wo K 2048 n8/n4/n0 256 1536 256 ident D/base_unc 0.1670 D/base_c 0.3713 {'ident': 0.167} 112s
20.Wgu K 2048 n8/n4/n0 0 2048 0 ident D/base_unc 0.3255 D/base_c 1.0000 {'ident': 0.3255} 113s
20.Wd K 6144 n8/n4/n0 128 5888 128 ident D/base_unc 0.4988 D/base_c 0.6905 {'ident': 0.4988} 116s
21.Win K 2048 n8/n4/n0 0 2048 0 ident D/base_unc 0.3440 D/base_c 1.0000 {'ident': 0.344} 117s
21.Wo K 2048 n8/n4/n0 384 1280 384 ident D/base_unc 0.0918 D/base_c 0.2266 {'ident': 0.0918} 117s
21.Wgu K 2048 n8/n4/n0 0 2048 0 ident D/base_unc 0.2952 D/base_c 1.0000 {'ident': 0.2952} 117s
21.Wd K 6144 n8/n4/n0 192 5760 192 ident D/base_unc 0.2878 D/base_c 0.5596 {'ident': 0.2878} 121s
22.Win K 2048 n8/n4/n0 0 2048 0 ident D/base_unc 0.3064 D/base_c 1.0000 {'ident': 0.3064} 121s
22.Wo K 2048 n8/n4/n0 448 1152 448 ident D/base_unc 0.0344 D/base_c 0.1098 {'ident': 0.0344} 121s
22.Wgu K 2048 n8/n4/n0 0 2048 0 ident D/base_unc 0.2737 D/base_c 1.0000 {'ident': 0.2737} 122s
22.Wd K 6144 n8/n4/n0 512 5120 512 ident D/base_unc 0.0595 D/base_c 0.2121 {'ident': 0.0595} 125s
23.Win K 2048 n8/n4/n0 64 1920 64 ident D/base_unc 0.2791 D/base_c 0.8170 {'ident': 0.2791} 126s
done
