0.Win K 2048 n8/n4/n0 320 1664 64 mix D/base_unc 0.1384 D/base_c 0.1511 {'pca': 0.1684, 'joint': 0.2212, 'jointc': 0.1665, 'mix': 0.1384} 1s
0.Wo K 2048 n8/n4/n0 448 1408 192 jointc D/base_unc 0.0317 D/base_c 0.1076 {'pca': 0.0338, 'joint': 0.0623, 'jointc': 0.0317, 'mix': 0.0359} 2s
0.Wgu K 2048 n8/n4/n0 448 1408 192 pca D/base_unc 0.0555 D/base_c 0.1499 {'pca': 0.0555, 'joint': 0.0945, 'jointc': 0.0564, 'mix': 0.0677} 2s
0.Wd K 6144 n8/n4/n0 1472 3968 704 mix D/base_unc 0.1075 D/base_c 0.1097 {'pca': 0.1778, 'joint': 0.1877, 'jointc': 0.1416, 'mix': 0.1075} 10s
1.Win K 2048 n8/n4/n0 320 1664 64 mix D/base_unc 0.1004 D/base_c 0.1835 {'pca': 0.1121, 'joint': 0.1404, 'jointc': 0.1045, 'mix': 0.1004} 11s
1.Wo K 2048 n8/n4/n0 384 1536 128 mix D/base_unc 0.1543 D/base_c 0.1753 {'pca': 0.2103, 'joint': 0.2139, 'jointc': 0.1765, 'mix': 0.1543} 12s
1.Wgu K 2048 n8/n4/n0 256 1792 0 mix D/base_unc 0.1206 D/base_c 0.2512 {'pca': 0.125, 'joint': 0.1493, 'jointc': 0.126, 'mix': 0.1206} 12s
1.Wd K 6144 n8/n4/n0 1152 4608 384 mix D/base_unc 0.1581 D/base_c 0.1614 {'pca': 0.2871, 'joint': 0.2018, 'jointc': 0.217, 'mix': 0.1581} 21s
2.Win K 2048 n8/n4/n0 320 1664 64 mix D/base_unc 0.1248 D/base_c 0.2070 {'pca': 0.1607, 'joint': 0.1573, 'jointc': 0.1456, 'mix': 0.1248} 22s
2.Wo K 2048 n8/n4/n0 320 1664 64 mix D/base_unc 0.0611 D/base_c 0.1587 {'pca': 0.0875, 'joint': 0.0851, 'jointc': 0.0719, 'mix': 0.0611} 22s
2.Wgu K 2048 n8/n4/n0 256 1792 0 mix D/base_unc 0.1092 D/base_c 0.2703 {'pca': 0.117, 'joint': 0.1339, 'jointc': 0.1174, 'mix': 0.1092} 23s
2.Wd K 6144 n8/n4/n0 1152 4608 384 mix D/base_unc 0.1500 D/base_c 0.1583 {'pca': 0.2754, 'joint': 0.1935, 'jointc': 0.2057, 'mix': 0.15} 32s
3.Win K 2048 n8/n4/n0 320 1664 64 mix D/base_unc 0.1133 D/base_c 0.1932 {'pca': 0.1647, 'joint': 0.1443, 'jointc': 0.139, 'mix': 0.1133} 33s
3.Wo K 2048 n8/n4/n0 384 1536 128 mix D/base_unc 0.0748 D/base_c 0.1193 {'pca': 0.0848, 'joint': 0.1287, 'jointc': 0.0779, 'mix': 0.0748} 33s
3.Wgu K 2048 n8/n4/n0 256 1792 0 mix D/base_unc 0.1528 D/base_c 0.2862 {'pca': 0.1664, 'joint': 0.1873, 'jointc': 0.1662, 'mix': 0.1528} 34s
3.Wd K 6144 n8/n4/n0 1216 4480 448 mix D/base_unc 0.1448 D/base_c 0.1498 {'pca': 0.2695, 'joint': 0.1911, 'jointc': 0.1991, 'mix': 0.1448} 43s
4.Win K 2048 n8/n4/n0 320 1664 64 mix D/base_unc 0.1378 D/base_c 0.2284 {'pca': 0.168, 'joint': 0.1736, 'jointc': 0.1554, 'mix': 0.1378} 43s
4.Wo K 2048 n8/n4/n0 320 1664 64 mix D/base_unc 0.1264 D/base_c 0.1655 {'pca': 0.1852, 'joint': 0.1733, 'jointc': 0.1502, 'mix': 0.1264} 44s
4.Wgu K 2048 n8/n4/n0 256 1792 0 mix D/base_unc 0.1596 D/base_c 0.2852 {'pca': 0.169, 'joint': 0.1972, 'jointc': 0.1723, 'mix': 0.1596} 44s
4.Wd K 6144 n8/n4/n0 1216 4480 448 mix D/base_unc 0.1413 D/base_c 0.1466 {'pca': 0.2673, 'joint': 0.1865, 'jointc': 0.194, 'mix': 0.1413} 53s
5.Win K 2048 n8/n4/n0 320 1664 64 mix D/base_unc 0.1375 D/base_c 0.2222 {'pca': 0.1632, 'joint': 0.1784, 'jointc': 0.1543, 'mix': 0.1375} 53s
5.Wo K 2048 n8/n4/n0 320 1664 64 mix D/base_unc 0.1078 D/base_c 0.1576 {'pca': 0.1565, 'joint': 0.1475, 'jointc': 0.1282, 'mix': 0.1078} 54s
5.Wgu K 2048 n8/n4/n0 256 1792 0 mix D/base_unc 0.1547 D/base_c 0.2733 {'pca': 0.1642, 'joint': 0.1959, 'jointc': 0.1706, 'mix': 0.1547} 55s
5.Wd K 6144 n8/n4/n0 1216 4480 448 mix D/base_unc 0.1305 D/base_c 0.1360 {'pca': 0.2632, 'joint': 0.1719, 'jointc': 0.1836, 'mix': 0.1305} 63s
6.Win K 2048 n8/n4/n0 320 1664 64 mix D/base_unc 0.1109 D/base_c 0.1868 {'pca': 0.1498, 'joint': 0.1482, 'jointc': 0.1325, 'mix': 0.1109} 64s
6.Wo K 2048 n8/n4/n0 320 1664 64 mix D/base_unc 0.1123 D/base_c 0.1451 {'pca': 0.175, 'joint': 0.1541, 'jointc': 0.1407, 'mix': 0.1123} 64s
6.Wgu K 2048 n8/n4/n0 256 1792 0 mix D/base_unc 0.1445 D/base_c 0.2551 {'pca': 0.1629, 'joint': 0.1826, 'jointc': 0.1625, 'mix': 0.1445} 65s
6.Wd K 6144 n8/n4/n0 1152 4608 384 mix D/base_unc 0.1168 D/base_c 0.1249 {'pca': 0.259, 'joint': 0.1501, 'jointc': 0.1711, 'mix': 0.1168} 74s
7.Win K 2048 n8/n4/n0 384 1536 128 mix D/base_unc 0.0800 D/base_c 0.1370 {'pca': 0.1327, 'joint': 0.1085, 'jointc': 0.104, 'mix': 0.08} 75s
7.Wo K 2048 n8/n4/n0 384 1536 128 mix D/base_unc 0.0722 D/base_c 0.0958 {'pca': 0.1287, 'joint': 0.108, 'jointc': 0.0953, 'mix': 0.0722} 75s
7.Wgu K 2048 n8/n4/n0 256 1792 0 mix D/base_unc 0.1708 D/base_c 0.2864 {'pca': 0.1844, 'joint': 0.2139, 'jointc': 0.1907, 'mix': 0.1708} 76s
7.Wd K 6144 n8/n4/n0 1024 4864 256 mix D/base_unc 0.1483 D/base_c 0.1537 {'pca': 0.3161, 'joint': 0.1774, 'jointc': 0.2108, 'mix': 0.1483} 85s
8.Win K 2048 n8/n4/n0 320 1664 64 mix D/base_unc 0.1380 D/base_c 0.2260 {'pca': 0.1719, 'joint': 0.1798, 'jointc': 0.1624, 'mix': 0.138} 85s
8.Wo K 2048 n8/n4/n0 320 1664 64 mix D/base_unc 0.1374 D/base_c 0.1656 {'pca': 0.2375, 'joint': 0.1777, 'jointc': 0.1793, 'mix': 0.1374} 86s
8.Wgu K 2048 n8/n4/n0 256 1792 0 mix D/base_unc 0.1739 D/base_c 0.2751 {'pca': 0.1989, 'joint': 0.2173, 'jointc': 0.1979, 'mix': 0.1739} 87s
8.Wd K 6144 n8/n4/n0 960 4992 192 mix D/base_unc 0.1403 D/base_c 0.1456 {'pca': 0.335, 'joint': 0.1606, 'jointc': 0.2047, 'mix': 0.1403} 96s
9.Win K 2048 n8/n4/n0 320 1664 64 mix D/base_unc 0.1368 D/base_c 0.2095 {'pca': 0.1925, 'joint': 0.1745, 'jointc': 0.1681, 'mix': 0.1368} 96s
9.Wo K 2048 n8/n4/n0 320 1664 64 mix D/base_unc 0.1113 D/base_c 0.1391 {'pca': 0.2283, 'joint': 0.1432, 'jointc': 0.1545, 'mix': 0.1113} 97s
9.Wgu K 2048 n8/n4/n0 256 1792 0 mix D/base_unc 0.1612 D/base_c 0.2502 {'pca': 0.2032, 'joint': 0.1998, 'jointc': 0.1882, 'mix': 0.1612} 97s
9.Wd K 6144 n8/n4/n0 832 5248 64 mix D/base_unc 0.1246 D/base_c 0.1292 {'pca': 0.3446, 'joint': 0.1363, 'jointc': 0.1868, 'mix': 0.1246} 107s
10.Win K 2048 n8/n4/n0 320 1664 64 mix D/base_unc 0.1293 D/base_c 0.2019 {'pca': 0.1944, 'joint': 0.1599, 'jointc': 0.1615, 'mix': 0.1293} 107s
10.Wo K 2048 n8/n4/n0 320 1664 64 mix D/base_unc 0.0959 D/base_c 0.1284 {'pca': 0.2367, 'joint': 0.1156, 'jointc': 0.1494, 'mix': 0.0959} 108s
10.Wgu K 2048 n8/n4/n0 256 1792 0 mix D/base_unc 0.1245 D/base_c 0.1938 {'pca': 0.2008, 'joint': 0.1499, 'jointc': 0.1575, 'mix': 0.1245} 108s
10.Wd K 6144 n8/n4/n0 768 5376 0 mix D/base_unc 0.0995 D/base_c 0.1044 {'pca': 0.338, 'joint': 0.1051, 'jointc': 0.1583, 'mix': 0.0995} 118s
11.Win K 2048 n8/n4/n0 320 1664 64 mix D/base_unc 0.0796 D/base_c 0.1182 {'pca': 0.1823, 'joint': 0.0916, 'jointc': 0.1181, 'mix': 0.0796} 118s
11.Wo K 2048 n8/n4/n0 320 1664 64 mix D/base_unc 0.0579 D/base_c 0.0734 {'pca': 0.1317, 'joint': 0.0746, 'jointc': 0.0886, 'mix': 0.0579} 119s
11.Wgu K 2048 n8/n4/n0 256 1792 0 mix D/base_unc 0.1416 D/base_c 0.2082 {'pca': 0.2336, 'joint': 0.1669, 'jointc': 0.1727, 'mix': 0.1416} 119s
11.Wd K 6144 n8/n4/n0 768 5376 0 mix D/base_unc 0.1024 D/base_c 0.1083 {'pca': 0.3369, 'joint': 0.1078, 'jointc': 0.1571, 'mix': 0.1024} 129s
12.Win K 2048 n8/n4/n0 256 1792 0 mix D/base_unc 0.1172 D/base_c 0.1662 {'pca': 0.2301, 'joint': 0.1363, 'jointc': 0.1522, 'mix': 0.1172} 129s
12.Wo K 2048 n8/n4/n0 320 1664 64 mix D/base_unc 0.0645 D/base_c 0.0863 {'pca': 0.1798, 'joint': 0.076, 'jointc': 0.0939, 'mix': 0.0645} 130s
12.Wgu K 2048 n8/n4/n0 256 1792 0 mix D/base_unc 0.1342 D/base_c 0.1931 {'pca': 0.2349, 'joint': 0.1574, 'jointc': 0.1667, 'mix': 0.1342} 131s
12.Wd K 6144 n8/n4/n0 832 5248 64 mix D/base_unc 0.0939 D/base_c 0.0986 {'pca': 0.3386, 'joint': 0.0981, 'jointc': 0.1472, 'mix': 0.0939} 140s
13.Win K 2048 n8/n4/n0 256 1792 0 mix D/base_unc 0.0867 D/base_c 0.1214 {'pca': 0.2235, 'joint': 0.0961, 'jointc': 0.1239, 'mix': 0.0867} 140s
13.Wo K 2048 n8/n4/n0 320 1664 64 mix D/base_unc 0.1129 D/base_c 0.1432 {'pca': 0.2555, 'joint': 0.1354, 'jointc': 0.1593, 'mix': 0.1129} 141s
13.Wgu K 2048 n8/n4/n0 256 1792 0 mix D/base_unc 0.1631 D/base_c 0.2301 {'pca': 0.236, 'joint': 0.1943, 'jointc': 0.1896, 'mix': 0.1631} 141s
13.Wd K 6144 n8/n4/n0 896 5120 128 mix D/base_unc 0.1078 D/base_c 0.1147 {'pca': 0.298, 'joint': 0.123, 'jointc': 0.167, 'mix': 0.1078} 151s
14.Win K 2048 n8/n4/n0 256 1792 0 mix D/base_unc 0.1214 D/base_c 0.1702 {'pca': 0.2272, 'joint': 0.1437, 'jointc': 0.1584, 'mix': 0.1214} 152s
14.Wo K 2048 n8/n4/n0 320 1664 64 mix D/base_unc 0.0690 D/base_c 0.1015 {'pca': 0.1514, 'joint': 0.0887, 'jointc': 0.0975, 'mix': 0.069} 152s
14.Wgu K 2048 n8/n4/n0 256 1792 0 mix D/base_unc 0.1150 D/base_c 0.1726 {'pca': 0.2069, 'joint': 0.1372, 'jointc': 0.1461, 'mix': 0.115} 153s
14.Wd K 6144 n8/n4/n0 960 4992 192 mix D/base_unc 0.0676 D/base_c 0.0754 {'pca': 0.1917, 'joint': 0.087, 'jointc': 0.1125, 'mix': 0.0676} 162s
15.Win K 2048 n8/n4/n0 320 1664 64 mix D/base_unc 0.0693 D/base_c 0.0991 {'pca': 0.1853, 'joint': 0.0771, 'jointc': 0.111, 'mix': 0.0693} 162s
15.Wo K 2048 n8/n4/n0 384 1536 128 mix D/base_unc 0.0608 D/base_c 0.1067 {'pca': 0.0986, 'joint': 0.0998, 'jointc': 0.0808, 'mix': 0.0608} 163s
15.Wgu K 2048 n8/n4/n0 256 1792 0 mix D/base_unc 0.1400 D/base_c 0.2168 {'pca': 0.2131, 'joint': 0.1681, 'jointc': 0.167, 'mix': 0.14} 163s
15.Wd K 6144 n8/n4/n0 1152 4608 384 mix D/base_unc 0.0764 D/base_c 0.0868 {'pca': 0.197, 'joint': 0.1073, 'jointc': 0.1251, 'mix': 0.0764} 172s
16.Win K 2048 n8/n4/n0 320 1664 64 mix D/base_unc 0.0888 D/base_c 0.1351 {'pca': 0.1926, 'joint': 0.1086, 'jointc': 0.1277, 'mix': 0.0888} 173s
16.Wo K 2048 n8/n4/n0 384 1536 128 mix D/base_unc 0.0565 D/base_c 0.0919 {'pca': 0.1007, 'joint': 0.0878, 'jointc': 0.0746, 'mix': 0.0565} 173s
16.Wgu K 2048 n8/n4/n0 256 1792 0 mix D/base_unc 0.1069 D/base_c 0.1861 {'pca': 0.1665, 'joint': 0.1335, 'jointc': 0.1337, 'mix': 0.1069} 174s
16.Wd K 6144 n8/n4/n0 1280 4352 512 mix D/base_unc 0.0638 D/base_c 0.0761 {'pca': 0.1661, 'joint': 0.0949, 'jointc': 0.1073, 'mix': 0.0638} 183s
17.Win K 2048 n8/n4/n0 320 1664 64 mix D/base_unc 0.0657 D/base_c 0.1144 {'pca': 0.1531, 'joint': 0.0822, 'jointc': 0.0981, 'mix': 0.0657} 183s
17.Wo K 2048 n8/n4/n0 384 1536 128 mix D/base_unc 0.0390 D/base_c 0.0717 {'pca': 0.0619, 'joint': 0.0726, 'jointc': 0.049, 'mix': 0.039} 184s
17.Wgu K 2048 n8/n4/n0 256 1792 0 mix D/base_unc 0.0842 D/base_c 0.1699 {'pca': 0.1358, 'joint': 0.1059, 'jointc': 0.1078, 'mix': 0.0842} 185s
17.Wd K 6144 n8/n4/n0 1344 4224 576 mix D/base_unc 0.0504 D/base_c 0.0640 {'pca': 0.1342, 'joint': 0.0802, 'jointc': 0.0878, 'mix': 0.0504} 193s
18.Win K 2048 n8/n4/n0 320 1664 64 mix D/base_unc 0.0690 D/base_c 0.1361 {'pca': 0.1294, 'joint': 0.0915, 'jointc': 0.0933, 'mix': 0.069} 193s
18.Wo K 2048 n8/n4/n0 448 1408 192 mix D/base_unc 0.0378 D/base_c 0.0642 {'pca': 0.069, 'joint': 0.0624, 'jointc': 0.0506, 'mix': 0.0378} 194s
18.Wgu K 2048 n8/n4/n0 256 1792 0 mix D/base_unc 0.0606 D/base_c 0.1344 {'pca': 0.1157, 'joint': 0.0755, 'jointc': 0.0843, 'mix': 0.0606} 195s
18.Wd K 6144 n8/n4/n0 1536 3840 768 mix D/base_unc 0.0340 D/base_c 0.0428 {'pca': 0.088, 'joint': 0.0617, 'jointc': 0.0596, 'mix': 0.034} 203s
19.Win K 2048 n8/n4/n0 320 1664 64 mix D/base_unc 0.0329 D/base_c 0.0709 {'pca': 0.0952, 'joint': 0.0368, 'jointc': 0.0495, 'mix': 0.0329} 203s
19.Wo K 2048 n8/n4/n0 448 1408 192 mix D/base_unc 0.0108 D/base_c 0.0546 {'pca': 0.0191, 'joint': 0.0193, 'jointc': 0.014, 'mix': 0.0108} 204s
19.Wgu K 2048 n8/n4/n0 256 1792 0 mix D/base_unc 0.0552 D/base_c 0.1406 {'pca': 0.1026, 'joint': 0.0698, 'jointc': 0.078, 'mix': 0.0552} 204s
19.Wd K 6144 n8/n4/n0 1536 3840 768 mix D/base_unc 0.0220 D/base_c 0.0416 {'pca': 0.0602, 'joint': 0.0408, 'jointc': 0.0401, 'mix': 0.022} 213s
20.Win K 2048 n8/n4/n0 320 1664 64 mix D/base_unc 0.0370 D/base_c 0.0907 {'pca': 0.0975, 'joint': 0.0464, 'jointc': 0.0582, 'mix': 0.037} 213s
20.Wo K 2048 n8/n4/n0 448 1408 192 mix D/base_unc 0.0198 D/base_c 0.0441 {'pca': 0.0371, 'joint': 0.0388, 'jointc': 0.0273, 'mix': 0.0198} 214s
20.Wgu K 2048 n8/n4/n0 320 1664 64 mix D/base_unc 0.0392 D/base_c 0.1205 {'pca': 0.0794, 'joint': 0.0505, 'jointc': 0.0579, 'mix': 0.0392} 214s
20.Wd K 6144 n8/n4/n0 1600 3712 832 mix D/base_unc 0.0236 D/base_c 0.0327 {'pca': 0.0627, 'joint': 0.045, 'jointc': 0.0427, 'mix': 0.0236} 222s
21.Win K 2048 n8/n4/n0 320 1664 64 mix D/base_unc 0.0263 D/base_c 0.0765 {'pca': 0.0783, 'joint': 0.0325, 'jointc': 0.0451, 'mix': 0.0263} 223s
21.Wo K 2048 n8/n4/n0 512 1280 256 mix D/base_unc 0.0133 D/base_c 0.0328 {'pca': 0.0197, 'joint': 0.0317, 'jointc': 0.0164, 'mix': 0.0133} 223s
21.Wgu K 2048 n8/n4/n0 320 1664 64 mix D/base_unc 0.0348 D/base_c 0.1179 {'pca': 0.0681, 'joint': 0.0465, 'jointc': 0.0507, 'mix': 0.0348} 224s
21.Wd K 6144 n8/n4/n0 1728 3456 960 mix D/base_unc 0.0135 D/base_c 0.0262 {'pca': 0.0316, 'joint': 0.0273, 'jointc': 0.0226, 'mix': 0.0135} 232s
22.Win K 2048 n8/n4/n0 320 1664 64 mix D/base_unc 0.0232 D/base_c 0.0756 {'pca': 0.0676, 'joint': 0.0294, 'jointc': 0.0393, 'mix': 0.0232} 232s
22.Wo K 2048 n8/n4/n0 640 1024 384 mix D/base_unc 0.0059 D/base_c 0.0190 {'pca': 0.0081, 'joint': 0.0135, 'jointc': 0.0077, 'mix': 0.0059} 233s
22.Wgu K 2048 n8/n4/n0 320 1664 64 mix D/base_unc 0.0175 D/base_c 0.0641 {'pca': 0.0533, 'joint': 0.021, 'jointc': 0.0322, 'mix': 0.0175} 233s
22.Wd K 6144 n8/n4/n0 2240 2432 1472 mix D/base_unc 0.0041 D/base_c 0.0146 {'pca': 0.006, 'joint': 0.0105, 'jointc': 0.0059, 'mix': 0.0041} 240s
23.Win K 2048 n8/n4/n0 320 1664 64 mix D/base_unc 0.0186 D/base_c 0.0545 {'pca': 0.052, 'joint': 0.0223, 'jointc': 0.0292, 'mix': 0.0186} 241s
done
