shared basis built 3s
0.Win K 2048 n8/n4/n0 256 1792 0 shared D/base_unc 0.4924 D/base_c 0.5376 {'shared': 0.4924} 3s
0.Wo K 2048 n8/n4/n0 320 1664 64 ident D/base_unc 0.0905 D/base_c 0.3072 {'ident': 0.0905} 3s
0.Wgu K 2048 n8/n4/n0 256 1792 0 shared D/base_unc 0.1737 D/base_c 0.4690 {'shared': 0.1737} 3s
0.Wd K 6144 n8/n4/n0 768 5376 0 ident D/base_unc 0.5123 D/base_c 0.5231 {'ident': 0.5123} 4s
1.Win K 2048 n8/n4/n0 256 1792 0 shared D/base_unc 0.2549 D/base_c 0.4657 {'shared': 0.2549} 4s
1.Wo K 2048 n8/n4/n0 320 1664 64 ident D/base_unc 0.4093 D/base_c 0.4650 {'ident': 0.4093} 5s
1.Wgu K 2048 n8/n4/n0 256 1792 0 shared D/base_unc 0.2425 D/base_c 0.5051 {'shared': 0.2425} 5s
1.Wd K 6144 n8/n4/n0 768 5376 0 ident D/base_unc 0.6268 D/base_c 0.6398 {'ident': 0.6268} 6s
2.Win K 2048 n8/n4/n0 256 1792 0 shared D/base_unc 0.2743 D/base_c 0.4549 {'shared': 0.2743} 6s
2.Wo K 2048 n8/n4/n0 320 1664 64 ident D/base_unc 0.1687 D/base_c 0.4385 {'ident': 0.1687} 6s
2.Wgu K 2048 n8/n4/n0 256 1792 0 shared D/base_unc 0.2033 D/base_c 0.5032 {'shared': 0.2033} 6s
2.Wd K 6144 n8/n4/n0 768 5376 0 ident D/base_unc 0.5508 D/base_c 0.5812 {'ident': 0.5508} 7s
3.Win K 2048 n8/n4/n0 256 1792 0 shared D/base_unc 0.2651 D/base_c 0.4520 {'shared': 0.2651} 7s
3.Wo K 2048 n8/n4/n0 384 1536 128 ident D/base_unc 0.2263 D/base_c 0.3611 {'ident': 0.2263} 7s
3.Wgu K 2048 n8/n4/n0 256 1792 0 shared D/base_unc 0.2831 D/base_c 0.5302 {'shared': 0.2831} 7s
3.Wd K 6144 n8/n4/n0 768 5376 0 ident D/base_unc 0.6242 D/base_c 0.6458 {'ident': 0.6242} 8s
4.Win K 2048 n8/n4/n0 256 1792 0 shared D/base_unc 0.2751 D/base_c 0.4558 {'shared': 0.2751} 8s
4.Wo K 2048 n8/n4/n0 320 1664 64 ident D/base_unc 0.3621 D/base_c 0.4742 {'ident': 0.3621} 9s
4.Wgu K 2048 n8/n4/n0 256 1792 0 shared D/base_unc 0.2835 D/base_c 0.5068 {'shared': 0.2835} 9s
4.Wd K 6144 n8/n4/n0 768 5376 0 ident D/base_unc 0.6172 D/base_c 0.6402 {'ident': 0.6172} 10s
5.Win K 2048 n8/n4/n0 256 1792 0 shared D/base_unc 0.2676 D/base_c 0.4324 {'shared': 0.2676} 10s
5.Wo K 2048 n8/n4/n0 320 1664 64 ident D/base_unc 0.3134 D/base_c 0.4580 {'ident': 0.3134} 10s
5.Wgu K 2048 n8/n4/n0 256 1792 0 shared D/base_unc 0.2721 D/base_c 0.4808 {'shared': 0.2721} 10s
5.Wd K 6144 n8/n4/n0 768 5376 0 ident D/base_unc 0.6288 D/base_c 0.6554 {'ident': 0.6288} 11s
6.Win K 2048 n8/n4/n0 256 1792 0 shared D/base_unc 0.2262 D/base_c 0.3809 {'shared': 0.2262} 11s
6.Wo K 2048 n8/n4/n0 256 1792 0 ident D/base_unc 0.3529 D/base_c 0.4561 {'ident': 0.3529} 11s
6.Wgu K 2048 n8/n4/n0 256 1792 0 shared D/base_unc 0.2577 D/base_c 0.4549 {'shared': 0.2577} 11s
6.Wd K 6144 n8/n4/n0 768 5376 0 ident D/base_unc 0.5610 D/base_c 0.6000 {'ident': 0.561} 12s
7.Win K 2048 n8/n4/n0 256 1792 0 shared D/base_unc 0.2017 D/base_c 0.3454 {'shared': 0.2017} 13s
7.Wo K 2048 n8/n4/n0 256 1792 0 ident D/base_unc 0.4243 D/base_c 0.5631 {'ident': 0.4243} 13s
7.Wgu K 2048 n8/n4/n0 256 1792 0 shared D/base_unc 0.2817 D/base_c 0.4722 {'shared': 0.2817} 13s
7.Wd K 6144 n8/n4/n0 768 5376 0 ident D/base_unc 0.6490 D/base_c 0.6727 {'ident': 0.649} 14s
8.Win K 2048 n8/n4/n0 256 1792 0 shared D/base_unc 0.2449 D/base_c 0.4012 {'shared': 0.2449} 14s
8.Wo K 2048 n8/n4/n0 256 1792 0 ident D/base_unc 0.4405 D/base_c 0.5307 {'ident': 0.4405} 14s
8.Wgu K 2048 n8/n4/n0 256 1792 0 shared D/base_unc 0.2869 D/base_c 0.4539 {'shared': 0.2869} 14s
8.Wd K 6144 n8/n4/n0 768 5376 0 ident D/base_unc 0.6496 D/base_c 0.6737 {'ident': 0.6496} 15s
9.Win K 2048 n8/n4/n0 256 1792 0 shared D/base_unc 0.2565 D/base_c 0.3930 {'shared': 0.2565} 15s
9.Wo K 2048 n8/n4/n0 256 1792 0 ident D/base_unc 0.4294 D/base_c 0.5367 {'ident': 0.4294} 15s
9.Wgu K 2048 n8/n4/n0 256 1792 0 shared D/base_unc 0.2859 D/base_c 0.4438 {'shared': 0.2859} 15s
9.Wd K 6144 n8/n4/n0 768 5376 0 ident D/base_unc 0.6314 D/base_c 0.6550 {'ident': 0.6314} 16s
10.Win K 2048 n8/n4/n0 256 1792 0 shared D/base_unc 0.2502 D/base_c 0.3908 {'shared': 0.2502} 16s
10.Wo K 2048 n8/n4/n0 256 1792 0 ident D/base_unc 0.4378 D/base_c 0.5858 {'ident': 0.4378} 16s
10.Wgu K 2048 n8/n4/n0 256 1792 0 shared D/base_unc 0.2422 D/base_c 0.3769 {'shared': 0.2422} 17s
10.Wd K 6144 n8/n4/n0 768 5376 0 ident D/base_unc 0.5312 D/base_c 0.5571 {'ident': 0.5312} 18s
11.Win K 2048 n8/n4/n0 256 1792 0 shared D/base_unc 0.1945 D/base_c 0.2887 {'shared': 0.1945} 18s
11.Wo K 2048 n8/n4/n0 256 1792 0 ident D/base_unc 0.4141 D/base_c 0.5253 {'ident': 0.4141} 18s
11.Wgu K 2048 n8/n4/n0 256 1792 0 shared D/base_unc 0.2689 D/base_c 0.3953 {'shared': 0.2689} 18s
11.Wd K 6144 n8/n4/n0 768 5376 0 ident D/base_unc 0.5189 D/base_c 0.5488 {'ident': 0.5189} 19s
12.Win K 2048 n8/n4/n0 256 1792 0 shared D/base_unc 0.2437 D/base_c 0.3456 {'shared': 0.2437} 19s
12.Wo K 2048 n8/n4/n0 320 1664 64 ident D/base_unc 0.3032 D/base_c 0.4053 {'ident': 0.3032} 19s
12.Wgu K 2048 n8/n4/n0 256 1792 0 shared D/base_unc 0.2649 D/base_c 0.3810 {'shared': 0.2649} 19s
12.Wd K 6144 n8/n4/n0 768 5376 0 ident D/base_unc 0.4911 D/base_c 0.5157 {'ident': 0.4911} 20s
13.Win K 2048 n8/n4/n0 256 1792 0 shared D/base_unc 0.1842 D/base_c 0.2582 {'shared': 0.1842} 20s
13.Wo K 2048 n8/n4/n0 256 1792 0 ident D/base_unc 0.4237 D/base_c 0.5372 {'ident': 0.4237} 20s
13.Wgu K 2048 n8/n4/n0 256 1792 0 shared D/base_unc 0.3096 D/base_c 0.4367 {'shared': 0.3096} 21s
13.Wd K 6144 n8/n4/n0 768 5376 0 ident D/base_unc 0.5171 D/base_c 0.5504 {'ident': 0.5171} 22s
14.Win K 2048 n8/n4/n0 256 1792 0 shared D/base_unc 0.2886 D/base_c 0.4047 {'shared': 0.2886} 22s
14.Wo K 2048 n8/n4/n0 320 1664 64 ident D/base_unc 0.2435 D/base_c 0.3580 {'ident': 0.2435} 22s
14.Wgu K 2048 n8/n4/n0 256 1792 0 shared D/base_unc 0.2416 D/base_c 0.3627 {'shared': 0.2416} 22s
14.Wd K 6144 n8/n4/n0 768 5376 0 ident D/base_unc 0.3088 D/base_c 0.3446 {'ident': 0.3088} 23s
15.Win K 2048 n8/n4/n0 256 1792 0 shared D/base_unc 0.1807 D/base_c 0.2584 {'shared': 0.1807} 23s
15.Wo K 2048 n8/n4/n0 256 1792 0 ident D/base_unc 0.3056 D/base_c 0.5369 {'ident': 0.3056} 23s
15.Wgu K 2048 n8/n4/n0 256 1792 0 shared D/base_unc 0.2802 D/base_c 0.4337 {'shared': 0.2802} 23s
15.Wd K 6144 n8/n4/n0 768 5376 0 ident D/base_unc 0.4084 D/base_c 0.4643 {'ident': 0.4084} 24s
16.Win K 2048 n8/n4/n0 256 1792 0 shared D/base_unc 0.2221 D/base_c 0.3381 {'shared': 0.2221} 24s
16.Wo K 2048 n8/n4/n0 384 1536 128 ident D/base_unc 0.2365 D/base_c 0.3844 {'ident': 0.2365} 24s
16.Wgu K 2048 n8/n4/n0 256 1792 0 shared D/base_unc 0.2172 D/base_c 0.3781 {'shared': 0.2172} 25s
16.Wd K 6144 n8/n4/n0 768 5376 0 ident D/base_unc 0.3990 D/base_c 0.4757 {'ident': 0.399} 26s
17.Win K 2048 n8/n4/n0 256 1792 0 shared D/base_unc 0.1737 D/base_c 0.3025 {'shared': 0.1737} 26s
17.Wo K 2048 n8/n4/n0 384 1536 128 ident D/base_unc 0.1452 D/base_c 0.2667 {'ident': 0.1452} 26s
17.Wgu K 2048 n8/n4/n0 256 1792 0 shared D/base_unc 0.1742 D/base_c 0.3514 {'shared': 0.1742} 26s
17.Wd K 6144 n8/n4/n0 768 5376 0 ident D/base_unc 0.3726 D/base_c 0.4727 {'ident': 0.3726} 27s
18.Win K 2048 n8/n4/n0 256 1792 0 shared D/base_unc 0.1637 D/base_c 0.3227 {'shared': 0.1637} 28s
18.Wo K 2048 n8/n4/n0 384 1536 128 ident D/base_unc 0.1747 D/base_c 0.2970 {'ident': 0.1747} 28s
18.Wgu K 2048 n8/n4/n0 256 1792 0 shared D/base_unc 0.1306 D/base_c 0.2899 {'shared': 0.1306} 28s
18.Wd K 6144 n8/n4/n0 768 5376 0 ident D/base_unc 0.2734 D/base_c 0.3444 {'ident': 0.2734} 29s
19.Win K 2048 n8/n4/n0 256 1792 0 shared D/base_unc 0.0825 D/base_c 0.1776 {'shared': 0.0825} 29s
19.Wo K 2048 n8/n4/n0 256 1792 0 ident D/base_unc 0.0637 D/base_c 0.3229 {'ident': 0.0637} 29s
19.Wgu K 2048 n8/n4/n0 256 1792 0 shared D/base_unc 0.1236 D/base_c 0.3150 {'shared': 0.1236} 29s
19.Wd K 6144 n8/n4/n0 768 5376 0 ident D/base_unc 0.2000 D/base_c 0.3769 {'ident': 0.2} 30s
20.Win K 2048 n8/n4/n0 256 1792 0 shared D/base_unc 0.0973 D/base_c 0.2387 {'shared': 0.0973} 30s
20.Wo K 2048 n8/n4/n0 448 1408 192 ident D/base_unc 0.1074 D/base_c 0.2387 {'ident': 0.1074} 30s
20.Wgu K 2048 n8/n4/n0 256 1792 0 shared D/base_unc 0.0943 D/base_c 0.2898 {'shared': 0.0943} 30s
20.Wd K 6144 n8/n4/n0 768 5376 0 ident D/base_unc 0.2343 D/base_c 0.3243 {'ident': 0.2343} 31s
21.Win K 2048 n8/n4/n0 256 1792 0 shared D/base_unc 0.0745 D/base_c 0.2167 {'shared': 0.0745} 32s
21.Wo K 2048 n8/n4/n0 576 1152 320 ident D/base_unc 0.0569 D/base_c 0.1403 {'ident': 0.0569} 32s
21.Wgu K 2048 n8/n4/n0 256 1792 0 shared D/base_unc 0.0944 D/base_c 0.3198 {'shared': 0.0944} 32s
21.Wd K 6144 n8/n4/n0 768 5376 0 ident D/base_unc 0.1292 D/base_c 0.2513 {'ident': 0.1292} 33s
22.Win K 2048 n8/n4/n0 256 1792 0 shared D/base_unc 0.0734 D/base_c 0.2395 {'shared': 0.0734} 33s
22.Wo K 2048 n8/n4/n0 576 1152 320 ident D/base_unc 0.0211 D/base_c 0.0674 {'ident': 0.0211} 33s
22.Wgu K 2048 n8/n4/n0 256 1792 0 shared D/base_unc 0.0430 D/base_c 0.1571 {'shared': 0.043} 33s
22.Wd K 6144 n8/n4/n0 832 5248 64 ident D/base_unc 0.0282 D/base_c 0.1006 {'ident': 0.0282} 34s
23.Win K 2048 n8/n4/n0 256 1792 0 shared D/base_unc 0.0528 D/base_c 0.1546 {'shared': 0.0528} 34s
done
