0.Win K 2048 n8/n4/n0 384 1280 384 mix D/base_unc 0.1671 D/base_c 0.1824 {'pca': 0.2739, 'sens': 0.4723, 'joint': 0.4411, 'jointc': 0.3137, 'mix': 0.1671} 1s
0.Wo K 2048 n8/n4/n0 320 1408 320 mix D/base_unc 0.0469 D/base_c 0.1594 {'pca': 0.0577, 'sens': 0.1416, 'joint': 0.14, 'jointc': 0.0754, 'mix': 0.0469} 2s
0.Wgu K 2048 n8/n4/n0 320 1408 320 pca D/base_unc 0.0916 D/base_c 0.2474 {'pca': 0.0916, 'sens': 0.3036, 'joint': 0.237, 'jointc': 0.1138, 'mix': 0.1076} 2s
0.Wd K 6144 n8/n4/n0 3072 0 3072 sens D/base_unc 0.0039 D/base_c 0.0040 {'pca': 0.3007, 'sens': 0.0039, 'joint': 0.0045, 'jointc': 0.5908, 'mix': 0.0096} 11s
1.Win K 2048 n8/n4/n0 320 1408 320 mix D/base_unc 0.1398 D/base_c 0.2554 {'pca': 0.2015, 'sens': 0.3936, 'joint': 0.3358, 'jointc': 0.1966, 'mix': 0.1398} 12s
1.Wo K 2048 n8/n4/n0 384 1280 384 mix D/base_unc 0.1588 D/base_c 0.1804 {'pca': 0.3606, 'sens': 0.208, 'joint': 0.2339, 'jointc': 0.4123, 'mix': 0.1588} 12s
1.Wgu K 2048 n8/n4/n0 192 1664 192 mix D/base_unc 0.2037 D/base_c 0.4242 {'pca': 0.2281, 'sens': 0.4642, 'joint': 0.3762, 'jointc': 0.2451, 'mix': 0.2037} 13s
1.Wd K 6144 n8/n4/n0 3072 0 3072 sens D/base_unc 0.0038 D/base_c 0.0039 {'pca': 0.5334, 'sens': 0.0038, 'joint': 0.0041, 'jointc': 0.6228, 'mix': 0.0127} 22s
2.Win K 2048 n8/n4/n0 320 1408 320 mix D/base_unc 0.1649 D/base_c 0.2735 {'pca': 0.325, 'sens': 0.3531, 'joint': 0.3001, 'jointc': 0.2682, 'mix': 0.1649} 22s
2.Wo K 2048 n8/n4/n0 384 1280 384 mix D/base_unc 0.0601 D/base_c 0.1561 {'pca': 0.1516, 'sens': 0.0714, 'joint': 0.0892, 'jointc': 0.185, 'mix': 0.0601} 23s
2.Wgu K 2048 n8/n4/n0 192 1664 192 mix D/base_unc 0.1869 D/base_c 0.4627 {'pca': 0.2275, 'sens': 0.3773, 'joint': 0.3181, 'jointc': 0.2356, 'mix': 0.1869} 24s
2.Wd K 6144 n8/n4/n0 3072 0 3072 sens D/base_unc 0.0037 D/base_c 0.0039 {'pca': 0.4935, 'sens': 0.0037, 'joint': 0.0038, 'jointc': 0.5992, 'mix': 0.0121} 32s
3.Win K 2048 n8/n4/n0 384 1280 384 mix D/base_unc 0.1270 D/base_c 0.2166 {'pca': 0.3272, 'sens': 0.2146, 'joint': 0.1993, 'jointc': 0.2428, 'mix': 0.127} 33s
3.Wo K 2048 n8/n4/n0 448 1152 448 mix D/base_unc 0.0722 D/base_c 0.1152 {'pca': 0.1405, 'sens': 0.1417, 'joint': 0.1831, 'jointc': 0.2185, 'mix': 0.0722} 33s
3.Wgu K 2048 n8/n4/n0 192 1664 192 mix D/base_unc 0.2578 D/base_c 0.4830 {'pca': 0.3313, 'sens': 0.4712, 'joint': 0.4079, 'jointc': 0.3379, 'mix': 0.2578} 34s
3.Wd K 6144 n8/n4/n0 3072 0 3072 sens D/base_unc 0.0038 D/base_c 0.0039 {'pca': 0.4704, 'sens': 0.0038, 'joint': 0.0041, 'jointc': 0.6048, 'mix': 0.0124} 43s
4.Win K 2048 n8/n4/n0 320 1408 320 mix D/base_unc 0.1851 D/base_c 0.3067 {'pca': 0.3301, 'sens': 0.372, 'joint': 0.3136, 'jointc': 0.2831, 'mix': 0.1851} 43s
4.Wo K 2048 n8/n4/n0 384 1280 384 mix D/base_unc 0.1262 D/base_c 0.1653 {'pca': 0.3118, 'sens': 0.1411, 'joint': 0.1783, 'jointc': 0.3871, 'mix': 0.1262} 44s
4.Wgu K 2048 n8/n4/n0 192 1664 192 mix D/base_unc 0.2685 D/base_c 0.4800 {'pca': 0.333, 'sens': 0.4741, 'joint': 0.4328, 'jointc': 0.3586, 'mix': 0.2685} 45s
4.Wd K 6144 n8/n4/n0 3072 0 3072 sens D/base_unc 0.0038 D/base_c 0.0040 {'pca': 0.4569, 'sens': 0.0038, 'joint': 0.0041, 'jointc': 0.5932, 'mix': 0.0126} 53s
5.Win K 2048 n8/n4/n0 320 1408 320 mix D/base_unc 0.1846 D/base_c 0.2982 {'pca': 0.321, 'sens': 0.3631, 'joint': 0.3292, 'jointc': 0.3025, 'mix': 0.1846} 54s
5.Wo K 2048 n8/n4/n0 448 1152 448 mix D/base_unc 0.1043 D/base_c 0.1525 {'pca': 0.2731, 'sens': 0.1219, 'joint': 0.1494, 'jointc': 0.3255, 'mix': 0.1043} 55s
5.Wgu K 2048 n8/n4/n0 256 1536 256 mix D/base_unc 0.2509 D/base_c 0.4434 {'pca': 0.3201, 'sens': 0.4353, 'joint': 0.4295, 'jointc': 0.3698, 'mix': 0.2509} 55s
5.Wd K 6144 n8/n4/n0 3072 0 3072 sens D/base_unc 0.0038 D/base_c 0.0040 {'pca': 0.4436, 'sens': 0.0038, 'joint': 0.004, 'jointc': 0.5664, 'mix': 0.0131} 64s
6.Win K 2048 n8/n4/n0 320 1408 320 mix D/base_unc 0.1355 D/base_c 0.2282 {'pca': 0.2799, 'sens': 0.262, 'joint': 0.2556, 'jointc': 0.2634, 'mix': 0.1355} 65s
6.Wo K 2048 n8/n4/n0 448 1152 448 sens D/base_unc 0.0990 D/base_c 0.1279 {'pca': 0.3174, 'sens': 0.099, 'joint': 0.1218, 'jointc': 0.3315, 'mix': 0.1001} 65s
6.Wgu K 2048 n8/n4/n0 256 1536 256 mix D/base_unc 0.2230 D/base_c 0.3937 {'pca': 0.3235, 'sens': 0.3985, 'joint': 0.3878, 'jointc': 0.3484, 'mix': 0.223} 66s
6.Wd K 6144 n8/n4/n0 3072 0 3072 sens D/base_unc 0.0037 D/base_c 0.0040 {'pca': 0.4445, 'sens': 0.0037, 'joint': 0.0039, 'jointc': 0.5076, 'mix': 0.0137} 75s
7.Win K 2048 n8/n4/n0 448 1152 448 mix D/base_unc 0.0657 D/base_c 0.1125 {'pca': 0.2343, 'sens': 0.0931, 'joint': 0.1049, 'jointc': 0.1925, 'mix': 0.0657} 75s
7.Wo K 2048 n8/n4/n0 512 1024 512 mix D/base_unc 0.0497 D/base_c 0.0659 {'pca': 0.2462, 'sens': 0.0571, 'joint': 0.086, 'jointc': 0.2875, 'mix': 0.0497} 76s
7.Wgu K 2048 n8/n4/n0 192 1664 192 mix D/base_unc 0.2747 D/base_c 0.4606 {'pca': 0.3644, 'sens': 0.4212, 'joint': 0.4388, 'jointc': 0.4183, 'mix': 0.2747} 76s
7.Wd K 6144 n8/n4/n0 3072 0 3072 sens D/base_unc 0.0038 D/base_c 0.0040 {'pca': 0.5688, 'sens': 0.0038, 'joint': 0.0041, 'jointc': 0.558, 'mix': 0.0157} 85s
8.Win K 2048 n8/n4/n0 320 1408 320 mix D/base_unc 0.1782 D/base_c 0.2920 {'pca': 0.3354, 'sens': 0.2843, 'joint': 0.3067, 'jointc': 0.3382, 'mix': 0.1782} 86s
8.Wo K 2048 n8/n4/n0 448 1152 448 sens D/base_unc 0.0928 D/base_c 0.1118 {'pca': 0.4526, 'sens': 0.0928, 'joint': 0.1111, 'jointc': 0.4415, 'mix': 0.1227} 86s
8.Wgu K 2048 n8/n4/n0 256 1536 256 mix D/base_unc 0.2708 D/base_c 0.4284 {'pca': 0.3949, 'sens': 0.3975, 'joint': 0.4221, 'jointc': 0.4351, 'mix': 0.2708} 87s
8.Wd K 6144 n8/n4/n0 3072 0 3072 sens D/base_unc 0.0038 D/base_c 0.0039 {'pca': 0.617, 'sens': 0.0038, 'joint': 0.004, 'jointc': 0.5142, 'mix': 0.0188} 96s
9.Win K 2048 n8/n4/n0 320 1408 320 mix D/base_unc 0.1642 D/base_c 0.2516 {'pca': 0.3773, 'sens': 0.2363, 'joint': 0.27, 'jointc': 0.3596, 'mix': 0.1642} 96s
9.Wo K 2048 n8/n4/n0 512 1024 512 sens D/base_unc 0.0527 D/base_c 0.0659 {'pca': 0.4306, 'sens': 0.0527, 'joint': 0.0693, 'jointc': 0.4333, 'mix': 0.0892} 97s
9.Wgu K 2048 n8/n4/n0 256 1536 256 mix D/base_unc 0.2299 D/base_c 0.3570 {'pca': 0.401, 'sens': 0.3546, 'joint': 0.3589, 'jointc': 0.3856, 'mix': 0.2299} 98s
9.Wd K 6144 n8/n4/n0 3072 0 3072 sens D/base_unc 0.0037 D/base_c 0.0039 {'pca': 0.6397, 'sens': 0.0037, 'joint': 0.004, 'jointc': 0.4473, 'mix': 0.0234} 106s
10.Win K 2048 n8/n4/n0 320 1408 320 mix D/base_unc 0.1462 D/base_c 0.2283 {'pca': 0.3985, 'sens': 0.192, 'joint': 0.207, 'jointc': 0.3202, 'mix': 0.1462} 107s
10.Wo K 2048 n8/n4/n0 512 1024 512 sens D/base_unc 0.0289 D/base_c 0.0387 {'pca': 0.466, 'sens': 0.0289, 'joint': 0.0372, 'jointc': 0.348, 'mix': 0.0657} 108s
10.Wgu K 2048 n8/n4/n0 320 1408 320 mix D/base_unc 0.1551 D/base_c 0.2414 {'pca': 0.4102, 'sens': 0.2126, 'joint': 0.2277, 'jointc': 0.3213, 'mix': 0.1551} 108s
10.Wd K 6144 n8/n4/n0 2944 256 2944 sens D/base_unc 0.0037 D/base_c 0.0038 {'pca': 0.6138, 'sens': 0.0037, 'joint': 0.0039, 'jointc': 0.3627, 'mix': 0.0264} 117s
11.Win K 2048 n8/n4/n0 512 1024 512 sens D/base_unc 0.0254 D/base_c 0.0377 {'pca': 0.3511, 'sens': 0.0254, 'joint': 0.0332, 'jointc': 0.233, 'mix': 0.0477} 117s
11.Wo K 2048 n8/n4/n0 512 1024 512 sens D/base_unc 0.0245 D/base_c 0.0311 {'pca': 0.2708, 'sens': 0.0245, 'joint': 0.0394, 'jointc': 0.2756, 'mix': 0.034} 118s
11.Wgu K 2048 n8/n4/n0 256 1536 256 mix D/base_unc 0.1952 D/base_c 0.2869 {'pca': 0.4594, 'sens': 0.2809, 'joint': 0.2718, 'jointc': 0.3368, 'mix': 0.1952} 119s
11.Wd K 6144 n8/n4/n0 2240 1664 2240 sens D/base_unc 0.0035 D/base_c 0.0037 {'pca': 0.5967, 'sens': 0.0035, 'joint': 0.0038, 'jointc': 0.3386, 'mix': 0.027} 127s
12.Win K 2048 n8/n4/n0 320 1408 320 mix D/base_unc 0.1227 D/base_c 0.1739 {'pca': 0.4489, 'sens': 0.1438, 'joint': 0.148, 'jointc': 0.2888, 'mix': 0.1227} 128s
12.Wo K 2048 n8/n4/n0 448 1152 448 sens D/base_unc 0.0245 D/base_c 0.0328 {'pca': 0.2993, 'sens': 0.0245, 'joint': 0.0371, 'jointc': 0.257, 'mix': 0.0431} 128s
12.Wgu K 2048 n8/n4/n0 256 1536 256 mix D/base_unc 0.1783 D/base_c 0.2564 {'pca': 0.4548, 'sens': 0.2618, 'joint': 0.2513, 'jointc': 0.3195, 'mix': 0.1783} 129s
12.Wd K 6144 n8/n4/n0 1856 2432 1856 sens D/base_unc 0.0034 D/base_c 0.0036 {'pca': 0.5805, 'sens': 0.0034, 'joint': 0.0036, 'jointc': 0.3102, 'mix': 0.0274} 137s
13.Win K 2048 n8/n4/n0 320 1408 320 sens D/base_unc 0.0587 D/base_c 0.0823 {'pca': 0.4146, 'sens': 0.0587, 'joint': 0.0634, 'jointc': 0.2121, 'mix': 0.069} 138s
13.Wo K 2048 n8/n4/n0 448 1152 448 sens D/base_unc 0.0650 D/base_c 0.0825 {'pca': 0.4722, 'sens': 0.065, 'joint': 0.0783, 'jointc': 0.3512, 'mix': 0.0969} 139s
13.Wgu K 2048 n8/n4/n0 256 1536 256 mix D/base_unc 0.2436 D/base_c 0.3436 {'pca': 0.4666, 'sens': 0.4005, 'joint': 0.3489, 'jointc': 0.3623, 'mix': 0.2436} 139s
13.Wd K 6144 n8/n4/n0 2048 2048 2048 sens D/base_unc 0.0035 D/base_c 0.0037 {'pca': 0.5483, 'sens': 0.0035, 'joint': 0.0036, 'jointc': 0.4168, 'mix': 0.02} 148s
14.Win K 2048 n8/n4/n0 384 1280 384 mix D/base_unc 0.1195 D/base_c 0.1676 {'pca': 0.4581, 'sens': 0.1399, 'joint': 0.1383, 'jointc': 0.2715, 'mix': 0.1195} 149s
14.Wo K 2048 n8/n4/n0 448 1152 448 sens D/base_unc 0.0348 D/base_c 0.0511 {'pca': 0.2746, 'sens': 0.0348, 'joint': 0.0454, 'jointc': 0.2319, 'mix': 0.0477} 149s
14.Wgu K 2048 n8/n4/n0 256 1536 256 mix D/base_unc 0.1430 D/base_c 0.2147 {'pca': 0.412, 'sens': 0.2409, 'joint': 0.2051, 'jointc': 0.2638, 'mix': 0.143} 150s
14.Wd K 6144 n8/n4/n0 3072 0 3072 sens D/base_unc 0.0034 D/base_c 0.0038 {'pca': 0.3387, 'sens': 0.0034, 'joint': 0.0039, 'jointc': 0.3001, 'mix': 0.0143} 159s
15.Win K 2048 n8/n4/n0 576 896 576 sens D/base_unc 0.0096 D/base_c 0.0137 {'pca': 0.3358, 'sens': 0.0096, 'joint': 0.0129, 'jointc': 0.1961, 'mix': 0.03} 159s
15.Wo K 2048 n8/n4/n0 512 1024 512 mix D/base_unc 0.0476 D/base_c 0.0836 {'pca': 0.1921, 'sens': 0.0786, 'joint': 0.0964, 'jointc': 0.2054, 'mix': 0.0476} 160s
15.Wgu K 2048 n8/n4/n0 256 1536 256 mix D/base_unc 0.2016 D/base_c 0.3120 {'pca': 0.4259, 'sens': 0.3405, 'joint': 0.299, 'jointc': 0.3272, 'mix': 0.2016} 160s
15.Wd K 6144 n8/n4/n0 2816 512 2816 sens D/base_unc 0.0034 D/base_c 0.0039 {'pca': 0.3455, 'sens': 0.0034, 'joint': 0.0036, 'jointc': 0.3931, 'mix': 0.0124} 169s
16.Win K 2048 n8/n4/n0 384 1280 384 mix D/base_unc 0.0730 D/base_c 0.1112 {'pca': 0.3758, 'sens': 0.0889, 'joint': 0.0918, 'jointc': 0.222, 'mix': 0.073} 170s
16.Wo K 2048 n8/n4/n0 448 1152 448 mix D/base_unc 0.0446 D/base_c 0.0725 {'pca': 0.1732, 'sens': 0.063, 'joint': 0.0865, 'jointc': 0.2055, 'mix': 0.0446} 170s
16.Wgu K 2048 n8/n4/n0 256 1536 256 mix D/base_unc 0.1452 D/base_c 0.2527 {'pca': 0.3199, 'sens': 0.2727, 'joint': 0.2541, 'jointc': 0.2708, 'mix': 0.1452} 171s
16.Wd K 6144 n8/n4/n0 2624 896 2624 sens D/base_unc 0.0032 D/base_c 0.0038 {'pca': 0.2769, 'sens': 0.0032, 'joint': 0.0033, 'jointc': 0.3756, 'mix': 0.0116} 179s
17.Win K 2048 n8/n4/n0 384 1280 384 mix D/base_unc 0.0489 D/base_c 0.0852 {'pca': 0.2859, 'sens': 0.0606, 'joint': 0.0645, 'jointc': 0.175, 'mix': 0.0489} 180s
17.Wo K 2048 n8/n4/n0 512 1024 512 mix D/base_unc 0.0281 D/base_c 0.0515 {'pca': 0.1042, 'sens': 0.0539, 'joint': 0.0733, 'jointc': 0.1354, 'mix': 0.0281} 180s
17.Wgu K 2048 n8/n4/n0 256 1536 256 mix D/base_unc 0.1085 D/base_c 0.2188 {'pca': 0.2611, 'sens': 0.2169, 'joint': 0.1977, 'jointc': 0.2146, 'mix': 0.1085} 181s
17.Wd K 6144 n8/n4/n0 2496 1152 2496 sens D/base_unc 0.0030 D/base_c 0.0038 {'pca': 0.218, 'sens': 0.003, 'joint': 0.0031, 'jointc': 0.3413, 'mix': 0.0107} 189s
18.Win K 2048 n8/n4/n0 384 1280 384 mix D/base_unc 0.0621 D/base_c 0.1224 {'pca': 0.2377, 'sens': 0.108, 'joint': 0.1019, 'jointc': 0.1584, 'mix': 0.0621} 190s
18.Wo K 2048 n8/n4/n0 512 1024 512 mix D/base_unc 0.0235 D/base_c 0.0400 {'pca': 0.1142, 'sens': 0.031, 'joint': 0.0464, 'jointc': 0.1428, 'mix': 0.0235} 191s
18.Wgu K 2048 n8/n4/n0 320 1408 320 mix D/base_unc 0.0653 D/base_c 0.1450 {'pca': 0.2135, 'sens': 0.1311, 'joint': 0.1199, 'jointc': 0.1641, 'mix': 0.0653} 191s
18.Wd K 6144 n8/n4/n0 3072 0 3072 sens D/base_unc 0.0031 D/base_c 0.0039 {'pca': 0.1411, 'sens': 0.0031, 'joint': 0.0033, 'jointc': 0.266, 'mix': 0.0089} 200s
19.Win K 2048 n8/n4/n0 576 896 576 sens D/base_unc 0.0049 D/base_c 0.0106 {'pca': 0.1399, 'sens': 0.0049, 'joint': 0.0063, 'jointc': 0.0791, 'mix': 0.0106} 200s
19.Wo K 2048 n8/n4/n0 576 896 576 mix D/base_unc 0.0067 D/base_c 0.0341 {'pca': 0.0338, 'sens': 0.0121, 'joint': 0.0189, 'jointc': 0.0442, 'mix': 0.0067} 201s
19.Wgu K 2048 n8/n4/n0 320 1408 320 mix D/base_unc 0.0596 D/base_c 0.1519 {'pca': 0.1937, 'sens': 0.1138, 'joint': 0.1074, 'jointc': 0.1504, 'mix': 0.0596} 201s
19.Wd K 6144 n8/n4/n0 2624 896 2624 sens D/base_unc 0.0020 D/base_c 0.0038 {'pca': 0.0975, 'sens': 0.002, 'joint': 0.0022, 'jointc': 0.192, 'mix': 0.0062} 210s
20.Win K 2048 n8/n4/n0 448 1152 448 sens D/base_unc 0.0210 D/base_c 0.0515 {'pca': 0.1715, 'sens': 0.021, 'joint': 0.0233, 'jointc': 0.1004, 'mix': 0.0211} 210s
20.Wo K 2048 n8/n4/n0 640 768 640 mix D/base_unc 0.0107 D/base_c 0.0238 {'pca': 0.0595, 'sens': 0.0132, 'joint': 0.0221, 'jointc': 0.0798, 'mix': 0.0107} 211s
20.Wgu K 2048 n8/n4/n0 320 1408 320 mix D/base_unc 0.0383 D/base_c 0.1175 {'pca': 0.1493, 'sens': 0.0735, 'joint': 0.0707, 'jointc': 0.1081, 'mix': 0.0383} 212s
20.Wd K 6144 n8/n4/n0 3072 0 3072 sens D/base_unc 0.0028 D/base_c 0.0038 {'pca': 0.1008, 'sens': 0.0028, 'joint': 0.0031, 'jointc': 0.2166, 'mix': 0.008} 220s
21.Win K 2048 n8/n4/n0 512 1024 512 sens D/base_unc 0.0064 D/base_c 0.0187 {'pca': 0.1339, 'sens': 0.0064, 'joint': 0.0084, 'jointc': 0.0819, 'mix': 0.0114} 221s
21.Wo K 2048 n8/n4/n0 704 640 704 mix D/base_unc 0.0072 D/base_c 0.0178 {'pca': 0.0319, 'sens': 0.0099, 'joint': 0.0204, 'jointc': 0.0559, 'mix': 0.0072} 221s
21.Wgu K 2048 n8/n4/n0 384 1280 384 mix D/base_unc 0.0337 D/base_c 0.1141 {'pca': 0.1308, 'sens': 0.0685, 'joint': 0.0644, 'jointc': 0.0938, 'mix': 0.0337} 222s
21.Wd K 6144 n8/n4/n0 2432 1280 2432 sens D/base_unc 0.0020 D/base_c 0.0039 {'pca': 0.0505, 'sens': 0.002, 'joint': 0.0024, 'jointc': 0.1226, 'mix': 0.005} 230s
22.Win K 2048 n8/n4/n0 512 1024 512 sens D/base_unc 0.0066 D/base_c 0.0215 {'pca': 0.1227, 'sens': 0.0066, 'joint': 0.0085, 'jointc': 0.0721, 'mix': 0.0104} 231s
22.Wo K 2048 n8/n4/n0 640 768 640 sens D/base_unc 0.0019 D/base_c 0.0061 {'pca': 0.0117, 'sens': 0.0019, 'joint': 0.0035, 'jointc': 0.0201, 'mix': 0.003} 231s
22.Wgu K 2048 n8/n4/n0 384 1280 384 sens D/base_unc 0.0064 D/base_c 0.0234 {'pca': 0.0882, 'sens': 0.0064, 'joint': 0.0079, 'jointc': 0.0564, 'mix': 0.0077} 232s
22.Wd K 6144 n8/n4/n0 3072 0 3072 sens D/base_unc 0.0012 D/base_c 0.0042 {'pca': 0.009, 'sens': 0.0012, 'joint': 0.002, 'jointc': 0.0267, 'mix': 0.0022} 240s
23.Win K 2048 n8/n4/n0 1024 0 1024 sens D/base_unc 0.0015 D/base_c 0.0044 {'pca': 0.0771, 'sens': 0.0015, 'joint': 0.0016, 'jointc': 0.061, 'mix': 0.0049} 241s
done
