shared basis built 6s
0.Win K 2048 n8/n4/n0 0 2048 0 shared D/base_unc 0.9159 D/base_c 1.0000 {'shared': 0.9159} 7s
0.Wo K 2048 n8/n4/n0 128 1792 128 ident D/base_unc 0.1590 D/base_c 0.5401 {'ident': 0.159} 7s
0.Wgu K 2048 n8/n4/n0 64 1920 64 shared D/base_unc 0.3662 D/base_c 0.9891 {'shared': 0.3662} 8s
0.Wd K 6144 n8/n4/n0 64 6016 64 ident D/base_unc 0.9379 D/base_c 0.9577 {'ident': 0.9379} 11s
1.Win K 2048 n8/n4/n0 64 1920 64 shared D/base_unc 0.5251 D/base_c 0.9591 {'shared': 0.5251} 12s
1.Wo K 2048 n8/n4/n0 64 1920 64 ident D/base_unc 0.6539 D/base_c 0.7429 {'ident': 0.6539} 12s
1.Wgu K 2048 n8/n4/n0 0 2048 0 shared D/base_unc 0.4801 D/base_c 1.0000 {'shared': 0.4801} 13s
1.Wd K 6144 n8/n4/n0 0 6144 0 ident D/base_unc 0.9796 D/base_c 1.0000 {'ident': 0.9796} 18s
2.Win K 2048 n8/n4/n0 64 1920 64 shared D/base_unc 0.5780 D/base_c 0.9584 {'shared': 0.578} 18s
2.Wo K 2048 n8/n4/n0 128 1792 128 ident D/base_unc 0.2754 D/base_c 0.7158 {'ident': 0.2754} 19s
2.Wgu K 2048 n8/n4/n0 0 2048 0 shared D/base_unc 0.4040 D/base_c 1.0000 {'shared': 0.404} 19s
2.Wd K 6144 n8/n4/n0 64 6016 64 ident D/base_unc 0.9330 D/base_c 0.9845 {'ident': 0.933} 24s
3.Win K 2048 n8/n4/n0 64 1920 64 shared D/base_unc 0.5559 D/base_c 0.9479 {'shared': 0.5559} 24s
3.Wo K 2048 n8/n4/n0 256 1536 256 ident D/base_unc 0.3747 D/base_c 0.5980 {'ident': 0.3747} 24s
3.Wgu K 2048 n8/n4/n0 0 2048 0 shared D/base_unc 0.5338 D/base_c 1.0000 {'shared': 0.5338} 25s
3.Wd K 6144 n8/n4/n0 0 6144 0 ident D/base_unc 0.9666 D/base_c 1.0000 {'ident': 0.9666} 30s
4.Win K 2048 n8/n4/n0 64 1920 64 shared D/base_unc 0.5729 D/base_c 0.9493 {'shared': 0.5729} 31s
4.Wo K 2048 n8/n4/n0 128 1792 128 ident D/base_unc 0.5533 D/base_c 0.7246 {'ident': 0.5533} 31s
4.Wgu K 2048 n8/n4/n0 0 2048 0 shared D/base_unc 0.5594 D/base_c 1.0000 {'shared': 0.5594} 32s
4.Wd K 6144 n8/n4/n0 0 6144 0 ident D/base_unc 0.9640 D/base_c 1.0000 {'ident': 0.964} 38s
5.Win K 2048 n8/n4/n0 64 1920 64 shared D/base_unc 0.5535 D/base_c 0.8943 {'shared': 0.5535} 38s
5.Wo K 2048 n8/n4/n0 128 1792 128 ident D/base_unc 0.4911 D/base_c 0.7178 {'ident': 0.4911} 39s
5.Wgu K 2048 n8/n4/n0 64 1920 64 shared D/base_unc 0.5472 D/base_c 0.9670 {'shared': 0.5472} 39s
5.Wd K 6144 n8/n4/n0 0 6144 0 ident D/base_unc 0.9594 D/base_c 1.0000 {'ident': 0.9594} 45s
6.Win K 2048 n8/n4/n0 64 1920 64 shared D/base_unc 0.4731 D/base_c 0.7965 {'shared': 0.4731} 46s
6.Wo K 2048 n8/n4/n0 128 1792 128 ident D/base_unc 0.5590 D/base_c 0.7225 {'ident': 0.559} 48s
6.Wgu K 2048 n8/n4/n0 64 1920 64 shared D/base_unc 0.5128 D/base_c 0.9052 {'shared': 0.5128} 49s
6.Wd K 6144 n8/n4/n0 64 6016 64 ident D/base_unc 0.9317 D/base_c 0.9966 {'ident': 0.9317} 54s
7.Win K 2048 n8/n4/n0 64 1920 64 shared D/base_unc 0.4294 D/base_c 0.7352 {'shared': 0.4294} 55s
7.Wo K 2048 n8/n4/n0 64 1920 64 ident D/base_unc 0.6639 D/base_c 0.8810 {'ident': 0.6639} 57s
7.Wgu K 2048 n8/n4/n0 64 1920 64 shared D/base_unc 0.5463 D/base_c 0.9160 {'shared': 0.5463} 58s
7.Wd K 6144 n8/n4/n0 0 6144 0 ident D/base_unc 0.9647 D/base_c 1.0000 {'ident': 0.9647} 65s
8.Win K 2048 n8/n4/n0 64 1920 64 shared D/base_unc 0.4915 D/base_c 0.8053 {'shared': 0.4915} 66s
8.Wo K 2048 n8/n4/n0 64 1920 64 ident D/base_unc 0.6792 D/base_c 0.8183 {'ident': 0.6792} 66s
8.Wgu K 2048 n8/n4/n0 64 1920 64 shared D/base_unc 0.5576 D/base_c 0.8822 {'shared': 0.5576} 67s
8.Wd K 6144 n8/n4/n0 0 6144 0 ident D/base_unc 0.9642 D/base_c 1.0000 {'ident': 0.9642} 72s
9.Win K 2048 n8/n4/n0 64 1920 64 shared D/base_unc 0.5223 D/base_c 0.8001 {'shared': 0.5223} 74s
9.Wo K 2048 n8/n4/n0 64 1920 64 ident D/base_unc 0.6515 D/base_c 0.8144 {'ident': 0.6515} 74s
9.Wgu K 2048 n8/n4/n0 64 1920 64 shared D/base_unc 0.5492 D/base_c 0.8526 {'shared': 0.5492} 75s
9.Wd K 6144 n8/n4/n0 0 6144 0 ident D/base_unc 0.9639 D/base_c 1.0000 {'ident': 0.9639} 81s
10.Win K 2048 n8/n4/n0 64 1920 64 shared D/base_unc 0.5009 D/base_c 0.7824 {'shared': 0.5009} 82s
10.Wo K 2048 n8/n4/n0 64 1920 64 ident D/base_unc 0.6754 D/base_c 0.9038 {'ident': 0.6754} 83s
10.Wgu K 2048 n8/n4/n0 64 1920 64 shared D/base_unc 0.4904 D/base_c 0.7632 {'shared': 0.4904} 84s
10.Wd K 6144 n8/n4/n0 64 6016 64 ident D/base_unc 0.9084 D/base_c 0.9526 {'ident': 0.9084} 88s
11.Win K 2048 n8/n4/n0 128 1792 128 shared D/base_unc 0.4174 D/base_c 0.6196 {'shared': 0.4174} 89s
11.Wo K 2048 n8/n4/n0 64 1920 64 ident D/base_unc 0.7031 D/base_c 0.8919 {'ident': 0.7031} 90s
11.Wgu K 2048 n8/n4/n0 64 1920 64 shared D/base_unc 0.5245 D/base_c 0.7709 {'shared': 0.5245} 92s
11.Wd K 6144 n8/n4/n0 64 6016 64 ident D/base_unc 0.9092 D/base_c 0.9615 {'ident': 0.9092} 97s
12.Win K 2048 n8/n4/n0 64 1920 64 shared D/base_unc 0.5114 D/base_c 0.7251 {'shared': 0.5114} 97s
12.Wo K 2048 n8/n4/n0 192 1664 192 ident D/base_unc 0.4693 D/base_c 0.6273 {'ident': 0.4693} 98s
12.Wgu K 2048 n8/n4/n0 64 1920 64 shared D/base_unc 0.5330 D/base_c 0.7666 {'shared': 0.533} 98s
12.Wd K 6144 n8/n4/n0 64 6016 64 ident D/base_unc 0.8810 D/base_c 0.9252 {'ident': 0.881} 102s
13.Win K 2048 n8/n4/n0 64 1920 64 shared D/base_unc 0.4074 D/base_c 0.5709 {'shared': 0.4074} 104s
13.Wo K 2048 n8/n4/n0 64 1920 64 ident D/base_unc 0.6790 D/base_c 0.8609 {'ident': 0.679} 105s
13.Wgu K 2048 n8/n4/n0 64 1920 64 shared D/base_unc 0.6155 D/base_c 0.8682 {'shared': 0.6155} 107s
13.Wd K 6144 n8/n4/n0 64 6016 64 ident D/base_unc 0.9141 D/base_c 0.9728 {'ident': 0.9141} 112s
14.Win K 2048 n8/n4/n0 64 1920 64 shared D/base_unc 0.5710 D/base_c 0.8007 {'shared': 0.571} 113s
14.Wo K 2048 n8/n4/n0 192 1664 192 ident D/base_unc 0.4616 D/base_c 0.6789 {'ident': 0.4616} 114s
14.Wgu K 2048 n8/n4/n0 64 1920 64 shared D/base_unc 0.4933 D/base_c 0.7405 {'shared': 0.4933} 116s
14.Wd K 6144 n8/n4/n0 192 5760 192 ident D/base_unc 0.6562 D/base_c 0.7323 {'ident': 0.6562} 121s
15.Win K 2048 n8/n4/n0 128 1792 128 shared D/base_unc 0.4017 D/base_c 0.5744 {'shared': 0.4017} 121s
15.Wo K 2048 n8/n4/n0 64 1920 64 ident D/base_unc 0.4861 D/base_c 0.8540 {'ident': 0.4861} 122s
15.Wgu K 2048 n8/n4/n0 64 1920 64 shared D/base_unc 0.5662 D/base_c 0.8764 {'shared': 0.5662} 123s
15.Wd K 6144 n8/n4/n0 128 5888 128 ident D/base_unc 0.7746 D/base_c 0.8806 {'ident': 0.7746} 128s
16.Win K 2048 n8/n4/n0 64 1920 64 shared D/base_unc 0.4984 D/base_c 0.7587 {'shared': 0.4984} 128s
16.Wo K 2048 n8/n4/n0 192 1664 192 ident D/base_unc 0.3607 D/base_c 0.5864 {'ident': 0.3607} 128s
16.Wgu K 2048 n8/n4/n0 64 1920 64 shared D/base_unc 0.4669 D/base_c 0.8127 {'shared': 0.4669} 129s
16.Wd K 6144 n8/n4/n0 128 5888 128 ident D/base_unc 0.7520 D/base_c 0.8964 {'ident': 0.752} 133s
17.Win K 2048 n8/n4/n0 128 1792 128 shared D/base_unc 0.3910 D/base_c 0.6811 {'shared': 0.391} 133s
17.Wo K 2048 n8/n4/n0 256 1536 256 ident D/base_unc 0.2379 D/base_c 0.4369 {'ident': 0.2379} 135s
17.Wgu K 2048 n8/n4/n0 64 1920 64 shared D/base_unc 0.3788 D/base_c 0.7639 {'shared': 0.3788} 135s
17.Wd K 6144 n8/n4/n0 64 6016 64 ident D/base_unc 0.6945 D/base_c 0.8811 {'ident': 0.6945} 140s
18.Win K 2048 n8/n4/n0 64 1920 64 shared D/base_unc 0.3515 D/base_c 0.6930 {'shared': 0.3515} 140s
18.Wo K 2048 n8/n4/n0 256 1536 256 ident D/base_unc 0.2796 D/base_c 0.4753 {'ident': 0.2796} 141s
18.Wgu K 2048 n8/n4/n0 64 1920 64 shared D/base_unc 0.2859 D/base_c 0.6346 {'shared': 0.2859} 142s
18.Wd K 6144 n8/n4/n0 128 5888 128 ident D/base_unc 0.5421 D/base_c 0.6830 {'ident': 0.5421} 146s
19.Win K 2048 n8/n4/n0 128 1792 128 shared D/base_unc 0.1905 D/base_c 0.4101 {'shared': 0.1905} 147s
19.Wo K 2048 n8/n4/n0 64 1920 64 ident D/base_unc 0.0968 D/base_c 0.4909 {'ident': 0.0968} 148s
19.Wgu K 2048 n8/n4/n0 64 1920 64 shared D/base_unc 0.2759 D/base_c 0.7035 {'shared': 0.2759} 150s
19.Wd K 6144 n8/n4/n0 128 5888 128 ident D/base_unc 0.4065 D/base_c 0.7662 {'ident': 0.4065} 154s
20.Win K 2048 n8/n4/n0 128 1792 128 shared D/base_unc 0.2136 D/base_c 0.5242 {'shared': 0.2136} 155s
20.Wo K 2048 n8/n4/n0 256 1536 256 ident D/base_unc 0.1670 D/base_c 0.3713 {'ident': 0.167} 155s
20.Wgu K 2048 n8/n4/n0 64 1920 64 shared D/base_unc 0.1992 D/base_c 0.6120 {'shared': 0.1992} 157s
20.Wd K 6144 n8/n4/n0 128 5888 128 ident D/base_unc 0.4988 D/base_c 0.6905 {'ident': 0.4988} 162s
21.Win K 2048 n8/n4/n0 128 1792 128 shared D/base_unc 0.1645 D/base_c 0.4781 {'shared': 0.1645} 163s
21.Wo K 2048 n8/n4/n0 384 1280 384 ident D/base_unc 0.0918 D/base_c 0.2266 {'ident': 0.0918} 165s
21.Wgu K 2048 n8/n4/n0 64 1920 64 shared D/base_unc 0.1963 D/base_c 0.6649 {'shared': 0.1963} 166s
21.Wd K 6144 n8/n4/n0 192 5760 192 ident D/base_unc 0.2878 D/base_c 0.5596 {'ident': 0.2878} 171s
22.Win K 2048 n8/n4/n0 128 1792 128 shared D/base_unc 0.1629 D/base_c 0.5316 {'shared': 0.1629} 172s
22.Wo K 2048 n8/n4/n0 448 1152 448 ident D/base_unc 0.0344 D/base_c 0.1098 {'ident': 0.0344} 174s
22.Wgu K 2048 n8/n4/n0 128 1792 128 shared D/base_unc 0.1006 D/base_c 0.3677 {'shared': 0.1006} 175s
22.Wd K 6144 n8/n4/n0 512 5120 512 ident D/base_unc 0.0595 D/base_c 0.2121 {'ident': 0.0595} 180s
23.Win K 2048 n8/n4/n0 192 1664 192 shared D/base_unc 0.1236 D/base_c 0.3618 {'shared': 0.1236} 181s
done
