0.Win K 2048 n8/n4/n0 0 2048 0 ident D/base_unc 0.9159 D/base_c 1.0000 {'ident': 0.9159} 2s
0.Wo K 2048 n8/n4/n0 128 1792 128 ident D/base_unc 0.1590 D/base_c 0.5401 {'ident': 0.159} 3s
0.Wgu K 2048 n8/n4/n0 0 2048 0 ident D/base_unc 0.3703 D/base_c 1.0000 {'ident': 0.3703} 4s
0.Wd K 6144 n8/n4/n0 64 6016 64 ident D/base_unc 0.9379 D/base_c 0.9577 {'ident': 0.9379} 6s
1.Win K 2048 n8/n4/n0 0 2048 0 ident D/base_unc 0.5475 D/base_c 1.0000 {'ident': 0.5475} 6s
1.Wo K 2048 n8/n4/n0 64 1920 64 ident D/base_unc 0.6539 D/base_c 0.7429 {'ident': 0.6539} 6s
1.Wgu K 2048 n8/n4/n0 0 2048 0 ident D/base_unc 0.4801 D/base_c 1.0000 {'ident': 0.4801} 8s
1.Wd K 6144 n8/n4/n0 0 6144 0 ident D/base_unc 0.9796 D/base_c 1.0000 {'ident': 0.9796} 10s
2.Win K 2048 n8/n4/n0 0 2048 0 ident D/base_unc 0.6030 D/base_c 1.0000 {'ident': 0.603} 10s
2.Wo K 2048 n8/n4/n0 128 1792 128 ident D/base_unc 0.2754 D/base_c 0.7158 {'ident': 0.2754} 10s
2.Wgu K 2048 n8/n4/n0 0 2048 0 ident D/base_unc 0.4040 D/base_c 1.0000 {'ident': 0.404} 10s
2.Wd K 6144 n8/n4/n0 64 6016 64 ident D/base_unc 0.9330 D/base_c 0.9845 {'ident': 0.933} 11s
3.Win K 2048 n8/n4/n0 0 2048 0 ident D/base_unc 0.5865 D/base_c 1.0000 {'ident': 0.5865} 12s
3.Wo K 2048 n8/n4/n0 256 1536 256 ident D/base_unc 0.3747 D/base_c 0.5980 {'ident': 0.3747} 12s
3.Wgu K 2048 n8/n4/n0 0 2048 0 ident D/base_unc 0.5338 D/base_c 1.0000 {'ident': 0.5338} 13s
3.Wd K 6144 n8/n4/n0 0 6144 0 ident D/base_unc 0.9666 D/base_c 1.0000 {'ident': 0.9666} 14s
4.Win K 2048 n8/n4/n0 0 2048 0 ident D/base_unc 0.6035 D/base_c 1.0000 {'ident': 0.6035} 14s
4.Wo K 2048 n8/n4/n0 128 1792 128 ident D/base_unc 0.5533 D/base_c 0.7246 {'ident': 0.5533} 14s
4.Wgu K 2048 n8/n4/n0 0 2048 0 ident D/base_unc 0.5594 D/base_c 1.0000 {'ident': 0.5594} 14s
4.Wd K 6144 n8/n4/n0 0 6144 0 ident D/base_unc 0.9640 D/base_c 1.0000 {'ident': 0.964} 16s
5.Win K 2048 n8/n4/n0 0 2048 0 ident D/base_unc 0.6189 D/base_c 1.0000 {'ident': 0.6189} 16s
5.Wo K 2048 n8/n4/n0 128 1792 128 ident D/base_unc 0.4911 D/base_c 0.7178 {'ident': 0.4911} 16s
5.Wgu K 2048 n8/n4/n0 0 2048 0 ident D/base_unc 0.5659 D/base_c 1.0000 {'ident': 0.5659} 16s
5.Wd K 6144 n8/n4/n0 0 6144 0 ident D/base_unc 0.9594 D/base_c 1.0000 {'ident': 0.9594} 17s
6.Win K 2048 n8/n4/n0 0 2048 0 ident D/base_unc 0.5939 D/base_c 1.0000 {'ident': 0.5939} 17s
6.Wo K 2048 n8/n4/n0 128 1792 128 ident D/base_unc 0.5590 D/base_c 0.7225 {'ident': 0.559} 17s
6.Wgu K 2048 n8/n4/n0 0 2048 0 ident D/base_unc 0.5665 D/base_c 1.0000 {'ident': 0.5665} 17s
6.Wd K 6144 n8/n4/n0 64 6016 64 ident D/base_unc 0.9317 D/base_c 0.9966 {'ident': 0.9317} 18s
7.Win K 2048 n8/n4/n0 0 2048 0 ident D/base_unc 0.5840 D/base_c 1.0000 {'ident': 0.584} 19s
7.Wo K 2048 n8/n4/n0 64 1920 64 ident D/base_unc 0.6639 D/base_c 0.8810 {'ident': 0.6639} 19s
7.Wgu K 2048 n8/n4/n0 0 2048 0 ident D/base_unc 0.5964 D/base_c 1.0000 {'ident': 0.5964} 19s
7.Wd K 6144 n8/n4/n0 0 6144 0 ident D/base_unc 0.9647 D/base_c 1.0000 {'ident': 0.9647} 20s
8.Win K 2048 n8/n4/n0 0 2048 0 ident D/base_unc 0.6104 D/base_c 1.0000 {'ident': 0.6104} 20s
8.Wo K 2048 n8/n4/n0 64 1920 64 ident D/base_unc 0.6792 D/base_c 0.8183 {'ident': 0.6792} 20s
8.Wgu K 2048 n8/n4/n0 0 2048 0 ident D/base_unc 0.6321 D/base_c 1.0000 {'ident': 0.6321} 20s
8.Wd K 6144 n8/n4/n0 0 6144 0 ident D/base_unc 0.9642 D/base_c 1.0000 {'ident': 0.9642} 21s
9.Win K 2048 n8/n4/n0 0 2048 0 ident D/base_unc 0.6527 D/base_c 1.0000 {'ident': 0.6527} 21s
9.Wo K 2048 n8/n4/n0 64 1920 64 ident D/base_unc 0.6515 D/base_c 0.8144 {'ident': 0.6515} 22s
9.Wgu K 2048 n8/n4/n0 0 2048 0 ident D/base_unc 0.6441 D/base_c 1.0000 {'ident': 0.6441} 22s
9.Wd K 6144 n8/n4/n0 0 6144 0 ident D/base_unc 0.9639 D/base_c 1.0000 {'ident': 0.9639} 23s
10.Win K 2048 n8/n4/n0 0 2048 0 ident D/base_unc 0.6402 D/base_c 1.0000 {'ident': 0.6402} 23s
10.Wo K 2048 n8/n4/n0 64 1920 64 ident D/base_unc 0.6754 D/base_c 0.9038 {'ident': 0.6754} 23s
10.Wgu K 2048 n8/n4/n0 0 2048 0 ident D/base_unc 0.6425 D/base_c 1.0000 {'ident': 0.6425} 23s
10.Wd K 6144 n8/n4/n0 64 6016 64 ident D/base_unc 0.9084 D/base_c 0.9526 {'ident': 0.9084} 24s
11.Win K 2048 n8/n4/n0 0 2048 0 ident D/base_unc 0.6737 D/base_c 1.0000 {'ident': 0.6737} 24s
11.Wo K 2048 n8/n4/n0 64 1920 64 ident D/base_unc 0.7031 D/base_c 0.8919 {'ident': 0.7031} 24s
11.Wgu K 2048 n8/n4/n0 0 2048 0 ident D/base_unc 0.6803 D/base_c 1.0000 {'ident': 0.6803} 25s
11.Wd K 6144 n8/n4/n0 64 6016 64 ident D/base_unc 0.9092 D/base_c 0.9615 {'ident': 0.9092} 26s
12.Win K 2048 n8/n4/n0 0 2048 0 ident D/base_unc 0.7053 D/base_c 1.0000 {'ident': 0.7053} 26s
12.Wo K 2048 n8/n4/n0 192 1664 192 ident D/base_unc 0.4693 D/base_c 0.6273 {'ident': 0.4693} 26s
12.Wgu K 2048 n8/n4/n0 0 2048 0 ident D/base_unc 0.6954 D/base_c 1.0000 {'ident': 0.6954} 26s
12.Wd K 6144 n8/n4/n0 64 6016 64 ident D/base_unc 0.8810 D/base_c 0.9252 {'ident': 0.881} 27s
13.Win K 2048 n8/n4/n0 0 2048 0 ident D/base_unc 0.7137 D/base_c 1.0000 {'ident': 0.7137} 27s
13.Wo K 2048 n8/n4/n0 64 1920 64 ident D/base_unc 0.6790 D/base_c 0.8609 {'ident': 0.679} 27s
13.Wgu K 2048 n8/n4/n0 0 2048 0 ident D/base_unc 0.7090 D/base_c 1.0000 {'ident': 0.709} 28s
13.Wd K 6144 n8/n4/n0 64 6016 64 ident D/base_unc 0.9141 D/base_c 0.9728 {'ident': 0.9141} 29s
14.Win K 2048 n8/n4/n0 0 2048 0 ident D/base_unc 0.7131 D/base_c 1.0000 {'ident': 0.7131} 29s
14.Wo K 2048 n8/n4/n0 192 1664 192 ident D/base_unc 0.4616 D/base_c 0.6789 {'ident': 0.4616} 29s
14.Wgu K 2048 n8/n4/n0 0 2048 0 ident D/base_unc 0.6661 D/base_c 1.0000 {'ident': 0.6661} 29s
14.Wd K 6144 n8/n4/n0 192 5760 192 ident D/base_unc 0.6562 D/base_c 0.7323 {'ident': 0.6562} 30s
15.Win K 2048 n8/n4/n0 0 2048 0 ident D/base_unc 0.6994 D/base_c 1.0000 {'ident': 0.6994} 30s
15.Wo K 2048 n8/n4/n0 64 1920 64 ident D/base_unc 0.4861 D/base_c 0.8540 {'ident': 0.4861} 30s
15.Wgu K 2048 n8/n4/n0 0 2048 0 ident D/base_unc 0.6460 D/base_c 1.0000 {'ident': 0.646} 31s
15.Wd K 6144 n8/n4/n0 128 5888 128 ident D/base_unc 0.7746 D/base_c 0.8806 {'ident': 0.7746} 32s
16.Win K 2048 n8/n4/n0 0 2048 0 ident D/base_unc 0.6569 D/base_c 1.0000 {'ident': 0.6569} 32s
16.Wo K 2048 n8/n4/n0 192 1664 192 ident D/base_unc 0.3607 D/base_c 0.5864 {'ident': 0.3607} 32s
16.Wgu K 2048 n8/n4/n0 0 2048 0 ident D/base_unc 0.5744 D/base_c 1.0000 {'ident': 0.5744} 32s
16.Wd K 6144 n8/n4/n0 128 5888 128 ident D/base_unc 0.7520 D/base_c 0.8964 {'ident': 0.752} 33s
17.Win K 2048 n8/n4/n0 0 2048 0 ident D/base_unc 0.5741 D/base_c 1.0000 {'ident': 0.5741} 33s
17.Wo K 2048 n8/n4/n0 256 1536 256 ident D/base_unc 0.2379 D/base_c 0.4369 {'ident': 0.2379} 33s
17.Wgu K 2048 n8/n4/n0 0 2048 0 ident D/base_unc 0.4958 D/base_c 1.0000 {'ident': 0.4958} 33s
17.Wd K 6144 n8/n4/n0 64 6016 64 ident D/base_unc 0.6945 D/base_c 0.8811 {'ident': 0.6945} 34s
18.Win K 2048 n8/n4/n0 0 2048 0 ident D/base_unc 0.5072 D/base_c 1.0000 {'ident': 0.5072} 35s
18.Wo K 2048 n8/n4/n0 256 1536 256 ident D/base_unc 0.2796 D/base_c 0.4753 {'ident': 0.2796} 35s
18.Wgu K 2048 n8/n4/n0 0 2048 0 ident D/base_unc 0.4505 D/base_c 1.0000 {'ident': 0.4505} 35s
18.Wd K 6144 n8/n4/n0 128 5888 128 ident D/base_unc 0.5421 D/base_c 0.6830 {'ident': 0.5421} 36s
19.Win K 2048 n8/n4/n0 64 1920 64 ident D/base_unc 0.4203 D/base_c 0.9048 {'ident': 0.4203} 36s
19.Wo K 2048 n8/n4/n0 64 1920 64 ident D/base_unc 0.0968 D/base_c 0.4909 {'ident': 0.0968} 36s
19.Wgu K 2048 n8/n4/n0 0 2048 0 ident D/base_unc 0.3922 D/base_c 1.0000 {'ident': 0.3922} 36s
19.Wd K 6144 n8/n4/n0 128 5888 128 ident D/base_unc 0.4065 D/base_c 0.7662 {'ident': 0.4065} 37s
20.Win K 2048 n8/n4/n0 0 2048 0 ident D/base_unc 0.4075 D/base_c 1.0000 {'ident': 0.4075} 37s
20.Wo K 2048 n8/n4/n0 256 1536 256 ident D/base_unc 0.1670 D/base_c 0.3713 {'ident': 0.167} 37s
20.Wgu K 2048 n8/n4/n0 0 2048 0 ident D/base_unc 0.3255 D/base_c 1.0000 {'ident': 0.3255} 38s
20.Wd K 6144 n8/n4/n0 128 5888 128 ident D/base_unc 0.4988 D/base_c 0.6905 {'ident': 0.4988} 39s
21.Win K 2048 n8/n4/n0 0 2048 0 ident D/base_unc 0.3440 D/base_c 1.0000 {'ident': 0.344} 39s
21.Wo K 2048 n8/n4/n0 384 1280 384 ident D/base_unc 0.0918 D/base_c 0.2266 {'ident': 0.0918} 39s
21.Wgu K 2048 n8/n4/n0 0 2048 0 ident D/base_unc 0.2952 D/base_c 1.0000 {'ident': 0.2952} 39s
21.Wd K 6144 n8/n4/n0 192 5760 192 ident D/base_unc 0.2878 D/base_c 0.5596 {'ident': 0.2878} 40s
22.Win K 2048 n8/n4/n0 0 2048 0 ident D/base_unc 0.3064 D/base_c 1.0000 {'ident': 0.3064} 40s
22.Wo K 2048 n8/n4/n0 448 1152 448 ident D/base_unc 0.0344 D/base_c 0.1098 {'ident': 0.0344} 40s
22.Wgu K 2048 n8/n4/n0 0 2048 0 ident D/base_unc 0.2737 D/base_c 1.0000 {'ident': 0.2737} 41s
22.Wd K 6144 n8/n4/n0 512 5120 512 ident D/base_unc 0.0595 D/base_c 0.2121 {'ident': 0.0595} 42s
23.Win K 2048 n8/n4/n0 64 1920 64 ident D/base_unc 0.2791 D/base_c 0.8170 {'ident': 0.2791} 42s
done
