shared basis built 3s
0.Win K 2048 n8/n4/n0 0 2048 0 shared D/base_unc 0.9159 D/base_c 1.0000 {'shared': 0.9159} 3s
0.Wo K 2048 n8/n4/n0 256 1536 256 ident D/base_unc 0.1979 D/base_c 0.6722 {'ident': 0.1979} 3s
0.Wgu K 2048 n8/n4/n0 0 2048 0 shared D/base_unc 0.3703 D/base_c 1.0000 {'shared': 0.3703} 3s
0.Wd K 6144 n8/n4/n0 0 6144 0 ident D/base_unc 0.9793 D/base_c 1.0000 {'ident': 0.9793} 4s
1.Win K 2048 n8/n4/n0 0 2048 0 shared D/base_unc 0.5475 D/base_c 1.0000 {'shared': 0.5475} 5s
1.Wo K 2048 n8/n4/n0 256 1536 256 ident D/base_unc 0.8224 D/base_c 0.9344 {'ident': 0.8224} 5s
1.Wgu K 2048 n8/n4/n0 0 2048 0 shared D/base_unc 0.4801 D/base_c 1.0000 {'shared': 0.4801} 5s
1.Wd K 6144 n8/n4/n0 0 6144 0 ident D/base_unc 0.9796 D/base_c 1.0000 {'ident': 0.9796} 6s
2.Win K 2048 n8/n4/n0 0 2048 0 shared D/base_unc 0.6030 D/base_c 1.0000 {'shared': 0.603} 6s
2.Wo K 2048 n8/n4/n0 256 1536 256 ident D/base_unc 0.3305 D/base_c 0.8591 {'ident': 0.3305} 6s
2.Wgu K 2048 n8/n4/n0 0 2048 0 shared D/base_unc 0.4040 D/base_c 1.0000 {'shared': 0.404} 6s
2.Wd K 6144 n8/n4/n0 0 6144 0 ident D/base_unc 0.9477 D/base_c 1.0000 {'ident': 0.9477} 7s
3.Win K 2048 n8/n4/n0 0 2048 0 shared D/base_unc 0.5865 D/base_c 1.0000 {'shared': 0.5865} 7s
3.Wo K 2048 n8/n4/n0 256 1536 256 ident D/base_unc 0.3747 D/base_c 0.5980 {'ident': 0.3747} 7s
3.Wgu K 2048 n8/n4/n0 0 2048 0 shared D/base_unc 0.5338 D/base_c 1.0000 {'shared': 0.5338} 7s
3.Wd K 6144 n8/n4/n0 0 6144 0 ident D/base_unc 0.9666 D/base_c 1.0000 {'ident': 0.9666} 9s
4.Win K 2048 n8/n4/n0 0 2048 0 shared D/base_unc 0.6035 D/base_c 1.0000 {'shared': 0.6035} 9s
4.Wo K 2048 n8/n4/n0 256 1536 256 ident D/base_unc 0.6221 D/base_c 0.8149 {'ident': 0.6221} 9s
4.Wgu K 2048 n8/n4/n0 0 2048 0 shared D/base_unc 0.5594 D/base_c 1.0000 {'shared': 0.5594} 9s
4.Wd K 6144 n8/n4/n0 0 6144 0 ident D/base_unc 0.9640 D/base_c 1.0000 {'ident': 0.964} 10s
5.Win K 2048 n8/n4/n0 0 2048 0 shared D/base_unc 0.6189 D/base_c 1.0000 {'shared': 0.6189} 10s
5.Wo K 2048 n8/n4/n0 256 1536 256 ident D/base_unc 0.6270 D/base_c 0.9164 {'ident': 0.627} 10s
5.Wgu K 2048 n8/n4/n0 0 2048 0 shared D/base_unc 0.5659 D/base_c 1.0000 {'shared': 0.5659} 10s
5.Wd K 6144 n8/n4/n0 0 6144 0 ident D/base_unc 0.9594 D/base_c 1.0000 {'ident': 0.9594} 11s
6.Win K 2048 n8/n4/n0 0 2048 0 shared D/base_unc 0.5939 D/base_c 1.0000 {'shared': 0.5939} 12s
6.Wo K 2048 n8/n4/n0 256 1536 256 ident D/base_unc 0.6913 D/base_c 0.8934 {'ident': 0.6913} 12s
6.Wgu K 2048 n8/n4/n0 0 2048 0 shared D/base_unc 0.5665 D/base_c 1.0000 {'shared': 0.5665} 12s
6.Wd K 6144 n8/n4/n0 0 6144 0 ident D/base_unc 0.9350 D/base_c 1.0000 {'ident': 0.935} 13s
7.Win K 2048 n8/n4/n0 256 1536 256 shared D/base_unc 0.5489 D/base_c 0.9399 {'shared': 0.5489} 13s
7.Wo K 2048 n8/n4/n0 0 2048 0 ident D/base_unc 0.7535 D/base_c 1.0000 {'ident': 0.7535} 13s
7.Wgu K 2048 n8/n4/n0 0 2048 0 shared D/base_unc 0.5964 D/base_c 1.0000 {'shared': 0.5964} 13s
7.Wd K 6144 n8/n4/n0 0 6144 0 ident D/base_unc 0.9647 D/base_c 1.0000 {'ident': 0.9647} 14s
8.Win K 2048 n8/n4/n0 0 2048 0 shared D/base_unc 0.6104 D/base_c 1.0000 {'shared': 0.6104} 14s
8.Wo K 2048 n8/n4/n0 0 2048 0 ident D/base_unc 0.8300 D/base_c 1.0000 {'ident': 0.83} 15s
8.Wgu K 2048 n8/n4/n0 0 2048 0 shared D/base_unc 0.6321 D/base_c 1.0000 {'shared': 0.6321} 15s
8.Wd K 6144 n8/n4/n0 0 6144 0 ident D/base_unc 0.9642 D/base_c 1.0000 {'ident': 0.9642} 16s
9.Win K 2048 n8/n4/n0 0 2048 0 shared D/base_unc 0.6527 D/base_c 1.0000 {'shared': 0.6527} 16s
9.Wo K 2048 n8/n4/n0 0 2048 0 ident D/base_unc 0.8000 D/base_c 1.0000 {'ident': 0.8} 16s
9.Wgu K 2048 n8/n4/n0 0 2048 0 shared D/base_unc 0.6441 D/base_c 1.0000 {'shared': 0.6441} 16s
9.Wd K 6144 n8/n4/n0 0 6144 0 ident D/base_unc 0.9639 D/base_c 1.0000 {'ident': 0.9639} 17s
10.Win K 2048 n8/n4/n0 0 2048 0 shared D/base_unc 0.6402 D/base_c 1.0000 {'shared': 0.6402} 17s
10.Wo K 2048 n8/n4/n0 0 2048 0 ident D/base_unc 0.7472 D/base_c 1.0000 {'ident': 0.7472} 17s
10.Wgu K 2048 n8/n4/n0 0 2048 0 shared D/base_unc 0.6425 D/base_c 1.0000 {'shared': 0.6425} 17s
10.Wd K 6144 n8/n4/n0 0 6144 0 ident D/base_unc 0.9535 D/base_c 1.0000 {'ident': 0.9535} 19s
11.Win K 2048 n8/n4/n0 256 1536 256 shared D/base_unc 0.5048 D/base_c 0.7493 {'shared': 0.5048} 19s
11.Wo K 2048 n8/n4/n0 0 2048 0 ident D/base_unc 0.7883 D/base_c 1.0000 {'ident': 0.7883} 19s
11.Wgu K 2048 n8/n4/n0 0 2048 0 shared D/base_unc 0.6803 D/base_c 1.0000 {'shared': 0.6803} 19s
11.Wd K 6144 n8/n4/n0 0 6144 0 ident D/base_unc 0.9456 D/base_c 1.0000 {'ident': 0.9456} 20s
12.Win K 2048 n8/n4/n0 0 2048 0 shared D/base_unc 0.7053 D/base_c 1.0000 {'shared': 0.7053} 20s
12.Wo K 2048 n8/n4/n0 256 1536 256 ident D/base_unc 0.4965 D/base_c 0.6638 {'ident': 0.4965} 20s
12.Wgu K 2048 n8/n4/n0 0 2048 0 shared D/base_unc 0.6954 D/base_c 1.0000 {'shared': 0.6954} 20s
12.Wd K 6144 n8/n4/n0 0 6144 0 ident D/base_unc 0.9522 D/base_c 1.0000 {'ident': 0.9522} 21s
13.Win K 2048 n8/n4/n0 256 1536 256 shared D/base_unc 0.5477 D/base_c 0.7674 {'shared': 0.5477} 22s
13.Wo K 2048 n8/n4/n0 0 2048 0 ident D/base_unc 0.7887 D/base_c 1.0000 {'ident': 0.7887} 22s
13.Wgu K 2048 n8/n4/n0 0 2048 0 shared D/base_unc 0.7090 D/base_c 1.0000 {'shared': 0.709} 22s
13.Wd K 6144 n8/n4/n0 0 6144 0 ident D/base_unc 0.9397 D/base_c 1.0000 {'ident': 0.9397} 23s
14.Win K 2048 n8/n4/n0 0 2048 0 shared D/base_unc 0.7131 D/base_c 1.0000 {'shared': 0.7131} 23s
14.Wo K 2048 n8/n4/n0 256 1536 256 ident D/base_unc 0.4835 D/base_c 0.7110 {'ident': 0.4835} 23s
14.Wgu K 2048 n8/n4/n0 0 2048 0 shared D/base_unc 0.6661 D/base_c 1.0000 {'shared': 0.6661} 23s
14.Wd K 6144 n8/n4/n0 0 6144 0 ident D/base_unc 0.8961 D/base_c 1.0000 {'ident': 0.8961} 24s
15.Win K 2048 n8/n4/n0 256 1536 256 shared D/base_unc 0.4817 D/base_c 0.6887 {'shared': 0.4817} 24s
15.Wo K 2048 n8/n4/n0 0 2048 0 ident D/base_unc 0.5693 D/base_c 1.0000 {'ident': 0.5693} 24s
15.Wgu K 2048 n8/n4/n0 0 2048 0 shared D/base_unc 0.6460 D/base_c 1.0000 {'shared': 0.646} 25s
15.Wd K 6144 n8/n4/n0 0 6144 0 ident D/base_unc 0.8796 D/base_c 1.0000 {'ident': 0.8796} 26s
16.Win K 2048 n8/n4/n0 256 1536 256 shared D/base_unc 0.6465 D/base_c 0.9842 {'shared': 0.6465} 26s
16.Wo K 2048 n8/n4/n0 256 1536 256 ident D/base_unc 0.3830 D/base_c 0.6226 {'ident': 0.383} 26s
16.Wgu K 2048 n8/n4/n0 0 2048 0 shared D/base_unc 0.5744 D/base_c 1.0000 {'shared': 0.5744} 26s
16.Wd K 6144 n8/n4/n0 0 6144 0 ident D/base_unc 0.8389 D/base_c 1.0000 {'ident': 0.8389} 27s
17.Win K 2048 n8/n4/n0 256 1536 256 shared D/base_unc 0.4748 D/base_c 0.8270 {'shared': 0.4748} 27s
17.Wo K 2048 n8/n4/n0 256 1536 256 ident D/base_unc 0.2379 D/base_c 0.4369 {'ident': 0.2379} 27s
17.Wgu K 2048 n8/n4/n0 0 2048 0 shared D/base_unc 0.4958 D/base_c 1.0000 {'shared': 0.4958} 27s
17.Wd K 6144 n8/n4/n0 0 6144 0 ident D/base_unc 0.7883 D/base_c 1.0000 {'ident': 0.7883} 28s
18.Win K 2048 n8/n4/n0 256 1536 256 shared D/base_unc 0.4672 D/base_c 0.9210 {'shared': 0.4672} 29s
18.Wo K 2048 n8/n4/n0 256 1536 256 ident D/base_unc 0.2796 D/base_c 0.4753 {'ident': 0.2796} 29s
18.Wgu K 2048 n8/n4/n0 256 1536 256 shared D/base_unc 0.3880 D/base_c 0.8613 {'shared': 0.388} 29s
18.Wd K 6144 n8/n4/n0 0 6144 0 ident D/base_unc 0.7937 D/base_c 1.0000 {'ident': 0.7937} 30s
19.Win K 2048 n8/n4/n0 256 1536 256 shared D/base_unc 0.2139 D/base_c 0.4606 {'shared': 0.2139} 30s
19.Wo K 2048 n8/n4/n0 256 1536 256 ident D/base_unc 0.1569 D/base_c 0.7959 {'ident': 0.1569} 30s
19.Wgu K 2048 n8/n4/n0 256 1536 256 shared D/base_unc 0.3617 D/base_c 0.9222 {'shared': 0.3617} 30s
19.Wd K 6144 n8/n4/n0 0 6144 0 ident D/base_unc 0.5306 D/base_c 1.0000 {'ident': 0.5306} 31s
20.Win K 2048 n8/n4/n0 256 1536 256 shared D/base_unc 0.2592 D/base_c 0.6362 {'shared': 0.2592} 31s
20.Wo K 2048 n8/n4/n0 256 1536 256 ident D/base_unc 0.1670 D/base_c 0.3713 {'ident': 0.167} 31s
20.Wgu K 2048 n8/n4/n0 256 1536 256 shared D/base_unc 0.2690 D/base_c 0.8263 {'shared': 0.269} 31s
20.Wd K 6144 n8/n4/n0 0 6144 0 ident D/base_unc 0.7223 D/base_c 1.0000 {'ident': 0.7223} 33s
21.Win K 2048 n8/n4/n0 256 1536 256 shared D/base_unc 0.1903 D/base_c 0.5530 {'shared': 0.1903} 33s
21.Wo K 2048 n8/n4/n0 256 1536 256 ident D/base_unc 0.1012 D/base_c 0.2497 {'ident': 0.1012} 33s
21.Wgu K 2048 n8/n4/n0 256 1536 256 shared D/base_unc 0.2531 D/base_c 0.8573 {'shared': 0.2531} 33s
21.Wd K 6144 n8/n4/n0 0 6144 0 ident D/base_unc 0.5143 D/base_c 1.0000 {'ident': 0.5143} 34s
22.Win K 2048 n8/n4/n0 256 1536 256 shared D/base_unc 0.1815 D/base_c 0.5922 {'shared': 0.1815} 34s
22.Wo K 2048 n8/n4/n0 512 1024 512 ident D/base_unc 0.0351 D/base_c 0.1123 {'ident': 0.0351} 34s
22.Wgu K 2048 n8/n4/n0 256 1536 256 shared D/base_unc 0.1156 D/base_c 0.4223 {'shared': 0.1156} 34s
22.Wd K 6144 n8/n4/n0 1024 4096 1024 ident D/base_unc 0.0816 D/base_c 0.2909 {'ident': 0.0816} 35s
23.Win K 2048 n8/n4/n0 256 1536 256 shared D/base_unc 0.1338 D/base_c 0.3917 {'shared': 0.1338} 35s
done
