shared basis built 3s
0.Win K 2048 n8/n4/n0 384 1536 128 shared D/base_unc 0.9846 D/base_c 1.0750 {'shared': 0.9846} 3s
0.Wo K 2048 n8/n4/n0 384 1536 128 ident D/base_unc 0.0981 D/base_c 0.3332 {'ident': 0.0981} 3s
0.Wgu K 2048 n8/n4/n0 384 1536 128 shared D/base_unc 0.3792 D/base_c 1.0240 {'shared': 0.3792} 3s
0.Wd K 6144 n8/n4/n0 1024 4096 1024 ident D/base_unc 2.9068 D/base_c 2.9681 {'ident': 2.9068} 5s
1.Win K 2048 n8/n4/n0 384 1536 128 shared D/base_unc 0.4991 D/base_c 0.9117 {'shared': 0.4991} 5s
1.Wo K 2048 n8/n4/n0 384 1536 128 ident D/base_unc 0.4558 D/base_c 0.5179 {'ident': 0.4558} 5s
1.Wgu K 2048 n8/n4/n0 384 1536 128 shared D/base_unc 0.5165 D/base_c 1.0756 {'shared': 0.5165} 5s
1.Wd K 6144 n8/n4/n0 1024 4096 1024 ident D/base_unc 4.0747 D/base_c 4.1593 {'ident': 4.0747} 6s
2.Win K 2048 n8/n4/n0 384 1536 128 shared D/base_unc 0.5554 D/base_c 0.9210 {'shared': 0.5554} 6s
2.Wo K 2048 n8/n4/n0 384 1536 128 ident D/base_unc 0.1882 D/base_c 0.4892 {'ident': 0.1882} 6s
2.Wgu K 2048 n8/n4/n0 384 1536 128 shared D/base_unc 0.4505 D/base_c 1.1153 {'shared': 0.4505} 6s
2.Wd K 6144 n8/n4/n0 1024 4096 1024 ident D/base_unc 3.3188 D/base_c 3.5019 {'ident': 3.3188} 7s
3.Win K 2048 n8/n4/n0 384 1536 128 shared D/base_unc 0.5086 D/base_c 0.8673 {'shared': 0.5086} 7s
3.Wo K 2048 n8/n4/n0 384 1536 128 ident D/base_unc 0.2263 D/base_c 0.3611 {'ident': 0.2263} 7s
3.Wgu K 2048 n8/n4/n0 384 1536 128 shared D/base_unc 0.6179 D/base_c 1.1574 {'shared': 0.6179} 7s
3.Wd K 6144 n8/n4/n0 1024 4096 1024 ident D/base_unc 3.6963 D/base_c 3.8240 {'ident': 3.6963} 8s
4.Win K 2048 n8/n4/n0 384 1536 128 shared D/base_unc 0.5539 D/base_c 0.9178 {'shared': 0.5539} 8s
4.Wo K 2048 n8/n4/n0 384 1536 128 ident D/base_unc 0.3794 D/base_c 0.4969 {'ident': 0.3794} 9s
4.Wgu K 2048 n8/n4/n0 384 1536 128 shared D/base_unc 0.5984 D/base_c 1.0697 {'shared': 0.5984} 9s
4.Wd K 6144 n8/n4/n0 1024 4096 1024 ident D/base_unc 3.6496 D/base_c 3.7858 {'ident': 3.6496} 10s
5.Win K 2048 n8/n4/n0 384 1536 128 shared D/base_unc 0.5120 D/base_c 0.8272 {'shared': 0.512} 10s
5.Wo K 2048 n8/n4/n0 384 1536 128 ident D/base_unc 0.3405 D/base_c 0.4977 {'ident': 0.3405} 10s
5.Wgu K 2048 n8/n4/n0 384 1536 128 shared D/base_unc 0.5445 D/base_c 0.9622 {'shared': 0.5445} 10s
5.Wd K 6144 n8/n4/n0 1024 4096 1024 ident D/base_unc 3.6634 D/base_c 3.8186 {'ident': 3.6634} 11s
6.Win K 2048 n8/n4/n0 384 1536 128 shared D/base_unc 0.3865 D/base_c 0.6507 {'shared': 0.3865} 11s
6.Wo K 2048 n8/n4/n0 384 1536 128 ident D/base_unc 0.3980 D/base_c 0.5144 {'ident': 0.398} 11s
6.Wgu K 2048 n8/n4/n0 384 1536 128 shared D/base_unc 0.4825 D/base_c 0.8518 {'shared': 0.4825} 11s
6.Wd K 6144 n8/n4/n0 1024 4096 1024 ident D/base_unc 3.1238 D/base_c 3.3411 {'ident': 3.1238} 12s
7.Win K 2048 n8/n4/n0 384 1536 128 shared D/base_unc 0.3104 D/base_c 0.5315 {'shared': 0.3104} 12s
7.Wo K 2048 n8/n4/n0 384 1536 128 ident D/base_unc 0.4932 D/base_c 0.6545 {'ident': 0.4932} 12s
7.Wgu K 2048 n8/n4/n0 384 1536 128 shared D/base_unc 0.5191 D/base_c 0.8703 {'shared': 0.5191} 13s
7.Wd K 6144 n8/n4/n0 1024 4096 1024 ident D/base_unc 3.4315 D/base_c 3.5570 {'ident': 3.4315} 14s
8.Win K 2048 n8/n4/n0 384 1536 128 shared D/base_unc 0.4056 D/base_c 0.6645 {'shared': 0.4056} 14s
8.Wo K 2048 n8/n4/n0 384 1536 128 ident D/base_unc 0.5478 D/base_c 0.6600 {'ident': 0.5478} 14s
8.Wgu K 2048 n8/n4/n0 384 1536 128 shared D/base_unc 0.5079 D/base_c 0.8035 {'shared': 0.5079} 14s
8.Wd K 6144 n8/n4/n0 1024 4096 1024 ident D/base_unc 3.4135 D/base_c 3.5403 {'ident': 3.4135} 15s
9.Win K 2048 n8/n4/n0 384 1536 128 shared D/base_unc 0.4232 D/base_c 0.6483 {'shared': 0.4232} 15s
9.Wo K 2048 n8/n4/n0 384 1536 128 ident D/base_unc 0.5057 D/base_c 0.6321 {'ident': 0.5057} 15s
9.Wgu K 2048 n8/n4/n0 384 1536 128 shared D/base_unc 0.4729 D/base_c 0.7341 {'shared': 0.4729} 15s
9.Wd K 6144 n8/n4/n0 1024 4096 1024 ident D/base_unc 2.9894 D/base_c 3.1014 {'ident': 2.9894} 16s
10.Win K 2048 n8/n4/n0 384 1536 128 shared D/base_unc 0.3896 D/base_c 0.6086 {'shared': 0.3896} 16s
10.Wo K 2048 n8/n4/n0 384 1536 128 ident D/base_unc 0.5431 D/base_c 0.7269 {'ident': 0.5431} 16s
10.Wgu K 2048 n8/n4/n0 384 1536 128 shared D/base_unc 0.3959 D/base_c 0.6162 {'shared': 0.3959} 17s
10.Wd K 6144 n8/n4/n0 1024 4096 1024 ident D/base_unc 2.4897 D/base_c 2.6110 {'ident': 2.4897} 17s
11.Win K 2048 n8/n4/n0 384 1536 128 shared D/base_unc 0.2860 D/base_c 0.4245 {'shared': 0.286} 18s
11.Wo K 2048 n8/n4/n0 384 1536 128 ident D/base_unc 0.4961 D/base_c 0.6294 {'ident': 0.4961} 18s
11.Wgu K 2048 n8/n4/n0 384 1536 128 shared D/base_unc 0.4615 D/base_c 0.6784 {'shared': 0.4615} 18s
11.Wd K 6144 n8/n4/n0 1024 4096 1024 ident D/base_unc 2.1937 D/base_c 2.3200 {'ident': 2.1937} 19s
12.Win K 2048 n8/n4/n0 384 1536 128 shared D/base_unc 0.4036 D/base_c 0.5722 {'shared': 0.4036} 19s
12.Wo K 2048 n8/n4/n0 384 1536 128 ident D/base_unc 0.3046 D/base_c 0.4072 {'ident': 0.3046} 19s
12.Wgu K 2048 n8/n4/n0 384 1536 128 shared D/base_unc 0.4545 D/base_c 0.6536 {'shared': 0.4545} 19s
12.Wd K 6144 n8/n4/n0 1024 4096 1024 ident D/base_unc 1.9985 D/base_c 2.0988 {'ident': 1.9985} 20s
13.Win K 2048 n8/n4/n0 384 1536 128 shared D/base_unc 0.3083 D/base_c 0.4320 {'shared': 0.3083} 20s
13.Wo K 2048 n8/n4/n0 384 1536 128 ident D/base_unc 0.5266 D/base_c 0.6677 {'ident': 0.5266} 20s
13.Wgu K 2048 n8/n4/n0 384 1536 128 shared D/base_unc 0.5517 D/base_c 0.7781 {'shared': 0.5517} 20s
13.Wd K 6144 n8/n4/n0 1024 4096 1024 ident D/base_unc 2.3677 D/base_c 2.5198 {'ident': 2.3677} 21s
14.Win K 2048 n8/n4/n0 384 1536 128 shared D/base_unc 0.4530 D/base_c 0.6353 {'shared': 0.453} 21s
14.Wo K 2048 n8/n4/n0 384 1536 128 ident D/base_unc 0.2576 D/base_c 0.3788 {'ident': 0.2576} 22s
14.Wgu K 2048 n8/n4/n0 384 1536 128 shared D/base_unc 0.4174 D/base_c 0.6266 {'shared': 0.4174} 22s
14.Wd K 6144 n8/n4/n0 1024 4096 1024 ident D/base_unc 1.2076 D/base_c 1.3476 {'ident': 1.2076} 23s
15.Win K 2048 n8/n4/n0 384 1536 128 shared D/base_unc 0.2707 D/base_c 0.3871 {'shared': 0.2707} 23s
15.Wo K 2048 n8/n4/n0 384 1536 128 ident D/base_unc 0.3572 D/base_c 0.6274 {'ident': 0.3572} 23s
15.Wgu K 2048 n8/n4/n0 384 1536 128 shared D/base_unc 0.5075 D/base_c 0.7856 {'shared': 0.5075} 23s
15.Wd K 6144 n8/n4/n0 1024 4096 1024 ident D/base_unc 1.7481 D/base_c 1.9873 {'ident': 1.7481} 24s
16.Win K 2048 n8/n4/n0 384 1536 128 shared D/base_unc 0.3681 D/base_c 0.5603 {'shared': 0.3681} 24s
16.Wo K 2048 n8/n4/n0 384 1536 128 ident D/base_unc 0.2365 D/base_c 0.3844 {'ident': 0.2365} 24s
16.Wgu K 2048 n8/n4/n0 384 1536 128 shared D/base_unc 0.3928 D/base_c 0.6838 {'shared': 0.3928} 24s
16.Wd K 6144 n8/n4/n0 1024 4096 1024 ident D/base_unc 1.7975 D/base_c 2.1428 {'ident': 1.7975} 25s
17.Win K 2048 n8/n4/n0 384 1536 128 shared D/base_unc 0.2680 D/base_c 0.4669 {'shared': 0.268} 25s
17.Wo K 2048 n8/n4/n0 384 1536 128 ident D/base_unc 0.1452 D/base_c 0.2667 {'ident': 0.1452} 26s
17.Wgu K 2048 n8/n4/n0 384 1536 128 shared D/base_unc 0.3106 D/base_c 0.6264 {'shared': 0.3106} 26s
17.Wd K 6144 n8/n4/n0 1024 4096 1024 ident D/base_unc 1.8408 D/base_c 2.3353 {'ident': 1.8408} 27s
18.Win K 2048 n8/n4/n0 384 1536 128 shared D/base_unc 0.2641 D/base_c 0.5207 {'shared': 0.2641} 27s
18.Wo K 2048 n8/n4/n0 384 1536 128 ident D/base_unc 0.1747 D/base_c 0.2970 {'ident': 0.1747} 27s
18.Wgu K 2048 n8/n4/n0 384 1536 128 shared D/base_unc 0.2203 D/base_c 0.4890 {'shared': 0.2203} 27s
18.Wd K 6144 n8/n4/n0 1024 4096 1024 ident D/base_unc 1.4052 D/base_c 1.7704 {'ident': 1.4052} 28s
19.Win K 2048 n8/n4/n0 384 1536 128 shared D/base_unc 0.1195 D/base_c 0.2573 {'shared': 0.1195} 28s
19.Wo K 2048 n8/n4/n0 384 1536 128 ident D/base_unc 0.0798 D/base_c 0.4049 {'ident': 0.0798} 28s
19.Wgu K 2048 n8/n4/n0 384 1536 128 shared D/base_unc 0.2063 D/base_c 0.5259 {'shared': 0.2063} 28s
19.Wd K 6144 n8/n4/n0 1024 4096 1024 ident D/base_unc 0.9471 D/base_c 1.7850 {'ident': 0.9471} 29s
20.Win K 2048 n8/n4/n0 384 1536 128 shared D/base_unc 0.1486 D/base_c 0.3646 {'shared': 0.1486} 29s
20.Wo K 2048 n8/n4/n0 384 1536 128 ident D/base_unc 0.1079 D/base_c 0.2399 {'ident': 0.1079} 29s
20.Wgu K 2048 n8/n4/n0 384 1536 128 shared D/base_unc 0.1536 D/base_c 0.4719 {'shared': 0.1536} 30s
20.Wd K 6144 n8/n4/n0 1024 4096 1024 ident D/base_unc 1.0940 D/base_c 1.5146 {'ident': 1.094} 30s
21.Win K 2048 n8/n4/n0 384 1536 128 shared D/base_unc 0.1086 D/base_c 0.3158 {'shared': 0.1086} 31s
21.Wo K 2048 n8/n4/n0 384 1536 128 ident D/base_unc 0.0678 D/base_c 0.1674 {'ident': 0.0678} 31s
21.Wgu K 2048 n8/n4/n0 384 1536 128 shared D/base_unc 0.1452 D/base_c 0.4919 {'shared': 0.1452} 31s
21.Wd K 6144 n8/n4/n0 1024 4096 1024 ident D/base_unc 0.5625 D/base_c 1.0937 {'ident': 0.5625} 32s
22.Win K 2048 n8/n4/n0 384 1536 128 shared D/base_unc 0.1023 D/base_c 0.3339 {'shared': 0.1023} 32s
22.Wo K 2048 n8/n4/n0 384 1536 128 ident D/base_unc 0.0258 D/base_c 0.0825 {'ident': 0.0258} 32s
22.Wgu K 2048 n8/n4/n0 384 1536 128 shared D/base_unc 0.0657 D/base_c 0.2400 {'shared': 0.0657} 32s
22.Wd K 6144 n8/n4/n0 1024 4096 1024 ident D/base_unc 0.0816 D/base_c 0.2909 {'ident': 0.0816} 33s
23.Win K 2048 n8/n4/n0 384 1536 128 shared D/base_unc 0.0755 D/base_c 0.2210 {'shared': 0.0755} 33s
done
