questions 3227
Loading weights:   0%|          | 0/320 [00:00<?, ?it/s]Loading weights: 100%|██████████| 320/320 [00:00<00:00, 3850.05it/s]
tc45rq8 99/3227 JB-all T=105 103s mem 13.5G
tc45rq8 199/3227 JB-all T=235 141s mem 14.1G
tc45rq8 299/3227 REAL-agree T=1735 193s mem 14.1G
tc45rq8 399/3227 REAL-agree T=3962 258s mem 14.1G
tc45rq8 499/3227 REAL-agree T=1980 323s mem 14.1G
tc45rq8 599/3227 REAL-agree T=2014 389s mem 14.1G
tc45rq8 699/3227 REAL-agree T=1806 458s mem 14.3G
tc45rq8 799/3227 REAL-agree T=1886 525s mem 14.3G
tc45rq8 899/3227 REAL-agree T=1139 595s mem 14.3G
tc45rq8 999/3227 REAL-agree T=2594 678s mem 14.3G
tc45rq8 1099/3227 REAL-agree T=3179 751s mem 14.3G
tc45rq8 1199/3227 REAL-agree T=3496 817s mem 14.3G
tc45rq8 1299/3227 REAL-agree T=2181 897s mem 14.3G
tc45rq8 1399/3227 LONG T=6476 1064s mem 15.3G
tc45rq8 1499/3227 LONG T=6138 1246s mem 15.3G
tc45rq8 1599/3227 LONG T=4734 1400s mem 15.3G
tc45rq8 1699/3227 LONG T=4298 1546s mem 15.3G
tc45rq8 1799/3227 CF T=5163 1703s mem 15.3G
tc45rq8 1899/3227 CF T=6393 1886s mem 15.3G
tc45rq8 1999/3227 CF T=2985 1983s mem 15.3G
tc45rq8 2099/3227 CF T=3295 2071s mem 15.3G
tc45rq8 2199/3227 CF T=270 2131s mem 15.3G
tc45rq8 2299/3227 CF T=2801 2183s mem 15.3G
tc45rq8 2399/3227 CF T=2618 2235s mem 15.3G
tc45rq8 2499/3227 CF T=2415 2280s mem 15.3G
tc45rq8 2599/3227 CF-probe T=3930 2351s mem 15.3G
tc45rq8 2699/3227 CF-probe T=4240 2447s mem 15.3G
tc45rq8 2799/3227 CF-probe T=2752 2540s mem 15.3G
tc45rq8 2899/3227 CF-probe T=1733 2626s mem 15.3G
tc45rq8 2999/3227 CF-probe T=3275 2707s mem 15.3G
tc45rq8 3099/3227 CF-probe T=2725 2787s mem 15.3G
tc45rq8 3199/3227 CF-probe T=1403 2848s mem 15.3G
config done tc45rq8 2865s
w4q8 99/3227 JB-all T=105 2880s mem 15.3G
w4q8 199/3227 JB-all T=235 2904s mem 15.3G
w4q8 299/3227 REAL-agree T=1735 2935s mem 15.3G
w4q8 399/3227 REAL-agree T=3962 2972s mem 15.3G
w4q8 499/3227 REAL-agree T=1980 3010s mem 15.3G
w4q8 599/3227 REAL-agree T=2014 3049s mem 15.3G
w4q8 699/3227 REAL-agree T=1806 3090s mem 15.3G
w4q8 799/3227 REAL-agree T=1886 3131s mem 15.3G
w4q8 899/3227 REAL-agree T=1139 3174s mem 15.3G
w4q8 999/3227 REAL-agree T=2594 3226s mem 15.3G
w4q8 1099/3227 REAL-agree T=3179 3268s mem 15.3G
w4q8 1199/3227 REAL-agree T=3496 3307s mem 15.3G
w4q8 1299/3227 REAL-agree T=2181 3353s mem 15.3G
w4q8 1399/3227 LONG T=6476 3448s mem 15.3G
w4q8 1499/3227 LONG T=6138 3551s mem 15.3G
w4q8 1599/3227 LONG T=4734 3642s mem 15.3G
w4q8 1699/3227 LONG T=4298 3727s mem 15.3G
w4q8 1799/3227 CF T=5163 3818s mem 15.3G
w4q8 1899/3227 CF T=6393 3922s mem 15.3G
w4q8 1999/3227 CF T=2985 3978s mem 15.3G
w4q8 2099/3227 CF T=3295 4029s mem 15.3G
w4q8 2199/3227 CF T=270 4065s mem 15.3G
w4q8 2299/3227 CF T=2801 4096s mem 15.3G
w4q8 2399/3227 CF T=2618 4127s mem 15.3G
w4q8 2499/3227 CF T=2415 4154s mem 15.3G
w4q8 2599/3227 CF-probe T=3930 4199s mem 15.3G
w4q8 2699/3227 CF-probe T=4240 4255s mem 15.3G
w4q8 2799/3227 CF-probe T=2752 4308s mem 15.3G
w4q8 2899/3227 CF-probe T=1733 4357s mem 15.3G
w4q8 2999/3227 CF-probe T=3275 4404s mem 15.3G
w4q8 3099/3227 CF-probe T=2725 4449s mem 15.3G
w4q8 3199/3227 CF-probe T=1403 4485s mem 15.3G
config done w4q8 4495s
done 4495s
