questions 3227
Loading weights:   0%|          | 0/320 [00:00<?, ?it/s]Loading weights: 100%|██████████| 320/320 [00:00<00:00, 3938.27it/s]
tc4shFq8 99/3227 JB-all T=105 68s mem 14.2G
tc4shFq8 199/3227 JB-all T=235 102s mem 14.2G
tc4shFq8 299/3227 REAL-agree T=1735 149s mem 14.3G
tc4shFq8 399/3227 REAL-agree T=3962 206s mem 14.3G
tc4shFq8 499/3227 REAL-agree T=1980 264s mem 14.3G
tc4shFq8 599/3227 REAL-agree T=2014 324s mem 14.3G
tc4shFq8 699/3227 REAL-agree T=1806 386s mem 14.4G
tc4shFq8 799/3227 REAL-agree T=1886 446s mem 14.4G
tc4shFq8 899/3227 REAL-agree T=1139 510s mem 14.5G
tc4shFq8 999/3227 REAL-agree T=2594 585s mem 14.5G
tc4shFq8 1099/3227 REAL-agree T=3179 650s mem 14.5G
tc4shFq8 1199/3227 REAL-agree T=3496 710s mem 14.5G
tc4shFq8 1299/3227 REAL-agree T=2181 782s mem 14.5G
tc4shFq8 1399/3227 LONG T=6476 930s mem 15.5G
tc4shFq8 1499/3227 LONG T=6138 1094s mem 15.5G
tc4shFq8 1599/3227 LONG T=4734 1232s mem 15.5G
tc4shFq8 1699/3227 LONG T=4298 1364s mem 15.5G
tc4shFq8 1799/3227 CF T=5163 1504s mem 15.5G
tc4shFq8 1899/3227 CF T=6393 1668s mem 15.5G
tc4shFq8 1999/3227 CF T=2985 1755s mem 15.5G
tc4shFq8 2099/3227 CF T=3295 1834s mem 15.5G
tc4shFq8 2199/3227 CF T=270 1888s mem 15.5G
tc4shFq8 2299/3227 CF T=2801 1935s mem 15.5G
tc4shFq8 2399/3227 CF T=2618 1982s mem 15.5G
tc4shFq8 2499/3227 CF T=2415 2022s mem 15.5G
tc4shFq8 2599/3227 CF-probe T=3930 2087s mem 15.5G
tc4shFq8 2699/3227 CF-probe T=4240 2173s mem 15.5G
tc4shFq8 2799/3227 CF-probe T=2752 2257s mem 15.5G
tc4shFq8 2899/3227 CF-probe T=1733 2334s mem 15.5G
tc4shFq8 2999/3227 CF-probe T=3275 2406s mem 15.5G
tc4shFq8 3099/3227 CF-probe T=2725 2477s mem 15.5G
tc4shFq8 3199/3227 CF-probe T=1403 2532s mem 15.5G
config done tc4shFq8 2548s
resq128q8 99/3227 JB-all T=105 2641s mem 15.5G
resq128q8 199/3227 JB-all T=235 2673s mem 15.5G
resq128q8 299/3227 REAL-agree T=1735 2715s mem 15.5G
resq128q8 399/3227 REAL-agree T=3962 2766s mem 15.5G
resq128q8 499/3227 REAL-agree T=1980 2817s mem 15.5G
resq128q8 599/3227 REAL-agree T=2014 2870s mem 15.5G
resq128q8 699/3227 REAL-agree T=1806 2926s mem 15.5G
resq128q8 799/3227 REAL-agree T=1886 2979s mem 15.5G
resq128q8 899/3227 REAL-agree T=1139 3036s mem 15.5G
resq128q8 999/3227 REAL-agree T=2594 3103s mem 15.5G
resq128q8 1099/3227 REAL-agree T=3179 3161s mem 15.5G
resq128q8 1199/3227 REAL-agree T=3496 3214s mem 15.5G
resq128q8 1299/3227 REAL-agree T=2181 3277s mem 15.5G
resq128q8 1399/3227 LONG T=6476 3408s mem 15.5G
resq128q8 1499/3227 LONG T=6138 3551s mem 15.5G
resq128q8 1599/3227 LONG T=4734 3674s mem 15.5G
resq128q8 1699/3227 LONG T=4298 3790s mem 15.5G
resq128q8 1799/3227 CF T=5163 3914s mem 15.5G
resq128q8 1899/3227 CF T=6393 4057s mem 15.5G
resq128q8 1999/3227 CF T=2985 4134s mem 15.5G
resq128q8 2099/3227 CF T=3295 4204s mem 15.5G
resq128q8 2199/3227 CF T=270 4252s mem 15.5G
resq128q8 2299/3227 CF T=2801 4294s mem 15.5G
resq128q8 2399/3227 CF T=2618 4337s mem 15.5G
resq128q8 2499/3227 CF T=2415 4373s mem 15.5G
resq128q8 2599/3227 CF-probe T=3930 4431s mem 15.5G
resq128q8 2699/3227 CF-probe T=4240 4507s mem 15.5G
resq128q8 2799/3227 CF-probe T=2752 4580s mem 15.5G
resq128q8 2899/3227 CF-probe T=1733 4648s mem 15.5G
resq128q8 2999/3227 CF-probe T=3275 4712s mem 15.5G
resq128q8 3099/3227 CF-probe T=2725 4775s mem 15.5G
resq128q8 3199/3227 CF-probe T=1403 4823s mem 15.5G
config done resq128q8 4837s
done 4837s
