questions 3227
Loading weights:   0%|          | 0/320 [00:00<?, ?it/s]Loading weights: 100%|██████████| 320/320 [00:00<00:00, 4065.37it/s]
w4a4 99/3227 JB-all T=105 14s mem 7.2G
w4a4 199/3227 JB-all T=235 39s mem 8.1G
w4a4 299/3227 REAL-agree T=1735 70s mem 8.1G
w4a4 399/3227 REAL-agree T=3962 107s mem 8.1G
w4a4 499/3227 REAL-agree T=1980 144s mem 8.2G
w4a4 599/3227 REAL-agree T=2014 183s mem 8.2G
w4a4 699/3227 REAL-agree T=1806 225s mem 8.3G
w4a4 799/3227 REAL-agree T=1886 265s mem 8.3G
w4a4 899/3227 REAL-agree T=1139 309s mem 8.4G
w4a4 999/3227 REAL-agree T=2594 361s mem 8.4G
w4a4 1099/3227 REAL-agree T=3179 402s mem 8.4G
w4a4 1199/3227 REAL-agree T=3496 441s mem 8.4G
w4a4 1299/3227 REAL-agree T=2181 487s mem 8.4G
w4a4 1399/3227 LONG T=6476 582s mem 9.1G
w4a4 1499/3227 LONG T=6138 686s mem 9.1G
w4a4 1599/3227 LONG T=4734 776s mem 9.1G
w4a4 1699/3227 LONG T=4298 861s mem 9.1G
w4a4 1799/3227 CF T=5163 952s mem 9.1G
w4a4 1899/3227 CF T=6393 1056s mem 9.1G
w4a4 1999/3227 CF T=2985 1112s mem 9.1G
w4a4 2099/3227 CF T=3295 1163s mem 9.1G
w4a4 2199/3227 CF T=270 1199s mem 9.1G
w4a4 2299/3227 CF T=2801 1230s mem 9.1G
w4a4 2399/3227 CF T=2618 1261s mem 9.1G
w4a4 2499/3227 CF T=2415 1288s mem 9.1G
w4a4 2599/3227 CF-probe T=3930 1333s mem 9.1G
w4a4 2699/3227 CF-probe T=4240 1388s mem 9.1G
w4a4 2799/3227 CF-probe T=2752 1442s mem 9.1G
w4a4 2899/3227 CF-probe T=1733 1491s mem 9.1G
w4a4 2999/3227 CF-probe T=3275 1537s mem 9.1G
w4a4 3099/3227 CF-probe T=2725 1583s mem 9.1G
w4a4 3199/3227 CF-probe T=1403 1618s mem 9.1G
config done w4a4 1628s
proto256fq8 99/3227 JB-all T=105 1644s mem 9.6G
proto256fq8 199/3227 JB-all T=235 1673s mem 10.6G
proto256fq8 299/3227 REAL-agree T=1735 1711s mem 10.6G
proto256fq8 399/3227 REAL-agree T=3962 1756s mem 10.6G
proto256fq8 499/3227 REAL-agree T=1980 1801s mem 10.7G
proto256fq8 599/3227 REAL-agree T=2014 1849s mem 10.7G
proto256fq8 699/3227 REAL-agree T=1806 1899s mem 10.8G
proto256fq8 799/3227 REAL-agree T=1886 1946s mem 10.8G
proto256fq8 899/3227 REAL-agree T=1139 1998s mem 10.9G
proto256fq8 999/3227 REAL-agree T=2594 2059s mem 10.9G
proto256fq8 1099/3227 REAL-agree T=3179 2110s mem 10.9G
proto256fq8 1199/3227 REAL-agree T=3496 2157s mem 10.9G
proto256fq8 1299/3227 REAL-agree T=2181 2214s mem 10.9G
proto256fq8 1399/3227 LONG T=6476 2330s mem 11.8G
proto256fq8 1499/3227 LONG T=6138 2457s mem 11.8G
proto256fq8 1599/3227 LONG T=4734 2567s mem 11.8G
proto256fq8 1699/3227 LONG T=4298 2670s mem 11.8G
proto256fq8 1799/3227 CF T=5163 2781s mem 11.8G
proto256fq8 1899/3227 CF T=6393 2908s mem 11.8G
proto256fq8 1999/3227 CF T=2985 2977s mem 11.8G
proto256fq8 2099/3227 CF T=3295 3039s mem 11.8G
proto256fq8 2199/3227 CF T=270 3082s mem 11.8G
proto256fq8 2299/3227 CF T=2801 3120s mem 11.8G
proto256fq8 2399/3227 CF T=2618 3158s mem 11.8G
proto256fq8 2499/3227 CF T=2415 3190s mem 11.8G
proto256fq8 2599/3227 CF-probe T=3930 3243s mem 11.8G
proto256fq8 2699/3227 CF-probe T=4240 3310s mem 11.8G
proto256fq8 2799/3227 CF-probe T=2752 3375s mem 11.8G
proto256fq8 2899/3227 CF-probe T=1733 3436s mem 11.8G
proto256fq8 2999/3227 CF-probe T=3275 3492s mem 11.8G
proto256fq8 3099/3227 CF-probe T=2725 3548s mem 11.8G
proto256fq8 3199/3227 CF-probe T=1403 3591s mem 11.8G
config done proto256fq8 3604s
tc4rq8 99/3227 JB-all T=105 3712s mem 13.0G
tc4rq8 199/3227 JB-all T=235 3748s mem 13.6G
tc4rq8 299/3227 REAL-agree T=1735 3799s mem 13.6G
