Loading weights:   0%|          | 0/320 [00:00<?, ?it/s]Loading weights: 100%|██████████| 320/320 [00:00<00:00, 3885.73it/s]
calib seqs 64 tokens 145075
group [0, 1, 2, 3, 4, 5] 10s
group [6, 7, 8, 9, 10, 11] 21s
group [12, 13, 14, 15, 16, 17] 36s
group [18, 19, 20, 21, 22, 23] 53s
done
Loading weights:   0%|          | 0/320 [00:00<?, ?it/s]Loading weights: 100%|██████████| 320/320 [00:00<00:00, 3850.07it/s]
requests 256
tokens 436935 max T 2596
accumulators GB 6.325026816
grp 7 0/256 T=1711 1s mem 10.9G
grp 7 20/256 T=2206 12s mem 11.2G
grp 7 40/256 T=2521 19s mem 11.2G
grp 7 60/256 T=1695 25s mem 11.2G
grp 7 80/256 T=1836 35s mem 11.2G
grp 7 100/256 T=1798 45s mem 11.3G
grp 7 120/256 T=1812 52s mem 11.3G
grp 7 140/256 T=1900 62s mem 11.3G
grp 7 160/256 T=1919 70s mem 11.3G
grp 7 180/256 T=1899 78s mem 11.3G
grp 7 200/256 T=1776 85s mem 11.3G
grp 7 220/256 T=1976 96s mem 11.3G
grp 7 240/256 T=1863 104s mem 11.3G
accumulated 109s
21.Wd out s/q/all r90 96 2 2 in r90 107 2 2 112s
21.Wgu out s/q/all r90 514 3 3 in r90 383 3 3 126s
21.Win out s/q/all r90 87 14 15 in r90 74 16 18 132s
21.Wo out s/q/all r90 107 2 2 in r90 109 2 2 132s
22.Wd out s/q/all r90 29 2 2 in r90 32 2 2 135s
22.Wgu out s/q/all r90 17 2 2 in r90 20 2 2 150s
22.Win out s/q/all r90 98 7 7 in r90 79 9 9 155s
22.Wo out s/q/all r90 31 2 2 in r90 26 2 2 156s
23.Wd out s/q/all r90 0 2 2 in r90 0 2 2 159s
23.Wgu out s/q/all r90 0 2 2 in r90 0 2 2 173s
23.Win out s/q/all r90 46 2 2 in r90 30 2 2 175s
23.Wo out s/q/all r90 0 2 2 in r90 0 2 2 175s
done group 7 175s
Loading weights:   0%|          | 0/320 [00:00<?, ?it/s]Loading weights: 100%|██████████| 320/320 [00:00<00:00, 4110.75it/s]
requests 256
tokens 436935 max T 2596
accumulators GB 6.325026816
grp 6 0/256 T=1711 1s mem 11.3G
grp 6 20/256 T=2206 10s mem 12.0G
grp 6 40/256 T=2521 18s mem 12.0G
grp 6 60/256 T=1695 24s mem 12.0G
grp 6 80/256 T=1836 35s mem 12.0G
grp 6 100/256 T=1798 45s mem 12.0G
grp 6 120/256 T=1812 53s mem 12.0G
grp 6 140/256 T=1900 64s mem 12.1G
grp 6 160/256 T=1919 73s mem 12.1G
grp 6 180/256 T=1899 82s mem 12.1G
grp 6 200/256 T=1776 90s mem 12.1G
grp 6 220/256 T=1976 102s mem 12.1G
grp 6 240/256 T=1863 112s mem 12.1G
accumulated 117s
18.Wd out s/q/all r90 197 3 3 in r90 276 3 3 120s
18.Wgu out s/q/all r90 537 5 5 in r90 453 3 3 134s
18.Win out s/q/all r90 574 19 20 in r90 394 18 20 140s
18.Wo out s/q/all r90 213 3 3 in r90 202 3 3 140s
19.Wd out s/q/all r90 191 2 2 in r90 226 2 2 143s
19.Wgu out s/q/all r90 699 4 4 in r90 475 4 4 158s
19.Win out s/q/all r90 66 15 17 in r90 46 8 9 159s
19.Wo out s/q/all r90 213 2 2 in r90 233 2 2 160s
20.Wd out s/q/all r90 116 2 2 in r90 133 2 2 163s
20.Wgu out s/q/all r90 441 3 3 in r90 364 3 3 177s
20.Win out s/q/all r90 229 16 17 in r90 124 18 19 183s
20.Wo out s/q/all r90 128 2 2 in r90 120 2 2 183s
done group 6 183s
Loading weights:   0%|          | 0/320 [00:00<?, ?it/s]Loading weights: 100%|██████████| 320/320 [00:00<00:00, 4020.99it/s]
requests 256
tokens 436935 max T 2596
accumulators GB 6.325026816
grp 5 0/256 T=1711 1s mem 11.9G
grp 5 20/256 T=2206 10s mem 12.7G
grp 5 40/256 T=2521 19s mem 12.7G
grp 5 60/256 T=1695 26s mem 12.7G
grp 5 80/256 T=1836 38s mem 12.7G
grp 5 100/256 T=1798 50s mem 12.8G
grp 5 120/256 T=1812 59s mem 12.8G
grp 5 140/256 T=1900 70s mem 12.9G
grp 5 160/256 T=1919 85s mem 12.9G
grp 5 180/256 T=1899 102s mem 12.9G
grp 5 200/256 T=1776 116s mem 12.9G
grp 5 220/256 T=1976 137s mem 12.9G
grp 5 240/256 T=1863 154s mem 12.9G
accumulated 163s
15.Wd out s/q/all r90 459 9 10 in r90 512 7 8 168s
[W1007 03:30:27.589363053 CUDACachingAllocator.cpp:3934] memory allocation failed with OOM on device 0 while trying to allocate 2424307712 bytes (free: 1692532736, total: 23684841472).
[W1007 03:30:27.623477320 CUDACachingAllocator.cpp:3934] memory allocation failed with OOM on device 0 while trying to allocate 2424307712 bytes (free: 2296512512, total: 23684841472).
Traceback (most recent call last):
  File "/home/ubuntu/work/q1/q1spec.py", line 160, in <module>
    ev, V = torch.linalg.eigh(M)
            ^^^^^^^^^^^^^^^^^^^^
torch.OutOfMemoryError: CUDA out of memory. Tried to allocate 2.26 GiB. GPU 0 has a total capacity of 22.06 GiB of which 2.14 GiB is free. Including non-PyTorch memory, this process has 12.54 GiB memory in use. Process 10864 has 7.37 GiB memory in use. Of the allocated memory 10.37 GiB is allocated by PyTorch, and 1.84 GiB is reserved by PyTorch but unallocated. If reserved but unallocated memory is large try setting PYTORCH_CUDA_ALLOC_CONF=expandable_segments:True to avoid fragmentation.  See documentation for Memory Management  (https://docs.pytorch.org/docs/stable/notes/cuda.html#optimizing-memory-usage-with-pytorch-cuda-alloc-conf)
Loading weights:   0%|          | 0/320 [00:00<?, ?it/s]Loading weights: 100%|██████████| 320/320 [00:00<00:00, 4013.32it/s]
requests 256
tokens 436935 max T 2596
accumulators GB 6.656385024
grp 4 0/256 T=1711 1s mem 12.8G
grp 4 20/256 T=2206 11s mem 13.9G
grp 4 40/256 T=2521 21s mem 13.9G
grp 4 60/256 T=1695 29s mem 13.9G
grp 4 80/256 T=1836 43s mem 13.9G
grp 4 100/256 T=1798 55s mem 14.0G
grp 4 120/256 T=1812 65s mem 14.0G
grp 4 140/256 T=1900 78s mem 14.1G
grp 4 160/256 T=1919 89s mem 14.1G
grp 4 180/256 T=1899 100s mem 14.1G
grp 4 200/256 T=1776 110s mem 14.1G
grp 4 220/256 T=1976 125s mem 14.1G
grp 4 240/256 T=1863 137s mem 14.1G
accumulated 143s
12.Wd out s/q/all r90 300 212 229 in r90 140 99 105 146s
12.Wgu out s/q/all r90 1938 501 568 in r90 628 297 320 161s
12.Win out s/q/all r90 465 449 546 in r90 395 320 363 167s
12.Wo out s/q/all r90 569 278 303 in r90 124 52 55 167s
13.Wd out s/q/all r90 504 101 115 in r90 437 44 48 170s
13.Wgu out s/q/all r90 2993 121 131 in r90 847 63 66 185s
13.Win out s/q/all r90 126 276 291 in r90 162 225 237 191s
13.Wo out s/q/all r90 674 78 88 in r90 305 14 14 191s
14.Wd out s/q/all r90 204 37 43 in r90 259 22 24 194s
14.Wgu out s/q/all r90 977 49 53 in r90 569 38 40 208s
14.Win out s/q/all r90 570 227 258 in r90 402 178 195 214s
14.Wo out s/q/all r90 297 34 39 in r90 202 18 19 215s
done group 4 215s
Loading weights:   0%|          | 0/320 [00:00<?, ?it/s]Loading weights: 100%|██████████| 320/320 [00:00<00:00, 3998.80it/s]
requests 256
tokens 436935 max T 2596
accumulators GB 6.325026816
grp 3 0/256 T=1711 1s mem 13.0G
grp 3 20/256 T=2206 12s mem 14.4G
grp 3 40/256 T=2521 22s mem 14.4G
grp 3 60/256 T=1695 31s mem 14.4G
grp 3 80/256 T=1836 45s mem 14.4G
grp 3 100/256 T=1798 58s mem 14.4G
grp 3 120/256 T=1812 69s mem 14.4G
grp 3 140/256 T=1900 83s mem 14.5G
grp 3 160/256 T=1919 95s mem 14.5G
grp 3 180/256 T=1899 106s mem 14.5G
grp 3 200/256 T=1776 116s mem 14.5G
grp 3 220/256 T=1976 132s mem 14.5G
grp 3 240/256 T=1863 145s mem 14.5G
accumulated 152s
9.Wd out s/q/all r90 774 614 721 in r90 468 382 443 155s
9.Wgu out s/q/all r90 3606 1653 2485 in r90 861 641 749 171s
9.Win out s/q/all r90 1495 1031 1491 in r90 651 556 655 177s
9.Wo out s/q/all r90 959 692 825 in r90 342 248 285 177s
10.Wd out s/q/all r90 361 389 442 in r90 213 240 269 180s
10.Wgu out s/q/all r90 1522 734 1072 in r90 597 414 505 195s
10.Win out s/q/all r90 1352 936 1246 in r90 581 489 558 201s
10.Wo out s/q/all r90 598 505 595 in r90 215 202 228 201s
11.Wd out s/q/all r90 500 345 388 in r90 240 175 192 204s
11.Wgu out s/q/all r90 2516 797 1002 in r90 695 396 445 219s
11.Win out s/q/all r90 315 380 485 in r90 168 207 241 221s
11.Wo out s/q/all r90 710 393 449 in r90 177 114 124 221s
done group 3 221s
Loading weights:   0%|          | 0/320 [00:00<?, ?it/s]Loading weights: 100%|██████████| 320/320 [00:00<00:00, 3979.65it/s]
requests 256
tokens 436935 max T 2596
accumulators GB 6.325026816
grp 2 0/256 T=1711 1s mem 13.5G
grp 2 20/256 T=2206 13s mem 15.2G
grp 2 40/256 T=2521 24s mem 15.2G
grp 2 60/256 T=1695 33s mem 15.2G
grp 2 80/256 T=1836 48s mem 15.2G
grp 2 100/256 T=1798 63s mem 15.2G
grp 2 120/256 T=1812 74s mem 15.2G
grp 2 140/256 T=1900 89s mem 15.3G
grp 2 160/256 T=1919 102s mem 15.3G
grp 2 180/256 T=1899 114s mem 15.3G
grp 2 200/256 T=1776 125s mem 15.3G
grp 2 220/256 T=1976 142s mem 15.3G
grp 2 240/256 T=1863 156s mem 15.3G
accumulated 163s
6.Wd out s/q/all r90 1042 836 992 in r90 778 640 748 166s
6.Wgu out s/q/all r90 3275 1711 2639 in r90 1009 777 925 182s
6.Win out s/q/all r90 1709 1122 1551 in r90 727 597 695 188s
6.Wo out s/q/all r90 1094 851 1021 in r90 497 428 486 188s
7.Wd out s/q/all r90 1112 823 984 in r90 828 602 716 191s
7.Wgu out s/q/all r90 4273 2003 3060 in r90 1051 802 932 207s
7.Win out s/q/all r90 818 670 908 in r90 401 369 432 209s
7.Wo out s/q/all r90 1137 830 995 in r90 349 265 301 210s
8.Wd out s/q/all r90 941 735 873 in r90 670 528 620 212s
8.Wgu out s/q/all r90 4219 1894 3015 in r90 983 738 871 228s
8.Win out s/q/all r90 2111 1247 1722 in r90 789 615 712 234s
8.Wo out s/q/all r90 1053 773 935 in r90 457 351 407 235s
done group 2 235s
Loading weights:   0%|          | 0/320 [00:00<?, ?it/s]Loading weights: 100%|██████████| 320/320 [00:00<00:00, 3931.40it/s]
requests 256
tokens 436935 max T 2596
accumulators GB 6.325026816
grp 1 0/256 T=1711 1s mem 14.1G
grp 1 20/256 T=2206 14s mem 16.0G
grp 1 40/256 T=2521 25s mem 16.0G
grp 1 60/256 T=1695 35s mem 16.0G
grp 1 80/256 T=1836 52s mem 16.0G
grp 1 100/256 T=1798 67s mem 16.0G
grp 1 120/256 T=1812 79s mem 16.0G
grp 1 140/256 T=1900 96s mem 16.1G
grp 1 160/256 T=1919 109s mem 16.1G
grp 1 180/256 T=1899 122s mem 16.1G
grp 1 200/256 T=1776 134s mem 16.1G
grp 1 220/256 T=1976 152s mem 16.1G
grp 1 240/256 T=1863 167s mem 16.1G
accumulated 175s
3.Wd out s/q/all r90 1266 957 1156 in r90 1013 777 928 178s
3.Wgu out s/q/all r90 4388 2232 3534 in r90 1177 925 1092 194s
3.Win out s/q/all r90 1083 813 1085 in r90 639 517 627 196s
3.Wo out s/q/all r90 1263 957 1158 in r90 611 496 574 196s
4.Wd out s/q/all r90 1232 927 1116 in r90 999 759 906 199s
4.Wgu out s/q/all r90 4043 2090 3221 in r90 1160 904 1066 215s
4.Win out s/q/all r90 2089 1239 1840 in r90 881 682 829 221s
4.Wo out s/q/all r90 1237 926 1117 in r90 584 453 529 222s
5.Wd out s/q/all r90 1196 922 1101 in r90 919 725 855 225s
5.Wgu out s/q/all r90 3660 1971 2962 in r90 1087 856 1002 241s
5.Win out s/q/all r90 1893 1060 1548 in r90 879 651 793 247s
5.Wo out s/q/all r90 1198 909 1089 in r90 594 463 541 247s
done group 1 247s
Loading weights:   0%|          | 0/320 [00:00<?, ?it/s]Loading weights: 100%|██████████| 320/320 [00:00<00:00, 4139.29it/s]
requests 256
tokens 436935 max T 2596
accumulators GB 6.656385024
grp 0 0/256 T=1711 1s mem 15.0G
grp 0 20/256 T=2206 15s mem 17.2G
grp 0 40/256 T=2521 27s mem 17.3G
grp 0 60/256 T=1695 38s mem 17.3G
grp 0 80/256 T=1836 56s mem 17.3G
grp 0 100/256 T=1798 73s mem 17.3G
grp 0 120/256 T=1812 86s mem 17.3G
grp 0 140/256 T=1900 103s mem 17.3G
grp 0 160/256 T=1919 118s mem 17.3G
grp 0 180/256 T=1899 133s mem 17.3G
grp 0 200/256 T=1776 145s mem 17.3G
grp 0 220/256 T=1976 165s mem 17.3G
grp 0 240/256 T=1863 182s mem 17.3G
accumulated 190s
0.Wd out s/q/all r90 1361 1095 1314 in r90 1143 942 1116 193s
0.Wgu out s/q/all r90 5861 2965 5115 in r90 1247 1022 1208 209s
0.Win out s/q/all r90 1837 1125 1644 in r90 823 652 808 215s
0.Wo out s/q/all r90 1368 1112 1332 in r90 987 831 976 215s
1.Wd out s/q/all r90 1293 1001 1223 in r90 1027 824 989 218s
1.Wgu out s/q/all r90 5818 2847 4914 in r90 1257 1006 1197 234s
1.Win out s/q/all r90 3018 1707 2750 in r90 1000 812 990 240s
1.Wo out s/q/all r90 1366 1072 1298 in r90 686 557 656 241s
2.Wd out s/q/all r90 1225 946 1146 in r90 1039 817 977 244s
2.Wgu out s/q/all r90 4643 2268 3740 in r90 1237 966 1155 260s
2.Win out s/q/all r90 2315 1327 2041 in r90 842 649 804 266s
2.Wo out s/q/all r90 1279 975 1196 in r90 610 503 587 266s
done group 0 266s
Loading weights:   0%|          | 0/320 [00:00<?, ?it/s]Loading weights: 100%|██████████| 320/320 [00:00<00:00, 3960.29it/s]
requests 64
tokens 112509 max T 2507
Traceback (most recent call last):
  File "/home/ubuntu/work/q1/q1spec.py", line 183, in <module>
    sv = torch.load(f'{a.out}/L{i}_{k}.pt')
         ^^^^^^^^^^^^^^^^^^^^^^^^^^^^^^^^^^
  File "/home/ubuntu/venv/lib/python3.12/site-packages/torch/serialization.py", line 1565, in load
    with _open_file_like(f, "rb") as opened_file:
         ^^^^^^^^^^^^^^^^^^^^^^^^
  File "/home/ubuntu/venv/lib/python3.12/site-packages/torch/serialization.py", line 795, in _open_file_like
    return _open_file(name_or_buffer, mode)
           ^^^^^^^^^^^^^^^^^^^^^^^^^^^^^^^^
  File "/home/ubuntu/venv/lib/python3.12/site-packages/torch/serialization.py", line 776, in __init__
    super().__init__(open(name, mode))  # noqa: SIM115
                     ^^^^^^^^^^^^^^^^
FileNotFoundError: [Errno 2] No such file or directory: '/home/ubuntu/work/q1/spec/L15_Win.pt'
CHAIN_SPEC_DONE
