Loading weights:   0%|          | 0/320 [00:00<?, ?it/s]Loading weights: 100%|██████████| 320/320 [00:00<00:00, 4366.49it/s]
0 2475 JB-all 133 1s 178 tok/s mem 6.7G
10 2475 JB-all 117 2s 651 tok/s mem 6.7G
20 2475 JB-all 95 3s 701 tok/s mem 6.7G
30 2475 JB-all 84 5s 697 tok/s mem 6.7G
40 2475 JB-all 122 6s 718 tok/s mem 6.7G
50 2475 JB-all 114 8s 757 tok/s mem 6.7G
60 2475 JB-all 113 9s 774 tok/s mem 6.7G
70 2475 JB-all 111 10s 780 tok/s mem 6.7G
80 2475 JB-all 137 12s 800 tok/s mem 6.7G
90 2475 JB-all 105 13s 805 tok/s mem 6.7G
100 2475 JB-all 107 14s 800 tok/s mem 6.7G
110 2475 JB-all 144 16s 805 tok/s mem 6.7G
120 2475 JB-all 3936 18s 1008 tok/s mem 6.7G
130 2475 JB-all 1221 22s 1755 tok/s mem 6.7G
140 2475 JB-all 638 23s 1897 tok/s mem 6.7G
150 2475 JB-all 503 26s 2300 tok/s mem 6.7G
160 2475 JB-all 3588 29s 2493 tok/s mem 6.7G
170 2475 JB-all 789 33s 2877 tok/s mem 6.7G
180 2475 JB-all 2717 35s 2922 tok/s mem 6.7G
190 2475 JB-all 358 39s 3137 tok/s mem 6.7G
200 2475 JB-all 254 40s 3094 tok/s mem 6.7G
210 2475 JB-all 318 43s 3178 tok/s mem 6.7G
220 2475 JB-all 337 44s 3151 tok/s mem 6.7G
230 2475 JB-all 2602 47s 3239 tok/s mem 6.7G
240 2475 CF-probe 1403 51s 3418 tok/s mem 6.7G
250 2475 CF-probe 4274 57s 3641 tok/s mem 6.7G
260 2475 CF-probe 3954 63s 3826 tok/s mem 6.7G
270 2475 CF-probe 4220 68s 3940 tok/s mem 6.7G
280 2475 CF-probe 3086 75s 4087 tok/s mem 6.7G
290 2475 CF-probe 3485 80s 4192 tok/s mem 6.7G
300 2475 CF-probe 2794 87s 4301 tok/s mem 6.7G
310 2475 CF-probe 3268 93s 4382 tok/s mem 6.7G
320 2475 CF-probe 3664 97s 4434 tok/s mem 6.7G
330 2475 CF-probe 3454 103s 4500 tok/s mem 6.7G
340 2475 CF-probe 3447 109s 4558 tok/s mem 6.7G
350 2475 CF-probe 1973 114s 4608 tok/s mem 6.7G
360 2475 CF-probe 2683 120s 4654 tok/s mem 6.7G
370 2475 CF-probe 4071 126s 4702 tok/s mem 6.7G
380 2475 CF-probe 1859 131s 4736 tok/s mem 6.7G
390 2475 CF-probe 3488 138s 4782 tok/s mem 6.7G
400 2475 CF-probe 3686 143s 4808 tok/s mem 6.7G
410 2475 CF-probe 2903 149s 4838 tok/s mem 6.7G
420 2475 CF-probe 3228 155s 4863 tok/s mem 6.7G
430 2475 CF-probe 3774 160s 4885 tok/s mem 6.7G
440 2475 CF-probe 3836 165s 4908 tok/s mem 6.7G
450 2475 CF-probe 2368 169s 4922 tok/s mem 6.7G
460 2475 CF-probe 2922 174s 4940 tok/s mem 6.7G
470 2475 CF-probe 2752 181s 4934 tok/s mem 6.7G
480 2475 CF-probe 1078 186s 4938 tok/s mem 6.7G
490 2475 CF-probe 3609 192s 4952 tok/s mem 6.7G
500 2475 CF-probe 2526 198s 4956 tok/s mem 6.7G
510 2475 CF-probe 3416 203s 4960 tok/s mem 6.7G
520 2475 CF-probe 1963 207s 4972 tok/s mem 6.7G
530 2475 CF-probe 3307 213s 4987 tok/s mem 6.7G
540 2475 CF-probe 3528 218s 5000 tok/s mem 6.7G
550 2475 CF-probe 3352 223s 5011 tok/s mem 6.7G
560 2475 CF-probe 3554 228s 5024 tok/s mem 6.7G
570 2475 CF-probe 1690 233s 5035 tok/s mem 6.7G
580 2475 CF-probe 2026 238s 5044 tok/s mem 6.7G
590 2475 CF-probe 1487 243s 5052 tok/s mem 6.7G
600 2475 CF-probe 1606 247s 5051 tok/s mem 6.7G
610 2475 CF-probe 2562 252s 5060 tok/s mem 6.7G
620 2475 CF-probe 2996 258s 5068 tok/s mem 6.7G
630 2475 CF-probe 1860 263s 5064 tok/s mem 6.7G
640 2475 CF-probe 3201 267s 5072 tok/s mem 6.7G
650 2475 CF-probe 3300 273s 5082 tok/s mem 6.7G
660 2475 CF-probe 3197 278s 5090 tok/s mem 6.7G
670 2475 CF-probe 3180 283s 5099 tok/s mem 6.7G
680 2475 CF-probe 1775 289s 5106 tok/s mem 6.7G
690 2475 CF-probe 2938 294s 5113 tok/s mem 6.7G
700 2475 CF-probe 2948 300s 5121 tok/s mem 6.7G
710 2475 CF-probe 2684 305s 5127 tok/s mem 6.7G
720 2475 CF-probe 1152 308s 5125 tok/s mem 6.7G
730 2475 CF-probe 3233 312s 5128 tok/s mem 6.7G
740 2475 CF-probe 2680 317s 5131 tok/s mem 6.7G
750 2475 CF-probe 2893 320s 5131 tok/s mem 6.7G
760 2475 CF-probe 2102 325s 5127 tok/s mem 6.7G
770 2475 CF-probe 2161 329s 5131 tok/s mem 6.7G
780 2475 CF-probe 1923 334s 5135 tok/s mem 6.7G
790 2475 CF-probe 2787 336s 5132 tok/s mem 6.7G
800 2475 CF-probe 2529 341s 5127 tok/s mem 6.7G
810 2475 CF-probe 1875 347s 5093 tok/s mem 6.7G
820 2475 CF-probe 841 354s 5043 tok/s mem 6.7G
830 2475 CF-probe 3081 361s 4996 tok/s mem 6.7G
840 2475 CF-probe 2477 365s 5000 tok/s mem 6.7G
850 2475 CF-probe 2990 368s 5002 tok/s mem 6.7G
860 2475 CF-probe 2281 372s 5008 tok/s mem 6.7G
870 2475 CF-probe 2814 376s 5012 tok/s mem 6.7G
880 2475 CF 6564 387s 5033 tok/s mem 6.7G
890 2475 CF 4772 397s 5051 tok/s mem 6.7G
900 2475 CF 6685 408s 5069 tok/s mem 6.7G
910 2475 CF 6606 419s 5086 tok/s mem 6.7G
920 2475 CF 6175 439s 4999 tok/s mem 6.7G
930 2475 CF 6378 463s 4874 tok/s mem 6.7G
940 2475 CF 5802 486s 4762 tok/s mem 6.7G
950 2475 CF 5872 509s 4664 tok/s mem 6.7G
960 2475 CF 5969 532s 4572 tok/s mem 6.7G
970 2475 CF 4440 556s 4485 tok/s mem 6.7G
980 2475 CF 6362 581s 4404 tok/s mem 6.7G
990 2475 CF 6966 606s 4328 tok/s mem 6.7G
1000 2475 CF 6651 631s 4257 tok/s mem 6.7G
1010 2475 CF 6092 657s 4191 tok/s mem 6.7G
1020 2475 CF 1317 666s 4164 tok/s mem 6.7G
1030 2475 CF 3692 675s 4140 tok/s mem 6.7G
1040 2475 CF 880 683s 4119 tok/s mem 6.7G
1050 2475 CF 1411 693s 4093 tok/s mem 6.7G
1060 2475 CF 1027 698s 4078 tok/s mem 6.7G
1070 2475 CF 829 707s 4055 tok/s mem 6.7G
1080 2475 CF 4426 718s 4030 tok/s mem 6.7G
1090 2475 CF 4190 733s 3999 tok/s mem 6.7G
1100 2475 CF 2879 746s 3972 tok/s mem 6.7G
1110 2475 CF 1905 760s 3939 tok/s mem 6.7G
1120 2475 CF 2922 772s 3913 tok/s mem 6.7G
1130 2475 CF 2544 783s 3891 tok/s mem 6.7G
1140 2475 CF 2899 795s 3869 tok/s mem 6.7G
1150 2475 CF 3095 807s 3848 tok/s mem 6.7G
1160 2475 CF 3138 819s 3827 tok/s mem 6.7G
1170 2475 CF 2899 831s 3807 tok/s mem 6.7G
1180 2475 CF 3023 843s 3787 tok/s mem 6.7G
1190 2475 CF 3143 855s 3768 tok/s mem 6.7G
1200 2475 CF 2794 867s 3749 tok/s mem 6.7G
1210 2475 CF 2656 880s 3730 tok/s mem 6.7G
1220 2475 CF 2187 891s 3714 tok/s mem 6.7G
1230 2475 CF 1532 899s 3701 tok/s mem 6.7G
1240 2475 CF 2161 904s 3692 tok/s mem 6.7G
1250 2475 CF 2742 910s 3682 tok/s mem 6.7G
1260 2475 CF 344 916s 3672 tok/s mem 6.7G
1270 2475 CF 2063 925s 3659 tok/s mem 6.7G
1280 2475 CF 253 929s 3652 tok/s mem 6.7G
1290 2475 CF 391 935s 3642 tok/s mem 6.7G
1300 2475 CF 2839 943s 3630 tok/s mem 6.7G
1310 2475 CF 1944 950s 3620 tok/s mem 6.7G
1320 2475 CF 2329 955s 3612 tok/s mem 6.7G
1330 2475 CF 2134 962s 3602 tok/s mem 6.7G
1340 2475 CF 2152 969s 3593 tok/s mem 6.7G
1350 2475 CF 2876 977s 3583 tok/s mem 6.7G
1360 2475 CF 2070 985s 3572 tok/s mem 6.7G
1370 2475 CF 880 991s 3563 tok/s mem 6.7G
1380 2475 CF 1363 1000s 3553 tok/s mem 6.7G
1390 2475 CF 1332 1008s 3542 tok/s mem 6.7G
1400 2475 CF 3047 1018s 3531 tok/s mem 6.7G
1410 2475 CF 2297 1027s 3521 tok/s mem 6.7G
1420 2475 CF 2547 1033s 3513 tok/s mem 6.7G
1430 2475 CF 2559 1040s 3505 tok/s mem 6.7G
1440 2475 CF 2496 1045s 3498 tok/s mem 6.7G
1450 2475 CF 2695 1053s 3489 tok/s mem 6.7G
1460 2475 CF 2444 1063s 3479 tok/s mem 6.7G
1470 2475 CF 1620 1070s 3470 tok/s mem 6.7G
1480 2475 CF 303 1076s 3463 tok/s mem 6.7G
1490 2475 CF 247 1083s 3455 tok/s mem 6.7G
1500 2475 CF 803 1088s 3449 tok/s mem 6.7G
1510 2475 CF 231 1097s 3440 tok/s mem 6.7G
1520 2475 CF 647 1101s 3435 tok/s mem 6.7G
1530 2475 CF 621 1105s 3429 tok/s mem 6.7G
1540 2475 CF 314 1112s 3422 tok/s mem 6.7G
1550 2475 CF 504 1115s 3416 tok/s mem 6.7G
1560 2475 CF 957 1121s 3410 tok/s mem 6.7G
1570 2475 CF 1171 1130s 3402 tok/s mem 6.7G
1580 2475 CF 2466 1139s 3393 tok/s mem 6.7G
1590 2475 CF 2714 1146s 3386 tok/s mem 6.7G
1600 2475 CF 2299 1151s 3381 tok/s mem 6.7G
1610 2475 CF 4750 1163s 3370 tok/s mem 6.7G
1620 2475 CF 2791 1178s 3355 tok/s mem 6.7G
1630 2475 CF 2878 1191s 3342 tok/s mem 6.7G
1640 2475 CF 4541 1206s 3328 tok/s mem 6.7G
1650 2475 CF 1813 1219s 3315 tok/s mem 6.7G
1660 2475 CF 1947 1231s 3304 tok/s mem 6.7G
1670 2475 CF 1796 1243s 3292 tok/s mem 6.7G
1680 2475 LONG 4484 1265s 3279 tok/s mem 6.7G
1690 2475 LONG 7189 1290s 3265 tok/s mem 6.7G
1700 2475 LONG 6547 1313s 3252 tok/s mem 6.7G
1710 2475 LONG 5405 1339s 3239 tok/s mem 6.7G
1720 2475 LONG 5667 1361s 3228 tok/s mem 6.7G
1730 2475 LONG 4616 1384s 3217 tok/s mem 6.7G
1740 2475 LONG 6275 1406s 3205 tok/s mem 6.7G
1750 2475 LONG 4720 1428s 3194 tok/s mem 6.7G
1760 2475 LONG 6028 1450s 3183 tok/s mem 6.7G
1770 2475 LONG 4734 1472s 3171 tok/s mem 6.7G
1780 2475 LONG 5119 1495s 3160 tok/s mem 6.7G
1790 2475 LONG 5826 1516s 3150 tok/s mem 6.7G
1800 2475 LONG 5808 1538s 3140 tok/s mem 6.7G
1810 2475 LONG 5738 1559s 3130 tok/s mem 6.7G
1820 2475 LONG 5692 1582s 3120 tok/s mem 6.7G
1830 2475 LONG 7205 1606s 3110 tok/s mem 6.7G
1840 2475 REAL-agree 1993 1628s 3102 tok/s mem 6.7G
1850 2475 REAL-agree 3218 1637s 3098 tok/s mem 6.7G
1860 2475 REAL-agree 1803 1647s 3094 tok/s mem 6.7G
1870 2475 REAL-agree 1997 1656s 3090 tok/s mem 6.7G
1880 2475 REAL-agree 434 1663s 3086 tok/s mem 6.7G
1890 2475 REAL-agree 1707 1675s 3082 tok/s mem 6.7G
1900 2475 REAL-agree 1807 1684s 3078 tok/s mem 6.7G
1910 2475 REAL-agree 2803 1692s 3073 tok/s mem 6.7G
1920 2475 REAL-agree 2954 1705s 3067 tok/s mem 6.7G
1930 2475 REAL-agree 2024 1715s 3062 tok/s mem 6.7G
1940 2475 REAL-agree 3010 1725s 3057 tok/s mem 6.7G
1950 2475 REAL-agree 2049 1737s 3051 tok/s mem 6.7G
1960 2475 REAL-agree 4180 1750s 3045 tok/s mem 6.7G
1970 2475 REAL-agree 1443 1760s 3040 tok/s mem 6.7G
1980 2475 REAL-agree 4859 1771s 3035 tok/s mem 6.7G
1990 2475 REAL-agree 2901 1783s 3030 tok/s mem 6.7G
2000 2475 REAL-agree 1982 1793s 3025 tok/s mem 6.7G
2010 2475 REAL-agree 2962 1805s 3020 tok/s mem 6.7G
2020 2475 REAL-agree 2801 1817s 3014 tok/s mem 6.7G
2030 2475 REAL-agree 2495 1828s 3009 tok/s mem 6.7G
2040 2475 REAL-agree 3858 1838s 3004 tok/s mem 6.7G
2050 2475 REAL-agree 3317 1854s 2998 tok/s mem 6.7G
2060 2475 REAL-agree 4038 1866s 2995 tok/s mem 6.7G
2070 2475 REAL-agree 1864 1871s 3000 tok/s mem 6.7G
2080 2475 REAL-agree 1720 1877s 3007 tok/s mem 6.7G
2090 2475 REAL-agree 707 1881s 3008 tok/s mem 6.7G
2100 2475 REAL-agree 3138 1890s 3005 tok/s mem 6.7G
2110 2475 REAL-agree 3257 1901s 3002 tok/s mem 6.7G
2120 2475 REAL-agree 3234 1912s 2999 tok/s mem 6.7G
2130 2475 REAL-agree 3053 1923s 2996 tok/s mem 6.7G
2140 2475 REAL-agree 2566 1933s 2993 tok/s mem 6.7G
2150 2475 REAL-agree 3003 1944s 2990 tok/s mem 6.7G
2160 2475 REAL-agree 2299 1953s 2987 tok/s mem 6.7G
2170 2475 REAL-agree 2898 1963s 2985 tok/s mem 6.7G
2180 2475 REAL-agree 2998 1974s 2982 tok/s mem 6.7G
2190 2475 REAL-agree 1686 1984s 2979 tok/s mem 6.7G
2200 2475 REAL-agree 1631 1992s 2977 tok/s mem 6.7G
2210 2475 REAL-agree 1755 2001s 2974 tok/s mem 6.7G
2220 2475 REAL-agree 1792 2008s 2972 tok/s mem 6.7G
2230 2475 REAL-agree 1742 2018s 2970 tok/s mem 6.7G
2240 2475 REAL-agree 1725 2027s 2967 tok/s mem 6.7G
2250 2475 REAL-agree 1784 2033s 2965 tok/s mem 6.7G
2260 2475 REAL-agree 1761 2043s 2963 tok/s mem 6.7G
2270 2475 REAL-agree 1844 2051s 2961 tok/s mem 6.7G
2280 2475 REAL-agree 3281 2062s 2958 tok/s mem 6.7G
2290 2475 REAL-agree 1919 2071s 2955 tok/s mem 6.7G
2300 2475 REAL-agree 1835 2082s 2952 tok/s mem 6.7G
2310 2475 REAL-agree 2156 2092s 2949 tok/s mem 6.7G
2320 2475 REAL-agree 1886 2101s 2947 tok/s mem 6.7G
2330 2475 REAL-agree 3628 2107s 2950 tok/s mem 6.7G
2340 2475 REAL-agree 3024 2113s 2956 tok/s mem 6.7G
2350 2475 REAL-agree 3858 2123s 2959 tok/s mem 6.7G
2360 2475 REAL-agree 3418 2134s 2956 tok/s mem 6.7G
2370 2475 REAL-agree 1565 2144s 2954 tok/s mem 6.7G
2380 2475 REAL-agree 3754 2156s 2951 tok/s mem 6.7G
2390 2475 REAL-agree 1838 2165s 2949 tok/s mem 6.7G
2400 2475 REAL-agree 3100 2174s 2947 tok/s mem 6.7G
2410 2475 REAL-agree 2113 2183s 2944 tok/s mem 6.7G
2420 2475 REAL-agree 2292 2193s 2942 tok/s mem 6.7G
2430 2475 REAL-agree 1840 2203s 2940 tok/s mem 6.7G
2440 2475 REAL-agree 1575 2209s 2938 tok/s mem 6.7G
2450 2475 REAL-agree 2248 2218s 2936 tok/s mem 6.7G
2460 2475 REAL-agree 1710 2230s 2933 tok/s mem 6.7G
2470 2475 REAL-agree 2393 2238s 2931 tok/s mem 6.7G
done
