/home/ubuntu/work/h3/pretrain_tiny.py:182: UserWarning: Converting a tensor with requires_grad=True to a scalar may lead to unexpected behavior.
Consider using tensor.detach() first. (Triggered internally at /__w/pytorch/pytorch/torch/csrc/autograd/generated/python_variable_methods.cpp:820.)
  r = dict(step=s, loss=round(float(loss), 4), t=round(time.time() - t0)); print(json.dumps(r), flush=True); log.write(json.dumps(r) + '\n'); log.flush()
{"step": 1, "loss": 9.7069, "t": 1}
{"step": 100, "loss": 4.9194, "t": 77}
{"step": 200, "loss": 2.8826, "t": 153}
{"step": 300, "loss": 1.8001, "t": 229}
{"step": 400, "loss": 1.5004, "t": 305}
{"step": 500, "loss": 1.5116, "t": 381}
{"step": 600, "loss": 1.1924, "t": 458}
{"step": 700, "loss": 1.1471, "t": 533}
{"step": 800, "loss": 0.9156, "t": 610}
{"step": 900, "loss": 0.9166, "t": 686}
{"step": 1000, "loss": 0.9838, "t": 761}
{"step": 1100, "loss": 0.8414, "t": 837}
{"step": 1200, "loss": 0.8601, "t": 912}
{"step": 1300, "loss": 0.8445, "t": 988}
{"step": 1400, "loss": 0.8536, "t": 1064}
{"step": 1500, "loss": 0.9819, "t": 1140}
{"step": 1600, "loss": 0.5636, "t": 1216}
{"step": 1700, "loss": 0.6573, "t": 1292}
{"step": 1800, "loss": 0.6579, "t": 1368}
{"step": 1900, "loss": 0.4643, "t": 1444}
{"step": 2000, "loss": 0.5225, "t": 1520}
done 1520.6207339763641
