/home/ubuntu/work/h3/pretrain_tiny.py:182: UserWarning: Converting a tensor with requires_grad=True to a scalar may lead to unexpected behavior.
Consider using tensor.detach() first. (Triggered internally at /__w/pytorch/pytorch/torch/csrc/autograd/generated/python_variable_methods.cpp:820.)
  r = dict(step=s, loss=round(float(loss), 4), t=round(time.time() - t0)); print(json.dumps(r), flush=True); log.write(json.dumps(r) + '\n'); log.flush()
{"step": 1, "loss": 9.7865, "t": 1}
{"step": 100, "loss": 3.9137, "t": 38}
{"step": 200, "loss": 1.965, "t": 76}
{"step": 300, "loss": 1.1792, "t": 114}
{"step": 400, "loss": 1.1012, "t": 151}
{"step": 500, "loss": 1.2192, "t": 190}
{"step": 600, "loss": 0.9873, "t": 228}
{"step": 700, "loss": 0.9667, "t": 266}
{"step": 800, "loss": 0.7086, "t": 304}
{"step": 900, "loss": 0.7321, "t": 342}
{"step": 1000, "loss": 0.8287, "t": 381}
{"step": 1100, "loss": 0.6842, "t": 419}
{"step": 1200, "loss": 0.6849, "t": 457}
{"step": 1300, "loss": 0.7399, "t": 495}
{"step": 1400, "loss": 0.7156, "t": 533}
{"step": 1500, "loss": 0.8854, "t": 572}
{"step": 1600, "loss": 0.4653, "t": 610}
{"step": 1700, "loss": 0.5358, "t": 648}
{"step": 1800, "loss": 0.5747, "t": 686}
{"step": 1900, "loss": 0.3294, "t": 724}
{"step": 2000, "loss": 0.4335, "t": 763}
done 763.3704490661621
