pool 12422 v5 4018
Loading weights:   0%|          | 0/320 [00:00<?, ?it/s]Loading weights: 100%|██████████| 320/320 [00:00<00:00, 3711.73it/s]
hyp head tau 7.3024052062685465
/home/ubuntu/work/h3/train_h3.py:109: UserWarning: Converting a tensor with requires_grad=True to a scalar may lead to unexpected behavior.
Consider using tensor.detach() first. (Triggered internally at /__w/pytorch/pytorch/torch/csrc/autograd/generated/python_variable_methods.cpp:820.)
  lsum['kl_' + kind] += float(kl); lcnt['kl_' + kind] += 1; lsum['hid'] += float(hl); lcnt['hid'] += 1
{"step": 1, "t": 2, "mem": 7.5, "T": 3179, "lr": 5.555555555555556e-06, "kl_real": 0.20766, "hid": 0.0, "flip": 0.0, "tau": 7.302}
{"step": 25, "t": 17, "mem": 7.5, "T": 3044, "lr": 3.887929422933367e-05, "kl_real": 0.09028, "hid": 0.00013, "flip": 0.0, "kl_v5": 0.01143, "tau": 7.296}
{"step": 50, "t": 37, "mem": 7.5, "T": 3062, "lr": 7.215096519324315e-05, "kl_real": 0.0704, "hid": 0.00094, "flip": 0.16, "kl_v5": 0.01614, "tau": 7.301}
{"step": 75, "t": 55, "mem": 7.5, "T": 101, "lr": 9.977809823015401e-05, "kl_real": 0.06027, "hid": 0.00254, "flip": 0.12, "kl_v5": 0.00546, "tau": 7.305}
{"step": 100, "t": 75, "mem": 7.5, "T": 2132, "lr": 9.957224306869053e-05, "kl_real": 0.06998, "hid": 0.0038, "flip": 0.24, "kl_v5": 0.00998, "tau": 7.31}
{"step": 125, "t": 92, "mem": 7.5, "T": 2041, "lr": 9.934278582034037e-05, "kl_real": 0.04814, "hid": 0.00304, "flip": 0.04, "kl_v5": 0.01157, "tau": 7.311}
{"step": 150, "t": 111, "mem": 7.5, "T": 120, "lr": 9.906463319961225e-05, "kl_real": 0.06923, "hid": 0.00354, "flip": 0.04, "kl_v5": 0.01032, "tau": 7.317}
{"step": 175, "t": 130, "mem": 7.5, "T": 113, "lr": 9.87380597095611e-05, "kl_real": 0.03629, "hid": 0.00364, "flip": 0.0, "kl_v5": 0.01027, "tau": 7.316}
{"step": 200, "t": 147, "mem": 7.5, "T": 190, "lr": 9.829629131445342e-05, "kl_real": 0.10608, "hid": 0.00346, "flip": 0.12, "kl_v5": 0.00811, "tau": 7.323}
{"step": 225, "t": 164, "mem": 7.5, "T": 1791, "lr": 9.786597487660337e-05, "kl_v5": 0.00289, "hid": 0.00319, "flip": 0.2, "kl_real": 0.06713, "tau": 7.32}
{"step": 250, "t": 181, "mem": 7.5, "T": 1851, "lr": 9.73884205004793e-05, "kl_real": 0.05953, "hid": 0.00328, "flip": 0.16, "kl_v5": 0.01256, "tau": 7.325}
{"step": 275, "t": 198, "mem": 7.5, "T": 1796, "lr": 9.686409947459458e-05, "kl_real": 0.09084, "hid": 0.0038, "flip": 0.08, "kl_v5": 0.04345, "tau": 7.327}
{"step": 300, "t": 216, "mem": 7.5, "T": 177, "lr": 9.619397662556435e-05, "kl_v5": 0.02577, "hid": 0.00327, "flip": 0.08, "kl_real": 0.05222, "tau": 7.327}
{"step": 325, "t": 232, "mem": 7.5, "T": 1849, "lr": 9.557016383177227e-05, "kl_real": 0.06122, "hid": 0.00289, "flip": 0.08, "kl_v5": 0.01648, "tau": 7.333}
{"step": 350, "t": 251, "mem": 7.5, "T": 2147, "lr": 9.490137878803079e-05, "kl_real": 0.06081, "hid": 0.00414, "flip": 0.12, "kl_v5": 0.00454, "tau": 7.332}
{"step": 375, "t": 270, "mem": 7.5, "T": 1804, "lr": 9.418828150443469e-05, "kl_real": 0.06929, "hid": 0.00428, "flip": 0.16, "kl_v5": 0.00633, "tau": 7.338}
{"step": 400, "t": 290, "mem": 7.5, "T": 1520, "lr": 9.330127018922194e-05, "kl_real": 0.04446, "hid": 0.00523, "flip": 0.08, "kl_v5": 0.00198, "tau": 7.338}
{"step": 425, "t": 308, "mem": 7.5, "T": 2200, "lr": 9.249463464934321e-05, "kl_real": 0.02353, "hid": 0.00428, "flip": 0.04, "kl_v5": 0.05271, "tau": 7.338}
{"step": 450, "t": 324, "mem": 7.5, "T": 2142, "lr": 9.164606203550497e-05, "kl_real": 0.09726, "hid": 0.00396, "flip": 0.08, "kl_v5": 0.01365, "tau": 7.343}
{"step": 475, "t": 342, "mem": 7.5, "T": 2173, "lr": 9.075638978642771e-05, "kl_real": 0.02785, "hid": 0.00419, "flip": 0.0, "kl_v5": 0.00743, "tau": 7.344}
{"step": 500, "t": 360, "mem": 7.5, "T": 3249, "lr": 8.966766701456177e-05, "kl_v5": 0.01367, "hid": 0.00395, "flip": 0.2, "kl_real": 0.04687, "tau": 7.341}
{"step": 525, "t": 377, "mem": 7.5, "T": 350, "lr": 8.869201048632532e-05, "kl_real": 0.07564, "hid": 0.004, "flip": 0.12, "kl_v5": 0.02403, "tau": 7.349}
{"step": 550, "t": 395, "mem": 7.5, "T": 83, "lr": 8.76781696150819e-05, "kl_real": 0.06643, "hid": 0.00418, "flip": 0.08, "kl_v5": 0.08149, "tau": 7.348}
{"step": 575, "t": 416, "mem": 7.5, "T": 2156, "lr": 8.662714493936895e-05, "kl_real": 0.04632, "hid": 0.00467, "flip": 0.12, "kl_v5": 0.01131, "tau": 7.353}
{"step": 600, "t": 433, "mem": 7.5, "T": 1711, "lr": 8.535533905932738e-05, "kl_v5": 0.0104, "hid": 0.00503, "flip": 0.0, "kl_real": 0.02116, "tau": 7.36}
{"step": 625, "t": 451, "mem": 7.5, "T": 104, "lr": 8.422735529643444e-05, "kl_v5": 0.01524, "hid": 0.00547, "flip": 0.08, "kl_real": 0.05683, "tau": 7.348}
{"step": 650, "t": 470, "mem": 7.5, "T": 2937, "lr": 8.306559326618259e-05, "kl_real": 0.03402, "hid": 0.00495, "flip": 0.16, "kl_v5": 0.02909, "tau": 7.355}
{"step": 675, "t": 487, "mem": 7.5, "T": 2140, "lr": 8.18711994874345e-05, "kl_real": 0.03183, "hid": 0.00446, "flip": 0.04, "kl_v5": 0.0091, "tau": 7.365}
{"step": 700, "t": 507, "mem": 7.5, "T": 174, "lr": 8.043807145043604e-05, "kl_real": 0.03651, "hid": 0.00437, "flip": 0.04, "kl_v5": 0.01556, "tau": 7.357}
{"step": 725, "t": 526, "mem": 7.5, "T": 2276, "lr": 7.917706056780587e-05, "kl_v5": 0.01224, "hid": 0.00435, "flip": 0.08, "kl_real": 0.04952, "tau": 7.365}
{"step": 750, "t": 545, "mem": 7.5, "T": 2153, "lr": 7.788725544898452e-05, "kl_real": 0.02818, "hid": 0.0048, "flip": 0.08, "kl_v5": 0.0045, "tau": 7.369}
{"step": 775, "t": 563, "mem": 7.5, "T": 269, "lr": 7.656992897590414e-05, "kl_real": 0.02473, "hid": 0.00374, "flip": 0.04, "kl_v5": 0.00464, "tau": 7.362}
{"step": 800, "t": 583, "mem": 7.5, "T": 86, "lr": 7.500000000000001e-05, "kl_real": 0.04419, "hid": 0.00422, "flip": 0.0, "kl_v5": 0.01099, "tau": 7.365}
saved 800
{"step": 825, "t": 602, "mem": 7.5, "T": 90, "lr": 7.362753824345272e-05, "kl_real": 0.0305, "hid": 0.00459, "flip": 0.08, "kl_v5": 0.02051, "tau": 7.371}
{"step": 850, "t": 621, "mem": 7.5, "T": 2141, "lr": 7.223175895924638e-05, "kl_real": 0.04072, "hid": 0.00499, "flip": 0.2, "kl_v5": 0.2662, "tau": 7.368}
{"step": 875, "t": 641, "mem": 7.5, "T": 193, "lr": 7.081403961302006e-05, "kl_v5": 0.01339, "hid": 0.00432, "flip": 0.08, "kl_real": 0.0356, "tau": 7.366}
{"step": 900, "t": 654, "mem": 7.5, "T": 2173, "lr": 6.91341716182545e-05, "kl_real": 0.02444, "hid": 0.00368, "flip": 0.08, "kl_v5": 0.00603, "tau": 7.37}
{"step": 925, "t": 671, "mem": 7.5, "T": 152, "lr": 6.767374218896286e-05, "kl_real": 0.05803, "hid": 0.00394, "flip": 0.08, "kl_v5": 0.01417, "tau": 7.368}
{"step": 950, "t": 688, "mem": 7.5, "T": 2051, "lr": 6.619587090990748e-05, "kl_v5": 0.00638, "hid": 0.00387, "flip": 0.04, "kl_real": 0.02259, "tau": 7.366}
{"step": 975, "t": 707, "mem": 7.5, "T": 2173, "lr": 6.47020162616152e-05, "kl_real": 0.02773, "hid": 0.00387, "flip": 0.0, "kl_v5": 0.01102, "tau": 7.371}
{"step": 1000, "t": 725, "mem": 7.5, "T": 160, "lr": 6.294095225512603e-05, "kl_real": 0.02528, "hid": 0.00358, "flip": 0.0, "kl_v5": 0.00374, "tau": 7.371}
{"step": 1025, "t": 746, "mem": 7.5, "T": 1992, "lr": 6.141754350553279e-05, "kl_real": 0.01974, "hid": 0.00432, "flip": 0.04, "kl_v5": 0.00553, "tau": 7.368}
{"step": 1050, "t": 761, "mem": 7.5, "T": 2156, "lr": 5.988286701895631e-05, "kl_v5": 0.00575, "hid": 0.00336, "flip": 0.08, "kl_real": 0.02392, "tau": 7.373}
{"step": 1075, "t": 779, "mem": 7.5, "T": 233, "lr": 5.833843733580512e-05, "kl_v5": 0.00735, "hid": 0.00366, "flip": 0.08, "kl_real": 0.03088, "tau": 7.374}
{"step": 1100, "t": 796, "mem": 7.5, "T": 130, "lr": 5.6526309611002594e-05, "kl_real": 0.02193, "hid": 0.00347, "flip": 0.08, "kl_v5": 0.00353, "tau": 7.372}
{"step": 1125, "t": 814, "mem": 7.5, "T": 91, "lr": 5.4965987487181957e-05, "kl_real": 0.01845, "hid": 0.00392, "flip": 0.04, "kl_v5": 0.02975, "tau": 7.373}
{"step": 1150, "t": 834, "mem": 7.5, "T": 3062, "lr": 5.340076453326241e-05, "kl_real": 0.09259, "hid": 0.0041, "flip": 0.16, "kl_v5": 0.00448, "tau": 7.376}
{"step": 1175, "t": 853, "mem": 7.5, "T": 2132, "lr": 5.183218543532782e-05, "kl_real": 0.02866, "hid": 0.00446, "flip": 0.08, "kl_v5": 0.00851, "tau": 7.374}
{"step": 1200, "t": 870, "mem": 7.5, "T": 1759, "lr": 5e-05, "kl_real": 0.01791, "hid": 0.00371, "flip": 0.08, "kl_v5": 0.01515, "tau": 7.374}
{"step": 1225, "t": 889, "mem": 7.5, "T": 2774, "lr": 4.8429462046093585e-05, "kl_real": 0.02314, "hid": 0.00418, "flip": 0.04, "kl_v5": 0.00549, "tau": 7.372}
{"step": 1250, "t": 906, "mem": 7.5, "T": 1722, "lr": 4.6860474023534335e-05, "kl_real": 0.01892, "hid": 0.00349, "flip": 0.08, "kl_v5": 0.00846, "tau": 7.376}
{"step": 1275, "t": 922, "mem": 7.5, "T": 124, "lr": 4.529458433407429e-05, "kl_v5": 0.01534, "hid": 0.0034, "flip": 0.0, "kl_real": 0.00855, "tau": 7.377}
{"step": 1300, "t": 938, "mem": 7.5, "T": 99, "lr": 4.347369038899744e-05, "kl_real": 0.01109, "hid": 0.00334, "flip": 0.08, "kl_v5": 0.00534, "tau": 7.373}
{"step": 1325, "t": 956, "mem": 7.5, "T": 1886, "lr": 4.1919808944831954e-05, "kl_real": 0.01956, "hid": 0.00302, "flip": 0.08, "kl_v5": 0.00309, "tau": 7.374}
{"step": 1350, "t": 976, "mem": 7.5, "T": 2132, "lr": 4.037390167370464e-05, "kl_real": 0.02068, "hid": 0.00333, "flip": 0.16, "kl_v5": 0.02031, "tau": 7.38}
{"step": 1375, "t": 996, "mem": 7.5, "T": 2142, "lr": 3.883749419945244e-05, "kl_real": 0.02813, "hid": 0.00359, "flip": 0.16, "kl_v5": 0.00943, "tau": 7.375}
{"step": 1400, "t": 1015, "mem": 7.5, "T": 2173, "lr": 3.705904774487396e-05, "kl_real": 0.02286, "hid": 0.00355, "flip": 0.04, "kl_v5": 0.01238, "tau": 7.375}
{"step": 1425, "t": 1032, "mem": 7.5, "T": 2955, "lr": 3.554841015277641e-05, "kl_real": 0.02563, "hid": 0.0034, "flip": 0.0, "kl_v5": 0.00267, "tau": 7.378}
{"step": 1450, "t": 1048, "mem": 7.5, "T": 2126, "lr": 3.40520345350965e-05, "kl_real": 0.01418, "hid": 0.003, "flip": 0.12, "kl_v5": 0.00555, "tau": 7.377}
{"step": 1475, "t": 1069, "mem": 7.5, "T": 2173, "lr": 3.257139763390925e-05, "kl_v5": 0.01095, "hid": 0.00367, "flip": 0.12, "kl_real": 0.01437, "tau": 7.379}
{"step": 1500, "t": 1084, "mem": 7.5, "T": 2132, "lr": 3.086582838174551e-05, "kl_v5": 0.02647, "hid": 0.00338, "flip": 0.04, "kl_real": 0.00653, "tau": 7.382}
{"step": 1525, "t": 1103, "mem": 7.5, "T": 2132, "lr": 2.9424282069744564e-05, "kl_real": 0.01365, "hid": 0.0036, "flip": 0.08, "kl_v5": 0.00222, "tau": 7.38}
{"step": 1550, "t": 1124, "mem": 7.5, "T": 2132, "lr": 2.8003041507204242e-05, "kl_real": 0.01466, "hid": 0.00335, "flip": 0.0, "kl_v5": 0.00196, "tau": 7.378}
{"step": 1575, "t": 1142, "mem": 7.5, "T": 1711, "lr": 2.660350928697134e-05, "kl_real": 0.0246, "hid": 0.00339, "flip": 0.04, "kl_v5": 0.02385, "tau": 7.378}
{"step": 1600, "t": 1158, "mem": 7.5, "T": 2830, "lr": 2.500000000000001e-05, "kl_v5": 0.00268, "hid": 0.00312, "flip": 0.0, "kl_real": 0.01301, "tau": 7.379}
saved 1600
{"step": 1625, "t": 1177, "mem": 7.5, "T": 1684, "lr": 2.3652210225166122e-05, "kl_real": 0.02322, "hid": 0.00325, "flip": 0.08, "kl_v5": 0.00817, "tau": 7.381}
{"step": 1650, "t": 1194, "mem": 7.5, "T": 104, "lr": 2.23304225378328e-05, "kl_real": 0.01513, "hid": 0.00304, "flip": 0.12, "kl_v5": 0.00744, "tau": 7.382}
{"step": 1675, "t": 1210, "mem": 7.5, "T": 134, "lr": 2.103594138286607e-05, "kl_real": 0.02711, "hid": 0.00302, "flip": 0.08, "kl_v5": 0.00461, "tau": 7.381}
{"step": 1700, "t": 1225, "mem": 7.5, "T": 2126, "lr": 1.9561928549563968e-05, "kl_v5": 0.0021, "hid": 0.0028, "flip": 0.0, "kl_real": 0.01337, "tau": 7.38}
{"step": 1725, "t": 1243, "mem": 7.5, "T": 1965, "lr": 1.83309563686225e-05, "kl_v5": 0.0022, "hid": 0.00315, "flip": 0.0, "kl_real": 0.02536, "tau": 7.38}
{"step": 1750, "t": 1259, "mem": 7.5, "T": 2132, "lr": 1.7131237710295206e-05, "kl_real": 0.03555, "hid": 0.00297, "flip": 0.0, "kl_v5": 0.00263, "tau": 7.383}
{"step": 1775, "t": 1277, "mem": 7.5, "T": 1875, "lr": 1.596395655205411e-05, "kl_v5": 0.00172, "hid": 0.00293, "flip": 0.0, "kl_real": 0.01015, "tau": 7.385}
{"step": 1800, "t": 1294, "mem": 7.5, "T": 1769, "lr": 1.4644660940672627e-05, "kl_v5": 0.00115, "hid": 0.00287, "flip": 0.04, "kl_real": 0.01137, "tau": 7.383}
{"step": 1825, "t": 1312, "mem": 7.5, "T": 151, "lr": 1.3551568628929434e-05, "kl_real": 0.01595, "hid": 0.00329, "flip": 0.04, "kl_v5": 0.00291, "tau": 7.382}
{"step": 1850, "t": 1330, "mem": 7.5, "T": 1726, "lr": 1.2494446518477022e-05, "kl_real": 0.02797, "hid": 0.00273, "flip": 0.08, "kl_v5": 0.00331, "tau": 7.38}
{"step": 1875, "t": 1348, "mem": 7.5, "T": 148, "lr": 1.1474337861210543e-05, "kl_real": 0.03334, "hid": 0.00316, "flip": 0.16, "kl_v5": 0.00537, "tau": 7.379}
{"step": 1900, "t": 1366, "mem": 7.5, "T": 2933, "lr": 1.0332332985438248e-05, "kl_v5": 0.00323, "hid": 0.00299, "flip": 0.04, "kl_real": 0.0176, "tau": 7.382}
{"step": 1925, "t": 1387, "mem": 7.5, "T": 174, "lr": 9.395823655409685e-06, "kl_real": 0.01226, "hid": 0.00312, "flip": 0.08, "kl_v5": 0.00036, "tau": 7.383}
{"step": 1950, "t": 1405, "mem": 7.5, "T": 2153, "lr": 8.499385745231631e-06, "kl_real": 0.01215, "hid": 0.00314, "flip": 0.04, "kl_v5": 0.12293, "tau": 7.384}
{"step": 1975, "t": 1423, "mem": 7.5, "T": 120, "lr": 7.643903930893154e-06, "kl_real": 0.00943, "hid": 0.00291, "flip": 0.04, "kl_v5": 0.01012, "tau": 7.384}
{"step": 2000, "t": 1442, "mem": 7.5, "T": 151, "lr": 6.698729810778065e-06, "kl_real": 0.02053, "hid": 0.00291, "flip": 0.08, "kl_v5": 0.00407, "tau": 7.384}
{"step": 2025, "t": 1461, "mem": 7.5, "T": 2966, "lr": 5.934827396750392e-06, "kl_real": 0.00855, "hid": 0.00277, "flip": 0.08, "kl_v5": 0.00185, "tau": 7.383}
{"step": 2050, "t": 1479, "mem": 7.5, "T": 1713, "lr": 5.214411988029355e-06, "kl_v5": 0.0047, "hid": 0.00292, "flip": 0.12, "kl_real": 0.01413, "tau": 7.383}
{"step": 2075, "t": 1500, "mem": 7.5, "T": 2132, "lr": 4.538194547646574e-06, "kl_real": 0.00925, "hid": 0.0029, "flip": 0.04, "kl_v5": 0.00111, "tau": 7.383}
{"step": 2100, "t": 1516, "mem": 7.5, "T": 2958, "lr": 3.8060233744356633e-06, "kl_real": 0.00809, "hid": 0.00262, "flip": 0.04, "kl_v5": 0.00151, "tau": 7.383}
{"step": 2125, "t": 1534, "mem": 7.5, "T": 2160, "lr": 3.2277984585066366e-06, "kl_real": 0.00703, "hid": 0.00308, "flip": 0.0, "kl_v5": 0.00268, "tau": 7.383}
{"step": 2150, "t": 1552, "mem": 7.5, "T": 1862, "lr": 2.695732058622735e-06, "kl_v5": 0.00206, "hid": 0.00314, "flip": 0.0, "kl_real": 0.00741, "tau": 7.383}
{"step": 2175, "t": 1571, "mem": 7.5, "T": 184, "lr": 2.210349260083494e-06, "kl_v5": 0.00255, "hid": 0.00274, "flip": 0.0, "kl_real": 0.01166, "tau": 7.383}
{"step": 2200, "t": 1590, "mem": 7.5, "T": 2975, "lr": 1.70370868554659e-06, "kl_v5": 0.00092, "hid": 0.00313, "flip": 0.0, "kl_real": 0.0135, "tau": 7.383}
{"step": 2225, "t": 1607, "mem": 7.5, "T": 143, "lr": 1.3210548563419856e-06, "kl_v5": 0.0006, "hid": 0.0026, "flip": 0.0, "kl_real": 0.01424, "tau": 7.383}
{"step": 2250, "t": 1624, "mem": 7.5, "T": 1734, "lr": 9.864412689139123e-07, "kl_real": 0.00649, "hid": 0.00279, "flip": 0.0, "kl_v5": 0.00261, "tau": 7.383}
{"step": 2275, "t": 1642, "mem": 7.5, "T": 1963, "lr": 7.001981464747565e-07, "kl_real": 0.00797, "hid": 0.00288, "flip": 0.0, "kl_v5": 0.00406, "tau": 7.383}
{"step": 2300, "t": 1663, "mem": 7.5, "T": 129, "lr": 4.277569313094809e-07, "kl_real": 0.02086, "hid": 0.00299, "flip": 0.08, "kl_v5": 0.00052, "tau": 7.383}
{"step": 2325, "t": 1681, "mem": 7.5, "T": 2156, "lr": 2.472215019386881e-07, "kl_v5": 0.00416, "hid": 0.00297, "flip": 0.16, "kl_real": 0.01284, "tau": 7.383}
{"step": 2350, "t": 1697, "mem": 7.5, "T": 182, "lr": 1.1578605821973565e-07, "kl_v5": 0.00074, "hid": 0.0032, "flip": 0.04, "kl_real": 0.02537, "tau": 7.383}
{"step": 2375, "t": 1715, "mem": 7.5, "T": 165, "lr": 3.35803110671884e-08, "kl_real": 0.00835, "hid": 0.0027, "flip": 0.0, "kl_v5": 0.00147, "tau": 7.383}
{"step": 2400, "t": 1736, "mem": 7.5, "T": 1791, "lr": 0.0, "kl_real": 0.02331, "hid": 0.00302, "flip": 0.04, "kl_v5": 0.00283, "tau": 7.383}
saved 2400
done 1735.9342584609985
