pool 12422 v5 4018
Loading weights:   0%|          | 0/320 [00:00<?, ?it/s]Loading weights: 100%|██████████| 320/320 [00:00<00:00, 4147.21it/s]
hyp head tau 7.437667738825644
/home/ubuntu/work/h3/train_h3.py:109: UserWarning: Converting a tensor with requires_grad=True to a scalar may lead to unexpected behavior.
Consider using tensor.detach() first. (Triggered internally at /__w/pytorch/pytorch/torch/csrc/autograd/generated/python_variable_methods.cpp:820.)
  lsum['kl_' + kind] += float(kl); lcnt['kl_' + kind] += 1; lsum['hid'] += float(hl); lcnt['hid'] += 1
{"step": 1, "t": 2, "mem": 7.5, "T": 3179, "lr": 1.1111111111111112e-05, "kl_real": 0.43838, "hid": 0.19288, "flip": 0.0, "tau": 7.438}
{"step": 25, "t": 17, "mem": 7.5, "T": 3044, "lr": 7.770103943887723e-05, "kl_real": 0.22539, "hid": 0.18092, "flip": 0.20833, "kl_v5": 0.04351, "tau": 7.433}
{"step": 50, "t": 38, "mem": 7.5, "T": 3062, "lr": 9.96057350657239e-05, "kl_real": 0.07125, "hid": 0.13618, "flip": 0.24, "kl_v5": 0.05131, "tau": 7.44}
{"step": 75, "t": 56, "mem": 7.5, "T": 101, "lr": 9.911436253643445e-05, "kl_real": 0.08549, "hid": 0.1045, "flip": 0.2, "kl_v5": 0.07241, "tau": 7.445}
{"step": 100, "t": 77, "mem": 7.5, "T": 2132, "lr": 9.829629131445342e-05, "kl_real": 0.07631, "hid": 0.09395, "flip": 0.16, "kl_v5": 0.00577, "tau": 7.448}
{"step": 125, "t": 94, "mem": 7.5, "T": 2041, "lr": 9.73884205004793e-05, "kl_real": 0.12841, "hid": 0.0912, "flip": 0.16, "kl_v5": 0.03953, "tau": 7.453}
{"step": 150, "t": 114, "mem": 7.5, "T": 120, "lr": 9.629352924049975e-05, "kl_real": 0.06571, "hid": 0.07935, "flip": 0.12, "kl_v5": 0.13215, "tau": 7.451}
{"step": 175, "t": 133, "mem": 7.5, "T": 113, "lr": 9.501593857010969e-05, "kl_real": 0.06229, "hid": 0.07411, "flip": 0.04, "kl_v5": 0.02157, "tau": 7.459}
{"step": 200, "t": 151, "mem": 7.5, "T": 190, "lr": 9.330127018922194e-05, "kl_real": 0.16406, "hid": 0.0713, "flip": 0.16, "kl_v5": 0.02315, "tau": 7.455}
{"step": 225, "t": 168, "mem": 7.5, "T": 1791, "lr": 9.164606203550497e-05, "kl_v5": 0.0111, "hid": 0.0685, "flip": 0.12, "kl_real": 0.10521, "tau": 7.46}
{"step": 250, "t": 186, "mem": 7.5, "T": 1851, "lr": 8.982649590120982e-05, "kl_real": 0.0822, "hid": 0.06462, "flip": 0.16, "kl_v5": 0.02173, "tau": 7.456}
{"step": 275, "t": 203, "mem": 7.5, "T": 1796, "lr": 8.784975278258783e-05, "kl_real": 0.0573, "hid": 0.06258, "flip": 0.08, "kl_v5": 0.02333, "tau": 7.463}
{"step": 300, "t": 221, "mem": 7.5, "T": 177, "lr": 8.535533905932738e-05, "kl_v5": 0.1411, "hid": 0.06339, "flip": 0.2, "kl_real": 0.03518, "tau": 7.46}
{"step": 325, "t": 237, "mem": 7.5, "T": 1849, "lr": 8.306559326618259e-05, "kl_real": 0.0583, "hid": 0.05928, "flip": 0.04, "kl_v5": 0.03342, "tau": 7.465}
{"step": 350, "t": 257, "mem": 7.5, "T": 2147, "lr": 8.064535268264883e-05, "kl_real": 0.05271, "hid": 0.06067, "flip": 0.08, "kl_v5": 0.01504, "tau": 7.465}
{"step": 375, "t": 276, "mem": 7.5, "T": 1804, "lr": 7.810416889260653e-05, "kl_real": 0.05574, "hid": 0.05724, "flip": 0.08, "kl_v5": 0.00282, "tau": 7.469}
{"step": 400, "t": 296, "mem": 7.5, "T": 1520, "lr": 7.500000000000001e-05, "kl_real": 0.06921, "hid": 0.05561, "flip": 0.04, "kl_v5": 0.03465, "tau": 7.471}
saved 400
{"step": 425, "t": 315, "mem": 7.5, "T": 2200, "lr": 7.223175895924638e-05, "kl_real": 0.02067, "hid": 0.05428, "flip": 0.04, "kl_v5": 0.19618, "tau": 7.468}
{"step": 450, "t": 332, "mem": 7.5, "T": 2142, "lr": 6.937577932260515e-05, "kl_real": 0.09105, "hid": 0.05207, "flip": 0.04, "kl_v5": 0.03993, "tau": 7.471}
{"step": 475, "t": 351, "mem": 7.5, "T": 2173, "lr": 6.644333233692916e-05, "kl_real": 0.02456, "hid": 0.05131, "flip": 0.04, "kl_v5": 0.04341, "tau": 7.472}
{"step": 500, "t": 369, "mem": 7.5, "T": 3249, "lr": 6.294095225512603e-05, "kl_v5": 0.04396, "hid": 0.05035, "flip": 0.12, "kl_real": 0.01805, "tau": 7.472}
{"step": 525, "t": 386, "mem": 7.5, "T": 350, "lr": 5.988286701895631e-05, "kl_real": 0.03242, "hid": 0.04805, "flip": 0.08, "kl_v5": 0.03581, "tau": 7.478}
{"step": 550, "t": 405, "mem": 7.5, "T": 83, "lr": 5.6785778621715225e-05, "kl_real": 0.05378, "hid": 0.04995, "flip": 0.08, "kl_v5": 0.0858, "tau": 7.474}
{"step": 575, "t": 427, "mem": 7.5, "T": 2156, "lr": 5.366190985638159e-05, "kl_real": 0.03556, "hid": 0.04989, "flip": 0.04, "kl_v5": 0.00204, "tau": 7.477}
{"step": 600, "t": 444, "mem": 7.5, "T": 1711, "lr": 5e-05, "kl_v5": 0.17874, "hid": 0.04613, "flip": 0.12, "kl_real": 0.01568, "tau": 7.482}
{"step": 625, "t": 463, "mem": 7.5, "T": 104, "lr": 4.6860474023534335e-05, "kl_v5": 0.02296, "hid": 0.04726, "flip": 0.2, "kl_real": 0.04363, "tau": 7.476}
{"step": 650, "t": 483, "mem": 7.5, "T": 2937, "lr": 4.373333832178478e-05, "kl_real": 0.036, "hid": 0.04816, "flip": 0.16, "kl_v5": 0.01493, "tau": 7.478}
{"step": 675, "t": 500, "mem": 7.5, "T": 2140, "lr": 4.063093427071376e-05, "kl_real": 0.03517, "hid": 0.04852, "flip": 0.04, "kl_v5": 0.02701, "tau": 7.485}
{"step": 700, "t": 520, "mem": 7.5, "T": 174, "lr": 3.705904774487396e-05, "kl_real": 0.03576, "hid": 0.04689, "flip": 0.08, "kl_v5": 0.01612, "tau": 7.481}
{"step": 725, "t": 540, "mem": 7.5, "T": 2276, "lr": 3.40520345350965e-05, "kl_v5": 0.03507, "hid": 0.04565, "flip": 0.12, "kl_real": 0.04251, "tau": 7.48}
{"step": 750, "t": 560, "mem": 7.5, "T": 2153, "lr": 3.110796065907665e-05, "kl_real": 0.02555, "hid": 0.04628, "flip": 0.08, "kl_v5": 0.05546, "tau": 7.487}
{"step": 775, "t": 578, "mem": 7.5, "T": 269, "lr": 2.823844503138363e-05, "kl_real": 0.0239, "hid": 0.04723, "flip": 0.0, "kl_v5": 0.00435, "tau": 7.487}
{"step": 800, "t": 599, "mem": 7.5, "T": 86, "lr": 2.500000000000001e-05, "kl_real": 0.04529, "hid": 0.04632, "flip": 0.04, "kl_v5": 0.00666, "tau": 7.484}
saved 800
{"step": 825, "t": 618, "mem": 7.5, "T": 90, "lr": 2.23304225378328e-05, "kl_real": 0.01874, "hid": 0.04446, "flip": 0.04, "kl_v5": 0.01527, "tau": 7.485}
{"step": 850, "t": 638, "mem": 7.5, "T": 2141, "lr": 1.977004425688126e-05, "kl_real": 0.03849, "hid": 0.04344, "flip": 0.12, "kl_v5": 0.03457, "tau": 7.487}
{"step": 875, "t": 658, "mem": 7.5, "T": 193, "lr": 1.7328969800494726e-05, "kl_v5": 0.01937, "hid": 0.04411, "flip": 0.04, "kl_real": 0.02874, "tau": 7.487}
{"step": 900, "t": 671, "mem": 7.5, "T": 2173, "lr": 1.4644660940672627e-05, "kl_real": 0.00494, "hid": 0.04196, "flip": 0.08, "kl_v5": 0.01201, "tau": 7.486}
{"step": 925, "t": 689, "mem": 7.5, "T": 152, "lr": 1.2494446518477022e-05, "kl_real": 0.0203, "hid": 0.04241, "flip": 0.04, "kl_v5": 0.00531, "tau": 7.486}
{"step": 950, "t": 706, "mem": 7.5, "T": 2051, "lr": 1.049224938121548e-05, "kl_v5": 0.00981, "hid": 0.04346, "flip": 0.08, "kl_real": 0.03801, "tau": 7.487}
{"step": 975, "t": 725, "mem": 7.5, "T": 2173, "lr": 8.645971286271904e-06, "kl_real": 0.03129, "hid": 0.04308, "flip": 0.04, "kl_v5": 0.0096, "tau": 7.486}
{"step": 1000, "t": 744, "mem": 7.5, "T": 160, "lr": 6.698729810778065e-06, "kl_real": 0.00646, "hid": 0.04251, "flip": 0.04, "kl_v5": 0.00612, "tau": 7.485}
{"step": 1025, "t": 766, "mem": 7.5, "T": 1992, "lr": 5.214411988029355e-06, "kl_real": 0.01505, "hid": 0.04363, "flip": 0.16, "kl_v5": 0.00607, "tau": 7.485}
{"step": 1050, "t": 781, "mem": 7.5, "T": 2156, "lr": 3.90684242057498e-06, "kl_v5": 0.0054, "hid": 0.04135, "flip": 0.04, "kl_real": 0.0192, "tau": 7.485}
{"step": 1075, "t": 800, "mem": 7.5, "T": 233, "lr": 2.7811814881259503e-06, "kl_v5": 0.03345, "hid": 0.04113, "flip": 0.12, "kl_real": 0.02203, "tau": 7.485}
{"step": 1100, "t": 816, "mem": 7.5, "T": 130, "lr": 1.70370868554659e-06, "kl_real": 0.01961, "hid": 0.04134, "flip": 0.16, "kl_v5": 0.00626, "tau": 7.486}
{"step": 1125, "t": 835, "mem": 7.5, "T": 91, "lr": 9.864412689139123e-07, "kl_real": 0.02317, "hid": 0.04207, "flip": 0.16, "kl_v5": 0.01452, "tau": 7.486}
{"step": 1150, "t": 856, "mem": 7.5, "T": 3062, "lr": 4.6260797642782014e-07, "kl_real": 0.0797, "hid": 0.04208, "flip": 0.12, "kl_v5": 0.01019, "tau": 7.486}
{"step": 1175, "t": 875, "mem": 7.5, "T": 2132, "lr": 1.342761387770952e-07, "kl_real": 0.02267, "hid": 0.04229, "flip": 0.12, "kl_v5": 0.00733, "tau": 7.486}
{"step": 1200, "t": 893, "mem": 7.5, "T": 1759, "lr": 0.0, "kl_real": 0.01565, "hid": 0.04431, "flip": 0.08, "kl_v5": 0.0132, "tau": 7.486}
saved 1200
done 892.9043755531311
