pool 12422 v5 4018
Loading weights:   0%|          | 0/320 [00:00<?, ?it/s]Loading weights: 100%|██████████| 320/320 [00:00<00:00, 4178.09it/s]
hyp head tau 7.3024052062685465
/home/ubuntu/work/h3/train_h3.py:109: UserWarning: Converting a tensor with requires_grad=True to a scalar may lead to unexpected behavior.
Consider using tensor.detach() first. (Triggered internally at /__w/pytorch/pytorch/torch/csrc/autograd/generated/python_variable_methods.cpp:820.)
  lsum['kl_' + kind] += float(kl); lcnt['kl_' + kind] += 1; lsum['hid'] += float(hl); lcnt['hid'] += 1
{"step": 1, "t": 16, "mem": 7.5, "T": 3179, "lr": 1.1111111111111112e-05, "kl_real": 0.20766, "hid": 0.0, "flip": 0.0, "tau": 7.302}
{"step": 25, "t": 31, "mem": 7.5, "T": 3044, "lr": 7.770103943887723e-05, "kl_real": 0.1423, "hid": 0.0003, "flip": 0.0, "kl_v5": 0.01502, "tau": 7.296}
{"step": 50, "t": 54, "mem": 7.5, "T": 3062, "lr": 9.96057350657239e-05, "kl_real": 0.12312, "hid": 0.00323, "flip": 0.24, "kl_v5": 0.00631, "tau": 7.302}
{"step": 75, "t": 71, "mem": 7.5, "T": 101, "lr": 9.911436253643445e-05, "kl_real": 0.08193, "hid": 0.00589, "flip": 0.12, "kl_v5": 0.0412, "tau": 7.308}
{"step": 100, "t": 92, "mem": 7.5, "T": 2132, "lr": 9.829629131445342e-05, "kl_real": 0.06191, "hid": 0.0067, "flip": 0.2, "kl_v5": 0.00219, "tau": 7.311}
{"step": 125, "t": 109, "mem": 7.5, "T": 2041, "lr": 9.73884205004793e-05, "kl_real": 0.05138, "hid": 0.00457, "flip": 0.08, "kl_v5": 0.00952, "tau": 7.32}
{"step": 150, "t": 129, "mem": 7.5, "T": 120, "lr": 9.629352924049975e-05, "kl_real": 0.09546, "hid": 0.00567, "flip": 0.08, "kl_v5": 0.00728, "tau": 7.316}
{"step": 175, "t": 148, "mem": 7.5, "T": 113, "lr": 9.501593857010969e-05, "kl_real": 0.03642, "hid": 0.00443, "flip": 0.0, "kl_v5": 0.00463, "tau": 7.322}
{"step": 200, "t": 165, "mem": 7.5, "T": 190, "lr": 9.330127018922194e-05, "kl_real": 0.16825, "hid": 0.00416, "flip": 0.16, "kl_v5": 0.00295, "tau": 7.323}
{"step": 225, "t": 182, "mem": 7.5, "T": 1791, "lr": 9.164606203550497e-05, "kl_v5": 0.00644, "hid": 0.0045, "flip": 0.24, "kl_real": 0.0964, "tau": 7.324}
{"step": 250, "t": 199, "mem": 7.5, "T": 1851, "lr": 8.982649590120982e-05, "kl_real": 0.06726, "hid": 0.00467, "flip": 0.16, "kl_v5": 0.00798, "tau": 7.326}
{"step": 275, "t": 216, "mem": 7.5, "T": 1796, "lr": 8.784975278258783e-05, "kl_real": 0.08402, "hid": 0.0043, "flip": 0.04, "kl_v5": 0.01575, "tau": 7.33}
{"step": 300, "t": 234, "mem": 7.5, "T": 177, "lr": 8.535533905932738e-05, "kl_v5": 0.0595, "hid": 0.00428, "flip": 0.12, "kl_real": 0.03643, "tau": 7.327}
{"step": 325, "t": 250, "mem": 7.5, "T": 1849, "lr": 8.306559326618259e-05, "kl_real": 0.04129, "hid": 0.00327, "flip": 0.04, "kl_v5": 0.01207, "tau": 7.336}
{"step": 350, "t": 269, "mem": 7.5, "T": 2147, "lr": 8.064535268264883e-05, "kl_real": 0.07756, "hid": 0.00442, "flip": 0.12, "kl_v5": 0.0071, "tau": 7.331}
{"step": 375, "t": 288, "mem": 7.5, "T": 1804, "lr": 7.810416889260653e-05, "kl_real": 0.0596, "hid": 0.00404, "flip": 0.16, "kl_v5": 0.00267, "tau": 7.332}
{"step": 400, "t": 308, "mem": 7.5, "T": 1520, "lr": 7.500000000000001e-05, "kl_real": 0.0329, "hid": 0.0044, "flip": 0.04, "kl_v5": 0.00305, "tau": 7.338}
saved 400
{"step": 425, "t": 326, "mem": 7.5, "T": 2200, "lr": 7.223175895924638e-05, "kl_real": 0.02049, "hid": 0.00396, "flip": 0.04, "kl_v5": 0.09588, "tau": 7.334}
{"step": 450, "t": 342, "mem": 7.5, "T": 2142, "lr": 6.937577932260515e-05, "kl_real": 0.04855, "hid": 0.00351, "flip": 0.04, "kl_v5": 0.01887, "tau": 7.344}
{"step": 475, "t": 360, "mem": 7.5, "T": 2173, "lr": 6.644333233692916e-05, "kl_real": 0.01681, "hid": 0.00375, "flip": 0.0, "kl_v5": 0.01174, "tau": 7.344}
{"step": 500, "t": 379, "mem": 7.5, "T": 3249, "lr": 6.294095225512603e-05, "kl_v5": 0.0157, "hid": 0.00338, "flip": 0.16, "kl_real": 0.02592, "tau": 7.347}
{"step": 525, "t": 395, "mem": 7.5, "T": 350, "lr": 5.988286701895631e-05, "kl_real": 0.04302, "hid": 0.00388, "flip": 0.08, "kl_v5": 0.01022, "tau": 7.352}
{"step": 550, "t": 414, "mem": 7.5, "T": 83, "lr": 5.6785778621715225e-05, "kl_real": 0.06641, "hid": 0.00365, "flip": 0.04, "kl_v5": 0.04427, "tau": 7.347}
{"step": 575, "t": 435, "mem": 7.5, "T": 2156, "lr": 5.366190985638159e-05, "kl_real": 0.03744, "hid": 0.00378, "flip": 0.08, "kl_v5": 0.00593, "tau": 7.348}
{"step": 600, "t": 452, "mem": 7.5, "T": 1711, "lr": 5e-05, "kl_v5": 0.02153, "hid": 0.00335, "flip": 0.04, "kl_real": 0.01939, "tau": 7.355}
{"step": 625, "t": 470, "mem": 7.5, "T": 104, "lr": 4.6860474023534335e-05, "kl_v5": 0.01295, "hid": 0.00378, "flip": 0.16, "kl_real": 0.03705, "tau": 7.353}
{"step": 650, "t": 489, "mem": 7.5, "T": 2937, "lr": 4.373333832178478e-05, "kl_real": 0.03484, "hid": 0.0036, "flip": 0.16, "kl_v5": 0.0195, "tau": 7.348}
{"step": 675, "t": 506, "mem": 7.5, "T": 2140, "lr": 4.063093427071376e-05, "kl_real": 0.02666, "hid": 0.00344, "flip": 0.08, "kl_v5": 0.01606, "tau": 7.353}
{"step": 700, "t": 526, "mem": 7.5, "T": 174, "lr": 3.705904774487396e-05, "kl_real": 0.03121, "hid": 0.00338, "flip": 0.04, "kl_v5": 0.00479, "tau": 7.354}
{"step": 725, "t": 545, "mem": 7.5, "T": 2276, "lr": 3.40520345350965e-05, "kl_v5": 0.02944, "hid": 0.00354, "flip": 0.12, "kl_real": 0.03727, "tau": 7.352}
{"step": 750, "t": 564, "mem": 7.5, "T": 2153, "lr": 3.110796065907665e-05, "kl_real": 0.01882, "hid": 0.00367, "flip": 0.08, "kl_v5": 0.0076, "tau": 7.358}
{"step": 775, "t": 582, "mem": 7.5, "T": 269, "lr": 2.823844503138363e-05, "kl_real": 0.02011, "hid": 0.0029, "flip": 0.04, "kl_v5": 0.00301, "tau": 7.359}
{"step": 800, "t": 602, "mem": 7.5, "T": 86, "lr": 2.500000000000001e-05, "kl_real": 0.01789, "hid": 0.00332, "flip": 0.0, "kl_v5": 0.00403, "tau": 7.355}
saved 800
{"step": 825, "t": 621, "mem": 7.5, "T": 90, "lr": 2.23304225378328e-05, "kl_real": 0.01433, "hid": 0.00324, "flip": 0.04, "kl_v5": 0.00477, "tau": 7.355}
{"step": 850, "t": 640, "mem": 7.5, "T": 2141, "lr": 1.977004425688126e-05, "kl_real": 0.02774, "hid": 0.00339, "flip": 0.08, "kl_v5": 0.00502, "tau": 7.358}
{"step": 875, "t": 660, "mem": 7.5, "T": 193, "lr": 1.7328969800494726e-05, "kl_v5": 0.01441, "hid": 0.00314, "flip": 0.08, "kl_real": 0.02464, "tau": 7.359}
{"step": 900, "t": 673, "mem": 7.5, "T": 2173, "lr": 1.4644660940672627e-05, "kl_real": 0.01522, "hid": 0.00261, "flip": 0.08, "kl_v5": 0.00788, "tau": 7.358}
{"step": 925, "t": 690, "mem": 7.5, "T": 152, "lr": 1.2494446518477022e-05, "kl_real": 0.01735, "hid": 0.00288, "flip": 0.04, "kl_v5": 0.01303, "tau": 7.356}
{"step": 950, "t": 707, "mem": 7.5, "T": 2051, "lr": 1.049224938121548e-05, "kl_v5": 0.00288, "hid": 0.00271, "flip": 0.04, "kl_real": 0.02296, "tau": 7.356}
{"step": 975, "t": 726, "mem": 7.5, "T": 2173, "lr": 8.645971286271904e-06, "kl_real": 0.01996, "hid": 0.00288, "flip": 0.04, "kl_v5": 0.00353, "tau": 7.356}
{"step": 1000, "t": 744, "mem": 7.5, "T": 160, "lr": 6.698729810778065e-06, "kl_real": 0.00923, "hid": 0.00269, "flip": 0.0, "kl_v5": 0.00106, "tau": 7.356}
{"step": 1025, "t": 765, "mem": 7.5, "T": 1992, "lr": 5.214411988029355e-06, "kl_real": 0.01244, "hid": 0.00308, "flip": 0.12, "kl_v5": 0.0067, "tau": 7.356}
{"step": 1050, "t": 781, "mem": 7.5, "T": 2156, "lr": 3.90684242057498e-06, "kl_v5": 0.01037, "hid": 0.00247, "flip": 0.08, "kl_real": 0.0162, "tau": 7.356}
{"step": 1075, "t": 799, "mem": 7.5, "T": 233, "lr": 2.7811814881259503e-06, "kl_v5": 0.00339, "hid": 0.00263, "flip": 0.04, "kl_real": 0.02063, "tau": 7.356}
{"step": 1100, "t": 815, "mem": 7.5, "T": 130, "lr": 1.70370868554659e-06, "kl_real": 0.01356, "hid": 0.0025, "flip": 0.08, "kl_v5": 0.00258, "tau": 7.356}
{"step": 1125, "t": 834, "mem": 7.5, "T": 91, "lr": 9.864412689139123e-07, "kl_real": 0.02095, "hid": 0.00291, "flip": 0.04, "kl_v5": 0.00335, "tau": 7.356}
{"step": 1150, "t": 853, "mem": 7.5, "T": 3062, "lr": 4.6260797642782014e-07, "kl_real": 0.06687, "hid": 0.00282, "flip": 0.12, "kl_v5": 0.00433, "tau": 7.356}
{"step": 1175, "t": 873, "mem": 7.5, "T": 2132, "lr": 1.342761387770952e-07, "kl_real": 0.01353, "hid": 0.00301, "flip": 0.0, "kl_v5": 0.00383, "tau": 7.356}
{"step": 1200, "t": 890, "mem": 7.5, "T": 1759, "lr": 0.0, "kl_real": 0.01259, "hid": 0.00263, "flip": 0.04, "kl_v5": 0.01146, "tau": 7.356}
saved 1200
done 889.7647008895874
