Loading weights:   0%|          | 0/320 [00:00<?, ?it/s]Loading weights: 100%|██████████| 320/320 [00:00<00:00, 4147.45it/s]
ternary linears 186 latent params 1372717056
{"step": 1, "loss": 4.055967807769775, "agree": 0.15625, "el": 19, "tok_s": 308, "eta_min": 943.0, "mem": 17.3}
{"step": 5, "loss": 1.9371243389323354, "agree": 0.3828125, "el": 64, "tok_s": 1083, "eta_min": 639.0, "mem": 17.8}
{"step": 20, "loss": 2.3697864577174186, "agree": 0.3375, "el": 117, "tok_s": 1294, "eta_min": 290.8, "mem": 17.8}
step time 3.24s -> total steps 819
{"step": 40, "loss": 2.367045309848618, "agree": 0.3515625, "el": 178, "tok_s": 1758, "eta_min": 57.8, "mem": 17.8}
{"step": 60, "loss": 2.1452244255226107, "agree": 0.3484375, "el": 196, "tok_s": 2061, "eta_min": 41.3, "mem": 17.9}
{"step": 80, "loss": 2.3154335712082683, "agree": 0.4, "el": 221, "tok_s": 2265, "eta_min": 34.0, "mem": 17.9}
[transformers] `use_cache=True` is incompatible with gradient checkpointing. Setting `use_cache=False`.
{"step": 100, "loss": 2.1470725567894986, "agree": 0.3484375, "el": 364, "tok_s": 1988, "eta_min": 43.6, "mem": 17.9}
{"step": 120, "loss": 2.063918292330345, "agree": 0.3640625, "el": 420, "tok_s": 2352, "eta_min": 40.7, "mem": 17.9}
{"step": 140, "loss": 2.1607134353369473, "agree": 0.3703125, "el": 439, "tok_s": 2479, "eta_min": 35.5, "mem": 17.9}
{"step": 160, "loss": 2.389168753102422, "agree": 0.3296875, "el": 479, "tok_s": 2666, "eta_min": 32.9, "mem": 17.9}
{"step": 180, "loss": 2.4187036514282227, "agree": 0.365625, "el": 502, "tok_s": 2783, "eta_min": 29.7, "mem": 17.9}
{"step": 200, "loss": 2.006519205524819, "agree": 0.3546875, "el": 569, "tok_s": 3047, "eta_min": 29.4, "mem": 18.0}
{"step": 220, "loss": 2.2154708564281465, "agree": 0.3953125, "el": 586, "tok_s": 3110, "eta_min": 26.6, "mem": 18.0}
{"step": 240, "loss": 2.2408741060935427, "agree": 0.3859375, "el": 663, "tok_s": 3163, "eta_min": 26.7, "mem": 18.0}
{"step": 260, "loss": 2.2489091554118206, "agree": 0.4171875, "el": 709, "tok_s": 3271, "eta_min": 25.4, "mem": 18.0}
{"step": 280, "loss": 2.0456730369478464, "agree": 0.453125, "el": 739, "tok_s": 3348, "eta_min": 23.7, "mem": 18.0}
{"step": 300, "loss": 1.8938526041449222, "agree": 0.4734375, "el": 784, "tok_s": 3439, "eta_min": 22.6, "mem": 18.0}
{"step": 320, "loss": 1.6666026986204088, "agree": 0.515625, "el": 814, "tok_s": 3501, "eta_min": 21.1, "mem": 18.0}
{"step": 340, "loss": 1.7646900162100791, "agree": 0.5265625, "el": 831, "tok_s": 3536, "eta_min": 19.5, "mem": 18.0}
{"step": 360, "loss": 1.7624097772641107, "agree": 0.4828125, "el": 860, "tok_s": 3588, "eta_min": 18.3, "mem": 18.0}
{"step": 380, "loss": 1.6752658891957253, "agree": 0.478125, "el": 897, "tok_s": 3658, "eta_min": 17.3, "mem": 18.0}
{"step": 400, "loss": 1.809339928800182, "agree": 0.48125, "el": 967, "tok_s": 3743, "eta_min": 16.9, "mem": 18.0}
{"step": 420, "loss": 1.5065743262450269, "agree": 0.5140625, "el": 1053, "tok_s": 3844, "eta_min": 16.7, "mem": 18.0}
{"step": 440, "loss": 1.4716061623752466, "agree": 0.5640625, "el": 1111, "tok_s": 3898, "eta_min": 15.9, "mem": 18.0}
{"step": 460, "loss": 1.7248943959362806, "agree": 0.4875, "el": 1143, "tok_s": 3936, "eta_min": 14.9, "mem": 18.0}
{"step": 480, "loss": 1.487708742544055, "agree": 0.546875, "el": 1164, "tok_s": 3957, "eta_min": 13.7, "mem": 18.0}
{"step": 500, "loss": 1.5515705494210124, "agree": 0.546875, "el": 1183, "tok_s": 3975, "eta_min": 12.6, "mem": 18.0}
{"step": 520, "loss": 1.6054412491503172, "agree": 0.546875, "el": 1222, "tok_s": 4011, "eta_min": 11.7, "mem": 18.0}
{"step": 540, "loss": 1.6866601365967653, "agree": 0.503125, "el": 1277, "tok_s": 4044, "eta_min": 11.0, "mem": 18.0}
{"step": 560, "loss": 1.420608699414879, "agree": 0.565625, "el": 1295, "tok_s": 4058, "eta_min": 10.0, "mem": 18.0}
{"step": 580, "loss": 1.432099111378193, "agree": 0.5375, "el": 1316, "tok_s": 4077, "eta_min": 9.0, "mem": 18.0}
{"step": 600, "loss": 1.566957622091286, "agree": 0.546875, "el": 1362, "tok_s": 4115, "eta_min": 8.3, "mem": 18.0}
{"step": 620, "loss": 1.3964332911236852, "agree": 0.59375, "el": 1403, "tok_s": 4145, "eta_min": 7.5, "mem": 18.0}
{"step": 640, "loss": 1.3467925770592046, "agree": 0.55625, "el": 1463, "tok_s": 4180, "eta_min": 6.8, "mem": 18.0}
{"step": 660, "loss": 1.3687325609877008, "agree": 0.609375, "el": 1517, "tok_s": 4211, "eta_min": 6.1, "mem": 18.0}
{"step": 680, "loss": 1.4388547634705902, "agree": 0.5515625, "el": 1554, "tok_s": 4234, "eta_min": 5.3, "mem": 18.0}
{"step": 700, "loss": 1.3783411330536182, "agree": 0.571875, "el": 1621, "tok_s": 4267, "eta_min": 4.6, "mem": 18.0}
{"step": 720, "loss": 1.3918486173788551, "agree": 0.565625, "el": 1669, "tok_s": 4286, "eta_min": 3.8, "mem": 18.0}
{"step": 740, "loss": 1.2489312414079905, "agree": 0.5828125, "el": 1687, "tok_s": 4295, "eta_min": 3.0, "mem": 18.0}
{"step": 760, "loss": 1.207739566080272, "agree": 0.6328125, "el": 1704, "tok_s": 4304, "eta_min": 2.2, "mem": 18.0}
{"step": 780, "loss": 1.309227792945603, "agree": 0.6046875, "el": 1772, "tok_s": 4327, "eta_min": 1.5, "mem": 18.0}
{"step": 800, "loss": 1.3467144522815944, "agree": 0.5671875, "el": 1792, "tok_s": 4338, "eta_min": 0.7, "mem": 18.0}
{"step": 819, "loss": 1.2470521389738056, "agree": 0.5953947368421053, "el": 1850, "tok_s": 4357, "eta_min": 0.0, "mem": 18.0}
saved final at step 819
